06:06:04 | INFO    | Model: alinet | seed 2026 | device: cuda:1
06:06:05 | INFO    | Regime related | graph: 84,182 nodes, 131,238 triples, 50,435 UCPGx candidates
06:06:05 | INFO    |   broadMatch/pgx   train=  3,744 test=  8,599 (70%) queries= 6,866 by cluster    leakage=0.00%
06:06:05 | INFO    |   closeMatch       train=  2,738 test=  6,296 (70%) queries= 1,490 by cluster    leakage=0.00%
06:06:05 | INFO    |   sameAs           train= 19,942 test= 46,531 (70%) queries=10,883 by cluster    leakage=0.00%
06:06:05 | INFO    |   broadMatch/onco  train= 25,039 test= 47,737 (66%) queries= 2,032 intra-cluster leakage=0.00%
06:06:05 | INFO    |   relatedMatch     train=  2,801 test=  6,289 (69%) queries=   812 intra-cluster leakage=0.00%
06:06:05 | INFO    |   related          train=471,647 test=762,046 (62%) queries=16,977 intra-cluster leakage=0.00%
06:06:05 | INFO    | Data: {'num_entities': 84182, 'num_relations': 13, 'triples': 131238, 'train_pairs': 353735, 'val_pairs': 117912, 'candidates': 50435, 'unlabeled_pool': 27270}
code/src/data.py:154: UserWarning: Sparse invariant checks are implicitly disabled. Memory errors (e.g. SEGFAULT) will occur when operating on a sparse tensor which violates the invariants, but checks incur performance overhead. To silence this warning, explicitly opt in or out. See `torch.sparse.check_sparse_tensor_invariants.__doc__` for guidance.  (Triggered internally at /__w/pytorch/pytorch/aten/src/ATen/Context.cpp:848.)
  adj1 = torch.sparse_coo_tensor(
06:06:08 | INFO    | Params: 25.80M
06:06:08 | INFO    | Run directory: experiments/alinet_related_20260929-060604
06:06:08 | INFO    | AliNet | device=cuda:1 | {'num_entities': 84182, 'num_relations': 13, 'triples': 131238, 'train_pairs': 353735, 'val_pairs': 117912, 'candidates': 50435, 'unlabeled_pool': 27270} 2hop_edges=803225

AliNet:   0%|                                                               | 0/600 [00:00<?, ?it/s]code/src/models/alinet.py:22: UserWarning: index_reduce() is in beta and the API may change at any time. (Triggered internally at /__w/pytorch/pytorch/aten/src/ATen/native/cuda/Indexing.cu:1512.)
  mx = scores.new_full((n,), float("-inf")).index_reduce_(0, index, scores, "amax", include_self=True)

AliNet:   0%|                                                       | 1/600 [00:01<16:23,  1.64s/it]
AliNet:   0%|▏                                                      | 2/600 [00:02<13:35,  1.36s/it]
AliNet:   0%|▎                                                      | 3/600 [00:03<12:40,  1.27s/it]
AliNet:   1%|▎                                                      | 4/600 [00:05<12:13,  1.23s/it]
AliNet:   1%|▍                                                      | 5/600 [00:06<11:58,  1.21s/it]
AliNet:   1%|▌                                                      | 6/600 [00:07<11:47,  1.19s/it]
AliNet:   1%|▋                                                      | 7/600 [00:08<11:40,  1.18s/it]
AliNet:   1%|▋                                                      | 8/600 [00:09<11:35,  1.17s/it]
AliNet:   2%|▊                                                      | 9/600 [00:10<11:32,  1.17s/it]
AliNet:   2%|▉                                                     | 10/600 [00:12<11:29,  1.17s/it]
AliNet:   2%|▉                                                     | 11/600 [00:13<11:27,  1.17s/it]
AliNet:   2%|█                                                     | 12/600 [00:14<11:26,  1.17s/it]
AliNet:   2%|█▏                                                    | 13/600 [00:15<11:24,  1.17s/it]
AliNet:   2%|█▎                                                    | 14/600 [00:16<11:23,  1.17s/it]
AliNet:   2%|█▎                                                    | 15/600 [00:17<11:21,  1.17s/it]
AliNet:   3%|█▍                                                    | 16/600 [00:19<11:20,  1.16s/it]
AliNet:   3%|█▌                                                    | 17/600 [00:20<11:18,  1.16s/it]
AliNet:   3%|█▌                                                    | 18/600 [00:21<11:17,  1.16s/it]
AliNet:   3%|█▋                                                    | 19/600 [00:22<11:16,  1.16s/it]
AliNet:   3%|█▊                                                    | 20/600 [00:23<11:15,  1.16s/it]
AliNet:   4%|█▉                                                    | 21/600 [00:24<11:14,  1.16s/it]
AliNet:   4%|█▉                                                    | 22/600 [00:26<11:12,  1.16s/it]
AliNet:   4%|██                                                    | 23/600 [00:27<11:11,  1.16s/it]
AliNet:   4%|██▏                                                   | 24/600 [00:28<11:10,  1.16s/it]06:06:38 | INFO    | epoch   25/600 | loss=0.1453 align=0.0466 rel=0.0988
06:06:38 | INFO    |            [filtered] MRR=0.4848 Hit@1=0.3985 Hit@5=0.5851 Hit@10=0.6677 MR=175.3 n=18523
06:06:38 | INFO    |            [multiref] MRR=0.3454 Hit@1=0.2467 Hit@5=0.4413 Hit@10=0.5567 MR=174.8 n=1500
06:06:39 | INFO    |            -> new best filtered MRR=0.4848 (saved model_best.pt)

AliNet:   4%|██▎                                                   | 25/600 [00:30<14:45,  1.54s/it]
AliNet:   4%|██▎                                                   | 26/600 [00:31<13:39,  1.43s/it]
AliNet:   4%|██▍                                                   | 27/600 [00:33<12:52,  1.35s/it]
AliNet:   5%|██▌                                                   | 28/600 [00:34<12:19,  1.29s/it]
AliNet:   5%|██▌                                                   | 29/600 [00:35<11:56,  1.25s/it]
AliNet:   5%|██▋                                                   | 30/600 [00:36<11:39,  1.23s/it]
AliNet:   5%|██▊                                                   | 31/600 [00:37<11:27,  1.21s/it]
AliNet:   5%|██▉                                                   | 32/600 [00:38<11:18,  1.19s/it]
AliNet:   6%|██▉                                                   | 33/600 [00:40<11:12,  1.19s/it]
AliNet:   6%|███                                                   | 34/600 [00:41<11:07,  1.18s/it]
AliNet:   6%|███▏                                                  | 35/600 [00:42<11:03,  1.17s/it]
AliNet:   6%|███▏                                                  | 36/600 [00:43<11:00,  1.17s/it]
AliNet:   6%|███▎                                                  | 37/600 [00:44<10:58,  1.17s/it]
AliNet:   6%|███▍                                                  | 38/600 [00:45<10:56,  1.17s/it]
AliNet:   6%|███▌                                                  | 39/600 [00:47<10:54,  1.17s/it]
AliNet:   7%|███▌                                                  | 40/600 [00:48<10:53,  1.17s/it]
AliNet:   7%|███▋                                                  | 41/600 [00:49<10:51,  1.17s/it]
AliNet:   7%|███▊                                                  | 42/600 [00:50<10:50,  1.17s/it]
AliNet:   7%|███▊                                                  | 43/600 [00:51<10:48,  1.16s/it]
AliNet:   7%|███▉                                                  | 44/600 [00:52<10:47,  1.17s/it]
AliNet:   8%|████                                                  | 45/600 [00:54<10:46,  1.16s/it]
AliNet:   8%|████▏                                                 | 46/600 [00:55<10:45,  1.16s/it]
AliNet:   8%|████▏                                                 | 47/600 [00:56<10:44,  1.16s/it]
AliNet:   8%|████▎                                                 | 48/600 [00:57<10:42,  1.16s/it]
AliNet:   8%|████▍                                                 | 49/600 [00:58<10:41,  1.16s/it]06:07:08 | INFO    | epoch   50/600 | loss=0.0756 align=0.0300 rel=0.0456
06:07:09 | INFO    |            [filtered] MRR=0.5380 Hit@1=0.4410 Hit@5=0.6605 Hit@10=0.7264 MR=104.5 n=18523
06:07:09 | INFO    |            [multiref] MRR=0.3533 Hit@1=0.2433 Hit@5=0.4680 Hit@10=0.5993 MR=89.4 n=1500
06:07:09 | INFO    |            -> new best filtered MRR=0.5380 (saved model_best.pt)

AliNet:   8%|████▌                                                 | 50/600 [01:01<14:07,  1.54s/it]
AliNet:   8%|████▌                                                 | 51/600 [01:02<13:03,  1.43s/it]
AliNet:   9%|████▋                                                 | 52/600 [01:03<12:18,  1.35s/it]
AliNet:   9%|████▊                                                 | 53/600 [01:04<11:47,  1.29s/it]
AliNet:   9%|████▊                                                 | 54/600 [01:05<11:24,  1.25s/it]
AliNet:   9%|████▉                                                 | 55/600 [01:07<11:08,  1.23s/it]
AliNet:   9%|█████                                                 | 56/600 [01:08<10:58,  1.21s/it]
AliNet:  10%|█████▏                                                | 57/600 [01:09<10:49,  1.20s/it]
AliNet:  10%|█████▏                                                | 58/600 [01:10<10:43,  1.19s/it]
AliNet:  10%|█████▎                                                | 59/600 [01:11<10:38,  1.18s/it]
AliNet:  10%|█████▍                                                | 60/600 [01:12<10:34,  1.18s/it]
AliNet:  10%|█████▍                                                | 61/600 [01:14<10:32,  1.17s/it]
AliNet:  10%|█████▌                                                | 62/600 [01:15<10:29,  1.17s/it]
AliNet:  10%|█████▋                                                | 63/600 [01:16<10:27,  1.17s/it]
AliNet:  11%|█████▊                                                | 64/600 [01:17<10:25,  1.17s/it]
AliNet:  11%|█████▊                                                | 65/600 [01:18<10:24,  1.17s/it]
AliNet:  11%|█████▉                                                | 66/600 [01:19<10:22,  1.17s/it]
AliNet:  11%|██████                                                | 67/600 [01:20<10:21,  1.17s/it]
AliNet:  11%|██████                                                | 68/600 [01:22<10:19,  1.17s/it]
AliNet:  12%|██████▏                                               | 69/600 [01:23<10:18,  1.17s/it]
AliNet:  12%|██████▎                                               | 70/600 [01:24<10:17,  1.17s/it]
AliNet:  12%|██████▍                                               | 71/600 [01:25<10:16,  1.16s/it]
AliNet:  12%|██████▍                                               | 72/600 [01:26<10:15,  1.17s/it]
AliNet:  12%|██████▌                                               | 73/600 [01:27<10:13,  1.16s/it]
AliNet:  12%|██████▋                                               | 74/600 [01:29<10:12,  1.16s/it]06:07:38 | INFO    | epoch   75/600 | loss=0.0615 align=0.0246 rel=0.0368
06:07:39 | INFO    |            [filtered] MRR=0.5707 Hit@1=0.4729 Hit@5=0.6986 Hit@10=0.7541 MR=83.9 n=18523
06:07:39 | INFO    |            [multiref] MRR=0.3497 Hit@1=0.2413 Hit@5=0.4560 Hit@10=0.6073 MR=62.7 n=1500
06:07:39 | INFO    |            -> new best filtered MRR=0.5707 (saved model_best.pt)

AliNet:  12%|██████▊                                               | 75/600 [01:31<13:27,  1.54s/it]
AliNet:  13%|██████▊                                               | 76/600 [01:32<12:26,  1.42s/it]
AliNet:  13%|██████▉                                               | 77/600 [01:33<11:44,  1.35s/it]
AliNet:  13%|███████                                               | 78/600 [01:35<11:14,  1.29s/it]
AliNet:  13%|███████                                               | 79/600 [01:36<10:52,  1.25s/it]
AliNet:  13%|███████▏                                              | 80/600 [01:37<10:37,  1.23s/it]
AliNet:  14%|███████▎                                              | 81/600 [01:38<10:26,  1.21s/it]
AliNet:  14%|███████▍                                              | 82/600 [01:39<10:18,  1.19s/it]
AliNet:  14%|███████▍                                              | 83/600 [01:40<10:12,  1.19s/it]
AliNet:  14%|███████▌                                              | 84/600 [01:42<10:08,  1.18s/it]
AliNet:  14%|███████▋                                              | 85/600 [01:43<10:04,  1.17s/it]
AliNet:  14%|███████▋                                              | 86/600 [01:44<10:01,  1.17s/it]
AliNet:  14%|███████▊                                              | 87/600 [01:45<09:59,  1.17s/it]
AliNet:  15%|███████▉                                              | 88/600 [01:46<09:57,  1.17s/it]
AliNet:  15%|████████                                              | 89/600 [01:47<09:55,  1.17s/it]
AliNet:  15%|████████                                              | 90/600 [01:49<09:54,  1.17s/it]
AliNet:  15%|████████▏                                             | 91/600 [01:50<09:53,  1.17s/it]
AliNet:  15%|████████▎                                             | 92/600 [01:51<09:51,  1.17s/it]
AliNet:  16%|████████▎                                             | 93/600 [01:52<09:50,  1.16s/it]
AliNet:  16%|████████▍                                             | 94/600 [01:53<09:49,  1.16s/it]
AliNet:  16%|████████▌                                             | 95/600 [01:54<09:48,  1.16s/it]
AliNet:  16%|████████▋                                             | 96/600 [01:55<09:46,  1.16s/it]
AliNet:  16%|████████▋                                             | 97/600 [01:57<09:45,  1.16s/it]
AliNet:  16%|████████▊                                             | 98/600 [01:58<09:44,  1.16s/it]
AliNet:  16%|████████▉                                             | 99/600 [01:59<09:43,  1.16s/it]06:08:09 | INFO    | epoch  100/600 | loss=0.0557 align=0.0224 rel=0.0333
06:08:09 | INFO    |            [filtered] MRR=0.5875 Hit@1=0.4909 Hit@5=0.7120 Hit@10=0.7619 MR=75.3 n=18523
06:08:09 | INFO    |            [multiref] MRR=0.3634 Hit@1=0.2513 Hit@5=0.4733 Hit@10=0.6153 MR=52.6 n=1500
06:08:10 | INFO    |            -> new best filtered MRR=0.5875 (saved model_best.pt)

AliNet:  17%|████████▊                                            | 100/600 [02:01<12:53,  1.55s/it]
AliNet:  17%|████████▉                                            | 101/600 [02:03<11:54,  1.43s/it]
AliNet:  17%|█████████                                            | 102/600 [02:04<11:12,  1.35s/it]
AliNet:  17%|█████████                                            | 103/600 [02:05<10:43,  1.29s/it]
AliNet:  17%|█████████▏                                           | 104/600 [02:06<10:22,  1.26s/it]
AliNet:  18%|█████████▎                                           | 105/600 [02:07<10:07,  1.23s/it]
AliNet:  18%|█████████▎                                           | 106/600 [02:08<09:57,  1.21s/it]
AliNet:  18%|█████████▍                                           | 107/600 [02:10<09:49,  1.20s/it]
AliNet:  18%|█████████▌                                           | 108/600 [02:11<09:43,  1.19s/it]
AliNet:  18%|█████████▋                                           | 109/600 [02:12<09:38,  1.18s/it]
AliNet:  18%|█████████▋                                           | 110/600 [02:13<09:35,  1.17s/it]
AliNet:  18%|█████████▊                                           | 111/600 [02:14<09:32,  1.17s/it]
AliNet:  19%|█████████▉                                           | 112/600 [02:15<09:30,  1.17s/it]
AliNet:  19%|█████████▉                                           | 113/600 [02:17<09:28,  1.17s/it]
AliNet:  19%|██████████                                           | 114/600 [02:18<09:26,  1.17s/it]
AliNet:  19%|██████████▏                                          | 115/600 [02:19<09:25,  1.17s/it]
AliNet:  19%|██████████▏                                          | 116/600 [02:20<09:23,  1.17s/it]
AliNet:  20%|██████████▎                                          | 117/600 [02:21<09:22,  1.16s/it]
AliNet:  20%|██████████▍                                          | 118/600 [02:22<09:21,  1.16s/it]
AliNet:  20%|██████████▌                                          | 119/600 [02:24<09:20,  1.16s/it]
AliNet:  20%|██████████▌                                          | 120/600 [02:25<09:18,  1.16s/it]
AliNet:  20%|██████████▋                                          | 121/600 [02:26<09:17,  1.16s/it]
AliNet:  20%|██████████▊                                          | 122/600 [02:27<09:16,  1.16s/it]
AliNet:  20%|██████████▊                                          | 123/600 [02:28<09:15,  1.16s/it]
AliNet:  21%|██████████▉                                          | 124/600 [02:29<09:14,  1.16s/it]06:08:39 | INFO    | epoch  125/600 | loss=0.0539 align=0.0211 rel=0.0328
06:08:40 | INFO    |            [filtered] MRR=0.5971 Hit@1=0.5029 Hit@5=0.7209 Hit@10=0.7685 MR=67.4 n=18523
06:08:40 | INFO    |            [multiref] MRR=0.3609 Hit@1=0.2467 Hit@5=0.4687 Hit@10=0.6220 MR=50.2 n=1500
06:08:40 | INFO    |            -> new best filtered MRR=0.5971 (saved model_best.pt)

AliNet:  21%|███████████                                          | 125/600 [02:32<12:10,  1.54s/it]
AliNet:  21%|███████████▏                                         | 126/600 [02:33<11:15,  1.42s/it]
AliNet:  21%|███████████▏                                         | 127/600 [02:34<10:36,  1.35s/it]
AliNet:  21%|███████████▎                                         | 128/600 [02:35<10:09,  1.29s/it]
AliNet:  22%|███████████▍                                         | 129/600 [02:36<09:50,  1.25s/it]
AliNet:  22%|███████████▍                                         | 130/600 [02:38<09:36,  1.23s/it]
AliNet:  22%|███████████▌                                         | 131/600 [02:39<09:26,  1.21s/it]
AliNet:  22%|███████████▋                                         | 132/600 [02:40<09:18,  1.19s/it]
AliNet:  22%|███████████▋                                         | 133/600 [02:41<09:13,  1.19s/it]
AliNet:  22%|███████████▊                                         | 134/600 [02:42<09:09,  1.18s/it]
AliNet:  22%|███████████▉                                         | 135/600 [02:43<09:05,  1.17s/it]
AliNet:  23%|████████████                                         | 136/600 [02:45<09:03,  1.17s/it]
AliNet:  23%|████████████                                         | 137/600 [02:46<09:00,  1.17s/it]
AliNet:  23%|████████████▏                                        | 138/600 [02:47<08:59,  1.17s/it]
AliNet:  23%|████████████▎                                        | 139/600 [02:48<08:57,  1.17s/it]
AliNet:  23%|████████████▎                                        | 140/600 [02:49<08:56,  1.17s/it]
AliNet:  24%|████████████▍                                        | 141/600 [02:50<08:54,  1.16s/it]
AliNet:  24%|████████████▌                                        | 142/600 [02:52<08:53,  1.16s/it]
AliNet:  24%|████████████▋                                        | 143/600 [02:53<08:52,  1.16s/it]
AliNet:  24%|████████████▋                                        | 144/600 [02:54<08:50,  1.16s/it]
AliNet:  24%|████████████▊                                        | 145/600 [02:55<08:49,  1.16s/it]
AliNet:  24%|████████████▉                                        | 146/600 [02:56<08:48,  1.16s/it]
AliNet:  24%|████████████▉                                        | 147/600 [02:57<08:47,  1.16s/it]
AliNet:  25%|█████████████                                        | 148/600 [02:59<08:45,  1.16s/it]
AliNet:  25%|█████████████▏                                       | 149/600 [03:00<08:44,  1.16s/it]06:09:09 | INFO    | epoch  150/600 | loss=0.0499 align=0.0203 rel=0.0296
06:09:10 | INFO    |            [filtered] MRR=0.6082 Hit@1=0.5151 Hit@5=0.7288 Hit@10=0.7726 MR=65.7 n=18523
06:09:10 | INFO    |            [multiref] MRR=0.3620 Hit@1=0.2513 Hit@5=0.4707 Hit@10=0.6293 MR=48.7 n=1500
06:09:11 | INFO    |            -> new best filtered MRR=0.6082 (saved model_best.pt)

AliNet:  25%|█████████████▎                                       | 150/600 [03:02<11:30,  1.53s/it]
AliNet:  25%|█████████████▎                                       | 151/600 [03:03<10:38,  1.42s/it]
AliNet:  25%|█████████████▍                                       | 152/600 [03:04<10:02,  1.34s/it]
AliNet:  26%|█████████████▌                                       | 153/600 [03:06<09:36,  1.29s/it]
AliNet:  26%|█████████████▌                                       | 154/600 [03:07<09:18,  1.25s/it]
AliNet:  26%|█████████████▋                                       | 155/600 [03:08<09:05,  1.23s/it]
AliNet:  26%|█████████████▊                                       | 156/600 [03:09<08:55,  1.21s/it]
AliNet:  26%|█████████████▊                                       | 157/600 [03:10<08:48,  1.19s/it]
AliNet:  26%|█████████████▉                                       | 158/600 [03:11<08:43,  1.18s/it]
AliNet:  26%|██████████████                                       | 159/600 [03:13<08:39,  1.18s/it]
AliNet:  27%|██████████████▏                                      | 160/600 [03:14<08:43,  1.19s/it]
AliNet:  27%|██████████████▏                                      | 161/600 [03:15<08:38,  1.18s/it]
AliNet:  27%|██████████████▎                                      | 162/600 [03:16<08:35,  1.18s/it]
AliNet:  27%|██████████████▍                                      | 163/600 [03:17<08:32,  1.17s/it]
AliNet:  27%|██████████████▍                                      | 164/600 [03:18<08:30,  1.17s/it]
AliNet:  28%|██████████████▌                                      | 165/600 [03:20<08:28,  1.17s/it]
AliNet:  28%|██████████████▋                                      | 166/600 [03:21<08:26,  1.17s/it]
AliNet:  28%|██████████████▊                                      | 167/600 [03:22<08:25,  1.17s/it]
AliNet:  28%|██████████████▊                                      | 168/600 [03:23<08:23,  1.17s/it]
AliNet:  28%|██████████████▉                                      | 169/600 [03:24<08:22,  1.17s/it]
AliNet:  28%|███████████████                                      | 170/600 [03:25<08:21,  1.17s/it]
AliNet:  28%|███████████████                                      | 171/600 [03:27<08:19,  1.17s/it]
AliNet:  29%|███████████████▏                                     | 172/600 [03:28<08:18,  1.17s/it]
AliNet:  29%|███████████████▎                                     | 173/600 [03:29<08:17,  1.17s/it]
AliNet:  29%|███████████████▎                                     | 174/600 [03:30<08:16,  1.16s/it]06:09:40 | INFO    | epoch  175/600 | loss=0.0479 align=0.0195 rel=0.0284
06:09:41 | INFO    |            [filtered] MRR=0.6061 Hit@1=0.5106 Hit@5=0.7296 Hit@10=0.7729 MR=62.8 n=18523
06:09:41 | INFO    |            [multiref] MRR=0.3612 Hit@1=0.2507 Hit@5=0.4667 Hit@10=0.6287 MR=49.5 n=1500

AliNet:  29%|███████████████▍                                     | 175/600 [03:32<10:26,  1.47s/it]
AliNet:  29%|███████████████▌                                     | 176/600 [03:33<09:45,  1.38s/it]
AliNet:  30%|███████████████▋                                     | 177/600 [03:35<09:16,  1.32s/it]
AliNet:  30%|███████████████▋                                     | 178/600 [03:36<08:55,  1.27s/it]
AliNet:  30%|███████████████▊                                     | 179/600 [03:37<08:41,  1.24s/it]
AliNet:  30%|███████████████▉                                     | 180/600 [03:38<08:30,  1.22s/it]
AliNet:  30%|███████████████▉                                     | 181/600 [03:39<08:23,  1.20s/it]
AliNet:  30%|████████████████                                     | 182/600 [03:40<08:17,  1.19s/it]
AliNet:  30%|████████████████▏                                    | 183/600 [03:42<08:12,  1.18s/it]
AliNet:  31%|████████████████▎                                    | 184/600 [03:43<08:09,  1.18s/it]
AliNet:  31%|████████████████▎                                    | 185/600 [03:44<08:06,  1.17s/it]
AliNet:  31%|████████████████▍                                    | 186/600 [03:45<08:04,  1.17s/it]
AliNet:  31%|████████████████▌                                    | 187/600 [03:46<08:02,  1.17s/it]
AliNet:  31%|████████████████▌                                    | 188/600 [03:47<08:00,  1.17s/it]
AliNet:  32%|████████████████▋                                    | 189/600 [03:49<07:59,  1.17s/it]
AliNet:  32%|████████████████▊                                    | 190/600 [03:50<07:57,  1.17s/it]
AliNet:  32%|████████████████▊                                    | 191/600 [03:51<07:56,  1.17s/it]
AliNet:  32%|████████████████▉                                    | 192/600 [03:52<07:55,  1.16s/it]
AliNet:  32%|█████████████████                                    | 193/600 [03:53<07:53,  1.16s/it]
AliNet:  32%|█████████████████▏                                   | 194/600 [03:54<07:52,  1.16s/it]
AliNet:  32%|█████████████████▏                                   | 195/600 [03:56<07:52,  1.17s/it]
AliNet:  33%|█████████████████▎                                   | 196/600 [03:57<07:50,  1.17s/it]
AliNet:  33%|█████████████████▍                                   | 197/600 [03:58<07:49,  1.16s/it]
AliNet:  33%|█████████████████▍                                   | 198/600 [03:59<07:52,  1.17s/it]
AliNet:  33%|█████████████████▌                                   | 199/600 [04:00<07:49,  1.17s/it]06:10:10 | INFO    | epoch  200/600 | loss=0.0473 align=0.0192 rel=0.0281
06:10:11 | INFO    |            [filtered] MRR=0.6174 Hit@1=0.5282 Hit@5=0.7304 Hit@10=0.7753 MR=62.0 n=18523
06:10:11 | INFO    |            [multiref] MRR=0.3666 Hit@1=0.2607 Hit@5=0.4593 Hit@10=0.6180 MR=45.9 n=1500
06:10:11 | INFO    |            -> new best filtered MRR=0.6174 (saved model_best.pt)

AliNet:  33%|█████████████████▋                                   | 200/600 [04:03<10:16,  1.54s/it]
AliNet:  34%|█████████████████▊                                   | 201/600 [04:04<09:29,  1.43s/it]
AliNet:  34%|█████████████████▊                                   | 202/600 [04:05<08:56,  1.35s/it]
AliNet:  34%|█████████████████▉                                   | 203/600 [04:06<08:32,  1.29s/it]
AliNet:  34%|██████████████████                                   | 204/600 [04:07<08:16,  1.25s/it]
AliNet:  34%|██████████████████                                   | 205/600 [04:08<08:04,  1.23s/it]
AliNet:  34%|██████████████████▏                                  | 206/600 [04:10<07:55,  1.21s/it]
AliNet:  34%|██████████████████▎                                  | 207/600 [04:11<07:49,  1.19s/it]
AliNet:  35%|██████████████████▎                                  | 208/600 [04:12<07:44,  1.18s/it]
AliNet:  35%|██████████████████▍                                  | 209/600 [04:13<07:40,  1.18s/it]
AliNet:  35%|██████████████████▌                                  | 210/600 [04:14<07:38,  1.18s/it]
AliNet:  35%|██████████████████▋                                  | 211/600 [04:15<07:35,  1.17s/it]
AliNet:  35%|██████████████████▋                                  | 212/600 [04:17<07:33,  1.17s/it]
AliNet:  36%|██████████████████▊                                  | 213/600 [04:18<07:31,  1.17s/it]
AliNet:  36%|██████████████████▉                                  | 214/600 [04:19<07:30,  1.17s/it]
AliNet:  36%|██████████████████▉                                  | 215/600 [04:20<07:28,  1.17s/it]
AliNet:  36%|███████████████████                                  | 216/600 [04:21<07:27,  1.16s/it]
AliNet:  36%|███████████████████▏                                 | 217/600 [04:22<07:25,  1.16s/it]
AliNet:  36%|███████████████████▎                                 | 218/600 [04:24<07:24,  1.16s/it]
AliNet:  36%|███████████████████▎                                 | 219/600 [04:25<07:23,  1.16s/it]
AliNet:  37%|███████████████████▍                                 | 220/600 [04:26<07:22,  1.16s/it]
AliNet:  37%|███████████████████▌                                 | 221/600 [04:27<07:21,  1.16s/it]
AliNet:  37%|███████████████████▌                                 | 222/600 [04:28<07:19,  1.16s/it]
AliNet:  37%|███████████████████▋                                 | 223/600 [04:29<07:18,  1.16s/it]
AliNet:  37%|███████████████████▊                                 | 224/600 [04:31<07:17,  1.16s/it]06:10:40 | INFO    | epoch  225/600 | loss=0.0451 align=0.0186 rel=0.0266
06:10:41 | INFO    |            [filtered] MRR=0.6133 Hit@1=0.5206 Hit@5=0.7314 Hit@10=0.7778 MR=58.4 n=18523
06:10:41 | INFO    |            [multiref] MRR=0.3656 Hit@1=0.2533 Hit@5=0.4820 Hit@10=0.6260 MR=43.9 n=1500

AliNet:  38%|███████████████████▉                                 | 225/600 [04:33<09:10,  1.47s/it]
AliNet:  38%|███████████████████▉                                 | 226/600 [04:34<08:34,  1.38s/it]
AliNet:  38%|████████████████████                                 | 227/600 [04:35<08:09,  1.31s/it]
AliNet:  38%|████████████████████▏                                | 228/600 [04:36<07:51,  1.27s/it]
AliNet:  38%|████████████████████▏                                | 229/600 [04:37<07:38,  1.24s/it]
AliNet:  38%|████████████████████▎                                | 230/600 [04:39<07:28,  1.21s/it]
AliNet:  38%|████████████████████▍                                | 231/600 [04:40<07:21,  1.20s/it]
AliNet:  39%|████████████████████▍                                | 232/600 [04:41<07:16,  1.19s/it]
AliNet:  39%|████████████████████▌                                | 233/600 [04:42<07:12,  1.18s/it]
AliNet:  39%|████████████████████▋                                | 234/600 [04:43<07:09,  1.17s/it]
AliNet:  39%|████████████████████▊                                | 235/600 [04:44<07:07,  1.17s/it]
AliNet:  39%|████████████████████▊                                | 236/600 [04:46<07:05,  1.17s/it]
AliNet:  40%|████████████████████▉                                | 237/600 [04:47<07:03,  1.17s/it]
AliNet:  40%|█████████████████████                                | 238/600 [04:48<07:01,  1.17s/it]
AliNet:  40%|█████████████████████                                | 239/600 [04:49<07:00,  1.16s/it]
AliNet:  40%|█████████████████████▏                               | 240/600 [04:50<06:58,  1.16s/it]
AliNet:  40%|█████████████████████▎                               | 241/600 [04:51<06:57,  1.16s/it]
AliNet:  40%|█████████████████████▍                               | 242/600 [04:53<06:56,  1.16s/it]
AliNet:  40%|█████████████████████▍                               | 243/600 [04:54<06:55,  1.16s/it]
AliNet:  41%|█████████████████████▌                               | 244/600 [04:55<06:53,  1.16s/it]
AliNet:  41%|█████████████████████▋                               | 245/600 [04:56<06:52,  1.16s/it]
AliNet:  41%|█████████████████████▋                               | 246/600 [04:57<06:51,  1.16s/it]
AliNet:  41%|█████████████████████▊                               | 247/600 [04:58<06:50,  1.16s/it]
AliNet:  41%|█████████████████████▉                               | 248/600 [04:59<06:49,  1.16s/it]
AliNet:  42%|█████████████████████▉                               | 249/600 [05:01<06:48,  1.16s/it]06:11:10 | INFO    | epoch  250/600 | loss=0.0436 align=0.0182 rel=0.0254
06:11:11 | INFO    |            [filtered] MRR=0.6120 Hit@1=0.5207 Hit@5=0.7295 Hit@10=0.7771 MR=57.1 n=18523
06:11:11 | INFO    |            [multiref] MRR=0.3633 Hit@1=0.2527 Hit@5=0.4667 Hit@10=0.6140 MR=42.1 n=1500

AliNet:  42%|██████████████████████                               | 250/600 [05:03<08:33,  1.47s/it]
AliNet:  42%|██████████████████████▏                              | 251/600 [05:04<07:59,  1.37s/it]
AliNet:  42%|██████████████████████▎                              | 252/600 [05:05<07:35,  1.31s/it]
AliNet:  42%|██████████████████████▎                              | 253/600 [05:06<07:19,  1.27s/it]
AliNet:  42%|██████████████████████▍                              | 254/600 [05:07<07:07,  1.24s/it]
AliNet:  42%|██████████████████████▌                              | 255/600 [05:09<06:58,  1.21s/it]
AliNet:  43%|██████████████████████▌                              | 256/600 [05:10<06:52,  1.20s/it]
AliNet:  43%|██████████████████████▋                              | 257/600 [05:11<06:47,  1.19s/it]
AliNet:  43%|██████████████████████▊                              | 258/600 [05:12<06:43,  1.18s/it]
AliNet:  43%|██████████████████████▉                              | 259/600 [05:13<06:40,  1.18s/it]
AliNet:  43%|██████████████████████▉                              | 260/600 [05:14<06:38,  1.17s/it]
AliNet:  44%|███████████████████████                              | 261/600 [05:16<06:36,  1.17s/it]
AliNet:  44%|███████████████████████▏                             | 262/600 [05:17<06:34,  1.17s/it]
AliNet:  44%|███████████████████████▏                             | 263/600 [05:18<06:33,  1.17s/it]
AliNet:  44%|███████████████████████▎                             | 264/600 [05:19<06:31,  1.17s/it]
AliNet:  44%|███████████████████████▍                             | 265/600 [05:20<06:30,  1.16s/it]
AliNet:  44%|███████████████████████▍                             | 266/600 [05:21<06:29,  1.16s/it]
AliNet:  44%|███████████████████████▌                             | 267/600 [05:23<06:27,  1.16s/it]
AliNet:  45%|███████████████████████▋                             | 268/600 [05:24<06:26,  1.16s/it]
AliNet:  45%|███████████████████████▊                             | 269/600 [05:25<06:25,  1.16s/it]
AliNet:  45%|███████████████████████▊                             | 270/600 [05:26<06:24,  1.16s/it]
AliNet:  45%|███████████████████████▉                             | 271/600 [05:27<06:22,  1.16s/it]
AliNet:  45%|████████████████████████                             | 272/600 [05:28<06:21,  1.16s/it]
AliNet:  46%|████████████████████████                             | 273/600 [05:30<06:20,  1.16s/it]
AliNet:  46%|████████████████████████▏                            | 274/600 [05:31<06:19,  1.16s/it]06:11:40 | INFO    | epoch  275/600 | loss=0.0428 align=0.0179 rel=0.0249
06:11:41 | INFO    |            [filtered] MRR=0.6137 Hit@1=0.5238 Hit@5=0.7290 Hit@10=0.7785 MR=54.7 n=18523
06:11:41 | INFO    |            [multiref] MRR=0.3597 Hit@1=0.2507 Hit@5=0.4653 Hit@10=0.6180 MR=38.3 n=1500

AliNet:  46%|████████████████████████▎                            | 275/600 [05:33<07:55,  1.46s/it]
AliNet:  46%|████████████████████████▍                            | 276/600 [05:34<07:24,  1.37s/it]
AliNet:  46%|████████████████████████▍                            | 277/600 [05:35<07:02,  1.31s/it]
AliNet:  46%|████████████████████████▌                            | 278/600 [05:36<06:47,  1.27s/it]
AliNet:  46%|████████████████████████▋                            | 279/600 [05:38<06:36,  1.23s/it]
AliNet:  47%|████████████████████████▋                            | 280/600 [05:39<06:28,  1.21s/it]
AliNet:  47%|████████████████████████▊                            | 281/600 [05:40<06:22,  1.20s/it]
AliNet:  47%|████████████████████████▉                            | 282/600 [05:41<06:17,  1.19s/it]
AliNet:  47%|████████████████████████▉                            | 283/600 [05:42<06:14,  1.18s/it]
AliNet:  47%|█████████████████████████                            | 284/600 [05:43<06:11,  1.18s/it]
AliNet:  48%|█████████████████████████▏                           | 285/600 [05:45<06:08,  1.17s/it]
AliNet:  48%|█████████████████████████▎                           | 286/600 [05:46<06:06,  1.17s/it]
AliNet:  48%|█████████████████████████▎                           | 287/600 [05:47<06:05,  1.17s/it]
AliNet:  48%|█████████████████████████▍                           | 288/600 [05:48<06:03,  1.17s/it]
AliNet:  48%|█████████████████████████▌                           | 289/600 [05:49<06:02,  1.16s/it]
AliNet:  48%|█████████████████████████▌                           | 290/600 [05:50<06:00,  1.16s/it]
AliNet:  48%|█████████████████████████▋                           | 291/600 [05:51<05:59,  1.16s/it]
AliNet:  49%|█████████████████████████▊                           | 292/600 [05:53<05:58,  1.16s/it]
AliNet:  49%|█████████████████████████▉                           | 293/600 [05:54<05:57,  1.16s/it]
AliNet:  49%|█████████████████████████▉                           | 294/600 [05:55<05:55,  1.16s/it]
AliNet:  49%|██████████████████████████                           | 295/600 [05:56<05:54,  1.16s/it]
AliNet:  49%|██████████████████████████▏                          | 296/600 [05:57<05:53,  1.16s/it]
AliNet:  50%|██████████████████████████▏                          | 297/600 [05:58<05:52,  1.16s/it]
AliNet:  50%|██████████████████████████▎                          | 298/600 [06:00<05:51,  1.16s/it]
AliNet:  50%|██████████████████████████▍                          | 299/600 [06:01<05:50,  1.16s/it]06:12:10 | INFO    | epoch  300/600 | loss=0.0429 align=0.0176 rel=0.0253
06:12:11 | INFO    |            [filtered] MRR=0.6194 Hit@1=0.5300 Hit@5=0.7331 Hit@10=0.7819 MR=54.0 n=18523
06:12:11 | INFO    |            [multiref] MRR=0.3707 Hit@1=0.2607 Hit@5=0.4693 Hit@10=0.6253 MR=37.5 n=1500
06:12:12 | INFO    |            -> new best filtered MRR=0.6194 (saved model_best.pt)

AliNet:  50%|██████████████████████████▌                          | 300/600 [06:03<07:39,  1.53s/it]
AliNet:  50%|██████████████████████████▌                          | 301/600 [06:04<07:04,  1.42s/it]
AliNet:  50%|██████████████████████████▋                          | 302/600 [06:06<06:40,  1.34s/it]
AliNet:  50%|██████████████████████████▊                          | 303/600 [06:07<06:22,  1.29s/it]
AliNet:  51%|██████████████████████████▊                          | 304/600 [06:08<06:10,  1.25s/it]
AliNet:  51%|██████████████████████████▉                          | 305/600 [06:09<06:01,  1.22s/it]
AliNet:  51%|███████████████████████████                          | 306/600 [06:10<05:54,  1.21s/it]
AliNet:  51%|███████████████████████████                          | 307/600 [06:11<05:49,  1.19s/it]
AliNet:  51%|███████████████████████████▏                         | 308/600 [06:12<05:45,  1.18s/it]
AliNet:  52%|███████████████████████████▎                         | 309/600 [06:14<05:42,  1.18s/it]
AliNet:  52%|███████████████████████████▍                         | 310/600 [06:15<05:40,  1.17s/it]
AliNet:  52%|███████████████████████████▍                         | 311/600 [06:16<05:37,  1.17s/it]
AliNet:  52%|███████████████████████████▌                         | 312/600 [06:17<05:36,  1.17s/it]
AliNet:  52%|███████████████████████████▋                         | 313/600 [06:18<05:34,  1.17s/it]
AliNet:  52%|███████████████████████████▋                         | 314/600 [06:19<05:33,  1.16s/it]
AliNet:  52%|███████████████████████████▊                         | 315/600 [06:21<05:31,  1.16s/it]
AliNet:  53%|███████████████████████████▉                         | 316/600 [06:22<05:30,  1.16s/it]
AliNet:  53%|████████████████████████████                         | 317/600 [06:23<05:29,  1.16s/it]
AliNet:  53%|████████████████████████████                         | 318/600 [06:24<05:27,  1.16s/it]
AliNet:  53%|████████████████████████████▏                        | 319/600 [06:25<05:26,  1.16s/it]
AliNet:  53%|████████████████████████████▎                        | 320/600 [06:26<05:25,  1.16s/it]
AliNet:  54%|████████████████████████████▎                        | 321/600 [06:28<05:24,  1.16s/it]
AliNet:  54%|████████████████████████████▍                        | 322/600 [06:29<05:23,  1.16s/it]
AliNet:  54%|████████████████████████████▌                        | 323/600 [06:30<05:21,  1.16s/it]
AliNet:  54%|████████████████████████████▌                        | 324/600 [06:31<05:20,  1.16s/it]06:12:41 | INFO    | epoch  325/600 | loss=0.0420 align=0.0177 rel=0.0243
06:12:42 | INFO    |            [filtered] MRR=0.6184 Hit@1=0.5273 Hit@5=0.7374 Hit@10=0.7841 MR=51.7 n=18523
06:12:42 | INFO    |            [multiref] MRR=0.3697 Hit@1=0.2600 Hit@5=0.4673 Hit@10=0.6220 MR=34.9 n=1500

AliNet:  54%|████████████████████████████▋                        | 325/600 [06:33<06:43,  1.47s/it]
AliNet:  54%|████████████████████████████▊                        | 326/600 [06:34<06:16,  1.37s/it]
AliNet:  55%|████████████████████████████▉                        | 327/600 [06:36<05:57,  1.31s/it]
AliNet:  55%|████████████████████████████▉                        | 328/600 [06:37<05:44,  1.27s/it]
AliNet:  55%|█████████████████████████████                        | 329/600 [06:38<05:34,  1.23s/it]
AliNet:  55%|█████████████████████████████▏                       | 330/600 [06:39<05:27,  1.21s/it]
AliNet:  55%|█████████████████████████████▏                       | 331/600 [06:40<05:22,  1.20s/it]
AliNet:  55%|█████████████████████████████▎                       | 332/600 [06:41<05:18,  1.19s/it]
AliNet:  56%|█████████████████████████████▍                       | 333/600 [06:43<05:14,  1.18s/it]
AliNet:  56%|█████████████████████████████▌                       | 334/600 [06:44<05:12,  1.17s/it]
AliNet:  56%|█████████████████████████████▌                       | 335/600 [06:45<05:10,  1.17s/it]
AliNet:  56%|█████████████████████████████▋                       | 336/600 [06:46<05:08,  1.17s/it]
AliNet:  56%|█████████████████████████████▊                       | 337/600 [06:47<05:06,  1.17s/it]
AliNet:  56%|█████████████████████████████▊                       | 338/600 [06:48<05:05,  1.17s/it]
AliNet:  56%|█████████████████████████████▉                       | 339/600 [06:50<05:04,  1.17s/it]
AliNet:  57%|██████████████████████████████                       | 340/600 [06:51<05:02,  1.16s/it]
AliNet:  57%|██████████████████████████████                       | 341/600 [06:52<05:01,  1.16s/it]
AliNet:  57%|██████████████████████████████▏                      | 342/600 [06:53<05:00,  1.16s/it]
AliNet:  57%|██████████████████████████████▎                      | 343/600 [06:54<04:58,  1.16s/it]
AliNet:  57%|██████████████████████████████▍                      | 344/600 [06:55<04:57,  1.16s/it]
AliNet:  57%|██████████████████████████████▍                      | 345/600 [06:57<04:56,  1.16s/it]
AliNet:  58%|██████████████████████████████▌                      | 346/600 [06:58<04:55,  1.16s/it]
AliNet:  58%|██████████████████████████████▋                      | 347/600 [06:59<04:54,  1.16s/it]
AliNet:  58%|██████████████████████████████▋                      | 348/600 [07:00<04:53,  1.16s/it]
AliNet:  58%|██████████████████████████████▊                      | 349/600 [07:01<04:51,  1.16s/it]06:13:11 | INFO    | epoch  350/600 | loss=0.0411 align=0.0175 rel=0.0237
06:13:12 | INFO    |            [filtered] MRR=0.6215 Hit@1=0.5322 Hit@5=0.7327 Hit@10=0.7825 MR=50.6 n=18523
06:13:12 | INFO    |            [multiref] MRR=0.3705 Hit@1=0.2607 Hit@5=0.4673 Hit@10=0.6293 MR=33.5 n=1500
06:13:12 | INFO    |            -> new best filtered MRR=0.6215 (saved model_best.pt)

AliNet:  58%|██████████████████████████████▉                      | 350/600 [07:04<06:22,  1.53s/it]
AliNet:  58%|███████████████████████████████                      | 351/600 [07:05<05:53,  1.42s/it]
AliNet:  59%|███████████████████████████████                      | 352/600 [07:06<05:32,  1.34s/it]
AliNet:  59%|███████████████████████████████▏                     | 353/600 [07:07<05:18,  1.29s/it]
AliNet:  59%|███████████████████████████████▎                     | 354/600 [07:08<05:07,  1.25s/it]
AliNet:  59%|███████████████████████████████▎                     | 355/600 [07:09<04:59,  1.22s/it]
AliNet:  59%|███████████████████████████████▍                     | 356/600 [07:11<04:54,  1.21s/it]
AliNet:  60%|███████████████████████████████▌                     | 357/600 [07:12<04:49,  1.19s/it]
AliNet:  60%|███████████████████████████████▌                     | 358/600 [07:13<04:46,  1.18s/it]
AliNet:  60%|███████████████████████████████▋                     | 359/600 [07:14<04:43,  1.18s/it]
AliNet:  60%|███████████████████████████████▊                     | 360/600 [07:15<04:41,  1.17s/it]
AliNet:  60%|███████████████████████████████▉                     | 361/600 [07:16<04:39,  1.17s/it]
AliNet:  60%|███████████████████████████████▉                     | 362/600 [07:18<04:37,  1.17s/it]
AliNet:  60%|████████████████████████████████                     | 363/600 [07:19<04:36,  1.17s/it]
AliNet:  61%|████████████████████████████████▏                    | 364/600 [07:20<04:34,  1.16s/it]
AliNet:  61%|████████████████████████████████▏                    | 365/600 [07:21<04:33,  1.16s/it]
AliNet:  61%|████████████████████████████████▎                    | 366/600 [07:22<04:32,  1.16s/it]
AliNet:  61%|████████████████████████████████▍                    | 367/600 [07:23<04:30,  1.16s/it]
AliNet:  61%|████████████████████████████████▌                    | 368/600 [07:24<04:29,  1.16s/it]
AliNet:  62%|████████████████████████████████▌                    | 369/600 [07:26<04:28,  1.16s/it]
AliNet:  62%|████████████████████████████████▋                    | 370/600 [07:27<04:27,  1.16s/it]
AliNet:  62%|████████████████████████████████▊                    | 371/600 [07:28<04:25,  1.16s/it]
AliNet:  62%|████████████████████████████████▊                    | 372/600 [07:29<04:24,  1.16s/it]
AliNet:  62%|████████████████████████████████▉                    | 373/600 [07:30<04:23,  1.16s/it]
AliNet:  62%|█████████████████████████████████                    | 374/600 [07:31<04:22,  1.16s/it]06:13:41 | INFO    | epoch  375/600 | loss=0.0423 align=0.0173 rel=0.0250
06:13:42 | INFO    |            [filtered] MRR=0.6173 Hit@1=0.5272 Hit@5=0.7332 Hit@10=0.7859 MR=47.7 n=18523
06:13:42 | INFO    |            [multiref] MRR=0.3643 Hit@1=0.2533 Hit@5=0.4713 Hit@10=0.6293 MR=32.5 n=1500

AliNet:  62%|█████████████████████████████████▏                   | 375/600 [07:34<05:30,  1.47s/it]
AliNet:  63%|█████████████████████████████████▏                   | 376/600 [07:35<05:08,  1.38s/it]
AliNet:  63%|█████████████████████████████████▎                   | 377/600 [07:36<04:52,  1.31s/it]
AliNet:  63%|█████████████████████████████████▍                   | 378/600 [07:37<04:41,  1.27s/it]
AliNet:  63%|█████████████████████████████████▍                   | 379/600 [07:38<04:32,  1.24s/it]
AliNet:  63%|█████████████████████████████████▌                   | 380/600 [07:39<04:26,  1.21s/it]
AliNet:  64%|█████████████████████████████████▋                   | 381/600 [07:41<04:22,  1.20s/it]
AliNet:  64%|█████████████████████████████████▋                   | 382/600 [07:42<04:18,  1.19s/it]
AliNet:  64%|█████████████████████████████████▊                   | 383/600 [07:43<04:15,  1.18s/it]
AliNet:  64%|█████████████████████████████████▉                   | 384/600 [07:44<04:14,  1.18s/it]
AliNet:  64%|██████████████████████████████████                   | 385/600 [07:45<04:12,  1.17s/it]
AliNet:  64%|██████████████████████████████████                   | 386/600 [07:46<04:10,  1.17s/it]
AliNet:  64%|██████████████████████████████████▏                  | 387/600 [07:48<04:08,  1.17s/it]
AliNet:  65%|██████████████████████████████████▎                  | 388/600 [07:49<04:06,  1.17s/it]
AliNet:  65%|██████████████████████████████████▎                  | 389/600 [07:50<04:05,  1.16s/it]
AliNet:  65%|██████████████████████████████████▍                  | 390/600 [07:51<04:04,  1.16s/it]
AliNet:  65%|██████████████████████████████████▌                  | 391/600 [07:52<04:02,  1.16s/it]
AliNet:  65%|██████████████████████████████████▋                  | 392/600 [07:53<04:01,  1.16s/it]
AliNet:  66%|██████████████████████████████████▋                  | 393/600 [07:55<04:00,  1.16s/it]
AliNet:  66%|██████████████████████████████████▊                  | 394/600 [07:56<03:59,  1.16s/it]
AliNet:  66%|██████████████████████████████████▉                  | 395/600 [07:57<03:57,  1.16s/it]
AliNet:  66%|██████████████████████████████████▉                  | 396/600 [07:58<03:56,  1.16s/it]
AliNet:  66%|███████████████████████████████████                  | 397/600 [07:59<03:55,  1.16s/it]
AliNet:  66%|███████████████████████████████████▏                 | 398/600 [08:00<03:54,  1.16s/it]
AliNet:  66%|███████████████████████████████████▏                 | 399/600 [08:01<03:53,  1.16s/it]06:14:11 | INFO    | epoch  400/600 | loss=0.0406 align=0.0171 rel=0.0235
06:14:12 | INFO    |            [filtered] MRR=0.6200 Hit@1=0.5269 Hit@5=0.7375 Hit@10=0.7849 MR=47.9 n=18523
06:14:12 | INFO    |            [multiref] MRR=0.3712 Hit@1=0.2627 Hit@5=0.4693 Hit@10=0.6287 MR=32.7 n=1500

AliNet:  67%|███████████████████████████████████▎                 | 400/600 [08:04<04:53,  1.47s/it]
AliNet:  67%|███████████████████████████████████▍                 | 401/600 [08:05<04:33,  1.38s/it]
AliNet:  67%|███████████████████████████████████▌                 | 402/600 [08:06<04:19,  1.31s/it]
AliNet:  67%|███████████████████████████████████▌                 | 403/600 [08:07<04:09,  1.27s/it]
AliNet:  67%|███████████████████████████████████▋                 | 404/600 [08:08<04:01,  1.23s/it]
AliNet:  68%|███████████████████████████████████▊                 | 405/600 [08:09<03:56,  1.21s/it]
AliNet:  68%|███████████████████████████████████▊                 | 406/600 [08:11<03:52,  1.20s/it]
AliNet:  68%|███████████████████████████████████▉                 | 407/600 [08:12<03:48,  1.19s/it]
AliNet:  68%|████████████████████████████████████                 | 408/600 [08:13<03:46,  1.18s/it]
AliNet:  68%|████████████████████████████████████▏                | 409/600 [08:14<03:43,  1.17s/it]
AliNet:  68%|████████████████████████████████████▏                | 410/600 [08:15<03:41,  1.17s/it]
AliNet:  68%|████████████████████████████████████▎                | 411/600 [08:16<03:40,  1.17s/it]
AliNet:  69%|████████████████████████████████████▍                | 412/600 [08:18<03:38,  1.16s/it]
AliNet:  69%|████████████████████████████████████▍                | 413/600 [08:19<03:37,  1.16s/it]
AliNet:  69%|████████████████████████████████████▌                | 414/600 [08:20<03:36,  1.16s/it]
AliNet:  69%|████████████████████████████████████▋                | 415/600 [08:21<03:34,  1.16s/it]
AliNet:  69%|████████████████████████████████████▋                | 416/600 [08:22<03:33,  1.16s/it]
AliNet:  70%|████████████████████████████████████▊                | 417/600 [08:23<03:32,  1.16s/it]
AliNet:  70%|████████████████████████████████████▉                | 418/600 [08:25<03:31,  1.16s/it]
AliNet:  70%|█████████████████████████████████████                | 419/600 [08:26<03:29,  1.16s/it]
AliNet:  70%|█████████████████████████████████████                | 420/600 [08:27<03:28,  1.16s/it]
AliNet:  70%|█████████████████████████████████████▏               | 421/600 [08:28<03:27,  1.16s/it]
AliNet:  70%|█████████████████████████████████████▎               | 422/600 [08:29<03:26,  1.16s/it]
AliNet:  70%|█████████████████████████████████████▎               | 423/600 [08:30<03:25,  1.16s/it]
AliNet:  71%|█████████████████████████████████████▍               | 424/600 [08:32<03:23,  1.16s/it]06:14:41 | INFO    | epoch  425/600 | loss=0.0408 align=0.0170 rel=0.0238
06:14:42 | INFO    |            [filtered] MRR=0.6204 Hit@1=0.5291 Hit@5=0.7362 Hit@10=0.7835 MR=47.4 n=18523
06:14:42 | INFO    |            [multiref] MRR=0.3626 Hit@1=0.2493 Hit@5=0.4687 Hit@10=0.6167 MR=30.6 n=1500

AliNet:  71%|█████████████████████████████████████▌               | 425/600 [08:34<04:17,  1.47s/it]
AliNet:  71%|█████████████████████████████████████▋               | 426/600 [08:35<03:59,  1.38s/it]
AliNet:  71%|█████████████████████████████████████▋               | 427/600 [08:36<03:46,  1.31s/it]
AliNet:  71%|█████████████████████████████████████▊               | 428/600 [08:37<03:37,  1.27s/it]
AliNet:  72%|█████████████████████████████████████▉               | 429/600 [08:38<03:30,  1.23s/it]
AliNet:  72%|█████████████████████████████████████▉               | 430/600 [08:40<03:25,  1.21s/it]
AliNet:  72%|██████████████████████████████████████               | 431/600 [08:41<03:22,  1.20s/it]
AliNet:  72%|██████████████████████████████████████▏              | 432/600 [08:42<03:19,  1.18s/it]
AliNet:  72%|██████████████████████████████████████▏              | 433/600 [08:43<03:16,  1.18s/it]
AliNet:  72%|██████████████████████████████████████▎              | 434/600 [08:44<03:14,  1.17s/it]
AliNet:  72%|██████████████████████████████████████▍              | 435/600 [08:45<03:12,  1.17s/it]
AliNet:  73%|██████████████████████████████████████▌              | 436/600 [08:46<03:11,  1.17s/it]
AliNet:  73%|██████████████████████████████████████▌              | 437/600 [08:48<03:09,  1.16s/it]
AliNet:  73%|██████████████████████████████████████▋              | 438/600 [08:49<03:08,  1.16s/it]
AliNet:  73%|██████████████████████████████████████▊              | 439/600 [08:50<03:06,  1.16s/it]
AliNet:  73%|██████████████████████████████████████▊              | 440/600 [08:51<03:05,  1.16s/it]
AliNet:  74%|██████████████████████████████████████▉              | 441/600 [08:52<03:04,  1.16s/it]
AliNet:  74%|███████████████████████████████████████              | 442/600 [08:53<03:03,  1.16s/it]
AliNet:  74%|███████████████████████████████████████▏             | 443/600 [08:55<03:02,  1.16s/it]
AliNet:  74%|███████████████████████████████████████▏             | 444/600 [08:56<03:00,  1.16s/it]
AliNet:  74%|███████████████████████████████████████▎             | 445/600 [08:57<02:59,  1.16s/it]
AliNet:  74%|███████████████████████████████████████▍             | 446/600 [08:58<02:58,  1.16s/it]
AliNet:  74%|███████████████████████████████████████▍             | 447/600 [08:59<02:57,  1.16s/it]
AliNet:  75%|███████████████████████████████████████▌             | 448/600 [09:00<02:56,  1.16s/it]
AliNet:  75%|███████████████████████████████████████▋             | 449/600 [09:02<02:55,  1.16s/it]06:15:11 | INFO    | epoch  450/600 | loss=0.0403 align=0.0170 rel=0.0233
06:15:12 | INFO    |            [filtered] MRR=0.6183 Hit@1=0.5262 Hit@5=0.7345 Hit@10=0.7849 MR=45.4 n=18523
06:15:12 | INFO    |            [multiref] MRR=0.3583 Hit@1=0.2487 Hit@5=0.4607 Hit@10=0.6273 MR=32.1 n=1500

AliNet:  75%|███████████████████████████████████████▊             | 450/600 [09:04<03:39,  1.46s/it]
AliNet:  75%|███████████████████████████████████████▊             | 451/600 [09:05<03:24,  1.37s/it]
AliNet:  75%|███████████████████████████████████████▉             | 452/600 [09:06<03:13,  1.31s/it]
AliNet:  76%|████████████████████████████████████████             | 453/600 [09:07<03:05,  1.26s/it]
AliNet:  76%|████████████████████████████████████████             | 454/600 [09:08<02:59,  1.23s/it]
AliNet:  76%|████████████████████████████████████████▏            | 455/600 [09:09<02:55,  1.21s/it]
AliNet:  76%|████████████████████████████████████████▎            | 456/600 [09:11<02:51,  1.19s/it]
AliNet:  76%|████████████████████████████████████████▎            | 457/600 [09:12<02:49,  1.18s/it]
AliNet:  76%|████████████████████████████████████████▍            | 458/600 [09:13<02:47,  1.18s/it]
AliNet:  76%|████████████████████████████████████████▌            | 459/600 [09:14<02:45,  1.17s/it]
AliNet:  77%|████████████████████████████████████████▋            | 460/600 [09:15<02:43,  1.17s/it]
AliNet:  77%|████████████████████████████████████████▋            | 461/600 [09:16<02:41,  1.17s/it]
AliNet:  77%|████████████████████████████████████████▊            | 462/600 [09:18<02:40,  1.16s/it]
AliNet:  77%|████████████████████████████████████████▉            | 463/600 [09:19<02:39,  1.16s/it]
AliNet:  77%|████████████████████████████████████████▉            | 464/600 [09:20<02:37,  1.16s/it]
AliNet:  78%|█████████████████████████████████████████            | 465/600 [09:21<02:36,  1.16s/it]
AliNet:  78%|█████████████████████████████████████████▏           | 466/600 [09:22<02:35,  1.16s/it]
AliNet:  78%|█████████████████████████████████████████▎           | 467/600 [09:23<02:34,  1.16s/it]
AliNet:  78%|█████████████████████████████████████████▎           | 468/600 [09:25<02:33,  1.16s/it]
AliNet:  78%|█████████████████████████████████████████▍           | 469/600 [09:26<02:31,  1.16s/it]
AliNet:  78%|█████████████████████████████████████████▌           | 470/600 [09:27<02:30,  1.16s/it]
AliNet:  78%|█████████████████████████████████████████▌           | 471/600 [09:28<02:29,  1.16s/it]
AliNet:  79%|█████████████████████████████████████████▋           | 472/600 [09:29<02:28,  1.16s/it]
AliNet:  79%|█████████████████████████████████████████▊           | 473/600 [09:30<02:27,  1.16s/it]
AliNet:  79%|█████████████████████████████████████████▊           | 474/600 [09:32<02:25,  1.16s/it]06:15:41 | INFO    | epoch  475/600 | loss=0.0388 align=0.0167 rel=0.0221
06:15:42 | INFO    |            [filtered] MRR=0.6164 Hit@1=0.5243 Hit@5=0.7345 Hit@10=0.7867 MR=45.2 n=18523
06:15:42 | INFO    |            [multiref] MRR=0.3611 Hit@1=0.2467 Hit@5=0.4747 Hit@10=0.6220 MR=31.2 n=1500

AliNet:  79%|█████████████████████████████████████████▉           | 475/600 [09:34<03:02,  1.46s/it]
AliNet:  79%|██████████████████████████████████████████           | 476/600 [09:35<02:50,  1.37s/it]
AliNet:  80%|██████████████████████████████████████████▏          | 477/600 [09:36<02:40,  1.31s/it]
AliNet:  80%|██████████████████████████████████████████▏          | 478/600 [09:37<02:34,  1.26s/it]
AliNet:  80%|██████████████████████████████████████████▎          | 479/600 [09:38<02:29,  1.23s/it]
AliNet:  80%|██████████████████████████████████████████▍          | 480/600 [09:39<02:25,  1.21s/it]
AliNet:  80%|██████████████████████████████████████████▍          | 481/600 [09:41<02:22,  1.20s/it]
AliNet:  80%|██████████████████████████████████████████▌          | 482/600 [09:42<02:19,  1.18s/it]
AliNet:  80%|██████████████████████████████████████████▋          | 483/600 [09:43<02:17,  1.18s/it]
AliNet:  81%|██████████████████████████████████████████▊          | 484/600 [09:44<02:15,  1.17s/it]
AliNet:  81%|██████████████████████████████████████████▊          | 485/600 [09:45<02:14,  1.17s/it]
AliNet:  81%|██████████████████████████████████████████▉          | 486/600 [09:46<02:12,  1.16s/it]
AliNet:  81%|███████████████████████████████████████████          | 487/600 [09:48<02:11,  1.16s/it]
AliNet:  81%|███████████████████████████████████████████          | 488/600 [09:49<02:10,  1.16s/it]
AliNet:  82%|███████████████████████████████████████████▏         | 489/600 [09:50<02:08,  1.16s/it]
AliNet:  82%|███████████████████████████████████████████▎         | 490/600 [09:51<02:07,  1.16s/it]
AliNet:  82%|███████████████████████████████████████████▎         | 491/600 [09:52<02:06,  1.16s/it]
AliNet:  82%|███████████████████████████████████████████▍         | 492/600 [09:53<02:05,  1.16s/it]
AliNet:  82%|███████████████████████████████████████████▌         | 493/600 [09:55<02:04,  1.16s/it]
AliNet:  82%|███████████████████████████████████████████▋         | 494/600 [09:56<02:02,  1.16s/it]
AliNet:  82%|███████████████████████████████████████████▋         | 495/600 [09:57<02:01,  1.16s/it]
AliNet:  83%|███████████████████████████████████████████▊         | 496/600 [09:58<02:00,  1.16s/it]
AliNet:  83%|███████████████████████████████████████████▉         | 497/600 [09:59<01:59,  1.16s/it]
AliNet:  83%|███████████████████████████████████████████▉         | 498/600 [10:00<01:58,  1.16s/it]
AliNet:  83%|████████████████████████████████████████████         | 499/600 [10:02<01:57,  1.16s/it]06:16:11 | INFO    | epoch  500/600 | loss=0.0388 align=0.0167 rel=0.0222
06:16:12 | INFO    |            [filtered] MRR=0.6182 Hit@1=0.5277 Hit@5=0.7275 Hit@10=0.7864 MR=44.6 n=18523
06:16:12 | INFO    |            [multiref] MRR=0.3661 Hit@1=0.2553 Hit@5=0.4673 Hit@10=0.6267 MR=28.8 n=1500

AliNet:  83%|████████████████████████████████████████████▏        | 500/600 [10:04<02:26,  1.46s/it]
AliNet:  84%|████████████████████████████████████████████▎        | 501/600 [10:05<02:15,  1.37s/it]
AliNet:  84%|████████████████████████████████████████████▎        | 502/600 [10:06<02:08,  1.31s/it]
AliNet:  84%|████████████████████████████████████████████▍        | 503/600 [10:07<02:02,  1.26s/it]
AliNet:  84%|████████████████████████████████████████████▌        | 504/600 [10:08<01:58,  1.23s/it]
AliNet:  84%|████████████████████████████████████████████▌        | 505/600 [10:09<01:54,  1.21s/it]
AliNet:  84%|████████████████████████████████████████████▋        | 506/600 [10:11<01:52,  1.19s/it]
AliNet:  84%|████████████████████████████████████████████▊        | 507/600 [10:12<01:50,  1.18s/it]
AliNet:  85%|████████████████████████████████████████████▊        | 508/600 [10:13<01:48,  1.18s/it]
AliNet:  85%|████████████████████████████████████████████▉        | 509/600 [10:14<01:46,  1.17s/it]
AliNet:  85%|█████████████████████████████████████████████        | 510/600 [10:15<01:45,  1.17s/it]
AliNet:  85%|█████████████████████████████████████████████▏       | 511/600 [10:16<01:43,  1.17s/it]
AliNet:  85%|█████████████████████████████████████████████▏       | 512/600 [10:18<01:42,  1.16s/it]
AliNet:  86%|█████████████████████████████████████████████▎       | 513/600 [10:19<01:41,  1.16s/it]
AliNet:  86%|█████████████████████████████████████████████▍       | 514/600 [10:20<01:39,  1.16s/it]
AliNet:  86%|█████████████████████████████████████████████▍       | 515/600 [10:21<01:38,  1.16s/it]
AliNet:  86%|█████████████████████████████████████████████▌       | 516/600 [10:22<01:37,  1.16s/it]
AliNet:  86%|█████████████████████████████████████████████▋       | 517/600 [10:23<01:36,  1.16s/it]
AliNet:  86%|█████████████████████████████████████████████▊       | 518/600 [10:25<01:35,  1.16s/it]
AliNet:  86%|█████████████████████████████████████████████▊       | 519/600 [10:26<01:33,  1.16s/it]
AliNet:  87%|█████████████████████████████████████████████▉       | 520/600 [10:27<01:32,  1.16s/it]
AliNet:  87%|██████████████████████████████████████████████       | 521/600 [10:28<01:31,  1.16s/it]
AliNet:  87%|██████████████████████████████████████████████       | 522/600 [10:29<01:30,  1.16s/it]
AliNet:  87%|██████████████████████████████████████████████▏      | 523/600 [10:30<01:29,  1.16s/it]
AliNet:  87%|██████████████████████████████████████████████▎      | 524/600 [10:31<01:28,  1.16s/it]06:16:41 | INFO    | epoch  525/600 | loss=0.0378 align=0.0165 rel=0.0213
06:16:42 | INFO    |            [filtered] MRR=0.6255 Hit@1=0.5352 Hit@5=0.7356 Hit@10=0.7880 MR=44.3 n=18523
06:16:42 | INFO    |            [multiref] MRR=0.3732 Hit@1=0.2607 Hit@5=0.4800 Hit@10=0.6340 MR=28.7 n=1500
06:16:42 | INFO    |            -> new best filtered MRR=0.6255 (saved model_best.pt)

AliNet:  88%|██████████████████████████████████████████████▍      | 525/600 [10:34<01:54,  1.53s/it]
AliNet:  88%|██████████████████████████████████████████████▍      | 526/600 [10:35<01:44,  1.42s/it]
AliNet:  88%|██████████████████████████████████████████████▌      | 527/600 [10:36<01:37,  1.34s/it]
AliNet:  88%|██████████████████████████████████████████████▋      | 528/600 [10:37<01:32,  1.29s/it]
AliNet:  88%|██████████████████████████████████████████████▋      | 529/600 [10:39<01:28,  1.25s/it]
AliNet:  88%|██████████████████████████████████████████████▊      | 530/600 [10:40<01:25,  1.22s/it]
AliNet:  88%|██████████████████████████████████████████████▉      | 531/600 [10:41<01:22,  1.20s/it]
AliNet:  89%|██████████████████████████████████████████████▉      | 532/600 [10:42<01:20,  1.19s/it]
AliNet:  89%|███████████████████████████████████████████████      | 533/600 [10:43<01:19,  1.18s/it]
AliNet:  89%|███████████████████████████████████████████████▏     | 534/600 [10:44<01:17,  1.17s/it]
AliNet:  89%|███████████████████████████████████████████████▎     | 535/600 [10:45<01:16,  1.17s/it]
AliNet:  89%|███████████████████████████████████████████████▎     | 536/600 [10:47<01:14,  1.17s/it]
AliNet:  90%|███████████████████████████████████████████████▍     | 537/600 [10:48<01:13,  1.16s/it]
AliNet:  90%|███████████████████████████████████████████████▌     | 538/600 [10:49<01:12,  1.16s/it]
AliNet:  90%|███████████████████████████████████████████████▌     | 539/600 [10:50<01:10,  1.16s/it]
AliNet:  90%|███████████████████████████████████████████████▋     | 540/600 [10:51<01:09,  1.16s/it]
AliNet:  90%|███████████████████████████████████████████████▊     | 541/600 [10:52<01:08,  1.16s/it]
AliNet:  90%|███████████████████████████████████████████████▉     | 542/600 [10:54<01:07,  1.16s/it]
AliNet:  90%|███████████████████████████████████████████████▉     | 543/600 [10:55<01:06,  1.16s/it]
AliNet:  91%|████████████████████████████████████████████████     | 544/600 [10:56<01:04,  1.16s/it]
AliNet:  91%|████████████████████████████████████████████████▏    | 545/600 [10:57<01:03,  1.16s/it]
AliNet:  91%|████████████████████████████████████████████████▏    | 546/600 [10:58<01:02,  1.16s/it]
AliNet:  91%|████████████████████████████████████████████████▎    | 547/600 [10:59<01:01,  1.16s/it]
AliNet:  91%|████████████████████████████████████████████████▍    | 548/600 [11:01<01:00,  1.16s/it]
AliNet:  92%|████████████████████████████████████████████████▍    | 549/600 [11:02<00:59,  1.16s/it]06:17:11 | INFO    | epoch  550/600 | loss=0.0388 align=0.0165 rel=0.0223
06:17:12 | INFO    |            [filtered] MRR=0.6246 Hit@1=0.5334 Hit@5=0.7391 Hit@10=0.7868 MR=43.4 n=18523
06:17:12 | INFO    |            [multiref] MRR=0.3685 Hit@1=0.2547 Hit@5=0.4820 Hit@10=0.6273 MR=28.2 n=1500

AliNet:  92%|████████████████████████████████████████████████▌    | 550/600 [11:04<01:13,  1.47s/it]
AliNet:  92%|████████████████████████████████████████████████▋    | 551/600 [11:05<01:07,  1.37s/it]
AliNet:  92%|████████████████████████████████████████████████▊    | 552/600 [11:06<01:02,  1.31s/it]
AliNet:  92%|████████████████████████████████████████████████▊    | 553/600 [11:07<00:59,  1.26s/it]
AliNet:  92%|████████████████████████████████████████████████▉    | 554/600 [11:09<00:56,  1.23s/it]
AliNet:  92%|█████████████████████████████████████████████████    | 555/600 [11:10<00:54,  1.21s/it]
AliNet:  93%|█████████████████████████████████████████████████    | 556/600 [11:11<00:52,  1.20s/it]
AliNet:  93%|█████████████████████████████████████████████████▏   | 557/600 [11:12<00:50,  1.18s/it]
AliNet:  93%|█████████████████████████████████████████████████▎   | 558/600 [11:13<00:49,  1.18s/it]
AliNet:  93%|█████████████████████████████████████████████████▍   | 559/600 [11:14<00:48,  1.17s/it]
AliNet:  93%|█████████████████████████████████████████████████▍   | 560/600 [11:15<00:46,  1.17s/it]
AliNet:  94%|█████████████████████████████████████████████████▌   | 561/600 [11:17<00:45,  1.16s/it]
AliNet:  94%|█████████████████████████████████████████████████▋   | 562/600 [11:18<00:44,  1.16s/it]
AliNet:  94%|█████████████████████████████████████████████████▋   | 563/600 [11:19<00:42,  1.16s/it]
AliNet:  94%|█████████████████████████████████████████████████▊   | 564/600 [11:20<00:41,  1.16s/it]
AliNet:  94%|█████████████████████████████████████████████████▉   | 565/600 [11:21<00:40,  1.16s/it]
AliNet:  94%|█████████████████████████████████████████████████▉   | 566/600 [11:22<00:39,  1.16s/it]
AliNet:  94%|██████████████████████████████████████████████████   | 567/600 [11:24<00:38,  1.16s/it]
AliNet:  95%|██████████████████████████████████████████████████▏  | 568/600 [11:25<00:37,  1.16s/it]
AliNet:  95%|██████████████████████████████████████████████████▎  | 569/600 [11:26<00:35,  1.16s/it]
AliNet:  95%|██████████████████████████████████████████████████▎  | 570/600 [11:27<00:34,  1.16s/it]
AliNet:  95%|██████████████████████████████████████████████████▍  | 571/600 [11:28<00:33,  1.16s/it]
AliNet:  95%|██████████████████████████████████████████████████▌  | 572/600 [11:29<00:32,  1.16s/it]
AliNet:  96%|██████████████████████████████████████████████████▌  | 573/600 [11:31<00:31,  1.16s/it]
AliNet:  96%|██████████████████████████████████████████████████▋  | 574/600 [11:32<00:30,  1.16s/it]06:17:41 | INFO    | epoch  575/600 | loss=0.0379 align=0.0165 rel=0.0214
06:17:42 | INFO    |            [filtered] MRR=0.6267 Hit@1=0.5371 Hit@5=0.7401 Hit@10=0.7857 MR=42.2 n=18523
06:17:42 | INFO    |            [multiref] MRR=0.3690 Hit@1=0.2560 Hit@5=0.4780 Hit@10=0.6267 MR=28.2 n=1500
06:17:43 | INFO    |            -> new best filtered MRR=0.6267 (saved model_best.pt)

AliNet:  96%|██████████████████████████████████████████████████▊  | 575/600 [11:34<00:38,  1.54s/it]
AliNet:  96%|██████████████████████████████████████████████████▉  | 576/600 [11:35<00:34,  1.42s/it]
AliNet:  96%|██████████████████████████████████████████████████▉  | 577/600 [11:36<00:30,  1.34s/it]
AliNet:  96%|███████████████████████████████████████████████████  | 578/600 [11:38<00:28,  1.29s/it]
AliNet:  96%|███████████████████████████████████████████████████▏ | 579/600 [11:39<00:26,  1.25s/it]
AliNet:  97%|███████████████████████████████████████████████████▏ | 580/600 [11:40<00:24,  1.22s/it]
AliNet:  97%|███████████████████████████████████████████████████▎ | 581/600 [11:41<00:22,  1.20s/it]
AliNet:  97%|███████████████████████████████████████████████████▍ | 582/600 [11:42<00:21,  1.19s/it]
AliNet:  97%|███████████████████████████████████████████████████▍ | 583/600 [11:43<00:20,  1.18s/it]
AliNet:  97%|███████████████████████████████████████████████████▌ | 584/600 [11:45<00:18,  1.17s/it]
AliNet:  98%|███████████████████████████████████████████████████▋ | 585/600 [11:46<00:17,  1.17s/it]
AliNet:  98%|███████████████████████████████████████████████████▊ | 586/600 [11:47<00:16,  1.17s/it]
AliNet:  98%|███████████████████████████████████████████████████▊ | 587/600 [11:48<00:15,  1.16s/it]
AliNet:  98%|███████████████████████████████████████████████████▉ | 588/600 [11:49<00:13,  1.16s/it]
AliNet:  98%|████████████████████████████████████████████████████ | 589/600 [11:50<00:12,  1.16s/it]
AliNet:  98%|████████████████████████████████████████████████████ | 590/600 [11:51<00:11,  1.16s/it]
AliNet:  98%|████████████████████████████████████████████████████▏| 591/600 [11:53<00:10,  1.16s/it]
AliNet:  99%|████████████████████████████████████████████████████▎| 592/600 [11:54<00:09,  1.16s/it]
AliNet:  99%|████████████████████████████████████████████████████▍| 593/600 [11:55<00:08,  1.16s/it]
AliNet:  99%|████████████████████████████████████████████████████▍| 594/600 [11:56<00:06,  1.16s/it]
AliNet:  99%|████████████████████████████████████████████████████▌| 595/600 [11:57<00:05,  1.16s/it]
AliNet:  99%|████████████████████████████████████████████████████▋| 596/600 [11:58<00:04,  1.16s/it]
AliNet: 100%|████████████████████████████████████████████████████▋| 597/600 [12:00<00:03,  1.16s/it]
AliNet: 100%|████████████████████████████████████████████████████▊| 598/600 [12:01<00:02,  1.16s/it]
AliNet: 100%|████████████████████████████████████████████████████▉| 599/600 [12:02<00:01,  1.16s/it]06:18:11 | INFO    | epoch  600/600 | loss=0.0376 align=0.0164 rel=0.0213
06:18:12 | INFO    |            [filtered] MRR=0.6197 Hit@1=0.5273 Hit@5=0.7414 Hit@10=0.7860 MR=42.2 n=18523
06:18:12 | INFO    |            [multiref] MRR=0.3668 Hit@1=0.2540 Hit@5=0.4700 Hit@10=0.6227 MR=30.5 n=1500

AliNet: 100%|█████████████████████████████████████████████████████| 600/600 [12:04<00:00,  1.46s/it]
AliNet: 100%|█████████████████████████████████████████████████████| 600/600 [12:04<00:00,  1.21s/it]
06:18:13 | INFO    | Done in 12.1 min. Best filtered MRR=0.6267 @ epoch 575.
06:18:13 | INFO    | Final evaluation on the test split, read once
06:18:24 | INFO    |   [cosine] filtMRR=0.5434 H@1=0.4520 H@10=0.6990 n=264830 | mrefMRR=0.8824 H@1=0.8310
06:18:34 | INFO    |   [  csls] filtMRR=0.5326 H@1=0.4395 H@10=0.6940 n=264830 | mrefMRR=0.8730 H@1=0.8127
06:18:40 | INFO    |   [cosine] F1=0.7357 P=0.7461 R=0.7257 (threshold 0.995 from validation, validation F1=0.4731)
06:18:40 | INFO    | Wrote experiments/alinet_related_20260929-060604/result.json
06:18:40 | INFO    | Finished. Best validation MRR=0.6267 @ epoch 575.
