06:12:54 | INFO    | Model: bootea | seed 2026 | device: cuda:0
06:12:55 | INFO    | Regime related | graph: 84,182 nodes, 131,238 triples, 50,435 UCPGx candidates
06:12:55 | INFO    |   broadMatch/pgx   train=  3,744 test=  8,599 (70%) queries= 6,866 by cluster    leakage=0.00%
06:12:55 | INFO    |   closeMatch       train=  2,738 test=  6,296 (70%) queries= 1,490 by cluster    leakage=0.00%
06:12:55 | INFO    |   sameAs           train= 19,942 test= 46,531 (70%) queries=10,883 by cluster    leakage=0.00%
06:12:55 | INFO    |   broadMatch/onco  train= 25,039 test= 47,737 (66%) queries= 2,032 intra-cluster leakage=0.00%
06:12:55 | INFO    |   relatedMatch     train=  2,801 test=  6,289 (69%) queries=   812 intra-cluster leakage=0.00%
06:12:55 | INFO    |   related          train=471,647 test=762,046 (62%) queries=16,977 intra-cluster leakage=0.00%
06:12:55 | INFO    | Data: {'num_entities': 84182, 'num_relations': 13, 'triples': 131238, 'train_pairs': 353735, 'val_pairs': 117912, 'candidates': 50435, 'unlabeled_pool': 27270}
06:12:59 | INFO    | Params: 25.26M
06:12:59 | INFO    | Run directory: experiments/bootea_related_20260929-061254
06:12:59 | INFO    | BootEA | device=cuda:0 | {'num_entities': 84182, 'num_relations': 13, 'triples': 131238, 'train_pairs': 353735, 'val_pairs': 117912, 'candidates': 50435, 'unlabeled_pool': 27270} triples(+swap)=2230807

BootEA:   0%|                                                               | 0/200 [00:00<?, ?it/s]
BootEA:   0%|▎                                                      | 1/200 [00:03<10:30,  3.17s/it]
BootEA:   1%|▌                                                      | 2/200 [00:06<10:04,  3.05s/it]
BootEA:   2%|▊                                                      | 3/200 [00:09<09:53,  3.01s/it]
BootEA:   2%|█                                                      | 4/200 [00:12<09:47,  3.00s/it]
BootEA:   2%|█▍                                                     | 5/200 [00:15<09:42,  2.99s/it]
BootEA:   3%|█▋                                                     | 6/200 [00:18<09:38,  2.98s/it]
BootEA:   4%|█▉                                                     | 7/200 [00:20<09:34,  2.98s/it]
BootEA:   4%|██▏                                                    | 8/200 [00:23<09:31,  2.98s/it]
BootEA:   4%|██▍                                                    | 9/200 [00:26<09:28,  2.97s/it]
BootEA:   5%|██▋                                                   | 10/200 [00:29<09:24,  2.97s/it]
BootEA:   6%|██▉                                                   | 11/200 [00:32<09:21,  2.97s/it]
BootEA:   6%|███▏                                                  | 12/200 [00:35<09:18,  2.97s/it]
BootEA:   6%|███▌                                                  | 13/200 [00:38<09:15,  2.97s/it]
BootEA:   7%|███▊                                                  | 14/200 [00:41<09:12,  2.97s/it]
BootEA:   8%|████                                                  | 15/200 [00:44<09:10,  2.97s/it]
BootEA:   8%|████▎                                                 | 16/200 [00:47<09:07,  2.97s/it]
BootEA:   8%|████▌                                                 | 17/200 [00:50<09:04,  2.97s/it]
BootEA:   9%|████▊                                                 | 18/200 [00:53<09:01,  2.97s/it]
BootEA:  10%|█████▏                                                | 19/200 [00:56<08:58,  2.97s/it]06:13:58 | INFO    | epoch   20/200 | loss=1822.8435 kge=1821.9794 align=0.0864 pseudo=0.0000 | eps-trunc refreshed
06:13:59 | INFO    |            [filtered] MRR=0.6338 Hit@1=0.5259 Hit@5=0.7567 Hit@10=0.7975 MR=138.3 n=18523
06:13:59 | INFO    |            [multiref] MRR=0.3634 Hit@1=0.2513 Hit@5=0.4627 Hit@10=0.6133 MR=196.0 n=1500
06:14:00 | INFO    |            -> new best multiref MRR=0.3634 (saved model_best.pt)

BootEA:  10%|█████▍                                                | 20/200 [01:01<10:20,  3.45s/it]
BootEA:  10%|█████▋                                                | 21/200 [01:04<09:51,  3.31s/it]
BootEA:  11%|█████▉                                                | 22/200 [01:07<09:30,  3.21s/it]
BootEA:  12%|██████▏                                               | 23/200 [01:10<09:15,  3.14s/it]
BootEA:  12%|██████▍                                               | 24/200 [01:13<09:03,  3.09s/it]
BootEA:  12%|██████▊                                               | 25/200 [01:16<08:54,  3.06s/it]
BootEA:  13%|███████                                               | 26/200 [01:19<08:47,  3.03s/it]
BootEA:  14%|███████▎                                              | 27/200 [01:22<08:41,  3.02s/it]
BootEA:  14%|███████▌                                              | 28/200 [01:25<08:36,  3.00s/it]
BootEA:  14%|███████▊                                              | 29/200 [01:28<08:32,  3.00s/it]06:14:30 | INFO    | epoch   30/200 | loss=9895.2084 kge=9889.8741 align=0.5334 pseudo=0.0000 | eps-trunc refreshed | bootstrap: 2705 pseudo-pairs (beta=1.0)

BootEA:  15%|████████                                              | 30/200 [01:31<08:45,  3.09s/it]
BootEA:  16%|████████▎                                             | 31/200 [01:35<09:24,  3.34s/it]
BootEA:  16%|████████▋                                             | 32/200 [01:39<09:50,  3.52s/it]
BootEA:  16%|████████▉                                             | 33/200 [01:43<10:08,  3.64s/it]
BootEA:  17%|█████████▏                                            | 34/200 [01:47<10:18,  3.73s/it]06:14:50 | INFO    | epoch   35/200 | loss=9599.5815 kge=9593.7000 align=0.5357 pseudo=0.5248 | bootstrap: 3105 pseudo-pairs (beta=1.0)

BootEA:  18%|█████████▍                                            | 35/200 [01:51<10:28,  3.81s/it]
BootEA:  18%|█████████▋                                            | 36/200 [01:55<10:35,  3.88s/it]
BootEA:  18%|█████████▉                                            | 37/200 [01:59<10:39,  3.92s/it]
BootEA:  19%|██████████▎                                           | 38/200 [02:03<10:40,  3.95s/it]
BootEA:  20%|██████████▌                                           | 39/200 [02:07<10:39,  3.97s/it]06:15:10 | INFO    | epoch   40/200 | loss=9290.4492 kge=9284.9962 align=0.4944 pseudo=0.5091 | eps-trunc refreshed | bootstrap: 3718 pseudo-pairs (beta=1.0)
06:15:11 | INFO    |            [filtered] MRR=0.5848 Hit@1=0.4646 Hit@5=0.7266 Hit@10=0.7696 MR=649.7 n=18523
06:15:11 | INFO    |            [multiref] MRR=0.3752 Hit@1=0.2553 Hit@5=0.4833 Hit@10=0.6427 MR=474.4 n=1500
06:15:12 | INFO    |            -> new best multiref MRR=0.3752 (saved model_best.pt)

BootEA:  20%|██████████▊                                           | 40/200 [02:13<12:15,  4.60s/it]
BootEA:  20%|███████████                                           | 41/200 [02:17<11:50,  4.47s/it]
BootEA:  21%|███████████▎                                          | 42/200 [02:21<11:32,  4.38s/it]
BootEA:  22%|███████████▌                                          | 43/200 [02:25<11:17,  4.32s/it]
BootEA:  22%|███████████▉                                          | 44/200 [02:29<11:06,  4.27s/it]06:15:33 | INFO    | epoch   45/200 | loss=10212.3362 kge=10205.8904 align=0.5932 pseudo=0.5141 | bootstrap: 4436 pseudo-pairs (beta=1.0)

BootEA:  22%|████████████▏                                         | 45/200 [02:34<11:01,  4.27s/it]
BootEA:  23%|████████████▍                                         | 46/200 [02:37<10:37,  4.14s/it]
BootEA:  24%|████████████▋                                         | 47/200 [02:41<10:20,  4.06s/it]
BootEA:  24%|████████████▉                                         | 48/200 [02:45<10:07,  4.00s/it]
BootEA:  24%|█████████████▏                                        | 49/200 [02:49<09:56,  3.95s/it]06:15:52 | INFO    | epoch   50/200 | loss=10020.9968 kge=10014.2334 align=0.6238 pseudo=0.5253 | eps-trunc refreshed | bootstrap: 5022 pseudo-pairs (beta=1.0)

BootEA:  25%|█████████████▌                                        | 50/200 [02:53<10:03,  4.02s/it]
BootEA:  26%|█████████████▊                                        | 51/200 [02:57<09:53,  3.98s/it]
BootEA:  26%|██████████████                                        | 52/200 [03:01<09:45,  3.96s/it]
BootEA:  26%|██████████████▎                                       | 53/200 [03:05<09:38,  3.94s/it]
BootEA:  27%|██████████████▌                                       | 54/200 [03:09<09:33,  3.93s/it]06:16:12 | INFO    | epoch   55/200 | loss=9849.7848 kge=9843.4688 align=0.5790 pseudo=0.5257 | bootstrap: 5555 pseudo-pairs (beta=1.0)

BootEA:  28%|██████████████▊                                       | 55/200 [03:13<09:31,  3.94s/it]
BootEA:  28%|███████████████                                       | 56/200 [03:17<09:27,  3.94s/it]
BootEA:  28%|███████████████▍                                      | 57/200 [03:21<09:24,  3.94s/it]
BootEA:  29%|███████████████▋                                      | 58/200 [03:25<09:20,  3.95s/it]
BootEA:  30%|███████████████▉                                      | 59/200 [03:29<09:16,  3.95s/it]06:16:32 | INFO    | epoch   60/200 | loss=9679.3842 kge=9673.3263 align=0.5532 pseudo=0.5260 | eps-trunc refreshed | bootstrap: 5962 pseudo-pairs (beta=1.0)
06:16:33 | INFO    |            [filtered] MRR=0.6135 Hit@1=0.4923 Hit@5=0.7591 Hit@10=0.7973 MR=849.3 n=18523
06:16:33 | INFO    |            [multiref] MRR=0.3691 Hit@1=0.2533 Hit@5=0.4753 Hit@10=0.6327 MR=616.5 n=1500

BootEA:  30%|████████████████▏                                     | 60/200 [03:34<10:09,  4.35s/it]
BootEA:  30%|████████████████▍                                     | 61/200 [03:38<09:50,  4.25s/it]
BootEA:  31%|████████████████▋                                     | 62/200 [03:42<09:35,  4.17s/it]
BootEA:  32%|█████████████████                                     | 63/200 [03:46<09:24,  4.12s/it]
BootEA:  32%|█████████████████▎                                    | 64/200 [03:50<09:14,  4.08s/it]06:16:53 | INFO    | epoch   65/200 | loss=10116.4957 kge=10109.9143 align=0.6063 pseudo=0.5182 | bootstrap: 6239 pseudo-pairs (beta=1.0)

BootEA:  32%|█████████████████▌                                    | 65/200 [03:54<09:10,  4.08s/it]
BootEA:  33%|█████████████████▊                                    | 66/200 [03:58<09:04,  4.06s/it]
BootEA:  34%|██████████████████                                    | 67/200 [04:02<08:59,  4.05s/it]
BootEA:  34%|██████████████████▎                                   | 68/200 [04:06<08:54,  4.05s/it]
BootEA:  34%|██████████████████▋                                   | 69/200 [04:10<08:49,  4.04s/it]06:17:13 | INFO    | epoch   70/200 | loss=9995.6833 kge=9988.9387 align=0.6228 pseudo=0.5163 | eps-trunc refreshed | bootstrap: 6437 pseudo-pairs (beta=1.0)

BootEA:  35%|██████████████████▉                                   | 70/200 [04:14<08:57,  4.14s/it]
BootEA:  36%|███████████████████▏                                  | 71/200 [04:18<08:50,  4.11s/it]
BootEA:  36%|███████████████████▍                                  | 72/200 [04:22<08:43,  4.09s/it]
BootEA:  36%|███████████████████▋                                  | 73/200 [04:27<08:38,  4.08s/it]
BootEA:  37%|███████████████████▉                                  | 74/200 [04:31<08:32,  4.07s/it]06:17:34 | INFO    | epoch   75/200 | loss=9916.1510 kge=9909.6310 align=0.6015 pseudo=0.5053 | bootstrap: 6631 pseudo-pairs (beta=1.0)

BootEA:  38%|████████████████████▎                                 | 75/200 [04:35<08:30,  4.09s/it]
BootEA:  38%|████████████████████▌                                 | 76/200 [04:39<08:26,  4.08s/it]
BootEA:  38%|████████████████████▊                                 | 77/200 [04:43<08:21,  4.08s/it]
BootEA:  39%|█████████████████████                                 | 78/200 [04:47<08:17,  4.08s/it]
BootEA:  40%|█████████████████████▎                                | 79/200 [04:51<08:13,  4.08s/it]06:17:54 | INFO    | epoch   80/200 | loss=9798.0917 kge=9791.6820 align=0.5911 pseudo=0.4988 | eps-trunc refreshed | bootstrap: 6796 pseudo-pairs (beta=1.0)
06:17:55 | INFO    |            [filtered] MRR=0.6143 Hit@1=0.4931 Hit@5=0.7600 Hit@10=0.8007 MR=968.1 n=18523
06:17:55 | INFO    |            [multiref] MRR=0.3784 Hit@1=0.2633 Hit@5=0.4900 Hit@10=0.6480 MR=677.0 n=1500
06:17:56 | INFO    |            -> new best multiref MRR=0.3784 (saved model_best.pt)

BootEA:  40%|█████████████████████▌                                | 80/200 [04:57<09:06,  4.55s/it]
BootEA:  40%|█████████████████████▊                                | 81/200 [05:01<08:45,  4.41s/it]
BootEA:  41%|██████████████████████▏                               | 82/200 [05:05<08:29,  4.32s/it]
BootEA:  42%|██████████████████████▍                               | 83/200 [05:09<08:17,  4.25s/it]
BootEA:  42%|██████████████████████▋                               | 84/200 [05:13<08:07,  4.20s/it]06:18:16 | INFO    | epoch   85/200 | loss=10050.7135 kge=10044.1069 align=0.6116 pseudo=0.4909 | bootstrap: 6879 pseudo-pairs (beta=1.0)

BootEA:  42%|██████████████████████▉                               | 85/200 [05:17<08:01,  4.19s/it]
BootEA:  43%|███████████████████████▏                              | 86/200 [05:21<07:54,  4.16s/it]
BootEA:  44%|███████████████████████▍                              | 87/200 [05:25<07:47,  4.14s/it]
BootEA:  44%|███████████████████████▊                              | 88/200 [05:29<07:41,  4.12s/it]
BootEA:  44%|████████████████████████                              | 89/200 [05:34<07:36,  4.11s/it]06:18:37 | INFO    | epoch   90/200 | loss=9957.1287 kge=9950.4469 align=0.6198 pseudo=0.4836 | eps-trunc refreshed | bootstrap: 6961 pseudo-pairs (beta=1.0)

BootEA:  45%|████████████████████████▎                             | 90/200 [05:38<07:43,  4.21s/it]
BootEA:  46%|████████████████████████▌                             | 91/200 [05:42<07:35,  4.18s/it]
BootEA:  46%|████████████████████████▊                             | 92/200 [05:46<07:28,  4.15s/it]
BootEA:  46%|█████████████████████████                             | 93/200 [05:50<07:22,  4.14s/it]
BootEA:  47%|█████████████████████████▍                            | 94/200 [05:54<07:17,  4.13s/it]06:18:58 | INFO    | epoch   95/200 | loss=9810.7210 kge=9804.1972 align=0.6049 pseudo=0.4745 | bootstrap: 7028 pseudo-pairs (beta=1.0)

BootEA:  48%|█████████████████████████▋                            | 95/200 [05:59<07:14,  4.14s/it]
BootEA:  48%|█████████████████████████▉                            | 96/200 [06:03<07:09,  4.13s/it]
BootEA:  48%|██████████████████████████▏                           | 97/200 [06:07<07:04,  4.12s/it]
BootEA:  49%|██████████████████████████▍                           | 98/200 [06:11<06:59,  4.11s/it]
BootEA:  50%|██████████████████████████▋                           | 99/200 [06:15<06:55,  4.11s/it]06:19:18 | INFO    | epoch  100/200 | loss=9720.6099 kge=9714.1795 align=0.5964 pseudo=0.4659 | eps-trunc refreshed | bootstrap: 7098 pseudo-pairs (beta=1.0)
06:19:19 | INFO    |            [filtered] MRR=0.6108 Hit@1=0.4858 Hit@5=0.7596 Hit@10=0.7999 MR=1033.2 n=18523
06:19:19 | INFO    |            [multiref] MRR=0.3759 Hit@1=0.2600 Hit@5=0.4760 Hit@10=0.6447 MR=693.1 n=1500

BootEA:  50%|██████████████████████████▌                          | 100/200 [06:20<07:32,  4.52s/it]
BootEA:  50%|██████████████████████████▊                          | 101/200 [06:25<07:15,  4.40s/it]
BootEA:  51%|███████████████████████████                          | 102/200 [06:29<07:02,  4.31s/it]
BootEA:  52%|███████████████████████████▎                         | 103/200 [06:33<06:52,  4.26s/it]
BootEA:  52%|███████████████████████████▌                         | 104/200 [06:37<06:44,  4.22s/it]06:19:40 | INFO    | epoch  105/200 | loss=9973.0261 kge=9966.4711 align=0.6096 pseudo=0.4592 | bootstrap: 7132 pseudo-pairs (beta=1.0)

BootEA:  52%|███████████████████████████▊                         | 105/200 [06:41<06:40,  4.21s/it]
BootEA:  53%|████████████████████████████                         | 106/200 [06:45<06:33,  4.19s/it]
BootEA:  54%|████████████████████████████▎                        | 107/200 [06:49<06:27,  4.17s/it]
BootEA:  54%|████████████████████████████▌                        | 108/200 [06:53<06:21,  4.15s/it]
BootEA:  55%|████████████████████████████▉                        | 109/200 [06:58<06:16,  4.14s/it]06:20:01 | INFO    | epoch  110/200 | loss=9892.0628 kge=9885.4629 align=0.6148 pseudo=0.4522 | eps-trunc refreshed | bootstrap: 7156 pseudo-pairs (beta=1.0)

BootEA:  55%|█████████████████████████████▏                       | 110/200 [07:02<06:21,  4.24s/it]
BootEA:  56%|█████████████████████████████▍                       | 111/200 [07:06<06:14,  4.21s/it]
BootEA:  56%|█████████████████████████████▋                       | 112/200 [07:10<06:08,  4.18s/it]
BootEA:  56%|█████████████████████████████▉                       | 113/200 [07:14<06:02,  4.17s/it]
BootEA:  57%|██████████████████████████████▏                      | 114/200 [07:19<05:57,  4.16s/it]06:20:22 | INFO    | epoch  115/200 | loss=9883.1897 kge=9876.6847 align=0.6061 pseudo=0.4440 | bootstrap: 7191 pseudo-pairs (beta=1.0)

BootEA:  57%|██████████████████████████████▍                      | 115/200 [07:23<05:54,  4.17s/it]
BootEA:  58%|██████████████████████████████▋                      | 116/200 [07:27<05:49,  4.16s/it]
BootEA:  58%|███████████████████████████████                      | 117/200 [07:31<05:44,  4.15s/it]
BootEA:  59%|███████████████████████████████▎                     | 118/200 [07:35<05:39,  4.14s/it]
BootEA:  60%|███████████████████████████████▌                     | 119/200 [07:39<05:35,  4.14s/it]06:20:43 | INFO    | epoch  120/200 | loss=9799.6274 kge=9793.1753 align=0.6015 pseudo=0.4376 | eps-trunc refreshed | bootstrap: 7215 pseudo-pairs (beta=1.0)
06:20:44 | INFO    |            [filtered] MRR=0.6091 Hit@1=0.4848 Hit@5=0.7574 Hit@10=0.7996 MR=1083.8 n=18523
06:20:44 | INFO    |            [multiref] MRR=0.3781 Hit@1=0.2627 Hit@5=0.4787 Hit@10=0.6560 MR=705.0 n=1500

BootEA:  60%|███████████████████████████████▊                     | 120/200 [07:45<06:03,  4.54s/it]
BootEA:  60%|████████████████████████████████                     | 121/200 [07:49<05:49,  4.42s/it]
BootEA:  61%|████████████████████████████████▎                    | 122/200 [07:53<05:37,  4.33s/it]
BootEA:  62%|████████████████████████████████▌                    | 123/200 [07:57<05:28,  4.27s/it]
BootEA:  62%|████████████████████████████████▊                    | 124/200 [08:01<05:21,  4.23s/it]06:21:05 | INFO    | epoch  125/200 | loss=9963.9151 kge=9957.3874 align=0.6097 pseudo=0.4308 | bootstrap: 7238 pseudo-pairs (beta=1.0)

BootEA:  62%|█████████████████████████████████▏                   | 125/200 [08:06<05:16,  4.22s/it]
BootEA:  63%|█████████████████████████████████▍                   | 126/200 [08:10<05:10,  4.20s/it]
BootEA:  64%|█████████████████████████████████▋                   | 127/200 [08:14<05:05,  4.18s/it]
BootEA:  64%|█████████████████████████████████▉                   | 128/200 [08:18<05:00,  4.17s/it]
BootEA:  64%|██████████████████████████████████▏                  | 129/200 [08:22<04:55,  4.16s/it]06:21:26 | INFO    | epoch  130/200 | loss=9890.3422 kge=9883.7867 align=0.6130 pseudo=0.4257 | eps-trunc refreshed | bootstrap: 7250 pseudo-pairs (beta=1.0)

BootEA:  65%|██████████████████████████████████▍                  | 130/200 [08:27<04:58,  4.26s/it]
BootEA:  66%|██████████████████████████████████▋                  | 131/200 [08:31<04:51,  4.23s/it]
BootEA:  66%|██████████████████████████████████▉                  | 132/200 [08:35<04:45,  4.20s/it]
BootEA:  66%|███████████████████████████████████▏                 | 133/200 [08:39<04:40,  4.19s/it]
BootEA:  67%|███████████████████████████████████▌                 | 134/200 [08:43<04:35,  4.17s/it]06:21:46 | INFO    | epoch  135/200 | loss=9958.7467 kge=9952.2492 align=0.6079 pseudo=0.4182 | bootstrap: 7260 pseudo-pairs (beta=1.0)

BootEA:  68%|███████████████████████████████████▊                 | 135/200 [08:47<04:32,  4.19s/it]
BootEA:  68%|████████████████████████████████████                 | 136/200 [08:52<04:27,  4.18s/it]
BootEA:  68%|████████████████████████████████████▎                | 137/200 [08:56<04:22,  4.17s/it]
BootEA:  69%|████████████████████████████████████▌                | 138/200 [09:00<04:17,  4.16s/it]
BootEA:  70%|████████████████████████████████████▊                | 139/200 [09:04<04:13,  4.15s/it]06:22:08 | INFO    | epoch  140/200 | loss=9889.0219 kge=9882.5484 align=0.6060 pseudo=0.4134 | eps-trunc refreshed | bootstrap: 7283 pseudo-pairs (beta=1.0)
06:22:08 | INFO    |            [filtered] MRR=0.6072 Hit@1=0.4820 Hit@5=0.7569 Hit@10=0.7996 MR=1100.5 n=18523
06:22:08 | INFO    |            [multiref] MRR=0.3731 Hit@1=0.2553 Hit@5=0.4860 Hit@10=0.6627 MR=718.7 n=1500

BootEA:  70%|█████████████████████████████████████                | 140/200 [09:09<04:33,  4.56s/it]
BootEA:  70%|█████████████████████████████████████▎               | 141/200 [09:14<04:21,  4.44s/it]
BootEA:  71%|█████████████████████████████████████▋               | 142/200 [09:18<04:12,  4.35s/it]
BootEA:  72%|█████████████████████████████████████▉               | 143/200 [09:22<04:04,  4.29s/it]
BootEA:  72%|██████████████████████████████████████▏              | 144/200 [09:26<03:58,  4.25s/it]06:22:29 | INFO    | epoch  145/200 | loss=9947.6886 kge=9941.1763 align=0.6105 pseudo=0.4073 | bootstrap: 7287 pseudo-pairs (beta=1.0)

BootEA:  72%|██████████████████████████████████████▍              | 145/200 [09:30<03:53,  4.24s/it]
BootEA:  73%|██████████████████████████████████████▋              | 146/200 [09:34<03:47,  4.22s/it]
BootEA:  74%|██████████████████████████████████████▉              | 147/200 [09:39<03:42,  4.20s/it]
BootEA:  74%|███████████████████████████████████████▏             | 148/200 [09:43<03:37,  4.18s/it]
BootEA:  74%|███████████████████████████████████████▍             | 149/200 [09:47<03:32,  4.17s/it]06:22:50 | INFO    | epoch  150/200 | loss=9877.4194 kge=9870.8861 align=0.6131 pseudo=0.4021 | eps-trunc refreshed | bootstrap: 7296 pseudo-pairs (beta=1.0)

BootEA:  75%|███████████████████████████████████████▊             | 150/200 [09:51<03:33,  4.27s/it]
BootEA:  76%|████████████████████████████████████████             | 151/200 [09:56<03:27,  4.24s/it]
BootEA:  76%|████████████████████████████████████████▎            | 152/200 [10:00<03:22,  4.22s/it]
BootEA:  76%|████████████████████████████████████████▌            | 153/200 [10:04<03:17,  4.20s/it]
BootEA:  77%|████████████████████████████████████████▊            | 154/200 [10:08<03:12,  4.19s/it]06:23:11 | INFO    | epoch  155/200 | loss=9960.2686 kge=9953.7914 align=0.6081 pseudo=0.3966 | bootstrap: 7301 pseudo-pairs (beta=1.0)

BootEA:  78%|█████████████████████████████████████████            | 155/200 [10:12<03:09,  4.20s/it]
BootEA:  78%|█████████████████████████████████████████▎           | 156/200 [10:16<03:04,  4.19s/it]
BootEA:  78%|█████████████████████████████████████████▌           | 157/200 [10:21<02:59,  4.18s/it]
BootEA:  79%|█████████████████████████████████████████▊           | 158/200 [10:25<02:55,  4.17s/it]
BootEA:  80%|██████████████████████████████████████████▏          | 159/200 [10:29<02:50,  4.17s/it]06:23:32 | INFO    | epoch  160/200 | loss=9895.2225 kge=9888.7655 align=0.6064 pseudo=0.3935 | eps-trunc refreshed | bootstrap: 7309 pseudo-pairs (beta=1.0)
06:23:33 | INFO    |            [filtered] MRR=0.6079 Hit@1=0.4842 Hit@5=0.7566 Hit@10=0.8002 MR=1118.5 n=18523
06:23:33 | INFO    |            [multiref] MRR=0.3682 Hit@1=0.2513 Hit@5=0.4820 Hit@10=0.6547 MR=716.6 n=1500

BootEA:  80%|██████████████████████████████████████████▍          | 160/200 [10:34<03:02,  4.57s/it]
BootEA:  80%|██████████████████████████████████████████▋          | 161/200 [10:39<02:53,  4.45s/it]
BootEA:  81%|██████████████████████████████████████████▉          | 162/200 [10:43<02:45,  4.36s/it]
BootEA:  82%|███████████████████████████████████████████▏         | 163/200 [10:47<02:38,  4.30s/it]
BootEA:  82%|███████████████████████████████████████████▍         | 164/200 [10:51<02:33,  4.25s/it]06:23:54 | INFO    | epoch  165/200 | loss=9964.8996 kge=9958.4083 align=0.6104 pseudo=0.3877 | bootstrap: 7311 pseudo-pairs (beta=1.0)

BootEA:  82%|███████████████████████████████████████████▋         | 165/200 [10:55<02:28,  4.25s/it]
BootEA:  83%|███████████████████████████████████████████▉         | 166/200 [10:59<02:23,  4.22s/it]
BootEA:  84%|████████████████████████████████████████████▎        | 167/200 [11:04<02:18,  4.20s/it]
BootEA:  84%|████████████████████████████████████████████▌        | 168/200 [11:08<02:14,  4.19s/it]
BootEA:  84%|████████████████████████████████████████████▊        | 169/200 [11:12<02:09,  4.18s/it]06:24:15 | INFO    | epoch  170/200 | loss=9901.9361 kge=9895.4270 align=0.6126 pseudo=0.3835 | eps-trunc refreshed | bootstrap: 7322 pseudo-pairs (beta=1.0)

BootEA:  85%|█████████████████████████████████████████████        | 170/200 [11:16<02:08,  4.27s/it]
BootEA:  86%|█████████████████████████████████████████████▎       | 171/200 [11:21<02:02,  4.24s/it]
BootEA:  86%|█████████████████████████████████████████████▌       | 172/200 [11:25<01:57,  4.21s/it]
BootEA:  86%|█████████████████████████████████████████████▊       | 173/200 [11:29<01:53,  4.20s/it]
BootEA:  87%|██████████████████████████████████████████████       | 174/200 [11:33<01:48,  4.18s/it]06:24:36 | INFO    | epoch  175/200 | loss=9966.6040 kge=9960.1388 align=0.6087 pseudo=0.3782 | bootstrap: 7332 pseudo-pairs (beta=1.0)

BootEA:  88%|██████████████████████████████████████████████▍      | 175/200 [11:37<01:44,  4.20s/it]
BootEA:  88%|██████████████████████████████████████████████▋      | 176/200 [11:41<01:40,  4.19s/it]
BootEA:  88%|██████████████████████████████████████████████▉      | 177/200 [11:46<01:36,  4.18s/it]
BootEA:  89%|███████████████████████████████████████████████▏     | 178/200 [11:50<01:31,  4.17s/it]
BootEA:  90%|███████████████████████████████████████████████▍     | 179/200 [11:54<01:27,  4.17s/it]06:24:57 | INFO    | epoch  180/200 | loss=9907.2240 kge=9900.7627 align=0.6087 pseudo=0.3746 | eps-trunc refreshed | bootstrap: 7339 pseudo-pairs (beta=1.0)
06:24:58 | INFO    |            [filtered] MRR=0.6063 Hit@1=0.4808 Hit@5=0.7546 Hit@10=0.7983 MR=1138.2 n=18523
06:24:58 | INFO    |            [multiref] MRR=0.3683 Hit@1=0.2487 Hit@5=0.4893 Hit@10=0.6527 MR=732.4 n=1500
06:24:58 | INFO    |            early stop (best=0.3784 @ 80).

BootEA:  90%|███████████████████████████████████████████████▍     | 179/200 [11:59<01:24,  4.02s/it]
06:24:59 | INFO    | Done in 12.0 min. Best multiref MRR=0.3784 @ epoch 80.
06:24:59 | INFO    | Final evaluation on the test split, read once
06:25:09 | INFO    |   [cosine] filtMRR=0.5893 H@1=0.4656 H@10=0.7800 n=264830 | mrefMRR=0.8647 H@1=0.7927
06:25:19 | INFO    |   [  csls] filtMRR=0.5150 H@1=0.3956 H@10=0.7085 n=264830 | mrefMRR=0.8586 H@1=0.7843
06:25:25 | INFO    |   [cosine] F1=0.8475 P=0.9399 R=0.7717 (threshold 0.903 from validation, validation F1=0.5750)
06:25:25 | INFO    | Wrote experiments/bootea_related_20260929-061254/result.json
06:25:25 | INFO    | Finished. Best validation MRR=0.3784 @ epoch 80.
