06:01:30 | INFO    | Model: gcnalign | seed 2026 | device: cuda:1
06:01:31 | INFO    | Regime related | graph: 84,182 nodes, 131,238 triples, 50,435 UCPGx candidates
06:01:31 | INFO    |   broadMatch/pgx   train=  3,744 test=  8,599 (70%) queries= 6,866 by cluster    leakage=0.00%
06:01:31 | INFO    |   closeMatch       train=  2,738 test=  6,296 (70%) queries= 1,490 by cluster    leakage=0.00%
06:01:31 | INFO    |   sameAs           train= 19,942 test= 46,531 (70%) queries=10,883 by cluster    leakage=0.00%
06:01:31 | INFO    |   broadMatch/onco  train= 25,039 test= 47,737 (66%) queries= 2,032 intra-cluster leakage=0.00%
06:01:31 | INFO    |   relatedMatch     train=  2,801 test=  6,289 (69%) queries=   812 intra-cluster leakage=0.00%
06:01:31 | INFO    |   related          train=471,647 test=762,046 (62%) queries=16,977 intra-cluster leakage=0.00%
06:01:31 | INFO    | Data: {'num_entities': 84182, 'num_relations': 13, 'triples': 131238, 'train_pairs': 353735, 'val_pairs': 117912, 'candidates': 50435, 'unlabeled_pool': 27270}
code/src/data.py:99: UserWarning: 'where' used without 'out', expect uninitialized memory in output. If this is intentional, use out=None.
  inv_sqrt = np.power(deg, -0.5, where=deg > 0)
code/src/data.py:101: UserWarning: Sparse invariant checks are implicitly disabled. Memory errors (e.g. SEGFAULT) will occur when operating on a sparse tensor which violates the invariants, but checks incur performance overhead. To silence this warning, explicitly opt in or out. See `torch.sparse.check_sparse_tensor_invariants.__doc__` for guidance.  (Triggered internally at /__w/pytorch/pytorch/aten/src/ATen/Context.cpp:848.)
  return torch.sparse_coo_tensor(
06:01:33 | INFO    | Params: 25.34M
06:01:33 | INFO    | Run directory: experiments/gcnalign_related_20260929-060130
06:01:33 | INFO    | GCN-Align | device=cuda:1 | {'num_entities': 84182, 'num_relations': 13, 'triples': 131238, 'train_pairs': 353735, 'val_pairs': 117912, 'candidates': 50435, 'unlabeled_pool': 27270} 

GCN-Align:   0%|                                                            | 0/400 [00:00<?, ?it/s]
GCN-Align:   0%|▏                                                   | 1/400 [00:00<05:26,  1.22it/s]
GCN-Align:   0%|▎                                                   | 2/400 [00:01<03:47,  1.75it/s]
GCN-Align:   1%|▍                                                   | 3/400 [00:01<03:15,  2.03it/s]
GCN-Align:   1%|▌                                                   | 4/400 [00:02<02:59,  2.20it/s]
GCN-Align:   1%|▋                                                   | 5/400 [00:02<02:51,  2.31it/s]
GCN-Align:   2%|▊                                                   | 6/400 [00:02<02:45,  2.37it/s]
GCN-Align:   2%|▉                                                   | 7/400 [00:03<02:42,  2.42it/s]
GCN-Align:   2%|█                                                   | 8/400 [00:03<02:39,  2.45it/s]
GCN-Align:   2%|█▏                                                  | 9/400 [00:03<02:38,  2.47it/s]
GCN-Align:   2%|█▎                                                 | 10/400 [00:04<02:36,  2.49it/s]
GCN-Align:   3%|█▍                                                 | 11/400 [00:04<02:35,  2.50it/s]
GCN-Align:   3%|█▌                                                 | 12/400 [00:05<02:34,  2.51it/s]
GCN-Align:   3%|█▋                                                 | 13/400 [00:05<02:34,  2.51it/s]
GCN-Align:   4%|█▊                                                 | 14/400 [00:05<02:33,  2.51it/s]
GCN-Align:   4%|█▉                                                 | 15/400 [00:06<02:33,  2.52it/s]
GCN-Align:   4%|██                                                 | 16/400 [00:06<02:32,  2.52it/s]
GCN-Align:   4%|██▏                                                | 17/400 [00:07<02:32,  2.52it/s]
GCN-Align:   4%|██▎                                                | 18/400 [00:07<02:31,  2.52it/s]
GCN-Align:   5%|██▍                                                | 19/400 [00:07<02:31,  2.52it/s]
GCN-Align:   5%|██▌                                                | 20/400 [00:08<02:30,  2.52it/s]
GCN-Align:   5%|██▋                                                | 21/400 [00:08<02:30,  2.52it/s]
GCN-Align:   6%|██▊                                                | 22/400 [00:09<02:29,  2.52it/s]
GCN-Align:   6%|██▉                                                | 23/400 [00:09<02:29,  2.52it/s]
GCN-Align:   6%|███                                                | 24/400 [00:09<02:29,  2.52it/s]06:01:43 | INFO    | epoch   25/400 | loss=0.0146
06:01:44 | INFO    |            [filtered] MRR=0.4251 Hit@1=0.2423 Hit@5=0.6508 Hit@10=0.7537 MR=82.8 n=18523
06:01:44 | INFO    |            [multiref] MRR=0.3215 Hit@1=0.2033 Hit@5=0.4220 Hit@10=0.5953 MR=282.7 n=1500
06:01:45 | INFO    |            -> new best filtered MRR=0.4251 (saved model_best.pt)

GCN-Align:   6%|███▏                                               | 25/400 [00:11<04:48,  1.30it/s]
GCN-Align:   6%|███▎                                               | 26/400 [00:11<04:05,  1.52it/s]
GCN-Align:   7%|███▍                                               | 27/400 [00:12<03:35,  1.73it/s]
GCN-Align:   7%|███▌                                               | 28/400 [00:13<03:48,  1.63it/s]
GCN-Align:   7%|███▋                                               | 29/400 [00:13<03:23,  1.82it/s]
GCN-Align:   8%|███▊                                               | 30/400 [00:13<03:06,  1.99it/s]
GCN-Align:   8%|███▉                                               | 31/400 [00:14<02:53,  2.12it/s]
GCN-Align:   8%|████                                               | 32/400 [00:14<02:45,  2.23it/s]
GCN-Align:   8%|████▏                                              | 33/400 [00:15<02:38,  2.31it/s]
GCN-Align:   8%|████▎                                              | 34/400 [00:15<02:34,  2.37it/s]
GCN-Align:   9%|████▍                                              | 35/400 [00:15<02:31,  2.41it/s]
GCN-Align:   9%|████▌                                              | 36/400 [00:16<02:28,  2.44it/s]
GCN-Align:   9%|████▋                                              | 37/400 [00:16<02:27,  2.47it/s]
GCN-Align:  10%|████▊                                              | 38/400 [00:17<02:25,  2.48it/s]
GCN-Align:  10%|████▉                                              | 39/400 [00:17<02:24,  2.49it/s]
GCN-Align:  10%|█████                                              | 40/400 [00:17<02:23,  2.50it/s]
GCN-Align:  10%|█████▏                                             | 41/400 [00:18<02:23,  2.51it/s]
GCN-Align:  10%|█████▎                                             | 42/400 [00:18<02:22,  2.51it/s]
GCN-Align:  11%|█████▍                                             | 43/400 [00:19<02:22,  2.51it/s]
GCN-Align:  11%|█████▌                                             | 44/400 [00:19<02:21,  2.52it/s]
GCN-Align:  11%|█████▋                                             | 45/400 [00:19<02:21,  2.52it/s]
GCN-Align:  12%|█████▊                                             | 46/400 [00:20<02:20,  2.52it/s]
GCN-Align:  12%|█████▉                                             | 47/400 [00:20<02:20,  2.52it/s]
GCN-Align:  12%|██████                                             | 48/400 [00:21<02:19,  2.52it/s]
GCN-Align:  12%|██████▏                                            | 49/400 [00:21<02:19,  2.52it/s]06:01:55 | INFO    | epoch   50/400 | loss=0.0137
06:01:56 | INFO    |            [filtered] MRR=0.4826 Hit@1=0.3122 Hit@5=0.6922 Hit@10=0.7792 MR=72.1 n=18523
06:01:56 | INFO    |            [multiref] MRR=0.3229 Hit@1=0.2027 Hit@5=0.4247 Hit@10=0.5967 MR=260.0 n=1500
06:01:56 | INFO    |            -> new best filtered MRR=0.4826 (saved model_best.pt)

GCN-Align:  12%|██████▍                                            | 50/400 [00:23<04:27,  1.31it/s]
GCN-Align:  13%|██████▌                                            | 51/400 [00:23<03:48,  1.53it/s]
GCN-Align:  13%|██████▋                                            | 52/400 [00:23<03:20,  1.73it/s]
GCN-Align:  13%|██████▊                                            | 53/400 [00:24<03:01,  1.91it/s]
GCN-Align:  14%|██████▉                                            | 54/400 [00:24<02:47,  2.06it/s]
GCN-Align:  14%|███████                                            | 55/400 [00:25<02:38,  2.18it/s]
GCN-Align:  14%|███████▏                                           | 56/400 [00:25<02:31,  2.27it/s]
GCN-Align:  14%|███████▎                                           | 57/400 [00:25<02:26,  2.34it/s]
GCN-Align:  14%|███████▍                                           | 58/400 [00:26<02:22,  2.39it/s]
GCN-Align:  15%|███████▌                                           | 59/400 [00:26<02:20,  2.43it/s]
GCN-Align:  15%|███████▋                                           | 60/400 [00:26<02:18,  2.46it/s]
GCN-Align:  15%|███████▊                                           | 61/400 [00:27<02:16,  2.48it/s]
GCN-Align:  16%|███████▉                                           | 62/400 [00:27<02:15,  2.49it/s]
GCN-Align:  16%|████████                                           | 63/400 [00:28<02:15,  2.49it/s]
GCN-Align:  16%|████████▏                                          | 64/400 [00:28<02:14,  2.50it/s]
GCN-Align:  16%|████████▎                                          | 65/400 [00:28<02:13,  2.51it/s]
GCN-Align:  16%|████████▍                                          | 66/400 [00:29<02:13,  2.51it/s]
GCN-Align:  17%|████████▌                                          | 67/400 [00:29<02:12,  2.51it/s]
GCN-Align:  17%|████████▋                                          | 68/400 [00:30<02:11,  2.52it/s]
GCN-Align:  17%|████████▊                                          | 69/400 [00:30<02:11,  2.52it/s]
GCN-Align:  18%|████████▉                                          | 70/400 [00:30<02:11,  2.52it/s]
GCN-Align:  18%|█████████                                          | 71/400 [00:31<02:10,  2.52it/s]
GCN-Align:  18%|█████████▏                                         | 72/400 [00:31<02:10,  2.52it/s]
GCN-Align:  18%|█████████▎                                         | 73/400 [00:32<02:09,  2.52it/s]
GCN-Align:  18%|█████████▍                                         | 74/400 [00:32<02:09,  2.52it/s]06:02:06 | INFO    | epoch   75/400 | loss=0.0134
06:02:07 | INFO    |            [filtered] MRR=0.5046 Hit@1=0.3325 Hit@5=0.7172 Hit@10=0.7986 MR=68.0 n=18523
06:02:07 | INFO    |            [multiref] MRR=0.3251 Hit@1=0.2033 Hit@5=0.4233 Hit@10=0.6093 MR=258.7 n=1500
06:02:07 | INFO    |            -> new best filtered MRR=0.5046 (saved model_best.pt)

GCN-Align:  19%|█████████▌                                         | 75/400 [00:34<04:08,  1.31it/s]
GCN-Align:  19%|█████████▋                                         | 76/400 [00:34<03:32,  1.53it/s]
GCN-Align:  19%|█████████▊                                         | 77/400 [00:34<03:06,  1.73it/s]
GCN-Align:  20%|█████████▉                                         | 78/400 [00:35<02:48,  1.91it/s]
GCN-Align:  20%|██████████                                         | 79/400 [00:35<02:35,  2.06it/s]
GCN-Align:  20%|██████████▏                                        | 80/400 [00:36<02:26,  2.18it/s]
GCN-Align:  20%|██████████▎                                        | 81/400 [00:36<02:20,  2.27it/s]
GCN-Align:  20%|██████████▍                                        | 82/400 [00:36<02:15,  2.34it/s]
GCN-Align:  21%|██████████▌                                        | 83/400 [00:37<02:12,  2.39it/s]
GCN-Align:  21%|██████████▋                                        | 84/400 [00:37<02:10,  2.43it/s]
GCN-Align:  21%|██████████▊                                        | 85/400 [00:38<02:08,  2.46it/s]
GCN-Align:  22%|██████████▉                                        | 86/400 [00:38<02:06,  2.47it/s]
GCN-Align:  22%|███████████                                        | 87/400 [00:38<02:05,  2.49it/s]
GCN-Align:  22%|███████████▏                                       | 88/400 [00:39<02:04,  2.50it/s]
GCN-Align:  22%|███████████▎                                       | 89/400 [00:39<02:04,  2.50it/s]
GCN-Align:  22%|███████████▍                                       | 90/400 [00:40<02:03,  2.51it/s]
GCN-Align:  23%|███████████▌                                       | 91/400 [00:40<02:03,  2.51it/s]
GCN-Align:  23%|███████████▋                                       | 92/400 [00:40<02:02,  2.51it/s]
GCN-Align:  23%|███████████▊                                       | 93/400 [00:41<02:02,  2.52it/s]
GCN-Align:  24%|███████████▉                                       | 94/400 [00:41<02:01,  2.52it/s]
GCN-Align:  24%|████████████                                       | 95/400 [00:42<02:01,  2.52it/s]
GCN-Align:  24%|████████████▏                                      | 96/400 [00:42<02:00,  2.52it/s]
GCN-Align:  24%|████████████▎                                      | 97/400 [00:42<02:00,  2.52it/s]
GCN-Align:  24%|████████████▍                                      | 98/400 [00:43<01:59,  2.52it/s]
GCN-Align:  25%|████████████▌                                      | 99/400 [00:43<01:59,  2.52it/s]06:02:17 | INFO    | epoch  100/400 | loss=0.0131
06:02:18 | INFO    |            [filtered] MRR=0.5135 Hit@1=0.3375 Hit@5=0.7318 Hit@10=0.8087 MR=65.4 n=18523
06:02:18 | INFO    |            [multiref] MRR=0.3273 Hit@1=0.2047 Hit@5=0.4373 Hit@10=0.6120 MR=262.9 n=1500
06:02:18 | INFO    |            -> new best filtered MRR=0.5135 (saved model_best.pt)

GCN-Align:  25%|████████████▌                                     | 100/400 [00:45<03:52,  1.29it/s]
GCN-Align:  25%|████████████▋                                     | 101/400 [00:45<03:18,  1.51it/s]
GCN-Align:  26%|████████████▊                                     | 102/400 [00:46<02:53,  1.71it/s]
GCN-Align:  26%|████████████▉                                     | 103/400 [00:46<02:36,  1.90it/s]
GCN-Align:  26%|█████████████                                     | 104/400 [00:46<02:24,  2.05it/s]
GCN-Align:  26%|█████████████▏                                    | 105/400 [00:47<02:15,  2.17it/s]
GCN-Align:  26%|█████████████▎                                    | 106/400 [00:47<02:09,  2.26it/s]
GCN-Align:  27%|█████████████▍                                    | 107/400 [00:48<02:05,  2.34it/s]
GCN-Align:  27%|█████████████▌                                    | 108/400 [00:48<02:02,  2.39it/s]
GCN-Align:  27%|█████████████▋                                    | 109/400 [00:48<01:59,  2.43it/s]
GCN-Align:  28%|█████████████▊                                    | 110/400 [00:49<01:58,  2.45it/s]
GCN-Align:  28%|█████████████▉                                    | 111/400 [00:49<01:56,  2.47it/s]
GCN-Align:  28%|██████████████                                    | 112/400 [00:50<01:55,  2.49it/s]
GCN-Align:  28%|██████████████                                    | 113/400 [00:50<01:54,  2.50it/s]
GCN-Align:  28%|██████████████▏                                   | 114/400 [00:50<01:54,  2.50it/s]
GCN-Align:  29%|██████████████▎                                   | 115/400 [00:51<01:53,  2.51it/s]
GCN-Align:  29%|██████████████▍                                   | 116/400 [00:51<01:53,  2.51it/s]
GCN-Align:  29%|██████████████▋                                   | 117/400 [00:52<01:52,  2.51it/s]
GCN-Align:  30%|██████████████▊                                   | 118/400 [00:52<01:52,  2.52it/s]
GCN-Align:  30%|██████████████▉                                   | 119/400 [00:52<01:51,  2.52it/s]
GCN-Align:  30%|███████████████                                   | 120/400 [00:53<01:51,  2.52it/s]
GCN-Align:  30%|███████████████▏                                  | 121/400 [00:53<01:50,  2.52it/s]
GCN-Align:  30%|███████████████▎                                  | 122/400 [00:54<01:50,  2.52it/s]
GCN-Align:  31%|███████████████▍                                  | 123/400 [00:54<01:49,  2.52it/s]
GCN-Align:  31%|███████████████▌                                  | 124/400 [00:54<01:49,  2.52it/s]06:02:28 | INFO    | epoch  125/400 | loss=0.0128
06:02:29 | INFO    |            [filtered] MRR=0.5170 Hit@1=0.3369 Hit@5=0.7411 Hit@10=0.8180 MR=62.9 n=18523
06:02:29 | INFO    |            [multiref] MRR=0.3288 Hit@1=0.2053 Hit@5=0.4420 Hit@10=0.6153 MR=259.7 n=1500
06:02:30 | INFO    |            -> new best filtered MRR=0.5170 (saved model_best.pt)

GCN-Align:  31%|███████████████▋                                  | 125/400 [00:56<03:29,  1.31it/s]
GCN-Align:  32%|███████████████▊                                  | 126/400 [00:56<02:59,  1.53it/s]
GCN-Align:  32%|███████████████▉                                  | 127/400 [00:57<02:37,  1.73it/s]
GCN-Align:  32%|████████████████                                  | 128/400 [00:57<02:22,  1.91it/s]
GCN-Align:  32%|████████████████▏                                 | 129/400 [00:58<02:11,  2.06it/s]
GCN-Align:  32%|████████████████▎                                 | 130/400 [00:58<02:03,  2.18it/s]
GCN-Align:  33%|████████████████▍                                 | 131/400 [00:58<01:58,  2.27it/s]
GCN-Align:  33%|████████████████▌                                 | 132/400 [00:59<01:54,  2.34it/s]
GCN-Align:  33%|████████████████▋                                 | 133/400 [00:59<01:51,  2.39it/s]
GCN-Align:  34%|████████████████▊                                 | 134/400 [01:00<01:49,  2.43it/s]
GCN-Align:  34%|████████████████▉                                 | 135/400 [01:00<01:47,  2.46it/s]
GCN-Align:  34%|█████████████████                                 | 136/400 [01:00<01:46,  2.47it/s]
GCN-Align:  34%|█████████████████▏                                | 137/400 [01:01<01:45,  2.49it/s]
GCN-Align:  34%|█████████████████▎                                | 138/400 [01:01<01:44,  2.50it/s]
GCN-Align:  35%|█████████████████▍                                | 139/400 [01:02<01:44,  2.50it/s]
GCN-Align:  35%|█████████████████▌                                | 140/400 [01:02<01:43,  2.51it/s]
GCN-Align:  35%|█████████████████▋                                | 141/400 [01:02<01:43,  2.51it/s]
GCN-Align:  36%|█████████████████▊                                | 142/400 [01:03<01:42,  2.51it/s]
GCN-Align:  36%|█████████████████▉                                | 143/400 [01:03<01:42,  2.51it/s]
GCN-Align:  36%|██████████████████                                | 144/400 [01:04<01:41,  2.52it/s]
GCN-Align:  36%|██████████████████▏                               | 145/400 [01:04<01:41,  2.52it/s]
GCN-Align:  36%|██████████████████▎                               | 146/400 [01:04<01:40,  2.52it/s]
GCN-Align:  37%|██████████████████▍                               | 147/400 [01:05<01:40,  2.52it/s]
GCN-Align:  37%|██████████████████▌                               | 148/400 [01:05<01:40,  2.52it/s]
GCN-Align:  37%|██████████████████▋                               | 149/400 [01:06<01:39,  2.52it/s]06:02:39 | INFO    | epoch  150/400 | loss=0.0124
06:02:40 | INFO    |            [filtered] MRR=0.5180 Hit@1=0.3361 Hit@5=0.7449 Hit@10=0.8244 MR=60.5 n=18523
06:02:40 | INFO    |            [multiref] MRR=0.3307 Hit@1=0.2087 Hit@5=0.4460 Hit@10=0.6140 MR=253.8 n=1500
06:02:41 | INFO    |            -> new best filtered MRR=0.5180 (saved model_best.pt)

GCN-Align:  38%|██████████████████▊                               | 150/400 [01:07<03:14,  1.29it/s]
GCN-Align:  38%|██████████████████▉                               | 151/400 [01:08<02:44,  1.51it/s]
GCN-Align:  38%|███████████████████                               | 152/400 [01:08<02:24,  1.72it/s]
GCN-Align:  38%|███████████████████▏                              | 153/400 [01:08<02:10,  1.90it/s]
GCN-Align:  38%|███████████████████▎                              | 154/400 [01:09<02:00,  2.05it/s]
GCN-Align:  39%|███████████████████▍                              | 155/400 [01:09<01:52,  2.17it/s]
GCN-Align:  39%|███████████████████▌                              | 156/400 [01:10<01:47,  2.27it/s]
GCN-Align:  39%|███████████████████▋                              | 157/400 [01:10<01:44,  2.34it/s]
GCN-Align:  40%|███████████████████▊                              | 158/400 [01:10<01:41,  2.39it/s]
GCN-Align:  40%|███████████████████▉                              | 159/400 [01:11<01:39,  2.43it/s]
GCN-Align:  40%|████████████████████                              | 160/400 [01:11<01:37,  2.45it/s]
GCN-Align:  40%|████████████████████▏                             | 161/400 [01:12<01:36,  2.47it/s]
GCN-Align:  40%|████████████████████▎                             | 162/400 [01:12<01:36,  2.48it/s]
GCN-Align:  41%|████████████████████▍                             | 163/400 [01:12<01:35,  2.49it/s]
GCN-Align:  41%|████████████████████▌                             | 164/400 [01:13<01:34,  2.50it/s]
GCN-Align:  41%|████████████████████▋                             | 165/400 [01:13<01:33,  2.50it/s]
GCN-Align:  42%|████████████████████▊                             | 166/400 [01:14<01:33,  2.51it/s]
GCN-Align:  42%|████████████████████▉                             | 167/400 [01:14<01:32,  2.51it/s]
GCN-Align:  42%|█████████████████████                             | 168/400 [01:14<01:32,  2.51it/s]
GCN-Align:  42%|█████████████████████▏                            | 169/400 [01:15<01:31,  2.52it/s]
GCN-Align:  42%|█████████████████████▎                            | 170/400 [01:15<01:31,  2.52it/s]
GCN-Align:  43%|█████████████████████▍                            | 171/400 [01:16<01:30,  2.52it/s]
GCN-Align:  43%|█████████████████████▌                            | 172/400 [01:16<01:30,  2.52it/s]
GCN-Align:  43%|█████████████████████▋                            | 173/400 [01:16<01:30,  2.52it/s]
GCN-Align:  44%|█████████████████████▊                            | 174/400 [01:17<01:29,  2.52it/s]06:02:51 | INFO    | epoch  175/400 | loss=0.0122
06:02:52 | INFO    |            [filtered] MRR=0.5153 Hit@1=0.3307 Hit@5=0.7451 Hit@10=0.8286 MR=58.5 n=18523
06:02:52 | INFO    |            [multiref] MRR=0.3323 Hit@1=0.2107 Hit@5=0.4453 Hit@10=0.6167 MR=245.2 n=1500

GCN-Align:  44%|█████████████████████▉                            | 175/400 [01:18<02:39,  1.41it/s]
GCN-Align:  44%|██████████████████████                            | 176/400 [01:19<02:18,  1.62it/s]
GCN-Align:  44%|██████████████████████▏                           | 177/400 [01:19<02:02,  1.82it/s]
GCN-Align:  44%|██████████████████████▎                           | 178/400 [01:19<01:52,  1.98it/s]
GCN-Align:  45%|██████████████████████▍                           | 179/400 [01:20<01:44,  2.12it/s]
GCN-Align:  45%|██████████████████████▌                           | 180/400 [01:20<01:38,  2.22it/s]
GCN-Align:  45%|██████████████████████▋                           | 181/400 [01:21<01:35,  2.30it/s]
GCN-Align:  46%|██████████████████████▊                           | 182/400 [01:21<01:32,  2.37it/s]
GCN-Align:  46%|██████████████████████▉                           | 183/400 [01:21<01:30,  2.41it/s]
GCN-Align:  46%|███████████████████████                           | 184/400 [01:22<01:28,  2.44it/s]
GCN-Align:  46%|███████████████████████▏                          | 185/400 [01:22<01:27,  2.46it/s]
GCN-Align:  46%|███████████████████████▎                          | 186/400 [01:23<01:26,  2.48it/s]
GCN-Align:  47%|███████████████████████▍                          | 187/400 [01:23<01:25,  2.49it/s]
GCN-Align:  47%|███████████████████████▌                          | 188/400 [01:23<01:24,  2.50it/s]
GCN-Align:  47%|███████████████████████▋                          | 189/400 [01:24<01:24,  2.51it/s]
GCN-Align:  48%|███████████████████████▊                          | 190/400 [01:24<01:23,  2.51it/s]
GCN-Align:  48%|███████████████████████▉                          | 191/400 [01:25<01:23,  2.51it/s]
GCN-Align:  48%|████████████████████████                          | 192/400 [01:25<01:22,  2.51it/s]
GCN-Align:  48%|████████████████████████▏                         | 193/400 [01:25<01:22,  2.52it/s]
GCN-Align:  48%|████████████████████████▎                         | 194/400 [01:26<01:21,  2.52it/s]
GCN-Align:  49%|████████████████████████▍                         | 195/400 [01:26<01:21,  2.52it/s]
GCN-Align:  49%|████████████████████████▌                         | 196/400 [01:27<01:20,  2.52it/s]
GCN-Align:  49%|████████████████████████▋                         | 197/400 [01:27<01:20,  2.52it/s]
GCN-Align:  50%|████████████████████████▊                         | 198/400 [01:27<01:20,  2.52it/s]
GCN-Align:  50%|████████████████████████▉                         | 199/400 [01:28<01:19,  2.52it/s]06:03:02 | INFO    | epoch  200/400 | loss=0.0120
06:03:02 | INFO    |            [filtered] MRR=0.5124 Hit@1=0.3245 Hit@5=0.7482 Hit@10=0.8329 MR=56.2 n=18523
06:03:02 | INFO    |            [multiref] MRR=0.3316 Hit@1=0.2087 Hit@5=0.4453 Hit@10=0.6180 MR=238.2 n=1500

GCN-Align:  50%|█████████████████████████                         | 200/400 [01:29<02:20,  1.43it/s]
GCN-Align:  50%|█████████████████████████                         | 201/400 [01:30<02:01,  1.64it/s]
GCN-Align:  50%|█████████████████████████▎                        | 202/400 [01:30<01:48,  1.83it/s]
GCN-Align:  51%|█████████████████████████▎                        | 203/400 [01:30<01:38,  1.99it/s]
GCN-Align:  51%|█████████████████████████▌                        | 204/400 [01:31<01:32,  2.13it/s]
GCN-Align:  51%|█████████████████████████▌                        | 205/400 [01:31<01:27,  2.23it/s]
GCN-Align:  52%|█████████████████████████▊                        | 206/400 [01:31<01:23,  2.31it/s]
GCN-Align:  52%|█████████████████████████▊                        | 207/400 [01:32<01:21,  2.37it/s]
GCN-Align:  52%|██████████████████████████                        | 208/400 [01:32<01:19,  2.41it/s]
GCN-Align:  52%|██████████████████████████▏                       | 209/400 [01:33<01:18,  2.44it/s]
GCN-Align:  52%|██████████████████████████▎                       | 210/400 [01:33<01:17,  2.47it/s]
GCN-Align:  53%|██████████████████████████▍                       | 211/400 [01:33<01:16,  2.48it/s]
GCN-Align:  53%|██████████████████████████▌                       | 212/400 [01:34<01:15,  2.49it/s]
GCN-Align:  53%|██████████████████████████▋                       | 213/400 [01:34<01:14,  2.50it/s]
GCN-Align:  54%|██████████████████████████▊                       | 214/400 [01:35<01:14,  2.51it/s]
GCN-Align:  54%|██████████████████████████▉                       | 215/400 [01:35<01:13,  2.51it/s]
GCN-Align:  54%|███████████████████████████                       | 216/400 [01:35<01:13,  2.51it/s]
GCN-Align:  54%|███████████████████████████▏                      | 217/400 [01:36<01:12,  2.52it/s]
GCN-Align:  55%|███████████████████████████▎                      | 218/400 [01:36<01:12,  2.52it/s]
GCN-Align:  55%|███████████████████████████▍                      | 219/400 [01:37<01:11,  2.52it/s]
GCN-Align:  55%|███████████████████████████▌                      | 220/400 [01:37<01:11,  2.52it/s]
GCN-Align:  55%|███████████████████████████▋                      | 221/400 [01:37<01:11,  2.52it/s]
GCN-Align:  56%|███████████████████████████▊                      | 222/400 [01:38<01:10,  2.52it/s]
GCN-Align:  56%|███████████████████████████▉                      | 223/400 [01:38<01:10,  2.52it/s]
GCN-Align:  56%|████████████████████████████                      | 224/400 [01:39<01:09,  2.52it/s]06:03:13 | INFO    | epoch  225/400 | loss=0.0120
06:03:13 | INFO    |            [filtered] MRR=0.5094 Hit@1=0.3187 Hit@5=0.7502 Hit@10=0.8345 MR=53.5 n=18523
06:03:13 | INFO    |            [multiref] MRR=0.3325 Hit@1=0.2100 Hit@5=0.4453 Hit@10=0.6153 MR=227.3 n=1500

GCN-Align:  56%|████████████████████████████▏                     | 225/400 [01:40<02:03,  1.41it/s]
GCN-Align:  56%|████████████████████████████▏                     | 226/400 [01:40<01:46,  1.63it/s]
GCN-Align:  57%|████████████████████████████▍                     | 227/400 [01:41<01:35,  1.82it/s]
GCN-Align:  57%|████████████████████████████▍                     | 228/400 [01:41<01:26,  1.99it/s]
GCN-Align:  57%|████████████████████████████▋                     | 229/400 [01:42<01:20,  2.12it/s]
GCN-Align:  57%|████████████████████████████▋                     | 230/400 [01:42<01:16,  2.23it/s]
GCN-Align:  58%|████████████████████████████▉                     | 231/400 [01:42<01:13,  2.31it/s]
GCN-Align:  58%|████████████████████████████▉                     | 232/400 [01:43<01:11,  2.37it/s]
GCN-Align:  58%|█████████████████████████████▏                    | 233/400 [01:43<01:09,  2.41it/s]
GCN-Align:  58%|█████████████████████████████▎                    | 234/400 [01:44<01:07,  2.44it/s]
GCN-Align:  59%|█████████████████████████████▍                    | 235/400 [01:44<01:06,  2.46it/s]
GCN-Align:  59%|█████████████████████████████▌                    | 236/400 [01:44<01:06,  2.48it/s]
GCN-Align:  59%|█████████████████████████████▋                    | 237/400 [01:45<01:05,  2.49it/s]
GCN-Align:  60%|█████████████████████████████▊                    | 238/400 [01:45<01:04,  2.50it/s]
GCN-Align:  60%|█████████████████████████████▉                    | 239/400 [01:46<01:04,  2.51it/s]
GCN-Align:  60%|██████████████████████████████                    | 240/400 [01:46<01:03,  2.51it/s]
GCN-Align:  60%|██████████████████████████████▏                   | 241/400 [01:46<01:03,  2.51it/s]
GCN-Align:  60%|██████████████████████████████▎                   | 242/400 [01:47<01:02,  2.52it/s]
GCN-Align:  61%|██████████████████████████████▍                   | 243/400 [01:47<01:02,  2.52it/s]
GCN-Align:  61%|██████████████████████████████▌                   | 244/400 [01:48<01:01,  2.52it/s]
GCN-Align:  61%|██████████████████████████████▋                   | 245/400 [01:48<01:01,  2.52it/s]
GCN-Align:  62%|██████████████████████████████▊                   | 246/400 [01:48<01:01,  2.52it/s]
GCN-Align:  62%|██████████████████████████████▉                   | 247/400 [01:49<01:00,  2.52it/s]
GCN-Align:  62%|███████████████████████████████                   | 248/400 [01:49<01:00,  2.52it/s]
GCN-Align:  62%|███████████████████████████████▏                  | 249/400 [01:50<00:59,  2.52it/s]06:03:23 | INFO    | epoch  250/400 | loss=0.0117
06:03:24 | INFO    |            [filtered] MRR=0.5027 Hit@1=0.3072 Hit@5=0.7509 Hit@10=0.8343 MR=52.0 n=18523
06:03:24 | INFO    |            [multiref] MRR=0.3336 Hit@1=0.2113 Hit@5=0.4427 Hit@10=0.6127 MR=219.3 n=1500

GCN-Align:  62%|███████████████████████████████▎                  | 250/400 [01:51<01:45,  1.42it/s]
GCN-Align:  63%|███████████████████████████████▎                  | 251/400 [01:51<01:31,  1.63it/s]
GCN-Align:  63%|███████████████████████████████▌                  | 252/400 [01:52<01:21,  1.83it/s]
GCN-Align:  63%|███████████████████████████████▌                  | 253/400 [01:52<01:13,  1.99it/s]
GCN-Align:  64%|███████████████████████████████▊                  | 254/400 [01:53<01:08,  2.12it/s]
GCN-Align:  64%|███████████████████████████████▊                  | 255/400 [01:53<01:05,  2.23it/s]
GCN-Align:  64%|████████████████████████████████                  | 256/400 [01:53<01:02,  2.31it/s]
GCN-Align:  64%|████████████████████████████████▏                 | 257/400 [01:54<01:00,  2.37it/s]
GCN-Align:  64%|████████████████████████████████▎                 | 258/400 [01:54<00:58,  2.41it/s]
GCN-Align:  65%|████████████████████████████████▍                 | 259/400 [01:55<00:57,  2.44it/s]
GCN-Align:  65%|████████████████████████████████▌                 | 260/400 [01:55<00:56,  2.47it/s]
GCN-Align:  65%|████████████████████████████████▋                 | 261/400 [01:55<00:56,  2.48it/s]
GCN-Align:  66%|████████████████████████████████▊                 | 262/400 [01:56<00:55,  2.49it/s]
GCN-Align:  66%|████████████████████████████████▉                 | 263/400 [01:56<00:54,  2.50it/s]
GCN-Align:  66%|█████████████████████████████████                 | 264/400 [01:57<00:54,  2.51it/s]
GCN-Align:  66%|█████████████████████████████████▏                | 265/400 [01:57<00:53,  2.51it/s]
GCN-Align:  66%|█████████████████████████████████▎                | 266/400 [01:57<00:53,  2.51it/s]
GCN-Align:  67%|█████████████████████████████████▍                | 267/400 [01:58<00:52,  2.51it/s]
GCN-Align:  67%|█████████████████████████████████▌                | 268/400 [01:58<00:52,  2.52it/s]
GCN-Align:  67%|█████████████████████████████████▋                | 269/400 [01:59<00:52,  2.52it/s]
GCN-Align:  68%|█████████████████████████████████▊                | 270/400 [01:59<00:51,  2.52it/s]
GCN-Align:  68%|█████████████████████████████████▉                | 271/400 [01:59<00:51,  2.52it/s]
GCN-Align:  68%|██████████████████████████████████                | 272/400 [02:00<00:50,  2.52it/s]
GCN-Align:  68%|██████████████████████████████████▏               | 273/400 [02:00<00:50,  2.52it/s]
GCN-Align:  68%|██████████████████████████████████▎               | 274/400 [02:01<00:50,  2.52it/s]06:03:34 | INFO    | epoch  275/400 | loss=0.0115
06:03:35 | INFO    |            [filtered] MRR=0.4972 Hit@1=0.2990 Hit@5=0.7517 Hit@10=0.8360 MR=50.9 n=18523
06:03:35 | INFO    |            [multiref] MRR=0.3348 Hit@1=0.2113 Hit@5=0.4433 Hit@10=0.6127 MR=212.5 n=1500

GCN-Align:  69%|██████████████████████████████████▍               | 275/400 [02:02<01:27,  1.43it/s]
GCN-Align:  69%|██████████████████████████████████▌               | 276/400 [02:02<01:15,  1.64it/s]
GCN-Align:  69%|██████████████████████████████████▋               | 277/400 [02:03<01:07,  1.83it/s]
GCN-Align:  70%|██████████████████████████████████▊               | 278/400 [02:03<01:01,  2.00it/s]
GCN-Align:  70%|██████████████████████████████████▉               | 279/400 [02:04<00:56,  2.13it/s]
GCN-Align:  70%|███████████████████████████████████               | 280/400 [02:04<00:53,  2.23it/s]
GCN-Align:  70%|███████████████████████████████████▏              | 281/400 [02:04<00:51,  2.31it/s]
GCN-Align:  70%|███████████████████████████████████▎              | 282/400 [02:05<00:49,  2.37it/s]
GCN-Align:  71%|███████████████████████████████████▍              | 283/400 [02:05<00:48,  2.41it/s]
GCN-Align:  71%|███████████████████████████████████▌              | 284/400 [02:06<00:47,  2.44it/s]
GCN-Align:  71%|███████████████████████████████████▋              | 285/400 [02:06<00:46,  2.47it/s]
GCN-Align:  72%|███████████████████████████████████▊              | 286/400 [02:06<00:45,  2.48it/s]
GCN-Align:  72%|███████████████████████████████████▉              | 287/400 [02:07<00:45,  2.49it/s]
GCN-Align:  72%|████████████████████████████████████              | 288/400 [02:07<00:44,  2.50it/s]
GCN-Align:  72%|████████████████████████████████████▏             | 289/400 [02:08<00:44,  2.51it/s]
GCN-Align:  72%|████████████████████████████████████▎             | 290/400 [02:08<00:43,  2.51it/s]
GCN-Align:  73%|████████████████████████████████████▍             | 291/400 [02:08<00:43,  2.51it/s]
GCN-Align:  73%|████████████████████████████████████▌             | 292/400 [02:09<00:42,  2.51it/s]
GCN-Align:  73%|████████████████████████████████████▋             | 293/400 [02:09<00:42,  2.52it/s]
GCN-Align:  74%|████████████████████████████████████▊             | 294/400 [02:09<00:42,  2.52it/s]
GCN-Align:  74%|████████████████████████████████████▉             | 295/400 [02:10<00:41,  2.52it/s]
GCN-Align:  74%|█████████████████████████████████████             | 296/400 [02:10<00:41,  2.52it/s]
GCN-Align:  74%|█████████████████████████████████████▏            | 297/400 [02:11<00:40,  2.52it/s]
GCN-Align:  74%|█████████████████████████████████████▎            | 298/400 [02:11<00:40,  2.52it/s]
GCN-Align:  75%|█████████████████████████████████████▍            | 299/400 [02:11<00:40,  2.52it/s]06:03:45 | INFO    | epoch  300/400 | loss=0.0113
06:03:46 | INFO    |            [filtered] MRR=0.4898 Hit@1=0.2891 Hit@5=0.7494 Hit@10=0.8356 MR=50.2 n=18523
06:03:46 | INFO    |            [multiref] MRR=0.3350 Hit@1=0.2113 Hit@5=0.4440 Hit@10=0.6073 MR=208.0 n=1500

GCN-Align:  75%|█████████████████████████████████████▌            | 300/400 [02:13<01:10,  1.42it/s]
GCN-Align:  75%|█████████████████████████████████████▋            | 301/400 [02:13<01:00,  1.63it/s]
GCN-Align:  76%|█████████████████████████████████████▊            | 302/400 [02:14<00:53,  1.82it/s]
GCN-Align:  76%|█████████████████████████████████████▉            | 303/400 [02:14<00:48,  1.99it/s]
GCN-Align:  76%|██████████████████████████████████████            | 304/400 [02:14<00:45,  2.12it/s]
GCN-Align:  76%|██████████████████████████████████████▏           | 305/400 [02:15<00:42,  2.23it/s]
GCN-Align:  76%|██████████████████████████████████████▎           | 306/400 [02:15<00:40,  2.31it/s]
GCN-Align:  77%|██████████████████████████████████████▍           | 307/400 [02:16<00:39,  2.37it/s]
GCN-Align:  77%|██████████████████████████████████████▌           | 308/400 [02:16<00:38,  2.41it/s]
GCN-Align:  77%|██████████████████████████████████████▋           | 309/400 [02:16<00:37,  2.44it/s]
GCN-Align:  78%|██████████████████████████████████████▊           | 310/400 [02:17<00:36,  2.47it/s]
GCN-Align:  78%|██████████████████████████████████████▉           | 311/400 [02:17<00:35,  2.48it/s]
GCN-Align:  78%|███████████████████████████████████████           | 312/400 [02:18<00:35,  2.49it/s]
GCN-Align:  78%|███████████████████████████████████████▏          | 313/400 [02:18<00:34,  2.50it/s]
GCN-Align:  78%|███████████████████████████████████████▎          | 314/400 [02:18<00:34,  2.51it/s]
GCN-Align:  79%|███████████████████████████████████████▍          | 315/400 [02:19<00:33,  2.51it/s]
GCN-Align:  79%|███████████████████████████████████████▌          | 316/400 [02:19<00:33,  2.51it/s]
GCN-Align:  79%|███████████████████████████████████████▋          | 317/400 [02:20<00:33,  2.51it/s]
GCN-Align:  80%|███████████████████████████████████████▊          | 318/400 [02:20<00:32,  2.52it/s]
GCN-Align:  80%|███████████████████████████████████████▉          | 319/400 [02:20<00:32,  2.52it/s]
GCN-Align:  80%|████████████████████████████████████████          | 320/400 [02:21<00:31,  2.52it/s]
GCN-Align:  80%|████████████████████████████████████████▏         | 321/400 [02:21<00:31,  2.52it/s]
GCN-Align:  80%|████████████████████████████████████████▎         | 322/400 [02:22<00:30,  2.52it/s]
GCN-Align:  81%|████████████████████████████████████████▍         | 323/400 [02:22<00:30,  2.52it/s]
GCN-Align:  81%|████████████████████████████████████████▌         | 324/400 [02:22<00:30,  2.52it/s]06:03:56 | INFO    | epoch  325/400 | loss=0.0111
06:03:57 | INFO    |            [filtered] MRR=0.4851 Hit@1=0.2818 Hit@5=0.7468 Hit@10=0.8365 MR=49.7 n=18523
06:03:57 | INFO    |            [multiref] MRR=0.3361 Hit@1=0.2120 Hit@5=0.4520 Hit@10=0.6160 MR=202.8 n=1500

GCN-Align:  81%|████████████████████████████████████████▋         | 325/400 [02:24<00:52,  1.42it/s]
GCN-Align:  82%|████████████████████████████████████████▊         | 326/400 [02:24<00:45,  1.63it/s]
GCN-Align:  82%|████████████████████████████████████████▉         | 327/400 [02:25<00:40,  1.82it/s]
GCN-Align:  82%|█████████████████████████████████████████         | 328/400 [02:25<00:36,  1.99it/s]
GCN-Align:  82%|█████████████████████████████████████████▏        | 329/400 [02:25<00:33,  2.12it/s]
GCN-Align:  82%|█████████████████████████████████████████▎        | 330/400 [02:26<00:31,  2.23it/s]
GCN-Align:  83%|█████████████████████████████████████████▍        | 331/400 [02:26<00:29,  2.31it/s]
GCN-Align:  83%|█████████████████████████████████████████▌        | 332/400 [02:27<00:28,  2.37it/s]
GCN-Align:  83%|█████████████████████████████████████████▋        | 333/400 [02:27<00:27,  2.41it/s]
GCN-Align:  84%|█████████████████████████████████████████▊        | 334/400 [02:27<00:27,  2.44it/s]
GCN-Align:  84%|█████████████████████████████████████████▉        | 335/400 [02:28<00:26,  2.47it/s]
GCN-Align:  84%|██████████████████████████████████████████        | 336/400 [02:28<00:25,  2.48it/s]
GCN-Align:  84%|██████████████████████████████████████████▏       | 337/400 [02:29<00:25,  2.49it/s]
GCN-Align:  84%|██████████████████████████████████████████▎       | 338/400 [02:29<00:24,  2.50it/s]
GCN-Align:  85%|██████████████████████████████████████████▍       | 339/400 [02:29<00:24,  2.51it/s]
GCN-Align:  85%|██████████████████████████████████████████▌       | 340/400 [02:30<00:23,  2.51it/s]
GCN-Align:  85%|██████████████████████████████████████████▋       | 341/400 [02:30<00:23,  2.51it/s]
GCN-Align:  86%|██████████████████████████████████████████▊       | 342/400 [02:31<00:23,  2.52it/s]
GCN-Align:  86%|██████████████████████████████████████████▉       | 343/400 [02:31<00:22,  2.52it/s]
GCN-Align:  86%|███████████████████████████████████████████       | 344/400 [02:31<00:22,  2.52it/s]
GCN-Align:  86%|███████████████████████████████████████████▏      | 345/400 [02:32<00:21,  2.52it/s]
GCN-Align:  86%|███████████████████████████████████████████▎      | 346/400 [02:32<00:21,  2.52it/s]
GCN-Align:  87%|███████████████████████████████████████████▍      | 347/400 [02:33<00:21,  2.52it/s]
GCN-Align:  87%|███████████████████████████████████████████▌      | 348/400 [02:33<00:20,  2.52it/s]
GCN-Align:  87%|███████████████████████████████████████████▋      | 349/400 [02:33<00:20,  2.52it/s]06:04:07 | INFO    | epoch  350/400 | loss=0.0109
06:04:08 | INFO    |            [filtered] MRR=0.4822 Hit@1=0.2766 Hit@5=0.7431 Hit@10=0.8385 MR=48.9 n=18523
06:04:08 | INFO    |            [multiref] MRR=0.3388 Hit@1=0.2153 Hit@5=0.4560 Hit@10=0.6200 MR=199.8 n=1500
06:04:08 | INFO    |            early stop (best=0.5180 @ 150).

GCN-Align:  87%|███████████████████████████████████████████▋      | 349/400 [02:35<00:22,  2.25it/s]
06:04:09 | INFO    | Done in 2.6 min. Best filtered MRR=0.5180 @ epoch 150.
06:04:09 | INFO    | Final evaluation on the test split, read once
06:04:19 | INFO    |   [cosine] filtMRR=0.4947 H@1=0.3145 H@10=0.8011 n=264830 | mrefMRR=0.7545 H@1=0.6197
06:04:30 | INFO    |   [  csls] filtMRR=0.4413 H@1=0.2570 H@10=0.7707 n=264830 | mrefMRR=0.7376 H@1=0.5843
06:04:36 | INFO    |   [cosine] F1=0.7036 P=0.5743 R=0.9080 (threshold 0.812 from validation, validation F1=0.4280)
06:04:36 | INFO    | Wrote experiments/gcnalign_related_20260929-060130/result.json
06:04:36 | INFO    | Finished. Best validation MRR=0.5180 @ epoch 150.
