06:18:43 | INFO    | Model: jape | seed 2026 | device: cuda:1
06:18:44 | INFO    | Regime related | graph: 84,182 nodes, 131,238 triples, 50,435 UCPGx candidates
06:18:44 | INFO    |   broadMatch/pgx   train=  3,744 test=  8,599 (70%) queries= 6,866 by cluster    leakage=0.00%
06:18:44 | INFO    |   closeMatch       train=  2,738 test=  6,296 (70%) queries= 1,490 by cluster    leakage=0.00%
06:18:44 | INFO    |   sameAs           train= 19,942 test= 46,531 (70%) queries=10,883 by cluster    leakage=0.00%
06:18:44 | INFO    |   broadMatch/onco  train= 25,039 test= 47,737 (66%) queries= 2,032 intra-cluster leakage=0.00%
06:18:44 | INFO    |   relatedMatch     train=  2,801 test=  6,289 (69%) queries=   812 intra-cluster leakage=0.00%
06:18:44 | INFO    |   related          train=471,647 test=762,046 (62%) queries=16,977 intra-cluster leakage=0.00%
06:18:44 | INFO    | Data: {'num_entities': 84182, 'num_relations': 13, 'triples': 131238, 'train_pairs': 353735, 'val_pairs': 117912, 'candidates': 50435, 'unlabeled_pool': 27270}
06:18:45 | INFO    | Params: 33.68M
06:18:45 | INFO    | Run directory: experiments/jape_related_20260929-061843
06:18:45 | INFO    | JAPE | device=cuda:1 | {'num_entities': 84182, 'num_relations': 13, 'triples': 131238, 'train_pairs': 353735, 'val_pairs': 117912, 'candidates': 50435, 'unlabeled_pool': 27270} merge=link loss=margin canonical=84182

JAPE:   0%|                                                                 | 0/400 [00:00<?, ?it/s]
JAPE:   0%|▏                                                        | 1/400 [00:00<06:09,  1.08it/s]
JAPE:   0%|▎                                                        | 2/400 [00:01<04:30,  1.47it/s]
JAPE:   1%|▍                                                        | 3/400 [00:01<03:58,  1.67it/s]
JAPE:   1%|▌                                                        | 4/400 [00:02<03:42,  1.78it/s]
JAPE:   1%|▋                                                        | 5/400 [00:02<03:34,  1.84it/s]
JAPE:   2%|▊                                                        | 6/400 [00:03<03:28,  1.89it/s]
JAPE:   2%|▉                                                        | 7/400 [00:03<03:25,  1.92it/s]
JAPE:   2%|█▏                                                       | 8/400 [00:04<03:22,  1.93it/s]
JAPE:   2%|█▎                                                       | 9/400 [00:04<03:20,  1.95it/s]
JAPE:   2%|█▍                                                      | 10/400 [00:05<03:19,  1.96it/s]
JAPE:   3%|█▌                                                      | 11/400 [00:05<03:18,  1.96it/s]
JAPE:   3%|█▋                                                      | 12/400 [00:06<03:17,  1.97it/s]
JAPE:   3%|█▊                                                      | 13/400 [00:06<03:16,  1.97it/s]
JAPE:   4%|█▉                                                      | 14/400 [00:07<03:15,  1.97it/s]
JAPE:   4%|██                                                      | 15/400 [00:08<03:15,  1.97it/s]
JAPE:   4%|██▏                                                     | 16/400 [00:08<03:15,  1.97it/s]
JAPE:   4%|██▍                                                     | 17/400 [00:09<03:14,  1.97it/s]
JAPE:   4%|██▌                                                     | 18/400 [00:09<03:13,  1.97it/s]
JAPE:   5%|██▋                                                     | 19/400 [00:10<03:13,  1.97it/s]
JAPE:   5%|██▊                                                     | 20/400 [00:10<03:12,  1.97it/s]
JAPE:   5%|██▉                                                     | 21/400 [00:11<03:12,  1.97it/s]
JAPE:   6%|███                                                     | 22/400 [00:11<03:11,  1.97it/s]
JAPE:   6%|███▏                                                    | 23/400 [00:12<03:10,  1.97it/s]
JAPE:   6%|███▎                                                    | 24/400 [00:12<03:10,  1.97it/s]06:18:59 | INFO    | epoch   25/400 | loss=0.0038
06:19:00 | INFO    |            [filtered] MRR=0.6199 Hit@1=0.4892 Hit@5=0.7817 Hit@10=0.8413 MR=94.7 n=18523
06:19:00 | INFO    |            [multiref] MRR=0.3895 Hit@1=0.2740 Hit@5=0.4960 Hit@10=0.6727 MR=91.1 n=1500
06:19:00 | INFO    |            -> new best multiref MRR=0.3895 (saved model_best.pt)

JAPE:   6%|███▌                                                    | 25/400 [00:14<06:23,  1.02s/it]
JAPE:   6%|███▋                                                    | 26/400 [00:15<05:24,  1.15it/s]
JAPE:   7%|███▊                                                    | 27/400 [00:15<04:43,  1.32it/s]
JAPE:   7%|███▉                                                    | 28/400 [00:16<04:14,  1.46it/s]
JAPE:   7%|████                                                    | 29/400 [00:16<03:53,  1.59it/s]
JAPE:   8%|████▏                                                   | 30/400 [00:17<03:39,  1.69it/s]
JAPE:   8%|████▎                                                   | 31/400 [00:17<03:29,  1.76it/s]
JAPE:   8%|████▍                                                   | 32/400 [00:18<03:22,  1.82it/s]
JAPE:   8%|████▌                                                   | 33/400 [00:18<03:16,  1.86it/s]
JAPE:   8%|████▊                                                   | 34/400 [00:19<03:12,  1.90it/s]
JAPE:   9%|████▉                                                   | 35/400 [00:19<03:10,  1.92it/s]
JAPE:   9%|█████                                                   | 36/400 [00:20<03:08,  1.94it/s]
JAPE:   9%|█████▏                                                  | 37/400 [00:20<03:06,  1.95it/s]
JAPE:  10%|█████▎                                                  | 38/400 [00:21<03:05,  1.95it/s]
JAPE:  10%|█████▍                                                  | 39/400 [00:21<03:04,  1.96it/s]
JAPE:  10%|█████▌                                                  | 40/400 [00:22<03:03,  1.96it/s]
JAPE:  10%|█████▋                                                  | 41/400 [00:22<03:02,  1.97it/s]
JAPE:  10%|█████▉                                                  | 42/400 [00:23<03:01,  1.97it/s]
JAPE:  11%|██████                                                  | 43/400 [00:23<03:01,  1.97it/s]
JAPE:  11%|██████▏                                                 | 44/400 [00:24<03:00,  1.97it/s]
JAPE:  11%|██████▎                                                 | 45/400 [00:24<02:59,  1.97it/s]
JAPE:  12%|██████▍                                                 | 46/400 [00:25<02:59,  1.97it/s]
JAPE:  12%|██████▌                                                 | 47/400 [00:25<02:59,  1.97it/s]
JAPE:  12%|██████▋                                                 | 48/400 [00:26<02:58,  1.97it/s]
JAPE:  12%|██████▊                                                 | 49/400 [00:26<02:57,  1.97it/s]06:19:13 | INFO    | epoch   50/400 | loss=0.0037
06:19:14 | INFO    |            [filtered] MRR=0.6263 Hit@1=0.4866 Hit@5=0.7980 Hit@10=0.8559 MR=89.1 n=18523
06:19:14 | INFO    |            [multiref] MRR=0.3864 Hit@1=0.2653 Hit@5=0.5027 Hit@10=0.6673 MR=72.2 n=1500

JAPE:  12%|███████                                                 | 50/400 [00:28<04:43,  1.24it/s]
JAPE:  13%|███████▏                                                | 51/400 [00:28<04:10,  1.39it/s]
JAPE:  13%|███████▎                                                | 52/400 [00:29<03:47,  1.53it/s]
JAPE:  13%|███████▍                                                | 53/400 [00:29<03:31,  1.64it/s]
JAPE:  14%|███████▌                                                | 54/400 [00:30<03:20,  1.73it/s]
JAPE:  14%|███████▋                                                | 55/400 [00:31<03:12,  1.79it/s]
JAPE:  14%|███████▊                                                | 56/400 [00:31<03:06,  1.84it/s]
JAPE:  14%|███████▉                                                | 57/400 [00:32<03:02,  1.88it/s]
JAPE:  14%|████████                                                | 58/400 [00:32<02:59,  1.91it/s]
JAPE:  15%|████████▎                                               | 59/400 [00:33<02:57,  1.93it/s]
JAPE:  15%|████████▍                                               | 60/400 [00:33<02:55,  1.94it/s]
JAPE:  15%|████████▌                                               | 61/400 [00:34<02:53,  1.95it/s]
JAPE:  16%|████████▋                                               | 62/400 [00:34<02:52,  1.96it/s]
JAPE:  16%|████████▊                                               | 63/400 [00:35<02:51,  1.96it/s]
JAPE:  16%|████████▉                                               | 64/400 [00:35<02:51,  1.96it/s]
JAPE:  16%|█████████                                               | 65/400 [00:36<02:50,  1.97it/s]
JAPE:  16%|█████████▏                                              | 66/400 [00:36<02:49,  1.97it/s]
JAPE:  17%|█████████▍                                              | 67/400 [00:37<02:49,  1.97it/s]
JAPE:  17%|█████████▌                                              | 68/400 [00:37<02:48,  1.97it/s]
JAPE:  17%|█████████▋                                              | 69/400 [00:38<02:47,  1.97it/s]
JAPE:  18%|█████████▊                                              | 70/400 [00:38<02:47,  1.97it/s]
JAPE:  18%|█████████▉                                              | 71/400 [00:39<02:46,  1.97it/s]
JAPE:  18%|██████████                                              | 72/400 [00:39<02:46,  1.98it/s]
JAPE:  18%|██████████▏                                             | 73/400 [00:40<02:45,  1.98it/s]
JAPE:  18%|██████████▎                                             | 74/400 [00:40<02:44,  1.98it/s]06:19:27 | INFO    | epoch   75/400 | loss=0.0036
06:19:28 | INFO    |            [filtered] MRR=0.6370 Hit@1=0.5009 Hit@5=0.8081 Hit@10=0.8603 MR=100.5 n=18523
06:19:28 | INFO    |            [multiref] MRR=0.3893 Hit@1=0.2693 Hit@5=0.5080 Hit@10=0.6840 MR=78.2 n=1500

JAPE:  19%|██████████▌                                             | 75/400 [00:42<04:23,  1.23it/s]
JAPE:  19%|██████████▋                                             | 76/400 [00:42<03:53,  1.39it/s]
JAPE:  19%|██████████▊                                             | 77/400 [00:43<03:31,  1.53it/s]
JAPE:  20%|██████████▉                                             | 78/400 [00:43<03:16,  1.64it/s]
JAPE:  20%|███████████                                             | 79/400 [00:44<03:05,  1.73it/s]
JAPE:  20%|███████████▏                                            | 80/400 [00:44<02:58,  1.80it/s]
JAPE:  20%|███████████▎                                            | 81/400 [00:45<02:52,  1.85it/s]
JAPE:  20%|███████████▍                                            | 82/400 [00:45<02:48,  1.89it/s]
JAPE:  21%|███████████▌                                            | 83/400 [00:46<02:45,  1.91it/s]
JAPE:  21%|███████████▊                                            | 84/400 [00:46<02:43,  1.93it/s]
JAPE:  21%|███████████▉                                            | 85/400 [00:47<02:41,  1.95it/s]
JAPE:  22%|████████████                                            | 86/400 [00:47<02:40,  1.96it/s]
JAPE:  22%|████████████▏                                           | 87/400 [00:48<02:39,  1.96it/s]
JAPE:  22%|████████████▎                                           | 88/400 [00:48<02:38,  1.97it/s]
JAPE:  22%|████████████▍                                           | 89/400 [00:49<02:37,  1.97it/s]
JAPE:  22%|████████████▌                                           | 90/400 [00:49<02:37,  1.97it/s]
JAPE:  23%|████████████▋                                           | 91/400 [00:50<02:36,  1.98it/s]
JAPE:  23%|████████████▉                                           | 92/400 [00:50<02:35,  1.98it/s]
JAPE:  23%|█████████████                                           | 93/400 [00:51<02:35,  1.98it/s]
JAPE:  24%|█████████████▏                                          | 94/400 [00:51<02:34,  1.98it/s]
JAPE:  24%|█████████████▎                                          | 95/400 [00:52<02:34,  1.98it/s]
JAPE:  24%|█████████████▍                                          | 96/400 [00:52<02:33,  1.98it/s]
JAPE:  24%|█████████████▌                                          | 97/400 [00:53<02:33,  1.98it/s]
JAPE:  24%|█████████████▋                                          | 98/400 [00:53<02:32,  1.98it/s]
JAPE:  25%|█████████████▊                                          | 99/400 [00:54<02:32,  1.98it/s]06:19:40 | INFO    | epoch  100/400 | loss=0.0036
06:19:41 | INFO    |            [filtered] MRR=0.6269 Hit@1=0.4889 Hit@5=0.7995 Hit@10=0.8575 MR=100.1 n=18523
06:19:41 | INFO    |            [multiref] MRR=0.3738 Hit@1=0.2527 Hit@5=0.4927 Hit@10=0.6640 MR=117.3 n=1500

JAPE:  25%|█████████████▊                                         | 100/400 [00:55<04:02,  1.24it/s]
JAPE:  25%|█████████████▉                                         | 101/400 [00:56<03:34,  1.39it/s]
JAPE:  26%|██████████████                                         | 102/400 [00:56<03:14,  1.53it/s]
JAPE:  26%|██████████████▏                                        | 103/400 [00:57<03:00,  1.64it/s]
JAPE:  26%|██████████████▎                                        | 104/400 [00:57<02:51,  1.73it/s]
JAPE:  26%|██████████████▍                                        | 105/400 [00:58<02:44,  1.80it/s]
JAPE:  26%|██████████████▌                                        | 106/400 [00:58<02:39,  1.85it/s]
JAPE:  27%|██████████████▋                                        | 107/400 [00:59<02:35,  1.89it/s]
JAPE:  27%|██████████████▊                                        | 108/400 [00:59<02:32,  1.91it/s]
JAPE:  27%|██████████████▉                                        | 109/400 [01:00<02:30,  1.93it/s]
JAPE:  28%|███████████████▏                                       | 110/400 [01:00<02:29,  1.95it/s]
JAPE:  28%|███████████████▎                                       | 111/400 [01:01<02:27,  1.96it/s]
JAPE:  28%|███████████████▍                                       | 112/400 [01:01<02:26,  1.96it/s]
JAPE:  28%|███████████████▌                                       | 113/400 [01:02<02:25,  1.97it/s]
JAPE:  28%|███████████████▋                                       | 114/400 [01:02<02:25,  1.97it/s]
JAPE:  29%|███████████████▊                                       | 115/400 [01:03<02:24,  1.97it/s]
JAPE:  29%|███████████████▉                                       | 116/400 [01:03<02:23,  1.97it/s]
JAPE:  29%|████████████████                                       | 117/400 [01:04<02:23,  1.98it/s]
JAPE:  30%|████████████████▏                                      | 118/400 [01:04<02:22,  1.98it/s]
JAPE:  30%|████████████████▎                                      | 119/400 [01:05<02:22,  1.98it/s]
JAPE:  30%|████████████████▌                                      | 120/400 [01:05<02:21,  1.98it/s]
JAPE:  30%|████████████████▋                                      | 121/400 [01:06<02:21,  1.98it/s]
JAPE:  30%|████████████████▊                                      | 122/400 [01:06<02:20,  1.98it/s]
JAPE:  31%|████████████████▉                                      | 123/400 [01:07<02:20,  1.98it/s]
JAPE:  31%|█████████████████                                      | 124/400 [01:07<02:19,  1.98it/s]06:19:54 | INFO    | epoch  125/400 | loss=0.0035
06:19:55 | INFO    |            [filtered] MRR=0.6250 Hit@1=0.4836 Hit@5=0.8023 Hit@10=0.8624 MR=115.2 n=18523
06:19:55 | INFO    |            [multiref] MRR=0.3815 Hit@1=0.2600 Hit@5=0.5067 Hit@10=0.6547 MR=92.5 n=1500

JAPE:  31%|█████████████████▏                                     | 125/400 [01:09<03:44,  1.22it/s]
JAPE:  32%|█████████████████▎                                     | 126/400 [01:09<03:18,  1.38it/s]
JAPE:  32%|█████████████████▍                                     | 127/400 [01:10<02:59,  1.52it/s]
JAPE:  32%|█████████████████▌                                     | 128/400 [01:10<02:46,  1.63it/s]
JAPE:  32%|█████████████████▋                                     | 129/400 [01:11<02:37,  1.72it/s]
JAPE:  32%|█████████████████▉                                     | 130/400 [01:12<02:30,  1.79it/s]
JAPE:  33%|██████████████████                                     | 131/400 [01:12<02:25,  1.84it/s]
JAPE:  33%|██████████████████▏                                    | 132/400 [01:13<02:22,  1.88it/s]
JAPE:  33%|██████████████████▎                                    | 133/400 [01:13<02:19,  1.91it/s]
JAPE:  34%|██████████████████▍                                    | 134/400 [01:14<02:17,  1.93it/s]
JAPE:  34%|██████████████████▌                                    | 135/400 [01:14<02:16,  1.94it/s]
JAPE:  34%|██████████████████▋                                    | 136/400 [01:15<02:15,  1.95it/s]
JAPE:  34%|██████████████████▊                                    | 137/400 [01:15<02:14,  1.96it/s]
JAPE:  34%|██████████████████▉                                    | 138/400 [01:16<02:13,  1.97it/s]
JAPE:  35%|███████████████████                                    | 139/400 [01:16<02:12,  1.97it/s]
JAPE:  35%|███████████████████▎                                   | 140/400 [01:17<02:11,  1.97it/s]
JAPE:  35%|███████████████████▍                                   | 141/400 [01:17<02:11,  1.97it/s]
JAPE:  36%|███████████████████▌                                   | 142/400 [01:18<02:10,  1.97it/s]
JAPE:  36%|███████████████████▋                                   | 143/400 [01:18<02:10,  1.98it/s]
JAPE:  36%|███████████████████▊                                   | 144/400 [01:19<02:09,  1.98it/s]
JAPE:  36%|███████████████████▉                                   | 145/400 [01:19<02:09,  1.98it/s]
JAPE:  36%|████████████████████                                   | 146/400 [01:20<02:08,  1.98it/s]
JAPE:  37%|████████████████████▏                                  | 147/400 [01:20<02:07,  1.98it/s]
JAPE:  37%|████████████████████▎                                  | 148/400 [01:21<02:07,  1.98it/s]
JAPE:  37%|████████████████████▍                                  | 149/400 [01:21<02:06,  1.98it/s]06:20:08 | INFO    | epoch  150/400 | loss=0.0034
06:20:08 | INFO    |            [filtered] MRR=0.6232 Hit@1=0.4785 Hit@5=0.8037 Hit@10=0.8578 MR=100.8 n=18523
06:20:08 | INFO    |            [multiref] MRR=0.3772 Hit@1=0.2533 Hit@5=0.4953 Hit@10=0.6633 MR=99.0 n=1500

JAPE:  38%|████████████████████▋                                  | 150/400 [01:23<03:21,  1.24it/s]
JAPE:  38%|████████████████████▊                                  | 151/400 [01:23<02:58,  1.40it/s]
JAPE:  38%|████████████████████▉                                  | 152/400 [01:24<02:41,  1.53it/s]
JAPE:  38%|█████████████████████                                  | 153/400 [01:24<02:30,  1.64it/s]
JAPE:  38%|█████████████████████▏                                 | 154/400 [01:25<02:22,  1.73it/s]
JAPE:  39%|█████████████████████▎                                 | 155/400 [01:25<02:16,  1.80it/s]
JAPE:  39%|█████████████████████▍                                 | 156/400 [01:26<02:12,  1.85it/s]
JAPE:  39%|█████████████████████▌                                 | 157/400 [01:26<02:08,  1.89it/s]
JAPE:  40%|█████████████████████▋                                 | 158/400 [01:27<02:06,  1.91it/s]
JAPE:  40%|█████████████████████▊                                 | 159/400 [01:27<02:04,  1.93it/s]
JAPE:  40%|██████████████████████                                 | 160/400 [01:28<02:03,  1.94it/s]
JAPE:  40%|██████████████████████▏                                | 161/400 [01:28<02:02,  1.95it/s]
JAPE:  40%|██████████████████████▎                                | 162/400 [01:29<02:01,  1.96it/s]
JAPE:  41%|██████████████████████▍                                | 163/400 [01:29<02:00,  1.97it/s]
JAPE:  41%|██████████████████████▌                                | 164/400 [01:30<01:59,  1.97it/s]
JAPE:  41%|██████████████████████▋                                | 165/400 [01:30<01:59,  1.97it/s]
JAPE:  42%|██████████████████████▊                                | 166/400 [01:31<01:58,  1.97it/s]
JAPE:  42%|██████████████████████▉                                | 167/400 [01:31<01:57,  1.97it/s]
JAPE:  42%|███████████████████████                                | 168/400 [01:32<01:57,  1.98it/s]
JAPE:  42%|███████████████████████▏                               | 169/400 [01:32<01:56,  1.98it/s]
JAPE:  42%|███████████████████████▍                               | 170/400 [01:33<01:56,  1.98it/s]
JAPE:  43%|███████████████████████▌                               | 171/400 [01:33<01:55,  1.98it/s]
JAPE:  43%|███████████████████████▋                               | 172/400 [01:34<01:55,  1.98it/s]
JAPE:  43%|███████████████████████▊                               | 173/400 [01:34<01:54,  1.98it/s]
JAPE:  44%|███████████████████████▉                               | 174/400 [01:35<01:54,  1.98it/s]06:20:21 | INFO    | epoch  175/400 | loss=0.0033
06:20:22 | INFO    |            [filtered] MRR=0.6250 Hit@1=0.4837 Hit@5=0.8038 Hit@10=0.8616 MR=111.9 n=18523
06:20:22 | INFO    |            [multiref] MRR=0.3809 Hit@1=0.2653 Hit@5=0.4953 Hit@10=0.6713 MR=91.5 n=1500

JAPE:  44%|████████████████████████                               | 175/400 [01:36<03:01,  1.24it/s]
JAPE:  44%|████████████████████████▏                              | 176/400 [01:37<02:40,  1.39it/s]
JAPE:  44%|████████████████████████▎                              | 177/400 [01:37<02:25,  1.53it/s]
JAPE:  44%|████████████████████████▍                              | 178/400 [01:38<02:15,  1.64it/s]
JAPE:  45%|████████████████████████▌                              | 179/400 [01:38<02:07,  1.73it/s]
JAPE:  45%|████████████████████████▊                              | 180/400 [01:39<02:02,  1.80it/s]
JAPE:  45%|████████████████████████▉                              | 181/400 [01:39<01:58,  1.85it/s]
JAPE:  46%|█████████████████████████                              | 182/400 [01:40<01:55,  1.88it/s]
JAPE:  46%|█████████████████████████▏                             | 183/400 [01:40<01:53,  1.91it/s]
JAPE:  46%|█████████████████████████▎                             | 184/400 [01:41<01:51,  1.93it/s]
JAPE:  46%|█████████████████████████▍                             | 185/400 [01:41<01:50,  1.94it/s]
JAPE:  46%|█████████████████████████▌                             | 186/400 [01:42<01:49,  1.95it/s]
JAPE:  47%|█████████████████████████▋                             | 187/400 [01:42<01:48,  1.96it/s]
JAPE:  47%|█████████████████████████▊                             | 188/400 [01:43<01:48,  1.96it/s]
JAPE:  47%|█████████████████████████▉                             | 189/400 [01:43<01:47,  1.97it/s]
JAPE:  48%|██████████████████████████▏                            | 190/400 [01:44<01:46,  1.97it/s]
JAPE:  48%|██████████████████████████▎                            | 191/400 [01:44<01:46,  1.97it/s]
JAPE:  48%|██████████████████████████▍                            | 192/400 [01:45<01:45,  1.97it/s]
JAPE:  48%|██████████████████████████▌                            | 193/400 [01:45<01:44,  1.97it/s]
JAPE:  48%|██████████████████████████▋                            | 194/400 [01:46<01:44,  1.97it/s]
JAPE:  49%|██████████████████████████▊                            | 195/400 [01:46<01:43,  1.98it/s]
JAPE:  49%|██████████████████████████▉                            | 196/400 [01:47<01:43,  1.98it/s]
JAPE:  49%|███████████████████████████                            | 197/400 [01:47<01:42,  1.98it/s]
JAPE:  50%|███████████████████████████▏                           | 198/400 [01:48<01:42,  1.98it/s]
JAPE:  50%|███████████████████████████▎                           | 199/400 [01:48<01:41,  1.98it/s]06:20:35 | INFO    | epoch  200/400 | loss=0.0033
06:20:36 | INFO    |            [filtered] MRR=0.6295 Hit@1=0.4912 Hit@5=0.8040 Hit@10=0.8598 MR=111.8 n=18523
06:20:36 | INFO    |            [multiref] MRR=0.3801 Hit@1=0.2607 Hit@5=0.5020 Hit@10=0.6713 MR=102.9 n=1500

JAPE:  50%|███████████████████████████▌                           | 200/400 [01:50<02:43,  1.23it/s]
JAPE:  50%|███████████████████████████▋                           | 201/400 [01:50<02:23,  1.38it/s]
JAPE:  50%|███████████████████████████▊                           | 202/400 [01:51<02:10,  1.52it/s]
JAPE:  51%|███████████████████████████▉                           | 203/400 [01:51<02:00,  1.63it/s]
JAPE:  51%|████████████████████████████                           | 204/400 [01:52<01:53,  1.72it/s]
JAPE:  51%|████████████████████████████▏                          | 205/400 [01:52<01:48,  1.79it/s]
JAPE:  52%|████████████████████████████▎                          | 206/400 [01:53<01:45,  1.84it/s]
JAPE:  52%|████████████████████████████▍                          | 207/400 [01:53<01:42,  1.88it/s]
JAPE:  52%|████████████████████████████▌                          | 208/400 [01:54<01:40,  1.91it/s]
JAPE:  52%|████████████████████████████▋                          | 209/400 [01:55<01:39,  1.93it/s]
JAPE:  52%|████████████████████████████▉                          | 210/400 [01:55<01:37,  1.94it/s]
JAPE:  53%|█████████████████████████████                          | 211/400 [01:56<01:36,  1.95it/s]
JAPE:  53%|█████████████████████████████▏                         | 212/400 [01:56<01:35,  1.96it/s]
JAPE:  53%|█████████████████████████████▎                         | 213/400 [01:57<01:35,  1.96it/s]
JAPE:  54%|█████████████████████████████▍                         | 214/400 [01:57<01:34,  1.97it/s]
JAPE:  54%|█████████████████████████████▌                         | 215/400 [01:58<01:33,  1.97it/s]
JAPE:  54%|█████████████████████████████▋                         | 216/400 [01:58<01:33,  1.97it/s]
JAPE:  54%|█████████████████████████████▊                         | 217/400 [01:59<01:32,  1.97it/s]
JAPE:  55%|█████████████████████████████▉                         | 218/400 [01:59<01:32,  1.97it/s]
JAPE:  55%|██████████████████████████████                         | 219/400 [02:00<01:31,  1.97it/s]
JAPE:  55%|██████████████████████████████▎                        | 220/400 [02:00<01:31,  1.97it/s]
JAPE:  55%|██████████████████████████████▍                        | 221/400 [02:01<01:30,  1.97it/s]
JAPE:  56%|██████████████████████████████▌                        | 222/400 [02:01<01:30,  1.97it/s]
JAPE:  56%|██████████████████████████████▋                        | 223/400 [02:02<01:29,  1.97it/s]
JAPE:  56%|██████████████████████████████▊                        | 224/400 [02:02<01:29,  1.98it/s]06:20:49 | INFO    | epoch  225/400 | loss=0.0032
06:20:49 | INFO    |            [filtered] MRR=0.6223 Hit@1=0.4775 Hit@5=0.8029 Hit@10=0.8607 MR=126.8 n=18523
06:20:49 | INFO    |            [multiref] MRR=0.3833 Hit@1=0.2687 Hit@5=0.4927 Hit@10=0.6600 MR=86.8 n=1500

JAPE:  56%|██████████████████████████████▉                        | 225/400 [02:04<02:21,  1.24it/s]
JAPE:  56%|███████████████████████████████                        | 226/400 [02:04<02:04,  1.39it/s]
JAPE:  57%|███████████████████████████████▏                       | 227/400 [02:05<01:53,  1.53it/s]
JAPE:  57%|███████████████████████████████▎                       | 228/400 [02:05<01:44,  1.64it/s]
JAPE:  57%|███████████████████████████████▍                       | 229/400 [02:06<01:38,  1.73it/s]
JAPE:  57%|███████████████████████████████▌                       | 230/400 [02:06<01:34,  1.80it/s]
JAPE:  58%|███████████████████████████████▊                       | 231/400 [02:07<01:31,  1.85it/s]
JAPE:  58%|███████████████████████████████▉                       | 232/400 [02:07<01:29,  1.88it/s]
JAPE:  58%|████████████████████████████████                       | 233/400 [02:08<01:27,  1.91it/s]
JAPE:  58%|████████████████████████████████▏                      | 234/400 [02:08<01:26,  1.93it/s]
JAPE:  59%|████████████████████████████████▎                      | 235/400 [02:09<01:24,  1.94it/s]
JAPE:  59%|████████████████████████████████▍                      | 236/400 [02:09<01:23,  1.95it/s]
JAPE:  59%|████████████████████████████████▌                      | 237/400 [02:10<01:23,  1.96it/s]
JAPE:  60%|████████████████████████████████▋                      | 238/400 [02:10<01:22,  1.96it/s]
JAPE:  60%|████████████████████████████████▊                      | 239/400 [02:11<01:21,  1.97it/s]
JAPE:  60%|█████████████████████████████████                      | 240/400 [02:11<01:21,  1.97it/s]
JAPE:  60%|█████████████████████████████████▏                     | 241/400 [02:12<01:20,  1.97it/s]
JAPE:  60%|█████████████████████████████████▎                     | 242/400 [02:12<01:20,  1.97it/s]
JAPE:  61%|█████████████████████████████████▍                     | 243/400 [02:13<01:19,  1.97it/s]
JAPE:  61%|█████████████████████████████████▌                     | 244/400 [02:13<01:18,  1.97it/s]
JAPE:  61%|█████████████████████████████████▋                     | 245/400 [02:14<01:18,  1.98it/s]
JAPE:  62%|█████████████████████████████████▊                     | 246/400 [02:14<01:17,  1.98it/s]
JAPE:  62%|█████████████████████████████████▉                     | 247/400 [02:15<01:17,  1.98it/s]
JAPE:  62%|██████████████████████████████████                     | 248/400 [02:15<01:16,  1.98it/s]
JAPE:  62%|██████████████████████████████████▏                    | 249/400 [02:16<01:16,  1.98it/s]06:21:02 | INFO    | epoch  250/400 | loss=0.0032
06:21:03 | INFO    |            [filtered] MRR=0.6252 Hit@1=0.4863 Hit@5=0.7984 Hit@10=0.8586 MR=133.3 n=18523
06:21:03 | INFO    |            [multiref] MRR=0.3879 Hit@1=0.2647 Hit@5=0.5180 Hit@10=0.6753 MR=134.3 n=1500

JAPE:  62%|██████████████████████████████████▍                    | 250/400 [02:17<02:01,  1.24it/s]
JAPE:  63%|██████████████████████████████████▌                    | 251/400 [02:18<01:46,  1.40it/s]
JAPE:  63%|██████████████████████████████████▋                    | 252/400 [02:18<01:36,  1.53it/s]
JAPE:  63%|██████████████████████████████████▊                    | 253/400 [02:19<01:29,  1.64it/s]
JAPE:  64%|██████████████████████████████████▉                    | 254/400 [02:19<01:24,  1.73it/s]
JAPE:  64%|███████████████████████████████████                    | 255/400 [02:20<01:20,  1.80it/s]
JAPE:  64%|███████████████████████████████████▏                   | 256/400 [02:20<01:17,  1.85it/s]
JAPE:  64%|███████████████████████████████████▎                   | 257/400 [02:21<01:15,  1.88it/s]
JAPE:  64%|███████████████████████████████████▍                   | 258/400 [02:21<01:14,  1.91it/s]
JAPE:  65%|███████████████████████████████████▌                   | 259/400 [02:22<01:13,  1.92it/s]
JAPE:  65%|███████████████████████████████████▊                   | 260/400 [02:22<01:12,  1.93it/s]
JAPE:  65%|███████████████████████████████████▉                   | 261/400 [02:23<01:11,  1.95it/s]
JAPE:  66%|████████████████████████████████████                   | 262/400 [02:23<01:10,  1.95it/s]
JAPE:  66%|████████████████████████████████████▏                  | 263/400 [02:24<01:09,  1.96it/s]
JAPE:  66%|████████████████████████████████████▎                  | 264/400 [02:24<01:09,  1.96it/s]
JAPE:  66%|████████████████████████████████████▍                  | 265/400 [02:25<01:08,  1.97it/s]
JAPE:  66%|████████████████████████████████████▌                  | 266/400 [02:25<01:08,  1.97it/s]
JAPE:  67%|████████████████████████████████████▋                  | 267/400 [02:26<01:07,  1.97it/s]
JAPE:  67%|████████████████████████████████████▊                  | 268/400 [02:26<01:06,  1.97it/s]
JAPE:  67%|████████████████████████████████████▉                  | 269/400 [02:27<01:06,  1.97it/s]
JAPE:  68%|█████████████████████████████████████▏                 | 270/400 [02:27<01:05,  1.97it/s]
JAPE:  68%|█████████████████████████████████████▎                 | 271/400 [02:28<01:05,  1.98it/s]
JAPE:  68%|█████████████████████████████████████▍                 | 272/400 [02:28<01:04,  1.97it/s]
JAPE:  68%|█████████████████████████████████████▌                 | 273/400 [02:29<01:04,  1.98it/s]
JAPE:  68%|█████████████████████████████████████▋                 | 274/400 [02:29<01:03,  1.97it/s]06:21:16 | INFO    | epoch  275/400 | loss=0.0031
06:21:17 | INFO    |            [filtered] MRR=0.6226 Hit@1=0.4822 Hit@5=0.7972 Hit@10=0.8604 MR=115.2 n=18523
06:21:17 | INFO    |            [multiref] MRR=0.3824 Hit@1=0.2620 Hit@5=0.4973 Hit@10=0.6633 MR=99.6 n=1500

JAPE:  69%|█████████████████████████████████████▊                 | 275/400 [02:31<01:40,  1.25it/s]
JAPE:  69%|█████████████████████████████████████▉                 | 276/400 [02:31<01:28,  1.40it/s]
JAPE:  69%|██████████████████████████████████████                 | 277/400 [02:32<01:19,  1.54it/s]
JAPE:  70%|██████████████████████████████████████▏                | 278/400 [02:32<01:14,  1.65it/s]
JAPE:  70%|██████████████████████████████████████▎                | 279/400 [02:33<01:09,  1.73it/s]
JAPE:  70%|██████████████████████████████████████▌                | 280/400 [02:33<01:06,  1.80it/s]
JAPE:  70%|██████████████████████████████████████▋                | 281/400 [02:34<01:04,  1.85it/s]
JAPE:  70%|██████████████████████████████████████▊                | 282/400 [02:34<01:02,  1.89it/s]
JAPE:  71%|██████████████████████████████████████▉                | 283/400 [02:35<01:01,  1.91it/s]
JAPE:  71%|███████████████████████████████████████                | 284/400 [02:35<01:00,  1.93it/s]
JAPE:  71%|███████████████████████████████████████▏               | 285/400 [02:36<00:59,  1.94it/s]
JAPE:  72%|███████████████████████████████████████▎               | 286/400 [02:36<00:58,  1.95it/s]
JAPE:  72%|███████████████████████████████████████▍               | 287/400 [02:37<00:57,  1.96it/s]
JAPE:  72%|███████████████████████████████████████▌               | 288/400 [02:38<00:57,  1.96it/s]
JAPE:  72%|███████████████████████████████████████▋               | 289/400 [02:38<00:56,  1.97it/s]
JAPE:  72%|███████████████████████████████████████▉               | 290/400 [02:39<00:55,  1.97it/s]
JAPE:  73%|████████████████████████████████████████               | 291/400 [02:39<00:55,  1.97it/s]
JAPE:  73%|████████████████████████████████████████▏              | 292/400 [02:40<00:54,  1.97it/s]
JAPE:  73%|████████████████████████████████████████▎              | 293/400 [02:40<00:54,  1.97it/s]
JAPE:  74%|████████████████████████████████████████▍              | 294/400 [02:41<00:53,  1.97it/s]
JAPE:  74%|████████████████████████████████████████▌              | 295/400 [02:41<00:53,  1.97it/s]
JAPE:  74%|████████████████████████████████████████▋              | 296/400 [02:42<00:52,  1.98it/s]
JAPE:  74%|████████████████████████████████████████▊              | 297/400 [02:42<00:52,  1.98it/s]
JAPE:  74%|████████████████████████████████████████▉              | 298/400 [02:43<00:51,  1.98it/s]
JAPE:  75%|█████████████████████████████████████████              | 299/400 [02:43<00:51,  1.98it/s]06:21:30 | INFO    | epoch  300/400 | loss=0.0030
06:21:30 | INFO    |            [filtered] MRR=0.6146 Hit@1=0.4695 Hit@5=0.7997 Hit@10=0.8580 MR=116.8 n=18523
06:21:30 | INFO    |            [multiref] MRR=0.3857 Hit@1=0.2627 Hit@5=0.5033 Hit@10=0.6707 MR=109.5 n=1500

JAPE:  75%|█████████████████████████████████████████▎             | 300/400 [02:45<01:20,  1.24it/s]
JAPE:  75%|█████████████████████████████████████████▍             | 301/400 [02:45<01:10,  1.39it/s]
JAPE:  76%|█████████████████████████████████████████▌             | 302/400 [02:46<01:04,  1.53it/s]
JAPE:  76%|█████████████████████████████████████████▋             | 303/400 [02:46<00:59,  1.64it/s]
JAPE:  76%|█████████████████████████████████████████▊             | 304/400 [02:47<00:55,  1.73it/s]
JAPE:  76%|█████████████████████████████████████████▉             | 305/400 [02:47<00:52,  1.80it/s]
JAPE:  76%|██████████████████████████████████████████             | 306/400 [02:48<00:50,  1.85it/s]
JAPE:  77%|██████████████████████████████████████████▏            | 307/400 [02:48<00:49,  1.88it/s]
JAPE:  77%|██████████████████████████████████████████▎            | 308/400 [02:49<00:48,  1.91it/s]
JAPE:  77%|██████████████████████████████████████████▍            | 309/400 [02:49<00:47,  1.93it/s]
JAPE:  78%|██████████████████████████████████████████▋            | 310/400 [02:50<00:46,  1.94it/s]
JAPE:  78%|██████████████████████████████████████████▊            | 311/400 [02:50<00:45,  1.95it/s]
JAPE:  78%|██████████████████████████████████████████▉            | 312/400 [02:51<00:44,  1.96it/s]
JAPE:  78%|███████████████████████████████████████████            | 313/400 [02:51<00:44,  1.96it/s]
JAPE:  78%|███████████████████████████████████████████▏           | 314/400 [02:52<00:43,  1.97it/s]
JAPE:  79%|███████████████████████████████████████████▎           | 315/400 [02:52<00:43,  1.97it/s]
JAPE:  79%|███████████████████████████████████████████▍           | 316/400 [02:53<00:42,  1.97it/s]
JAPE:  79%|███████████████████████████████████████████▌           | 317/400 [02:53<00:42,  1.97it/s]
JAPE:  80%|███████████████████████████████████████████▋           | 318/400 [02:54<00:41,  1.97it/s]
JAPE:  80%|███████████████████████████████████████████▊           | 319/400 [02:54<00:41,  1.97it/s]
JAPE:  80%|████████████████████████████████████████████           | 320/400 [02:55<00:40,  1.97it/s]
JAPE:  80%|████████████████████████████████████████████▏          | 321/400 [02:55<00:40,  1.97it/s]
JAPE:  80%|████████████████████████████████████████████▎          | 322/400 [02:56<00:39,  1.97it/s]
JAPE:  81%|████████████████████████████████████████████▍          | 323/400 [02:56<00:39,  1.97it/s]
JAPE:  81%|████████████████████████████████████████████▌          | 324/400 [02:57<00:38,  1.97it/s]06:21:43 | INFO    | epoch  325/400 | loss=0.0031
06:21:44 | INFO    |            [filtered] MRR=0.6188 Hit@1=0.4756 Hit@5=0.7946 Hit@10=0.8581 MR=126.3 n=18523
06:21:44 | INFO    |            [multiref] MRR=0.3905 Hit@1=0.2733 Hit@5=0.5000 Hit@10=0.6580 MR=143.7 n=1500
06:21:44 | INFO    |            -> new best multiref MRR=0.3905 (saved model_best.pt)

JAPE:  81%|████████████████████████████████████████████▋          | 325/400 [02:59<01:07,  1.12it/s]
JAPE:  82%|████████████████████████████████████████████▊          | 326/400 [02:59<00:57,  1.29it/s]
JAPE:  82%|████████████████████████████████████████████▉          | 327/400 [03:00<00:50,  1.44it/s]
JAPE:  82%|█████████████████████████████████████████████          | 328/400 [03:00<00:46,  1.56it/s]
JAPE:  82%|█████████████████████████████████████████████▏         | 329/400 [03:01<00:42,  1.67it/s]
JAPE:  82%|█████████████████████████████████████████████▍         | 330/400 [03:01<00:39,  1.75it/s]
JAPE:  83%|█████████████████████████████████████████████▌         | 331/400 [03:02<00:38,  1.81it/s]
JAPE:  83%|█████████████████████████████████████████████▋         | 332/400 [03:02<00:36,  1.86it/s]
JAPE:  83%|█████████████████████████████████████████████▊         | 333/400 [03:03<00:35,  1.89it/s]
JAPE:  84%|█████████████████████████████████████████████▉         | 334/400 [03:03<00:34,  1.92it/s]
JAPE:  84%|██████████████████████████████████████████████         | 335/400 [03:04<00:33,  1.93it/s]
JAPE:  84%|██████████████████████████████████████████████▏        | 336/400 [03:04<00:32,  1.95it/s]
JAPE:  84%|██████████████████████████████████████████████▎        | 337/400 [03:05<00:32,  1.95it/s]
JAPE:  84%|██████████████████████████████████████████████▍        | 338/400 [03:05<00:31,  1.96it/s]
JAPE:  85%|██████████████████████████████████████████████▌        | 339/400 [03:06<00:31,  1.96it/s]
JAPE:  85%|██████████████████████████████████████████████▊        | 340/400 [03:06<00:30,  1.97it/s]
JAPE:  85%|██████████████████████████████████████████████▉        | 341/400 [03:07<00:29,  1.97it/s]
JAPE:  86%|███████████████████████████████████████████████        | 342/400 [03:07<00:29,  1.97it/s]
JAPE:  86%|███████████████████████████████████████████████▏       | 343/400 [03:08<00:28,  1.97it/s]
JAPE:  86%|███████████████████████████████████████████████▎       | 344/400 [03:08<00:28,  1.97it/s]
JAPE:  86%|███████████████████████████████████████████████▍       | 345/400 [03:09<00:27,  1.97it/s]
JAPE:  86%|███████████████████████████████████████████████▌       | 346/400 [03:09<00:27,  1.97it/s]
JAPE:  87%|███████████████████████████████████████████████▋       | 347/400 [03:10<00:26,  1.97it/s]
JAPE:  87%|███████████████████████████████████████████████▊       | 348/400 [03:10<00:26,  1.97it/s]
JAPE:  87%|███████████████████████████████████████████████▉       | 349/400 [03:11<00:25,  1.97it/s]06:21:57 | INFO    | epoch  350/400 | loss=0.0031
06:21:58 | INFO    |            [filtered] MRR=0.6213 Hit@1=0.4772 Hit@5=0.8017 Hit@10=0.8636 MR=138.0 n=18523
06:21:58 | INFO    |            [multiref] MRR=0.3847 Hit@1=0.2653 Hit@5=0.4967 Hit@10=0.6660 MR=111.3 n=1500

JAPE:  88%|████████████████████████████████████████████████▏      | 350/400 [03:12<00:40,  1.24it/s]
JAPE:  88%|████████████████████████████████████████████████▎      | 351/400 [03:13<00:35,  1.39it/s]
JAPE:  88%|████████████████████████████████████████████████▍      | 352/400 [03:13<00:31,  1.53it/s]
JAPE:  88%|████████████████████████████████████████████████▌      | 353/400 [03:14<00:28,  1.64it/s]
JAPE:  88%|████████████████████████████████████████████████▋      | 354/400 [03:14<00:26,  1.73it/s]
JAPE:  89%|████████████████████████████████████████████████▊      | 355/400 [03:15<00:25,  1.80it/s]
JAPE:  89%|████████████████████████████████████████████████▉      | 356/400 [03:15<00:23,  1.85it/s]
JAPE:  89%|█████████████████████████████████████████████████      | 357/400 [03:16<00:22,  1.88it/s]
JAPE:  90%|█████████████████████████████████████████████████▏     | 358/400 [03:16<00:21,  1.91it/s]
JAPE:  90%|█████████████████████████████████████████████████▎     | 359/400 [03:17<00:21,  1.93it/s]
JAPE:  90%|█████████████████████████████████████████████████▌     | 360/400 [03:17<00:20,  1.94it/s]
JAPE:  90%|█████████████████████████████████████████████████▋     | 361/400 [03:18<00:19,  1.95it/s]
JAPE:  90%|█████████████████████████████████████████████████▊     | 362/400 [03:18<00:19,  1.96it/s]
JAPE:  91%|█████████████████████████████████████████████████▉     | 363/400 [03:19<00:18,  1.96it/s]
JAPE:  91%|██████████████████████████████████████████████████     | 364/400 [03:19<00:18,  1.97it/s]
JAPE:  91%|██████████████████████████████████████████████████▏    | 365/400 [03:20<00:17,  1.97it/s]
JAPE:  92%|██████████████████████████████████████████████████▎    | 366/400 [03:20<00:17,  1.97it/s]
JAPE:  92%|██████████████████████████████████████████████████▍    | 367/400 [03:21<00:16,  1.97it/s]
JAPE:  92%|██████████████████████████████████████████████████▌    | 368/400 [03:21<00:16,  1.97it/s]
JAPE:  92%|██████████████████████████████████████████████████▋    | 369/400 [03:22<00:15,  1.97it/s]
JAPE:  92%|██████████████████████████████████████████████████▉    | 370/400 [03:22<00:15,  1.97it/s]
JAPE:  93%|███████████████████████████████████████████████████    | 371/400 [03:23<00:14,  1.97it/s]
JAPE:  93%|███████████████████████████████████████████████████▏   | 372/400 [03:23<00:14,  1.97it/s]
JAPE:  93%|███████████████████████████████████████████████████▎   | 373/400 [03:24<00:13,  1.97it/s]
JAPE:  94%|███████████████████████████████████████████████████▍   | 374/400 [03:24<00:13,  1.97it/s]06:22:11 | INFO    | epoch  375/400 | loss=0.0031
06:22:12 | INFO    |            [filtered] MRR=0.6183 Hit@1=0.4717 Hit@5=0.8026 Hit@10=0.8630 MR=131.6 n=18523
06:22:12 | INFO    |            [multiref] MRR=0.3846 Hit@1=0.2653 Hit@5=0.4967 Hit@10=0.6800 MR=110.5 n=1500

JAPE:  94%|███████████████████████████████████████████████████▌   | 375/400 [03:26<00:20,  1.24it/s]
JAPE:  94%|███████████████████████████████████████████████████▋   | 376/400 [03:26<00:17,  1.40it/s]
JAPE:  94%|███████████████████████████████████████████████████▊   | 377/400 [03:27<00:15,  1.53it/s]
JAPE:  94%|███████████████████████████████████████████████████▉   | 378/400 [03:27<00:13,  1.64it/s]
JAPE:  95%|████████████████████████████████████████████████████   | 379/400 [03:28<00:12,  1.73it/s]
JAPE:  95%|████████████████████████████████████████████████████▎  | 380/400 [03:28<00:11,  1.80it/s]
JAPE:  95%|████████████████████████████████████████████████████▍  | 381/400 [03:29<00:10,  1.85it/s]
JAPE:  96%|████████████████████████████████████████████████████▌  | 382/400 [03:29<00:09,  1.88it/s]
JAPE:  96%|████████████████████████████████████████████████████▋  | 383/400 [03:30<00:08,  1.91it/s]
JAPE:  96%|████████████████████████████████████████████████████▊  | 384/400 [03:30<00:08,  1.93it/s]
JAPE:  96%|████████████████████████████████████████████████████▉  | 385/400 [03:31<00:07,  1.94it/s]
JAPE:  96%|█████████████████████████████████████████████████████  | 386/400 [03:31<00:07,  1.95it/s]
JAPE:  97%|█████████████████████████████████████████████████████▏ | 387/400 [03:32<00:06,  1.96it/s]
JAPE:  97%|█████████████████████████████████████████████████████▎ | 388/400 [03:32<00:06,  1.96it/s]
JAPE:  97%|█████████████████████████████████████████████████████▍ | 389/400 [03:33<00:05,  1.97it/s]
JAPE:  98%|█████████████████████████████████████████████████████▋ | 390/400 [03:33<00:05,  1.97it/s]
JAPE:  98%|█████████████████████████████████████████████████████▊ | 391/400 [03:34<00:04,  1.97it/s]
JAPE:  98%|█████████████████████████████████████████████████████▉ | 392/400 [03:34<00:04,  1.97it/s]
JAPE:  98%|██████████████████████████████████████████████████████ | 393/400 [03:35<00:03,  1.97it/s]
JAPE:  98%|██████████████████████████████████████████████████████▏| 394/400 [03:35<00:03,  1.97it/s]
JAPE:  99%|██████████████████████████████████████████████████████▎| 395/400 [03:36<00:02,  1.97it/s]
JAPE:  99%|██████████████████████████████████████████████████████▍| 396/400 [03:36<00:02,  1.97it/s]
JAPE:  99%|██████████████████████████████████████████████████████▌| 397/400 [03:37<00:01,  1.97it/s]
JAPE: 100%|██████████████████████████████████████████████████████▋| 398/400 [03:37<00:01,  1.97it/s]
JAPE: 100%|██████████████████████████████████████████████████████▊| 399/400 [03:38<00:00,  1.97it/s]06:22:24 | INFO    | epoch  400/400 | loss=0.0030
06:22:25 | INFO    |            [filtered] MRR=0.6138 Hit@1=0.4662 Hit@5=0.7973 Hit@10=0.8616 MR=138.0 n=18523
06:22:25 | INFO    |            [multiref] MRR=0.3869 Hit@1=0.2687 Hit@5=0.4887 Hit@10=0.6720 MR=120.5 n=1500

JAPE: 100%|███████████████████████████████████████████████████████| 400/400 [03:40<00:00,  1.23it/s]
JAPE: 100%|███████████████████████████████████████████████████████| 400/400 [03:40<00:00,  1.82it/s]
06:22:26 | INFO    | Done in 3.7 min. Best multiref MRR=0.3905 @ epoch 325.
06:22:26 | INFO    | Final evaluation on the test split, read once
06:22:36 | INFO    |   [cosine] filtMRR=0.5891 H@1=0.4393 H@10=0.8374 n=264830 | mrefMRR=0.8968 H@1=0.8407
06:22:47 | INFO    |   [  csls] filtMRR=0.5399 H@1=0.3867 H@10=0.8055 n=264830 | mrefMRR=0.8825 H@1=0.8197
06:22:53 | INFO    |   [cosine] F1=0.8564 P=0.8308 R=0.8837 (threshold 0.749 from validation, validation F1=0.5593)
06:22:53 | INFO    | Wrote experiments/jape_related_20260929-061843/result.json
06:22:53 | INFO    | Finished. Best validation MRR=0.3905 @ epoch 325.
