06:04:39 | INFO    | Model: kecg | seed 2026 | device: cuda:1
06:04:40 | INFO    | Regime related | graph: 84,182 nodes, 131,238 triples, 50,435 UCPGx candidates
06:04:40 | INFO    |   broadMatch/pgx   train=  3,744 test=  8,599 (70%) queries= 6,866 by cluster    leakage=0.00%
06:04:40 | INFO    |   closeMatch       train=  2,738 test=  6,296 (70%) queries= 1,490 by cluster    leakage=0.00%
06:04:40 | INFO    |   sameAs           train= 19,942 test= 46,531 (70%) queries=10,883 by cluster    leakage=0.00%
06:04:40 | INFO    |   broadMatch/onco  train= 25,039 test= 47,737 (66%) queries= 2,032 intra-cluster leakage=0.00%
06:04:40 | INFO    |   relatedMatch     train=  2,801 test=  6,289 (69%) queries=   812 intra-cluster leakage=0.00%
06:04:40 | INFO    |   related          train=471,647 test=762,046 (62%) queries=16,977 intra-cluster leakage=0.00%
06:04:40 | INFO    | Data: {'num_entities': 84182, 'num_relations': 13, 'triples': 131238, 'train_pairs': 353735, 'val_pairs': 117912, 'candidates': 50435, 'unlabeled_pool': 27270}
06:04:42 | INFO    | Params: 21.56M
06:04:42 | INFO    | Run directory: experiments/kecg_related_20260929-060439
06:04:42 | INFO    | KECG | device=cuda:1 | {'num_entities': 84182, 'num_relations': 13, 'triples': 131238, 'train_pairs': 353735, 'val_pairs': 117912, 'candidates': 50435, 'unlabeled_pool': 27270} 

KECG:   0%|                                                                 | 0/600 [00:00<?, ?it/s]code/src/models/kecg.py:24: UserWarning: index_reduce() is in beta and the API may change at any time. (Triggered internally at /__w/pytorch/pytorch/aten/src/ATen/native/cuda/Indexing.cu:1512.)
  mx = scores.new_full((n,), float("-inf")).index_reduce_(0, index, scores, "amax", include_self=True)

KECG:   0%|                                                         | 1/600 [00:00<02:26,  4.09it/s]
KECG:   1%|▍                                                        | 4/600 [00:00<00:50, 11.86it/s]
KECG:   1%|▋                                                        | 7/600 [00:00<00:36, 16.16it/s]
KECG:   2%|▉                                                       | 10/600 [00:00<00:32, 18.06it/s]
KECG:   2%|█▏                                                      | 13/600 [00:00<00:29, 19.84it/s]
KECG:   3%|█▍                                                      | 16/600 [00:00<00:28, 20.36it/s]
KECG:   3%|█▊                                                      | 19/600 [00:01<00:27, 21.36it/s]
KECG:   4%|██                                                      | 22/600 [00:01<00:27, 21.35it/s]06:04:44 | INFO    | epoch   25/600 | loss=1.4450
06:04:45 | INFO    |            [filtered] MRR=0.5936 Hit@1=0.5343 Hit@5=0.6623 Hit@10=0.7159 MR=393.5 n=18523
06:04:45 | INFO    |            [multiref] MRR=0.3620 Hit@1=0.2660 Hit@5=0.4573 Hit@10=0.5747 MR=455.0 n=1500
06:04:45 | INFO    |            -> new best multiref MRR=0.3620 (saved model_best.pt)

KECG:   4%|██▎                                                     | 25/600 [00:02<01:41,  5.69it/s]
KECG:   5%|██▌                                                     | 28/600 [00:02<01:17,  7.37it/s]
KECG:   5%|██▉                                                     | 31/600 [00:02<01:00,  9.35it/s]
KECG:   6%|███▏                                                    | 34/600 [00:02<00:50, 11.30it/s]
KECG:   6%|███▍                                                    | 37/600 [00:03<00:41, 13.43it/s]
KECG:   7%|███▋                                                    | 40/600 [00:03<00:37, 15.12it/s]
KECG:   7%|████                                                    | 43/600 [00:03<00:32, 16.96it/s]
KECG:   8%|████▎                                                   | 46/600 [00:03<00:30, 18.09it/s]
KECG:   8%|████▌                                                   | 49/600 [00:03<00:28, 19.45it/s]06:04:46 | INFO    | epoch   50/600 | loss=2.6166
06:04:47 | INFO    |            [filtered] MRR=0.5936 Hit@1=0.5406 Hit@5=0.6520 Hit@10=0.7040 MR=290.9 n=18523
06:04:47 | INFO    |            [multiref] MRR=0.3648 Hit@1=0.2700 Hit@5=0.4540 Hit@10=0.5773 MR=301.0 n=1500
06:04:47 | INFO    |            -> new best multiref MRR=0.3648 (saved model_best.pt)

KECG:   9%|████▊                                                   | 52/600 [00:04<01:34,  5.79it/s]
KECG:   9%|█████▏                                                  | 55/600 [00:05<01:12,  7.48it/s]
KECG:  10%|█████▍                                                  | 58/600 [00:05<00:58,  9.30it/s]
KECG:  10%|█████▋                                                  | 61/600 [00:05<00:47, 11.36it/s]
KECG:  11%|█████▉                                                  | 64/600 [00:05<00:40, 13.22it/s]
KECG:  11%|██████▎                                                 | 67/600 [00:05<00:35, 15.21it/s]
KECG:  12%|██████▌                                                 | 70/600 [00:05<00:31, 16.65it/s]
KECG:  12%|██████▊                                                 | 73/600 [00:05<00:28, 18.26it/s]06:04:48 | INFO    | epoch   75/600 | loss=0.9337
06:04:49 | INFO    |            [filtered] MRR=0.5927 Hit@1=0.5403 Hit@5=0.6525 Hit@10=0.7049 MR=256.4 n=18523
06:04:49 | INFO    |            [multiref] MRR=0.3588 Hit@1=0.2640 Hit@5=0.4520 Hit@10=0.5740 MR=236.5 n=1500

KECG:  13%|███████                                                 | 76/600 [00:07<01:21,  6.47it/s]
KECG:  13%|███████▎                                                | 79/600 [00:07<01:03,  8.27it/s]
KECG:  14%|███████▋                                                | 82/600 [00:07<00:51, 10.13it/s]
KECG:  14%|███████▉                                                | 85/600 [00:07<00:42, 12.22it/s]
KECG:  15%|████████▏                                               | 88/600 [00:07<00:36, 14.02it/s]
KECG:  15%|████████▍                                               | 91/600 [00:07<00:31, 15.95it/s]
KECG:  16%|████████▊                                               | 94/600 [00:07<00:29, 17.25it/s]
KECG:  16%|█████████                                               | 97/600 [00:08<00:26, 18.74it/s]06:04:50 | INFO    | epoch  100/600 | loss=2.3288
06:04:51 | INFO    |            [filtered] MRR=0.5990 Hit@1=0.5486 Hit@5=0.6558 Hit@10=0.7114 MR=227.6 n=18523
06:04:51 | INFO    |            [multiref] MRR=0.3596 Hit@1=0.2627 Hit@5=0.4527 Hit@10=0.5873 MR=208.3 n=1500

KECG:  17%|█████████▏                                             | 100/600 [00:09<01:16,  6.54it/s]
KECG:  17%|█████████▍                                             | 103/600 [00:09<00:59,  8.35it/s]
KECG:  18%|█████████▋                                             | 106/600 [00:09<00:48, 10.22it/s]
KECG:  18%|█████████▉                                             | 109/600 [00:09<00:39, 12.31it/s]
KECG:  19%|██████████▎                                            | 112/600 [00:09<00:34, 14.09it/s]
KECG:  19%|██████████▌                                            | 115/600 [00:09<00:30, 16.02it/s]
KECG:  20%|██████████▊                                            | 118/600 [00:09<00:27, 17.34it/s]
KECG:  20%|███████████                                            | 121/600 [00:10<00:25, 18.83it/s]
KECG:  21%|███████████▎                                           | 124/600 [00:10<00:24, 19.51it/s]06:04:53 | INFO    | epoch  125/600 | loss=0.3195
06:04:53 | INFO    |            [filtered] MRR=0.6030 Hit@1=0.5516 Hit@5=0.6584 Hit@10=0.7139 MR=203.5 n=18523
06:04:53 | INFO    |            [multiref] MRR=0.3618 Hit@1=0.2607 Hit@5=0.4580 Hit@10=0.5927 MR=180.9 n=1500

KECG:  21%|███████████▋                                           | 127/600 [00:11<01:10,  6.68it/s]
KECG:  22%|███████████▉                                           | 130/600 [00:11<00:55,  8.42it/s]
KECG:  22%|████████████▏                                          | 133/600 [00:11<00:44, 10.43it/s]
KECG:  23%|████████████▍                                          | 136/600 [00:11<00:37, 12.32it/s]
KECG:  23%|████████████▋                                          | 139/600 [00:11<00:32, 14.37it/s]
KECG:  24%|█████████████                                          | 142/600 [00:12<00:28, 15.92it/s]
KECG:  24%|█████████████▎                                         | 145/600 [00:12<00:25, 17.62it/s]
KECG:  25%|█████████████▌                                         | 148/600 [00:12<00:24, 18.55it/s]06:04:55 | INFO    | epoch  150/600 | loss=2.0500
06:04:56 | INFO    |            [filtered] MRR=0.6098 Hit@1=0.5567 Hit@5=0.6657 Hit@10=0.7189 MR=193.2 n=18523
06:04:56 | INFO    |            [multiref] MRR=0.3641 Hit@1=0.2647 Hit@5=0.4593 Hit@10=0.5893 MR=172.7 n=1500

KECG:  25%|█████████████▊                                         | 151/600 [00:13<01:08,  6.52it/s]
KECG:  26%|██████████████                                         | 154/600 [00:13<00:54,  8.24it/s]
KECG:  26%|██████████████▍                                        | 157/600 [00:13<00:43, 10.23it/s]
KECG:  27%|██████████████▋                                        | 160/600 [00:13<00:36, 12.12it/s]
KECG:  27%|██████████████▉                                        | 163/600 [00:14<00:30, 14.18it/s]
KECG:  28%|███████████████▏                                       | 166/600 [00:14<00:27, 15.74it/s]
KECG:  28%|███████████████▍                                       | 169/600 [00:14<00:24, 17.46it/s]
KECG:  29%|███████████████▊                                       | 172/600 [00:14<00:23, 18.44it/s]06:04:57 | INFO    | epoch  175/600 | loss=0.1056
06:04:58 | INFO    |            [filtered] MRR=0.6102 Hit@1=0.5562 Hit@5=0.6719 Hit@10=0.7254 MR=184.9 n=18523
06:04:58 | INFO    |            [multiref] MRR=0.3655 Hit@1=0.2680 Hit@5=0.4520 Hit@10=0.5927 MR=166.7 n=1500
06:04:58 | INFO    |            -> new best multiref MRR=0.3655 (saved model_best.pt)

KECG:  29%|████████████████                                       | 175/600 [00:15<01:13,  5.81it/s]
KECG:  30%|████████████████▎                                      | 178/600 [00:15<00:56,  7.43it/s]
KECG:  30%|████████████████▌                                      | 181/600 [00:16<00:44,  9.34it/s]
KECG:  31%|████████████████▊                                      | 184/600 [00:16<00:37, 11.23it/s]
KECG:  31%|█████████████████▏                                     | 187/600 [00:16<00:31, 13.32it/s]
KECG:  32%|█████████████████▍                                     | 190/600 [00:16<00:27, 15.00it/s]
KECG:  32%|█████████████████▋                                     | 193/600 [00:16<00:24, 16.82it/s]
KECG:  33%|█████████████████▉                                     | 196/600 [00:16<00:22, 17.95it/s]
KECG:  33%|██████████████████▏                                    | 199/600 [00:16<00:20, 19.35it/s]06:04:59 | INFO    | epoch  200/600 | loss=1.8010
06:05:00 | INFO    |            [filtered] MRR=0.6117 Hit@1=0.5555 Hit@5=0.6759 Hit@10=0.7270 MR=179.3 n=18523
06:05:00 | INFO    |            [multiref] MRR=0.3642 Hit@1=0.2667 Hit@5=0.4540 Hit@10=0.5980 MR=162.0 n=1500

KECG:  34%|██████████████████▌                                    | 202/600 [00:18<01:00,  6.54it/s]
KECG:  34%|██████████████████▊                                    | 205/600 [00:18<00:47,  8.35it/s]
KECG:  35%|███████████████████                                    | 208/600 [00:18<00:38, 10.21it/s]
KECG:  35%|███████████████████▎                                   | 211/600 [00:18<00:31, 12.30it/s]
KECG:  36%|███████████████████▌                                   | 214/600 [00:18<00:27, 14.08it/s]
KECG:  36%|███████████████████▉                                   | 217/600 [00:18<00:23, 16.02it/s]
KECG:  37%|████████████████████▏                                  | 220/600 [00:18<00:21, 17.31it/s]
KECG:  37%|████████████████████▍                                  | 223/600 [00:18<00:20, 18.80it/s]06:05:01 | INFO    | epoch  225/600 | loss=0.0518
06:05:02 | INFO    |            [filtered] MRR=0.6191 Hit@1=0.5643 Hit@5=0.6835 Hit@10=0.7250 MR=173.8 n=18523
06:05:02 | INFO    |            [multiref] MRR=0.3659 Hit@1=0.2647 Hit@5=0.4553 Hit@10=0.6053 MR=157.3 n=1500
06:05:02 | INFO    |            -> new best multiref MRR=0.3659 (saved model_best.pt)

KECG:  38%|████████████████████▋                                  | 226/600 [00:20<01:03,  5.87it/s]
KECG:  38%|████████████████████▉                                  | 229/600 [00:20<00:48,  7.57it/s]
KECG:  39%|█████████████████████▎                                 | 232/600 [00:20<00:39,  9.38it/s]
KECG:  39%|█████████████████████▌                                 | 235/600 [00:20<00:31, 11.44it/s]
KECG:  40%|█████████████████████▊                                 | 238/600 [00:20<00:27, 13.27it/s]
KECG:  40%|██████████████████████                                 | 241/600 [00:20<00:23, 15.27it/s]
KECG:  41%|██████████████████████▎                                | 244/600 [00:21<00:21, 16.68it/s]
KECG:  41%|██████████████████████▋                                | 247/600 [00:21<00:19, 18.27it/s]06:05:04 | INFO    | epoch  250/600 | loss=1.5489
06:05:04 | INFO    |            [filtered] MRR=0.6214 Hit@1=0.5671 Hit@5=0.6874 Hit@10=0.7309 MR=170.3 n=18523
06:05:04 | INFO    |            [multiref] MRR=0.3658 Hit@1=0.2693 Hit@5=0.4533 Hit@10=0.5947 MR=155.2 n=1500

KECG:  42%|██████████████████████▉                                | 250/600 [00:22<00:53,  6.53it/s]
KECG:  42%|███████████████████████▏                               | 253/600 [00:22<00:41,  8.34it/s]
KECG:  43%|███████████████████████▍                               | 256/600 [00:22<00:33, 10.20it/s]
KECG:  43%|███████████████████████▋                               | 259/600 [00:22<00:27, 12.29it/s]
KECG:  44%|████████████████████████                               | 262/600 [00:22<00:23, 14.08it/s]
KECG:  44%|████████████████████████▎                              | 265/600 [00:23<00:20, 16.02it/s]
KECG:  45%|████████████████████████▌                              | 268/600 [00:23<00:19, 17.29it/s]
KECG:  45%|████████████████████████▊                              | 271/600 [00:23<00:17, 18.78it/s]
KECG:  46%|█████████████████████████                              | 274/600 [00:23<00:16, 19.46it/s]06:05:06 | INFO    | epoch  275/600 | loss=0.0352
06:05:07 | INFO    |            [filtered] MRR=0.6239 Hit@1=0.5705 Hit@5=0.6878 Hit@10=0.7326 MR=167.3 n=18523
06:05:07 | INFO    |            [multiref] MRR=0.3687 Hit@1=0.2660 Hit@5=0.4667 Hit@10=0.6073 MR=153.2 n=1500
06:05:07 | INFO    |            -> new best multiref MRR=0.3687 (saved model_best.pt)

KECG:  46%|█████████████████████████▍                             | 277/600 [00:24<00:54,  5.94it/s]
KECG:  47%|█████████████████████████▋                             | 280/600 [00:24<00:42,  7.58it/s]
KECG:  47%|█████████████████████████▉                             | 283/600 [00:25<00:33,  9.52it/s]
KECG:  48%|██████████████████████████▏                            | 286/600 [00:25<00:27, 11.41it/s]
KECG:  48%|██████████████████████████▍                            | 289/600 [00:25<00:23, 13.48it/s]
KECG:  49%|██████████████████████████▊                            | 292/600 [00:25<00:20, 15.15it/s]
KECG:  49%|███████████████████████████                            | 295/600 [00:25<00:17, 16.96it/s]
KECG:  50%|███████████████████████████▎                           | 298/600 [00:25<00:16, 18.07it/s]06:05:08 | INFO    | epoch  300/600 | loss=1.2928
06:05:09 | INFO    |            [filtered] MRR=0.6254 Hit@1=0.5713 Hit@5=0.6868 Hit@10=0.7343 MR=164.6 n=18523
06:05:09 | INFO    |            [multiref] MRR=0.3714 Hit@1=0.2720 Hit@5=0.4667 Hit@10=0.6053 MR=151.0 n=1500
06:05:09 | INFO    |            -> new best multiref MRR=0.3714 (saved model_best.pt)

KECG:  50%|███████████████████████████▌                           | 301/600 [00:27<00:50,  5.87it/s]
KECG:  51%|███████████████████████████▊                           | 304/600 [00:27<00:39,  7.50it/s]
KECG:  51%|████████████████████████████▏                          | 307/600 [00:27<00:31,  9.42it/s]
KECG:  52%|████████████████████████████▍                          | 310/600 [00:27<00:25, 11.31it/s]
KECG:  52%|████████████████████████████▋                          | 313/600 [00:27<00:21, 13.40it/s]
KECG:  53%|████████████████████████████▉                          | 316/600 [00:27<00:18, 15.07it/s]
KECG:  53%|█████████████████████████████▏                         | 319/600 [00:27<00:16, 16.82it/s]
KECG:  54%|█████████████████████████████▌                         | 322/600 [00:27<00:15, 17.95it/s]06:05:10 | INFO    | epoch  325/600 | loss=0.0311
06:05:11 | INFO    |            [filtered] MRR=0.6340 Hit@1=0.5792 Hit@5=0.6984 Hit@10=0.7373 MR=162.3 n=18523
06:05:11 | INFO    |            [multiref] MRR=0.3755 Hit@1=0.2767 Hit@5=0.4647 Hit@10=0.6140 MR=149.9 n=1500
06:05:12 | INFO    |            -> new best multiref MRR=0.3755 (saved model_best.pt)

KECG:  54%|█████████████████████████████▊                         | 325/600 [00:29<00:47,  5.84it/s]
KECG:  55%|██████████████████████████████                         | 328/600 [00:29<00:36,  7.46it/s]
KECG:  55%|██████████████████████████████▎                        | 331/600 [00:29<00:28,  9.38it/s]
KECG:  56%|██████████████████████████████▌                        | 334/600 [00:29<00:23, 11.27it/s]
KECG:  56%|██████████████████████████████▉                        | 337/600 [00:29<00:19, 13.36it/s]
KECG:  57%|███████████████████████████████▏                       | 340/600 [00:29<00:17, 15.05it/s]
KECG:  57%|███████████████████████████████▍                       | 343/600 [00:30<00:15, 16.86it/s]
KECG:  58%|███████████████████████████████▋                       | 346/600 [00:30<00:14, 17.99it/s]
KECG:  58%|███████████████████████████████▉                       | 349/600 [00:30<00:12, 19.37it/s]06:05:13 | INFO    | epoch  350/600 | loss=1.0291
06:05:14 | INFO    |            [filtered] MRR=0.6357 Hit@1=0.5792 Hit@5=0.7052 Hit@10=0.7427 MR=160.3 n=18523
06:05:14 | INFO    |            [multiref] MRR=0.3691 Hit@1=0.2713 Hit@5=0.4567 Hit@10=0.6000 MR=150.1 n=1500

KECG:  59%|████████████████████████████████▎                      | 352/600 [00:31<00:37,  6.66it/s]
KECG:  59%|████████████████████████████████▌                      | 355/600 [00:31<00:28,  8.48it/s]
KECG:  60%|████████████████████████████████▊                      | 358/600 [00:31<00:23, 10.35it/s]
KECG:  60%|█████████████████████████████████                      | 361/600 [00:31<00:19, 12.45it/s]
KECG:  61%|█████████████████████████████████▎                     | 364/600 [00:32<00:16, 14.23it/s]
KECG:  61%|█████████████████████████████████▋                     | 367/600 [00:32<00:14, 16.14it/s]
KECG:  62%|█████████████████████████████████▉                     | 370/600 [00:32<00:13, 17.41it/s]
KECG:  62%|██████████████████████████████████▏                    | 373/600 [00:32<00:12, 18.89it/s]06:05:15 | INFO    | epoch  375/600 | loss=0.0292
06:05:16 | INFO    |            [filtered] MRR=0.6388 Hit@1=0.5792 Hit@5=0.7127 Hit@10=0.7469 MR=159.1 n=18523
06:05:16 | INFO    |            [multiref] MRR=0.3693 Hit@1=0.2680 Hit@5=0.4660 Hit@10=0.5980 MR=150.1 n=1500

KECG:  63%|██████████████████████████████████▍                    | 376/600 [00:33<00:34,  6.56it/s]
KECG:  63%|██████████████████████████████████▋                    | 379/600 [00:33<00:26,  8.38it/s]
KECG:  64%|███████████████████████████████████                    | 382/600 [00:33<00:21, 10.25it/s]
KECG:  64%|███████████████████████████████████▎                   | 385/600 [00:33<00:17, 12.33it/s]
KECG:  65%|███████████████████████████████████▌                   | 388/600 [00:34<00:15, 14.11it/s]
KECG:  65%|███████████████████████████████████▊                   | 391/600 [00:34<00:13, 16.03it/s]
KECG:  66%|████████████████████████████████████                   | 394/600 [00:34<00:11, 17.32it/s]
KECG:  66%|████████████████████████████████████▍                  | 397/600 [00:34<00:10, 18.79it/s]06:05:17 | INFO    | epoch  400/600 | loss=0.7912
06:05:18 | INFO    |            [filtered] MRR=0.6349 Hit@1=0.5710 Hit@5=0.7096 Hit@10=0.7478 MR=158.0 n=18523
06:05:18 | INFO    |            [multiref] MRR=0.3713 Hit@1=0.2680 Hit@5=0.4627 Hit@10=0.6033 MR=151.2 n=1500

KECG:  67%|████████████████████████████████████▋                  | 400/600 [00:35<00:30,  6.60it/s]
KECG:  67%|████████████████████████████████████▉                  | 403/600 [00:35<00:23,  8.42it/s]
KECG:  68%|█████████████████████████████████████▏                 | 406/600 [00:35<00:18, 10.29it/s]
KECG:  68%|█████████████████████████████████████▍                 | 409/600 [00:36<00:15, 12.38it/s]
KECG:  69%|█████████████████████████████████████▊                 | 412/600 [00:36<00:13, 14.17it/s]
KECG:  69%|██████████████████████████████████████                 | 415/600 [00:36<00:11, 16.09it/s]
KECG:  70%|██████████████████████████████████████▎                | 418/600 [00:36<00:10, 17.37it/s]
KECG:  70%|██████████████████████████████████████▌                | 421/600 [00:36<00:09, 18.86it/s]
KECG:  71%|██████████████████████████████████████▊                | 424/600 [00:36<00:09, 19.52it/s]06:05:19 | INFO    | epoch  425/600 | loss=0.0300
06:05:20 | INFO    |            [filtered] MRR=0.6375 Hit@1=0.5726 Hit@5=0.7189 Hit@10=0.7550 MR=156.7 n=18523
06:05:20 | INFO    |            [multiref] MRR=0.3672 Hit@1=0.2660 Hit@5=0.4513 Hit@10=0.5927 MR=151.9 n=1500

KECG:  71%|███████████████████████████████████████▏               | 427/600 [00:37<00:25,  6.74it/s]
KECG:  72%|███████████████████████████████████████▍               | 430/600 [00:38<00:20,  8.48it/s]
KECG:  72%|███████████████████████████████████████▋               | 433/600 [00:38<00:15, 10.50it/s]
KECG:  73%|███████████████████████████████████████▉               | 436/600 [00:38<00:13, 12.38it/s]
KECG:  73%|████████████████████████████████████████▏              | 439/600 [00:38<00:11, 14.45it/s]
KECG:  74%|████████████████████████████████████████▌              | 442/600 [00:38<00:09, 15.99it/s]
KECG:  74%|████████████████████████████████████████▊              | 445/600 [00:38<00:08, 17.70it/s]
KECG:  75%|█████████████████████████████████████████              | 448/600 [00:38<00:08, 18.63it/s]06:05:21 | INFO    | epoch  450/600 | loss=0.6362
06:05:22 | INFO    |            [filtered] MRR=0.6428 Hit@1=0.5787 Hit@5=0.7188 Hit@10=0.7544 MR=155.5 n=18523
06:05:22 | INFO    |            [multiref] MRR=0.3664 Hit@1=0.2627 Hit@5=0.4587 Hit@10=0.5960 MR=150.7 n=1500

KECG:  75%|█████████████████████████████████████████▎             | 451/600 [00:39<00:22,  6.60it/s]
KECG:  76%|█████████████████████████████████████████▌             | 454/600 [00:40<00:17,  8.33it/s]
KECG:  76%|█████████████████████████████████████████▉             | 457/600 [00:40<00:13, 10.33it/s]
KECG:  77%|██████████████████████████████████████████▏            | 460/600 [00:40<00:11, 12.22it/s]
KECG:  77%|██████████████████████████████████████████▍            | 463/600 [00:40<00:09, 14.28it/s]
KECG:  78%|██████████████████████████████████████████▋            | 466/600 [00:40<00:08, 15.84it/s]
KECG:  78%|██████████████████████████████████████████▉            | 469/600 [00:40<00:07, 17.57it/s]
KECG:  79%|███████████████████████████████████████████▎           | 472/600 [00:40<00:06, 18.56it/s]06:05:23 | INFO    | epoch  475/600 | loss=0.0304
06:05:24 | INFO    |            [filtered] MRR=0.6426 Hit@1=0.5794 Hit@5=0.7165 Hit@10=0.7570 MR=154.3 n=18523
06:05:24 | INFO    |            [multiref] MRR=0.3691 Hit@1=0.2653 Hit@5=0.4640 Hit@10=0.5907 MR=149.6 n=1500

KECG:  79%|███████████████████████████████████████████▌           | 475/600 [00:42<00:18,  6.59it/s]
KECG:  80%|███████████████████████████████████████████▊           | 478/600 [00:42<00:14,  8.31it/s]
KECG:  80%|████████████████████████████████████████████           | 481/600 [00:42<00:11, 10.31it/s]
KECG:  81%|████████████████████████████████████████████▎          | 484/600 [00:42<00:09, 12.21it/s]
KECG:  81%|████████████████████████████████████████████▋          | 487/600 [00:42<00:07, 14.27it/s]
KECG:  82%|████████████████████████████████████████████▉          | 490/600 [00:42<00:06, 15.84it/s]
KECG:  82%|█████████████████████████████████████████████▏         | 493/600 [00:42<00:06, 17.56it/s]
KECG:  83%|█████████████████████████████████████████████▍         | 496/600 [00:42<00:05, 18.54it/s]
KECG:  83%|█████████████████████████████████████████████▋         | 499/600 [00:43<00:05, 19.80it/s]06:05:25 | INFO    | epoch  500/600 | loss=0.5435
06:05:26 | INFO    |            [filtered] MRR=0.6441 Hit@1=0.5830 Hit@5=0.7148 Hit@10=0.7572 MR=152.9 n=18523
06:05:26 | INFO    |            [multiref] MRR=0.3693 Hit@1=0.2653 Hit@5=0.4613 Hit@10=0.5913 MR=147.9 n=1500

KECG:  84%|██████████████████████████████████████████████         | 502/600 [00:44<00:14,  6.64it/s]
KECG:  84%|██████████████████████████████████████████████▎        | 505/600 [00:44<00:11,  8.46it/s]
KECG:  85%|██████████████████████████████████████████████▌        | 508/600 [00:44<00:08, 10.33it/s]
KECG:  85%|██████████████████████████████████████████████▊        | 511/600 [00:44<00:07, 12.42it/s]
KECG:  86%|███████████████████████████████████████████████        | 514/600 [00:44<00:06, 14.20it/s]
KECG:  86%|███████████████████████████████████████████████▍       | 517/600 [00:44<00:05, 16.12it/s]
KECG:  87%|███████████████████████████████████████████████▋       | 520/600 [00:45<00:04, 17.39it/s]
KECG:  87%|███████████████████████████████████████████████▉       | 523/600 [00:45<00:04, 18.87it/s]06:05:28 | INFO    | epoch  525/600 | loss=0.0296
06:05:28 | INFO    |            [filtered] MRR=0.6455 Hit@1=0.5850 Hit@5=0.7158 Hit@10=0.7586 MR=151.5 n=18523
06:05:28 | INFO    |            [multiref] MRR=0.3659 Hit@1=0.2633 Hit@5=0.4613 Hit@10=0.5907 MR=147.0 n=1500

KECG:  88%|████████████████████████████████████████████████▏      | 526/600 [00:46<00:11,  6.61it/s]
KECG:  88%|████████████████████████████████████████████████▍      | 529/600 [00:46<00:08,  8.43it/s]
KECG:  89%|████████████████████████████████████████████████▊      | 532/600 [00:46<00:06, 10.30it/s]
KECG:  89%|█████████████████████████████████████████████████      | 535/600 [00:46<00:05, 12.40it/s]
KECG:  90%|█████████████████████████████████████████████████▎     | 538/600 [00:46<00:04, 14.19it/s]
KECG:  90%|█████████████████████████████████████████████████▌     | 541/600 [00:46<00:03, 16.10it/s]
KECG:  91%|█████████████████████████████████████████████████▊     | 544/600 [00:47<00:03, 17.39it/s]
KECG:  91%|██████████████████████████████████████████████████▏    | 547/600 [00:47<00:02, 18.87it/s]06:05:30 | INFO    | epoch  550/600 | loss=0.4680
06:05:31 | INFO    |            [filtered] MRR=0.6454 Hit@1=0.5838 Hit@5=0.7171 Hit@10=0.7561 MR=149.7 n=18523
06:05:31 | INFO    |            [multiref] MRR=0.3643 Hit@1=0.2613 Hit@5=0.4533 Hit@10=0.5873 MR=146.1 n=1500

KECG:  92%|██████████████████████████████████████████████████▍    | 550/600 [00:48<00:07,  6.59it/s]
KECG:  92%|██████████████████████████████████████████████████▋    | 553/600 [00:48<00:05,  8.41it/s]
KECG:  93%|██████████████████████████████████████████████████▉    | 556/600 [00:48<00:04, 10.28it/s]
KECG:  93%|███████████████████████████████████████████████████▏   | 559/600 [00:48<00:03, 12.38it/s]
KECG:  94%|███████████████████████████████████████████████████▌   | 562/600 [00:48<00:02, 14.17it/s]
KECG:  94%|███████████████████████████████████████████████████▊   | 565/600 [00:49<00:02, 16.08it/s]
KECG:  95%|████████████████████████████████████████████████████   | 568/600 [00:49<00:01, 17.38it/s]
KECG:  95%|████████████████████████████████████████████████████▎  | 571/600 [00:49<00:01, 18.85it/s]
KECG:  96%|████████████████████████████████████████████████████▌  | 574/600 [00:49<00:01, 19.51it/s]06:05:32 | INFO    | epoch  575/600 | loss=0.0285
06:05:33 | INFO    |            [filtered] MRR=0.6465 Hit@1=0.5862 Hit@5=0.7193 Hit@10=0.7573 MR=148.1 n=18523
06:05:33 | INFO    |            [multiref] MRR=0.3600 Hit@1=0.2573 Hit@5=0.4573 Hit@10=0.5833 MR=144.7 n=1500

KECG:  96%|████████████████████████████████████████████████████▉  | 577/600 [00:50<00:03,  6.66it/s]
KECG:  97%|█████████████████████████████████████████████████████▏ | 580/600 [00:50<00:02,  8.40it/s]
KECG:  97%|█████████████████████████████████████████████████████▍ | 583/600 [00:50<00:01, 10.41it/s]
KECG:  98%|█████████████████████████████████████████████████████▋ | 586/600 [00:51<00:01, 12.30it/s]
KECG:  98%|█████████████████████████████████████████████████████▉ | 589/600 [00:51<00:00, 14.35it/s]
KECG:  99%|██████████████████████████████████████████████████████▎| 592/600 [00:51<00:00, 15.92it/s]
KECG:  99%|██████████████████████████████████████████████████████▌| 595/600 [00:51<00:00, 17.63it/s]
KECG: 100%|██████████████████████████████████████████████████████▊| 598/600 [00:51<00:00, 18.60it/s]06:05:34 | INFO    | epoch  600/600 | loss=0.4057
06:05:35 | INFO    |            [filtered] MRR=0.6465 Hit@1=0.5853 Hit@5=0.7204 Hit@10=0.7573 MR=146.7 n=18523
06:05:35 | INFO    |            [multiref] MRR=0.3665 Hit@1=0.2607 Hit@5=0.4627 Hit@10=0.5913 MR=144.0 n=1500

KECG: 100%|███████████████████████████████████████████████████████| 600/600 [00:52<00:00, 11.39it/s]
06:05:35 | INFO    | Done in 0.9 min. Best multiref MRR=0.3755 @ epoch 325.
06:05:35 | INFO    | Final evaluation on the test split, read once
06:05:45 | INFO    |   [cosine] filtMRR=0.5433 H@1=0.4858 H@10=0.6461 n=264830 | mrefMRR=0.8902 H@1=0.8577
06:05:55 | INFO    |   [  csls] filtMRR=0.5300 H@1=0.4720 H@10=0.6384 n=264830 | mrefMRR=0.8824 H@1=0.8427
06:06:01 | INFO    |   [cosine] F1=0.8275 P=0.8775 R=0.7830 (threshold 0.997 from validation, validation F1=0.4719)
06:06:01 | INFO    | Wrote experiments/kecg_related_20260929-060439/result.json
06:06:01 | INFO    | Finished. Best validation MRR=0.3755 @ epoch 325.
