06:09:27 | INFO    | Model: mraea | seed 2026 | device: cuda:0
06:09:28 | INFO    | Regime related | graph: 84,182 nodes, 131,238 triples, 50,435 UCPGx candidates
06:09:28 | INFO    |   broadMatch/pgx   train=  3,744 test=  8,599 (70%) queries= 6,866 by cluster    leakage=0.00%
06:09:28 | INFO    |   closeMatch       train=  2,738 test=  6,296 (70%) queries= 1,490 by cluster    leakage=0.00%
06:09:28 | INFO    |   sameAs           train= 19,942 test= 46,531 (70%) queries=10,883 by cluster    leakage=0.00%
06:09:28 | INFO    |   broadMatch/onco  train= 25,039 test= 47,737 (66%) queries= 2,032 intra-cluster leakage=0.00%
06:09:28 | INFO    |   relatedMatch     train=  2,801 test=  6,289 (69%) queries=   812 intra-cluster leakage=0.00%
06:09:28 | INFO    |   related          train=471,647 test=762,046 (62%) queries=16,977 intra-cluster leakage=0.00%
06:09:28 | INFO    | Data: {'num_entities': 84182, 'num_relations': 13, 'triples': 131238, 'train_pairs': 353735, 'val_pairs': 117912, 'candidates': 50435, 'unlabeled_pool': 27270}
06:09:31 | INFO    | Params: 16.84M
06:09:31 | INFO    | Run directory: experiments/mraea_related_20260929-060927
06:09:31 | INFO    | MRAEA | device=cuda:0 | {'num_entities': 84182, 'num_relations': 13, 'triples': 131238, 'train_pairs': 353735, 'val_pairs': 117912, 'candidates': 50435, 'unlabeled_pool': 27270} turns=4 x 150

MRAEA:   0%|                                                                | 0/600 [00:00<?, ?it/s]code/src/models/mraea.py:63: UserWarning: Sparse invariant checks are implicitly disabled. Memory errors (e.g. SEGFAULT) will occur when operating on a sparse tensor which violates the invariants, but checks incur performance overhead. To silence this warning, explicitly opt in or out. See `torch.sparse.check_sparse_tensor_invariants.__doc__` for guidance.  (Triggered internally at /__w/pytorch/pytorch/aten/src/ATen/Context.cpp:848.)
  return torch.sparse_coo_tensor(index, val, shape, device=index.device).coalesce()

MRAEA:   0%|                                                        | 1/600 [00:00<02:58,  3.35it/s]
MRAEA:   0%|▎                                                       | 3/600 [00:00<01:10,  8.43it/s]
MRAEA:   1%|▍                                                       | 5/600 [00:00<00:51, 11.60it/s]
MRAEA:   1%|▋                                                       | 7/600 [00:00<00:43, 13.65it/s]
MRAEA:   2%|▊                                                       | 9/600 [00:00<00:39, 15.01it/s]
MRAEA:   2%|█                                                      | 11/600 [00:00<00:36, 15.94it/s]
MRAEA:   2%|█▏                                                     | 13/600 [00:00<00:35, 16.56it/s]
MRAEA:   2%|█▍                                                     | 15/600 [00:01<00:34, 17.00it/s]
MRAEA:   3%|█▌                                                     | 17/600 [00:01<00:33, 17.26it/s]
MRAEA:   3%|█▋                                                     | 19/600 [00:01<00:33, 17.43it/s]
MRAEA:   4%|█▉                                                     | 21/600 [00:01<00:32, 17.59it/s]
MRAEA:   4%|██                                                     | 23/600 [00:01<00:32, 17.68it/s]06:09:33 | INFO    | epoch   25/600 | loss=0.0402
06:09:34 | INFO    |            [filtered] MRR=0.4556 Hit@1=0.3892 Hit@5=0.5150 Hit@10=0.5693 MR=127.6 n=18523
06:09:34 | INFO    |            [multiref] MRR=0.3504 Hit@1=0.2487 Hit@5=0.4460 Hit@10=0.5880 MR=179.6 n=1500
06:09:34 | INFO    |            -> new best multiref MRR=0.3504 (saved model_best.pt)

MRAEA:   4%|██▎                                                    | 25/600 [00:02<02:21,  4.07it/s]
MRAEA:   4%|██▍                                                    | 27/600 [00:02<01:47,  5.31it/s]
MRAEA:   5%|██▋                                                    | 29/600 [00:03<01:24,  6.74it/s]
MRAEA:   5%|██▊                                                    | 31/600 [00:03<01:08,  8.31it/s]
MRAEA:   6%|███                                                    | 33/600 [00:03<00:57,  9.92it/s]
MRAEA:   6%|███▏                                                   | 35/600 [00:03<00:49, 11.47it/s]
MRAEA:   6%|███▍                                                   | 37/600 [00:03<00:43, 12.87it/s]
MRAEA:   6%|███▌                                                   | 39/600 [00:03<00:39, 14.07it/s]
MRAEA:   7%|███▊                                                   | 41/600 [00:03<00:37, 15.05it/s]
MRAEA:   7%|███▉                                                   | 43/600 [00:03<00:35, 15.81it/s]
MRAEA:   8%|████▏                                                  | 45/600 [00:03<00:33, 16.41it/s]
MRAEA:   8%|████▎                                                  | 47/600 [00:04<00:32, 16.86it/s]
MRAEA:   8%|████▍                                                  | 49/600 [00:04<00:32, 17.19it/s]06:09:35 | INFO    | epoch   50/600 | loss=0.0329
06:09:36 | INFO    |            [filtered] MRR=0.5190 Hit@1=0.4235 Hit@5=0.6216 Hit@10=0.7068 MR=59.2 n=18523
06:09:36 | INFO    |            [multiref] MRR=0.3682 Hit@1=0.2633 Hit@5=0.4680 Hit@10=0.6153 MR=89.3 n=1500
06:09:37 | INFO    |            -> new best multiref MRR=0.3682 (saved model_best.pt)

MRAEA:   8%|████▋                                                  | 51/600 [00:05<02:13,  4.11it/s]
MRAEA:   9%|████▊                                                  | 53/600 [00:05<01:42,  5.35it/s]
MRAEA:   9%|█████                                                  | 55/600 [00:05<01:20,  6.78it/s]
MRAEA:  10%|█████▏                                                 | 57/600 [00:05<01:05,  8.34it/s]
MRAEA:  10%|█████▍                                                 | 59/600 [00:06<00:54,  9.94it/s]
MRAEA:  10%|█████▌                                                 | 61/600 [00:06<00:46, 11.48it/s]
MRAEA:  10%|█████▊                                                 | 63/600 [00:06<00:41, 12.88it/s]
MRAEA:  11%|█████▉                                                 | 65/600 [00:06<00:37, 14.09it/s]
MRAEA:  11%|██████▏                                                | 67/600 [00:06<00:35, 15.08it/s]
MRAEA:  12%|██████▎                                                | 69/600 [00:06<00:33, 15.83it/s]
MRAEA:  12%|██████▌                                                | 71/600 [00:06<00:32, 16.41it/s]
MRAEA:  12%|██████▋                                                | 73/600 [00:06<00:31, 16.86it/s]06:09:38 | INFO    | epoch   75/600 | loss=0.0305
06:09:39 | INFO    |            [filtered] MRR=0.5758 Hit@1=0.4646 Hit@5=0.7130 Hit@10=0.7741 MR=43.4 n=18523
06:09:39 | INFO    |            [multiref] MRR=0.3714 Hit@1=0.2633 Hit@5=0.4727 Hit@10=0.6273 MR=68.2 n=1500
06:09:39 | INFO    |            -> new best multiref MRR=0.3714 (saved model_best.pt)

MRAEA:  12%|██████▉                                                | 75/600 [00:08<02:07,  4.13it/s]
MRAEA:  13%|███████                                                | 77/600 [00:08<01:37,  5.37it/s]
MRAEA:  13%|███████▏                                               | 79/600 [00:08<01:16,  6.80it/s]
MRAEA:  14%|███████▍                                               | 81/600 [00:08<01:02,  8.37it/s]
MRAEA:  14%|███████▌                                               | 83/600 [00:08<00:51,  9.97it/s]
MRAEA:  14%|███████▊                                               | 85/600 [00:08<00:44, 11.51it/s]
MRAEA:  14%|███████▉                                               | 87/600 [00:08<00:39, 12.91it/s]
MRAEA:  15%|████████▏                                              | 89/600 [00:08<00:36, 14.11it/s]
MRAEA:  15%|████████▎                                              | 91/600 [00:09<00:33, 15.08it/s]
MRAEA:  16%|████████▌                                              | 93/600 [00:09<00:32, 15.84it/s]
MRAEA:  16%|████████▋                                              | 95/600 [00:09<00:30, 16.42it/s]
MRAEA:  16%|████████▉                                              | 97/600 [00:09<00:29, 16.86it/s]
MRAEA:  16%|█████████                                              | 99/600 [00:09<00:29, 17.19it/s]06:09:41 | INFO    | epoch  100/600 | loss=0.0281
06:09:42 | INFO    |            [filtered] MRR=0.6029 Hit@1=0.4927 Hit@5=0.7395 Hit@10=0.7946 MR=36.5 n=18523
06:09:42 | INFO    |            [multiref] MRR=0.3734 Hit@1=0.2627 Hit@5=0.4753 Hit@10=0.6347 MR=60.3 n=1500
06:09:42 | INFO    |            -> new best multiref MRR=0.3734 (saved model_best.pt)

MRAEA:  17%|█████████                                             | 101/600 [00:10<01:59,  4.18it/s]
MRAEA:  17%|█████████▎                                            | 103/600 [00:10<01:31,  5.43it/s]
MRAEA:  18%|█████████▍                                            | 105/600 [00:11<01:12,  6.87it/s]
MRAEA:  18%|█████████▋                                            | 107/600 [00:11<00:58,  8.44it/s]
MRAEA:  18%|█████████▊                                            | 109/600 [00:11<00:48, 10.04it/s]
MRAEA:  18%|█████████▉                                            | 111/600 [00:11<00:42, 11.58it/s]
MRAEA:  19%|██████████▏                                           | 113/600 [00:11<00:37, 12.96it/s]
MRAEA:  19%|██████████▎                                           | 115/600 [00:11<00:34, 14.15it/s]
MRAEA:  20%|██████████▌                                           | 117/600 [00:11<00:31, 15.13it/s]
MRAEA:  20%|██████████▋                                           | 119/600 [00:11<00:30, 15.88it/s]
MRAEA:  20%|██████████▉                                           | 121/600 [00:11<00:29, 16.47it/s]
MRAEA:  20%|███████████                                           | 123/600 [00:12<00:28, 16.90it/s]06:09:43 | INFO    | epoch  125/600 | loss=0.0275
06:09:44 | INFO    |            [filtered] MRR=0.6102 Hit@1=0.4978 Hit@5=0.7463 Hit@10=0.8070 MR=32.7 n=18523
06:09:44 | INFO    |            [multiref] MRR=0.3734 Hit@1=0.2620 Hit@5=0.4793 Hit@10=0.6367 MR=54.2 n=1500

MRAEA:  21%|███████████▎                                          | 125/600 [00:13<01:41,  4.68it/s]
MRAEA:  21%|███████████▍                                          | 127/600 [00:13<01:18,  6.01it/s]
MRAEA:  22%|███████████▌                                          | 129/600 [00:13<01:02,  7.52it/s]
MRAEA:  22%|███████████▊                                          | 131/600 [00:13<00:51,  9.11it/s]
MRAEA:  22%|███████████▉                                          | 133/600 [00:13<00:43, 10.70it/s]
MRAEA:  22%|████████████▏                                         | 135/600 [00:13<00:38, 12.19it/s]
MRAEA:  23%|████████████▎                                         | 137/600 [00:13<00:34, 13.49it/s]
MRAEA:  23%|████████████▌                                         | 139/600 [00:13<00:32, 14.40it/s]
MRAEA:  24%|████████████▋                                         | 141/600 [00:14<00:29, 15.31it/s]
MRAEA:  24%|████████████▊                                         | 143/600 [00:14<00:28, 16.04it/s]
MRAEA:  24%|█████████████                                         | 145/600 [00:14<00:27, 16.58it/s]
MRAEA:  24%|█████████████▏                                        | 147/600 [00:14<00:26, 16.99it/s]
MRAEA:  25%|█████████████▍                                        | 149/600 [00:14<00:26, 17.28it/s]06:09:46 | INFO    | epoch  150/600 | loss=0.0283 | bootstrap: +11945 mutual pairs (train=365680, pool=2435)
06:09:47 | INFO    |            [filtered] MRR=0.6040 Hit@1=0.4806 Hit@5=0.7572 Hit@10=0.8172 MR=29.7 n=18523
06:09:47 | INFO    |            [multiref] MRR=0.3767 Hit@1=0.2647 Hit@5=0.4860 Hit@10=0.6407 MR=47.2 n=1500
06:09:47 | INFO    |            -> new best multiref MRR=0.3767 (saved model_best.pt)

MRAEA:  25%|█████████████▌                                        | 151/600 [00:15<01:51,  4.02it/s]
MRAEA:  26%|█████████████▊                                        | 153/600 [00:15<01:25,  5.23it/s]
MRAEA:  26%|█████████████▉                                        | 155/600 [00:16<01:07,  6.61it/s]
MRAEA:  26%|██████████████▏                                       | 157/600 [00:16<00:54,  8.13it/s]
MRAEA:  26%|██████████████▎                                       | 159/600 [00:16<00:45,  9.70it/s]
MRAEA:  27%|██████████████▍                                       | 161/600 [00:16<00:39, 11.21it/s]
MRAEA:  27%|██████████████▋                                       | 163/600 [00:16<00:34, 12.59it/s]
MRAEA:  28%|██████████████▊                                       | 165/600 [00:16<00:31, 13.77it/s]
MRAEA:  28%|███████████████                                       | 167/600 [00:16<00:29, 14.74it/s]
MRAEA:  28%|███████████████▏                                      | 169/600 [00:16<00:27, 15.50it/s]
MRAEA:  28%|███████████████▍                                      | 171/600 [00:17<00:26, 16.08it/s]
MRAEA:  29%|███████████████▌                                      | 173/600 [00:17<00:25, 16.52it/s]06:09:48 | INFO    | epoch  175/600 | loss=0.0255
06:09:49 | INFO    |            [filtered] MRR=0.5942 Hit@1=0.4618 Hit@5=0.7584 Hit@10=0.8187 MR=27.2 n=18523
06:09:49 | INFO    |            [multiref] MRR=0.3716 Hit@1=0.2567 Hit@5=0.4787 Hit@10=0.6387 MR=44.1 n=1500

MRAEA:  29%|███████████████▊                                      | 175/600 [00:18<01:30,  4.69it/s]
MRAEA:  30%|███████████████▉                                      | 177/600 [00:18<01:10,  6.01it/s]
MRAEA:  30%|████████████████                                      | 179/600 [00:18<00:56,  7.49it/s]
MRAEA:  30%|████████████████▎                                     | 181/600 [00:18<00:46,  9.06it/s]
MRAEA:  30%|████████████████▍                                     | 183/600 [00:18<00:39, 10.61it/s]
MRAEA:  31%|████████████████▋                                     | 185/600 [00:18<00:34, 12.05it/s]
MRAEA:  31%|████████████████▊                                     | 187/600 [00:18<00:31, 13.31it/s]
MRAEA:  32%|█████████████████                                     | 189/600 [00:19<00:28, 14.37it/s]
MRAEA:  32%|█████████████████▏                                    | 191/600 [00:19<00:26, 15.21it/s]
MRAEA:  32%|█████████████████▎                                    | 193/600 [00:19<00:25, 15.86it/s]
MRAEA:  32%|█████████████████▌                                    | 195/600 [00:19<00:24, 16.34it/s]
MRAEA:  33%|█████████████████▋                                    | 197/600 [00:19<00:24, 16.70it/s]
MRAEA:  33%|█████████████████▉                                    | 199/600 [00:19<00:23, 16.97it/s]06:09:51 | INFO    | epoch  200/600 | loss=0.0263
06:09:52 | INFO    |            [filtered] MRR=0.5919 Hit@1=0.4497 Hit@5=0.7663 Hit@10=0.8278 MR=25.9 n=18523
06:09:52 | INFO    |            [multiref] MRR=0.3793 Hit@1=0.2667 Hit@5=0.4793 Hit@10=0.6413 MR=42.3 n=1500
06:09:52 | INFO    |            -> new best multiref MRR=0.3793 (saved model_best.pt)

MRAEA:  34%|██████████████████                                    | 201/600 [00:20<01:37,  4.09it/s]
MRAEA:  34%|██████████████████▎                                   | 203/600 [00:21<01:14,  5.32it/s]
MRAEA:  34%|██████████████████▍                                   | 205/600 [00:21<00:58,  6.73it/s]
MRAEA:  34%|██████████████████▋                                   | 207/600 [00:21<00:47,  8.26it/s]
MRAEA:  35%|██████████████████▊                                   | 209/600 [00:21<00:39,  9.83it/s]
MRAEA:  35%|██████████████████▉                                   | 211/600 [00:21<00:34, 11.33it/s]
MRAEA:  36%|███████████████████▏                                  | 213/600 [00:21<00:30, 12.69it/s]
MRAEA:  36%|███████████████████▎                                  | 215/600 [00:21<00:27, 13.86it/s]
MRAEA:  36%|███████████████████▌                                  | 217/600 [00:21<00:25, 14.81it/s]
MRAEA:  36%|███████████████████▋                                  | 219/600 [00:22<00:24, 15.55it/s]
MRAEA:  37%|███████████████████▉                                  | 221/600 [00:22<00:23, 16.11it/s]
MRAEA:  37%|████████████████████                                  | 223/600 [00:22<00:22, 16.54it/s]06:09:53 | INFO    | epoch  225/600 | loss=0.0245
06:09:54 | INFO    |            [filtered] MRR=0.5761 Hit@1=0.4257 Hit@5=0.7601 Hit@10=0.8241 MR=25.8 n=18523
06:09:54 | INFO    |            [multiref] MRR=0.3773 Hit@1=0.2660 Hit@5=0.4800 Hit@10=0.6400 MR=41.3 n=1500

MRAEA:  38%|████████████████████▎                                 | 225/600 [00:23<01:20,  4.68it/s]
MRAEA:  38%|████████████████████▍                                 | 227/600 [00:23<01:02,  6.01it/s]
MRAEA:  38%|████████████████████▌                                 | 229/600 [00:23<00:49,  7.49it/s]
MRAEA:  38%|████████████████████▊                                 | 231/600 [00:23<00:40,  9.05it/s]
MRAEA:  39%|████████████████████▉                                 | 233/600 [00:23<00:34, 10.60it/s]
MRAEA:  39%|█████████████████████▏                                | 235/600 [00:23<00:30, 12.05it/s]
MRAEA:  40%|█████████████████████▎                                | 237/600 [00:24<00:27, 13.31it/s]
MRAEA:  40%|█████████████████████▌                                | 239/600 [00:24<00:25, 14.38it/s]
MRAEA:  40%|█████████████████████▋                                | 241/600 [00:24<00:23, 15.21it/s]
MRAEA:  40%|█████████████████████▊                                | 243/600 [00:24<00:22, 15.87it/s]
MRAEA:  41%|██████████████████████                                | 245/600 [00:24<00:21, 16.36it/s]
MRAEA:  41%|██████████████████████▏                               | 247/600 [00:24<00:21, 16.71it/s]
MRAEA:  42%|██████████████████████▍                               | 249/600 [00:24<00:20, 16.98it/s]06:09:56 | INFO    | epoch  250/600 | loss=0.0248
06:09:57 | INFO    |            [filtered] MRR=0.5599 Hit@1=0.3974 Hit@5=0.7610 Hit@10=0.8271 MR=24.8 n=18523
06:09:57 | INFO    |            [multiref] MRR=0.3687 Hit@1=0.2540 Hit@5=0.4693 Hit@10=0.6420 MR=38.3 n=1500

MRAEA:  42%|██████████████████████▌                               | 251/600 [00:25<01:14,  4.70it/s]
MRAEA:  42%|██████████████████████▊                               | 253/600 [00:25<00:57,  6.03it/s]
MRAEA:  42%|██████████████████████▉                               | 255/600 [00:26<00:45,  7.51it/s]
MRAEA:  43%|███████████████████████▏                              | 257/600 [00:26<00:37,  9.08it/s]
MRAEA:  43%|███████████████████████▎                              | 259/600 [00:26<00:32, 10.62it/s]
MRAEA:  44%|███████████████████████▍                              | 261/600 [00:26<00:28, 12.06it/s]
MRAEA:  44%|███████████████████████▋                              | 263/600 [00:26<00:25, 13.32it/s]
MRAEA:  44%|███████████████████████▊                              | 265/600 [00:26<00:23, 14.37it/s]
MRAEA:  44%|████████████████████████                              | 267/600 [00:26<00:21, 15.21it/s]
MRAEA:  45%|████████████████████████▏                             | 269/600 [00:26<00:20, 15.86it/s]
MRAEA:  45%|████████████████████████▍                             | 271/600 [00:27<00:20, 16.35it/s]
MRAEA:  46%|████████████████████████▌                             | 273/600 [00:27<00:19, 16.72it/s]06:09:58 | INFO    | epoch  275/600 | loss=0.0256
06:09:59 | INFO    |            [filtered] MRR=0.5418 Hit@1=0.3741 Hit@5=0.7493 Hit@10=0.8198 MR=25.3 n=18523
06:09:59 | INFO    |            [multiref] MRR=0.3724 Hit@1=0.2573 Hit@5=0.4760 Hit@10=0.6460 MR=38.7 n=1500

MRAEA:  46%|████████████████████████▊                             | 275/600 [00:28<01:09,  4.69it/s]
MRAEA:  46%|████████████████████████▉                             | 277/600 [00:28<00:53,  6.01it/s]
MRAEA:  46%|█████████████████████████                             | 279/600 [00:28<00:42,  7.50it/s]
MRAEA:  47%|█████████████████████████▎                            | 281/600 [00:28<00:35,  9.06it/s]
MRAEA:  47%|█████████████████████████▍                            | 283/600 [00:28<00:29, 10.61it/s]
MRAEA:  48%|█████████████████████████▋                            | 285/600 [00:28<00:26, 12.05it/s]
MRAEA:  48%|█████████████████████████▊                            | 287/600 [00:28<00:23, 13.31it/s]
MRAEA:  48%|██████████████████████████                            | 289/600 [00:29<00:21, 14.37it/s]
MRAEA:  48%|██████████████████████████▏                           | 291/600 [00:29<00:20, 15.22it/s]
MRAEA:  49%|██████████████████████████▎                           | 293/600 [00:29<00:19, 15.87it/s]
MRAEA:  49%|██████████████████████████▌                           | 295/600 [00:29<00:18, 16.36it/s]
MRAEA:  50%|██████████████████████████▋                           | 297/600 [00:29<00:18, 16.71it/s]
MRAEA:  50%|██████████████████████████▉                           | 299/600 [00:29<00:17, 16.98it/s]06:10:01 | INFO    | epoch  300/600 | loss=0.0247 | bootstrap: +1069 mutual pairs (train=366749, pool=1366)
06:10:02 | INFO    |            [filtered] MRR=0.5193 Hit@1=0.3483 Hit@5=0.7326 Hit@10=0.8071 MR=25.1 n=18523
06:10:02 | INFO    |            [multiref] MRR=0.3680 Hit@1=0.2467 Hit@5=0.4833 Hit@10=0.6453 MR=38.2 n=1500

MRAEA:  50%|███████████████████████████                           | 301/600 [00:30<01:03,  4.68it/s]
MRAEA:  50%|███████████████████████████▎                          | 303/600 [00:30<00:49,  6.01it/s]
MRAEA:  51%|███████████████████████████▍                          | 305/600 [00:31<00:39,  7.49it/s]
MRAEA:  51%|███████████████████████████▋                          | 307/600 [00:31<00:32,  9.05it/s]
MRAEA:  52%|███████████████████████████▊                          | 309/600 [00:31<00:27, 10.60it/s]
MRAEA:  52%|███████████████████████████▉                          | 311/600 [00:31<00:24, 12.04it/s]
MRAEA:  52%|████████████████████████████▏                         | 313/600 [00:31<00:21, 13.30it/s]
MRAEA:  52%|████████████████████████████▎                         | 315/600 [00:31<00:19, 14.35it/s]
MRAEA:  53%|████████████████████████████▌                         | 317/600 [00:31<00:18, 15.19it/s]
MRAEA:  53%|████████████████████████████▋                         | 319/600 [00:31<00:17, 15.82it/s]
MRAEA:  54%|████████████████████████████▉                         | 321/600 [00:31<00:17, 16.32it/s]
MRAEA:  54%|█████████████████████████████                         | 323/600 [00:32<00:16, 16.68it/s]06:10:03 | INFO    | epoch  325/600 | loss=0.0248
06:10:04 | INFO    |            [filtered] MRR=0.5056 Hit@1=0.3324 Hit@5=0.7147 Hit@10=0.7947 MR=25.7 n=18523
06:10:04 | INFO    |            [multiref] MRR=0.3695 Hit@1=0.2540 Hit@5=0.4820 Hit@10=0.6467 MR=37.6 n=1500

MRAEA:  54%|█████████████████████████████▏                        | 325/600 [00:33<00:58,  4.70it/s]
MRAEA:  55%|█████████████████████████████▍                        | 327/600 [00:33<00:45,  6.02it/s]
MRAEA:  55%|█████████████████████████████▌                        | 329/600 [00:33<00:36,  7.50it/s]
MRAEA:  55%|█████████████████████████████▊                        | 331/600 [00:33<00:29,  9.07it/s]
MRAEA:  56%|█████████████████████████████▉                        | 333/600 [00:33<00:25, 10.61it/s]
MRAEA:  56%|██████████████████████████████▏                       | 335/600 [00:33<00:21, 12.05it/s]
MRAEA:  56%|██████████████████████████████▎                       | 337/600 [00:33<00:19, 13.31it/s]
MRAEA:  56%|██████████████████████████████▌                       | 339/600 [00:33<00:18, 14.36it/s]
MRAEA:  57%|██████████████████████████████▋                       | 341/600 [00:34<00:17, 15.20it/s]
MRAEA:  57%|██████████████████████████████▊                       | 343/600 [00:34<00:16, 15.86it/s]
MRAEA:  57%|███████████████████████████████                       | 345/600 [00:34<00:15, 16.33it/s]
MRAEA:  58%|███████████████████████████████▏                      | 347/600 [00:34<00:15, 16.69it/s]
MRAEA:  58%|███████████████████████████████▍                      | 349/600 [00:34<00:14, 16.95it/s]06:10:06 | INFO    | epoch  350/600 | loss=0.0254
06:10:07 | INFO    |            [filtered] MRR=0.4802 Hit@1=0.3028 Hit@5=0.6939 Hit@10=0.7783 MR=26.6 n=18523
06:10:07 | INFO    |            [multiref] MRR=0.3666 Hit@1=0.2500 Hit@5=0.4827 Hit@10=0.6447 MR=37.4 n=1500
06:10:07 | INFO    |            early stop (best=0.3793 @ 200).

MRAEA:  58%|███████████████████████████████▍                      | 349/600 [00:35<00:25,  9.80it/s]
06:10:08 | INFO    | Done in 0.6 min. Best multiref MRR=0.3793 @ epoch 200.
06:10:08 | INFO    | Final evaluation on the test split, read once
06:10:18 | INFO    |   [cosine] filtMRR=0.5525 H@1=0.4119 H@10=0.7899 n=264830 | mrefMRR=0.8707 H@1=0.8033
06:10:28 | INFO    |   [  csls] filtMRR=0.5061 H@1=0.3598 H@10=0.7614 n=264830 | mrefMRR=0.8637 H@1=0.7940
06:10:34 | INFO    |   [cosine] F1=0.6954 P=0.5406 R=0.9747 (threshold 0.926 from validation, validation F1=0.4489)
06:10:34 | INFO    | Wrote experiments/mraea_related_20260929-060927/result.json
06:10:34 | INFO    | Finished. Best validation MRR=0.3793 @ epoch 200.
