06:22:56 | INFO    | Model: naea | seed 2026 | device: cuda:1
06:22:56 | INFO    | Regime related | graph: 84,182 nodes, 131,238 triples, 50,435 UCPGx candidates
06:22:56 | INFO    |   broadMatch/pgx   train=  3,744 test=  8,599 (70%) queries= 6,866 by cluster    leakage=0.00%
06:22:56 | INFO    |   closeMatch       train=  2,738 test=  6,296 (70%) queries= 1,490 by cluster    leakage=0.00%
06:22:56 | INFO    |   sameAs           train= 19,942 test= 46,531 (70%) queries=10,883 by cluster    leakage=0.00%
06:22:56 | INFO    |   broadMatch/onco  train= 25,039 test= 47,737 (66%) queries= 2,032 intra-cluster leakage=0.00%
06:22:56 | INFO    |   relatedMatch     train=  2,801 test=  6,289 (69%) queries=   812 intra-cluster leakage=0.00%
06:22:56 | INFO    |   related          train=471,647 test=762,046 (62%) queries=16,977 intra-cluster leakage=0.00%
06:22:57 | INFO    | Data: {'num_entities': 84182, 'num_relations': 13, 'triples': 131238, 'train_pairs': 353735, 'val_pairs': 117912, 'candidates': 50435, 'unlabeled_pool': 27270}
06:22:58 | INFO    | Params: 16.88M
06:22:58 | INFO    | Run directory: experiments/naea_related_20260929-062255
06:22:58 | INFO    | NAEA | device=cuda:1 | {'num_entities': 84182, 'num_relations': 13, 'triples': 131238, 'train_pairs': 353735, 'val_pairs': 117912, 'candidates': 50435, 'unlabeled_pool': 27270} 

NAEA:   0%|                                                                 | 0/400 [00:00<?, ?it/s]
NAEA:   0%|▏                                                        | 1/400 [00:02<17:58,  2.70s/it]
NAEA:   0%|▎                                                        | 2/400 [00:05<16:22,  2.47s/it]
NAEA:   1%|▍                                                        | 3/400 [00:07<15:50,  2.39s/it]
NAEA:   1%|▌                                                        | 4/400 [00:09<15:34,  2.36s/it]
NAEA:   1%|▋                                                        | 5/400 [00:11<15:24,  2.34s/it]
NAEA:   2%|▊                                                        | 6/400 [00:14<15:17,  2.33s/it]
NAEA:   2%|▉                                                        | 7/400 [00:16<15:12,  2.32s/it]
NAEA:   2%|█▏                                                       | 8/400 [00:18<15:08,  2.32s/it]
NAEA:   2%|█▎                                                       | 9/400 [00:21<15:04,  2.31s/it]
NAEA:   2%|█▍                                                      | 10/400 [00:23<15:01,  2.31s/it]
NAEA:   3%|█▌                                                      | 11/400 [00:25<14:58,  2.31s/it]
NAEA:   3%|█▋                                                      | 12/400 [00:28<14:56,  2.31s/it]
NAEA:   3%|█▊                                                      | 13/400 [00:30<14:53,  2.31s/it]
NAEA:   4%|█▉                                                      | 14/400 [00:32<14:51,  2.31s/it]
NAEA:   4%|██                                                      | 15/400 [00:34<14:48,  2.31s/it]
NAEA:   4%|██▏                                                     | 16/400 [00:37<14:46,  2.31s/it]
NAEA:   4%|██▍                                                     | 17/400 [00:39<14:43,  2.31s/it]
NAEA:   4%|██▌                                                     | 18/400 [00:41<14:41,  2.31s/it]
NAEA:   5%|██▋                                                     | 19/400 [00:44<14:38,  2.31s/it]
NAEA:   5%|██▊                                                     | 20/400 [00:46<14:36,  2.31s/it]
NAEA:   5%|██▉                                                     | 21/400 [00:48<14:34,  2.31s/it]
NAEA:   6%|███                                                     | 22/400 [00:51<14:34,  2.31s/it]
NAEA:   6%|███▏                                                    | 23/400 [00:53<14:31,  2.31s/it]
NAEA:   6%|███▎                                                    | 24/400 [00:55<14:28,  2.31s/it]06:23:56 | INFO    | epoch   25/400 | loss=0.3512 kge=0.0656 align=0.0571 pseudo=0.0000
06:23:57 | INFO    |            [filtered] MRR=0.5729 Hit@1=0.4833 Hit@5=0.6728 Hit@10=0.7141 MR=214.0 n=18523
06:23:57 | INFO    |            [multiref] MRR=0.3465 Hit@1=0.2440 Hit@5=0.4440 Hit@10=0.5800 MR=278.0 n=1500
06:23:58 | INFO    |            -> new best multiref MRR=0.3465 (saved model_best.pt)

NAEA:   6%|███▌                                                    | 25/400 [00:59<16:57,  2.71s/it]
NAEA:   6%|███▋                                                    | 26/400 [01:01<16:09,  2.59s/it]
NAEA:   7%|███▊                                                    | 27/400 [01:04<15:35,  2.51s/it]
NAEA:   7%|███▉                                                    | 28/400 [01:06<15:10,  2.45s/it]
NAEA:   7%|████                                                    | 29/400 [01:08<14:52,  2.41s/it]06:24:09 | INFO    | epoch   30/400 | loss=0.3230 kge=0.0620 align=0.0522 pseudo=0.0000 | bootstrap: 7917 pseudo-pairs (beta=1.0)

NAEA:   8%|████▏                                                   | 30/400 [01:11<14:51,  2.41s/it]
NAEA:   8%|████▎                                                   | 31/400 [01:15<18:39,  3.03s/it]
NAEA:   8%|████▍                                                   | 32/400 [01:20<21:15,  3.47s/it]
NAEA:   8%|████▌                                                   | 33/400 [01:24<23:03,  3.77s/it]
NAEA:   8%|████▊                                                   | 34/400 [01:29<24:17,  3.98s/it]06:24:32 | INFO    | epoch   35/400 | loss=0.3708 kge=0.0647 align=0.0492 pseudo=0.0601 | bootstrap: 9000 pseudo-pairs (beta=1.0)

NAEA:   9%|████▉                                                   | 35/400 [01:33<25:19,  4.16s/it]
NAEA:   9%|█████                                                   | 36/400 [01:37<25:32,  4.21s/it]
NAEA:   9%|█████▏                                                  | 37/400 [01:42<25:39,  4.24s/it]
NAEA:  10%|█████▎                                                  | 38/400 [01:46<25:44,  4.27s/it]
NAEA:  10%|█████▍                                                  | 39/400 [01:50<25:45,  4.28s/it]06:24:54 | INFO    | epoch   40/400 | loss=0.3462 kge=0.0601 align=0.0469 pseudo=0.0518 | bootstrap: 9000 pseudo-pairs (beta=1.0)

NAEA:  10%|█████▌                                                  | 40/400 [01:55<25:57,  4.33s/it]
NAEA:  10%|█████▋                                                  | 41/400 [01:59<25:52,  4.32s/it]
NAEA:  10%|█████▉                                                  | 42/400 [02:03<25:46,  4.32s/it]
NAEA:  11%|██████                                                  | 43/400 [02:08<25:41,  4.32s/it]
NAEA:  11%|██████▏                                                 | 44/400 [02:12<25:36,  4.32s/it]06:25:15 | INFO    | epoch   45/400 | loss=0.3190 kge=0.0565 align=0.0444 pseudo=0.0403 | bootstrap: 9000 pseudo-pairs (beta=1.0)

NAEA:  11%|██████▎                                                 | 45/400 [02:16<25:43,  4.35s/it]
NAEA:  12%|██████▍                                                 | 46/400 [02:21<25:35,  4.34s/it]
NAEA:  12%|██████▌                                                 | 47/400 [02:25<25:28,  4.33s/it]
NAEA:  12%|██████▋                                                 | 48/400 [02:29<25:22,  4.33s/it]
NAEA:  12%|██████▊                                                 | 49/400 [02:34<25:17,  4.32s/it]06:25:37 | INFO    | epoch   50/400 | loss=0.3008 kge=0.0537 align=0.0426 pseudo=0.0342 | bootstrap: 9000 pseudo-pairs (beta=1.0)
06:25:38 | INFO    |            [filtered] MRR=0.5894 Hit@1=0.5020 Hit@5=0.6868 Hit@10=0.7289 MR=163.2 n=18523
06:25:38 | INFO    |            [multiref] MRR=0.3483 Hit@1=0.2400 Hit@5=0.4527 Hit@10=0.5980 MR=144.0 n=1500
06:25:38 | INFO    |            -> new best multiref MRR=0.3483 (saved model_best.pt)

NAEA:  12%|███████                                                 | 50/400 [02:39<27:40,  4.75s/it]
NAEA:  13%|███████▏                                                | 51/400 [02:44<26:51,  4.62s/it]
NAEA:  13%|███████▎                                                | 52/400 [02:48<26:15,  4.53s/it]
NAEA:  13%|███████▍                                                | 53/400 [02:52<25:48,  4.46s/it]
NAEA:  14%|███████▌                                                | 54/400 [02:57<25:30,  4.42s/it]06:26:00 | INFO    | epoch   55/400 | loss=0.2846 kge=0.0509 align=0.0407 pseudo=0.0301 | bootstrap: 9000 pseudo-pairs (beta=1.0)

NAEA:  14%|███████▋                                                | 55/400 [03:01<25:27,  4.43s/it]
NAEA:  14%|███████▊                                                | 56/400 [03:06<25:13,  4.40s/it]
NAEA:  14%|███████▉                                                | 57/400 [03:10<25:01,  4.38s/it]
NAEA:  14%|████████                                                | 58/400 [03:14<24:51,  4.36s/it]
NAEA:  15%|████████▎                                               | 59/400 [03:19<24:45,  4.36s/it]06:26:22 | INFO    | epoch   60/400 | loss=0.2768 kge=0.0479 align=0.0404 pseudo=0.0272 | bootstrap: 9000 pseudo-pairs (beta=1.0)

NAEA:  15%|████████▍                                               | 60/400 [03:23<24:50,  4.38s/it]
NAEA:  15%|████████▌                                               | 61/400 [03:27<24:41,  4.37s/it]
NAEA:  16%|████████▋                                               | 62/400 [03:32<24:33,  4.36s/it]
NAEA:  16%|████████▊                                               | 63/400 [03:36<24:26,  4.35s/it]
NAEA:  16%|████████▉                                               | 64/400 [03:40<24:21,  4.35s/it]06:26:44 | INFO    | epoch   65/400 | loss=0.2702 kge=0.0465 align=0.0398 pseudo=0.0247 | bootstrap: 9000 pseudo-pairs (beta=1.0)

NAEA:  16%|█████████                                               | 65/400 [03:45<24:28,  4.38s/it]
NAEA:  16%|█████████▏                                              | 66/400 [03:49<24:19,  4.37s/it]
NAEA:  17%|█████████▍                                              | 67/400 [03:53<24:12,  4.36s/it]
NAEA:  17%|█████████▌                                              | 68/400 [03:58<24:05,  4.35s/it]
NAEA:  17%|█████████▋                                              | 69/400 [04:02<23:59,  4.35s/it]06:27:05 | INFO    | epoch   70/400 | loss=0.2604 kge=0.0451 align=0.0384 pseudo=0.0233 | bootstrap: 9000 pseudo-pairs (beta=1.0)

NAEA:  18%|█████████▊                                              | 70/400 [04:07<24:05,  4.38s/it]
NAEA:  18%|█████████▉                                              | 71/400 [04:11<23:58,  4.37s/it]
NAEA:  18%|██████████                                              | 72/400 [04:15<23:50,  4.36s/it]
NAEA:  18%|██████████▏                                             | 73/400 [04:20<23:43,  4.35s/it]
NAEA:  18%|██████████▎                                             | 74/400 [04:24<23:38,  4.35s/it]06:27:27 | INFO    | epoch   75/400 | loss=0.2555 kge=0.0437 align=0.0380 pseudo=0.0217 | bootstrap: 9000 pseudo-pairs (beta=1.0)
06:27:28 | INFO    |            [filtered] MRR=0.5869 Hit@1=0.4931 Hit@5=0.6876 Hit@10=0.7307 MR=162.2 n=18523
06:27:28 | INFO    |            [multiref] MRR=0.3484 Hit@1=0.2420 Hit@5=0.4413 Hit@10=0.5820 MR=117.0 n=1500
06:27:29 | INFO    |            -> new best multiref MRR=0.3484 (saved model_best.pt)

NAEA:  19%|██████████▌                                             | 75/400 [04:30<25:55,  4.79s/it]
NAEA:  19%|██████████▋                                             | 76/400 [04:34<25:08,  4.65s/it]
NAEA:  19%|██████████▊                                             | 77/400 [04:38<24:33,  4.56s/it]
NAEA:  20%|██████████▉                                             | 78/400 [04:43<24:07,  4.50s/it]
NAEA:  20%|███████████                                             | 79/400 [04:47<23:48,  4.45s/it]06:27:50 | INFO    | epoch   80/400 | loss=0.2592 kge=0.0424 align=0.0392 pseudo=0.0206 | bootstrap: 9000 pseudo-pairs (beta=1.0)

NAEA:  20%|███████████▏                                            | 80/400 [04:52<23:45,  4.45s/it]
NAEA:  20%|███████████▎                                            | 81/400 [04:56<23:30,  4.42s/it]
NAEA:  20%|███████████▍                                            | 82/400 [05:00<23:18,  4.40s/it]
NAEA:  21%|███████████▌                                            | 83/400 [05:05<23:08,  4.38s/it]
NAEA:  21%|███████████▊                                            | 84/400 [05:09<23:01,  4.37s/it]06:28:12 | INFO    | epoch   85/400 | loss=0.2472 kge=0.0417 align=0.0372 pseudo=0.0197 | bootstrap: 9000 pseudo-pairs (beta=1.0)

NAEA:  21%|███████████▉                                            | 85/400 [05:13<23:05,  4.40s/it]
NAEA:  22%|████████████                                            | 86/400 [05:18<22:56,  4.38s/it]
NAEA:  22%|████████████▏                                           | 87/400 [05:22<22:48,  4.37s/it]
NAEA:  22%|████████████▎                                           | 88/400 [05:26<22:41,  4.36s/it]
NAEA:  22%|████████████▍                                           | 89/400 [05:31<22:35,  4.36s/it]06:28:34 | INFO    | epoch   90/400 | loss=0.2415 kge=0.0404 align=0.0365 pseudo=0.0186 | bootstrap: 9000 pseudo-pairs (beta=1.0)

NAEA:  22%|████████████▌                                           | 90/400 [05:35<22:40,  4.39s/it]
NAEA:  23%|████████████▋                                           | 91/400 [05:40<22:32,  4.38s/it]
NAEA:  23%|████████████▉                                           | 92/400 [05:44<22:24,  4.37s/it]
NAEA:  23%|█████████████                                           | 93/400 [05:48<22:17,  4.36s/it]
NAEA:  24%|█████████████▏                                          | 94/400 [05:53<22:12,  4.36s/it]06:28:56 | INFO    | epoch   95/400 | loss=0.2432 kge=0.0393 align=0.0372 pseudo=0.0181 | bootstrap: 9000 pseudo-pairs (beta=1.0)

NAEA:  24%|█████████████▎                                          | 95/400 [05:57<22:17,  4.39s/it]
NAEA:  24%|█████████████▍                                          | 96/400 [06:01<22:10,  4.38s/it]
NAEA:  24%|█████████████▌                                          | 97/400 [06:06<22:02,  4.37s/it]
NAEA:  24%|█████████████▋                                          | 98/400 [06:10<21:56,  4.36s/it]
NAEA:  25%|█████████████▊                                          | 99/400 [06:15<21:51,  4.36s/it]06:29:18 | INFO    | epoch  100/400 | loss=0.2391 kge=0.0390 align=0.0365 pseudo=0.0175 | bootstrap: 9000 pseudo-pairs (beta=1.0)
06:29:19 | INFO    |            [filtered] MRR=0.5905 Hit@1=0.4950 Hit@5=0.6911 Hit@10=0.7322 MR=160.0 n=18523
06:29:19 | INFO    |            [multiref] MRR=0.3437 Hit@1=0.2373 Hit@5=0.4387 Hit@10=0.5813 MR=112.0 n=1500

NAEA:  25%|█████████████▊                                         | 100/400 [06:20<23:30,  4.70s/it]
NAEA:  25%|█████████████▉                                         | 101/400 [06:24<22:53,  4.60s/it]
NAEA:  26%|██████████████                                         | 102/400 [06:29<22:26,  4.52s/it]
NAEA:  26%|██████████████▏                                        | 103/400 [06:33<22:06,  4.47s/it]
NAEA:  26%|██████████████▎                                        | 104/400 [06:37<21:51,  4.43s/it]06:29:41 | INFO    | epoch  105/400 | loss=0.2345 kge=0.0390 align=0.0358 pseudo=0.0165 | bootstrap: 9000 pseudo-pairs (beta=1.0)

NAEA:  26%|██████████████▍                                        | 105/400 [06:42<21:49,  4.44s/it]
NAEA:  26%|██████████████▌                                        | 106/400 [06:46<21:37,  4.41s/it]
NAEA:  27%|██████████████▋                                        | 107/400 [06:51<21:26,  4.39s/it]
NAEA:  27%|██████████████▊                                        | 108/400 [06:55<21:17,  4.38s/it]
NAEA:  27%|██████████████▉                                        | 109/400 [06:59<21:11,  4.37s/it]06:30:03 | INFO    | epoch  110/400 | loss=0.2364 kge=0.0372 align=0.0366 pseudo=0.0164 | bootstrap: 9000 pseudo-pairs (beta=1.0)

NAEA:  28%|███████████████▏                                       | 110/400 [07:04<21:14,  4.40s/it]
NAEA:  28%|███████████████▎                                       | 111/400 [07:08<21:06,  4.38s/it]
NAEA:  28%|███████████████▍                                       | 112/400 [07:12<20:58,  4.37s/it]
NAEA:  28%|███████████████▌                                       | 113/400 [07:17<20:52,  4.36s/it]
NAEA:  28%|███████████████▋                                       | 114/400 [07:21<20:46,  4.36s/it]06:30:24 | INFO    | epoch  115/400 | loss=0.2316 kge=0.0375 align=0.0357 pseudo=0.0155 | bootstrap: 9000 pseudo-pairs (beta=1.0)

NAEA:  29%|███████████████▊                                       | 115/400 [07:26<20:50,  4.39s/it]
NAEA:  29%|███████████████▉                                       | 116/400 [07:30<20:43,  4.38s/it]
NAEA:  29%|████████████████                                       | 117/400 [07:34<20:36,  4.37s/it]
NAEA:  30%|████████████████▏                                      | 118/400 [07:39<20:29,  4.36s/it]
NAEA:  30%|████████████████▎                                      | 119/400 [07:43<20:24,  4.36s/it]06:30:46 | INFO    | epoch  120/400 | loss=0.2279 kge=0.0361 align=0.0353 pseudo=0.0152 | bootstrap: 9000 pseudo-pairs (beta=1.0)

NAEA:  30%|████████████████▌                                      | 120/400 [07:47<20:28,  4.39s/it]
NAEA:  30%|████████████████▋                                      | 121/400 [07:52<20:21,  4.38s/it]
NAEA:  30%|████████████████▊                                      | 122/400 [07:56<20:14,  4.37s/it]
NAEA:  31%|████████████████▉                                      | 123/400 [08:00<20:08,  4.36s/it]
NAEA:  31%|█████████████████                                      | 124/400 [08:05<20:03,  4.36s/it]06:31:08 | INFO    | epoch  125/400 | loss=0.2310 kge=0.0361 align=0.0360 pseudo=0.0148 | bootstrap: 9000 pseudo-pairs (beta=1.0)
06:31:09 | INFO    |            [filtered] MRR=0.6010 Hit@1=0.5140 Hit@5=0.6983 Hit@10=0.7376 MR=163.3 n=18523
06:31:09 | INFO    |            [multiref] MRR=0.3675 Hit@1=0.2533 Hit@5=0.4820 Hit@10=0.6053 MR=115.7 n=1500
06:31:09 | INFO    |            -> new best multiref MRR=0.3675 (saved model_best.pt)

NAEA:  31%|█████████████████▏                                     | 125/400 [08:11<21:56,  4.79s/it]
NAEA:  32%|█████████████████▎                                     | 126/400 [08:15<21:15,  4.66s/it]
NAEA:  32%|█████████████████▍                                     | 127/400 [08:19<20:45,  4.56s/it]
NAEA:  32%|█████████████████▌                                     | 128/400 [08:24<20:22,  4.49s/it]
NAEA:  32%|█████████████████▋                                     | 129/400 [08:28<20:06,  4.45s/it]06:31:31 | INFO    | epoch  130/400 | loss=0.2252 kge=0.0354 align=0.0351 pseudo=0.0145 | bootstrap: 9000 pseudo-pairs (beta=1.0)

NAEA:  32%|█████████████████▉                                     | 130/400 [08:32<20:02,  4.45s/it]
NAEA:  33%|██████████████████                                     | 131/400 [08:37<19:49,  4.42s/it]
NAEA:  33%|██████████████████▏                                    | 132/400 [08:41<19:39,  4.40s/it]
NAEA:  33%|██████████████████▎                                    | 133/400 [08:45<19:30,  4.38s/it]
NAEA:  34%|██████████████████▍                                    | 134/400 [08:50<19:23,  4.37s/it]06:31:53 | INFO    | epoch  135/400 | loss=0.2219 kge=0.0356 align=0.0344 pseudo=0.0142 | bootstrap: 9000 pseudo-pairs (beta=1.0)

NAEA:  34%|██████████████████▌                                    | 135/400 [08:54<19:26,  4.40s/it]
NAEA:  34%|██████████████████▋                                    | 136/400 [08:59<19:18,  4.39s/it]
NAEA:  34%|██████████████████▊                                    | 137/400 [09:03<19:10,  4.37s/it]
NAEA:  34%|██████████████████▉                                    | 138/400 [09:07<19:03,  4.36s/it]
NAEA:  35%|███████████████████                                    | 139/400 [09:12<18:58,  4.36s/it]06:32:15 | INFO    | epoch  140/400 | loss=0.2235 kge=0.0350 align=0.0350 pseudo=0.0136 | bootstrap: 9000 pseudo-pairs (beta=1.0)

NAEA:  35%|███████████████████▎                                   | 140/400 [09:16<19:01,  4.39s/it]
NAEA:  35%|███████████████████▍                                   | 141/400 [09:20<18:53,  4.38s/it]
NAEA:  36%|███████████████████▌                                   | 142/400 [09:25<18:47,  4.37s/it]
NAEA:  36%|███████████████████▋                                   | 143/400 [09:29<18:40,  4.36s/it]
NAEA:  36%|███████████████████▊                                   | 144/400 [09:34<18:35,  4.36s/it]06:32:37 | INFO    | epoch  145/400 | loss=0.2191 kge=0.0342 align=0.0343 pseudo=0.0134 | bootstrap: 9000 pseudo-pairs (beta=1.0)

NAEA:  36%|███████████████████▉                                   | 145/400 [09:38<18:39,  4.39s/it]
NAEA:  36%|████████████████████                                   | 146/400 [09:42<18:32,  4.38s/it]
NAEA:  37%|████████████████████▏                                  | 147/400 [09:47<18:25,  4.37s/it]
NAEA:  37%|████████████████████▎                                  | 148/400 [09:51<18:18,  4.36s/it]
NAEA:  37%|████████████████████▍                                  | 149/400 [09:55<18:13,  4.36s/it]06:32:59 | INFO    | epoch  150/400 | loss=0.2232 kge=0.0342 align=0.0351 pseudo=0.0132 | bootstrap: 9000 pseudo-pairs (beta=1.0)
06:33:00 | INFO    |            [filtered] MRR=0.5911 Hit@1=0.4945 Hit@5=0.6965 Hit@10=0.7396 MR=175.6 n=18523
06:33:00 | INFO    |            [multiref] MRR=0.3536 Hit@1=0.2353 Hit@5=0.4613 Hit@10=0.6200 MR=137.7 n=1500

NAEA:  38%|████████████████████▋                                  | 150/400 [10:01<19:36,  4.71s/it]
NAEA:  38%|████████████████████▊                                  | 151/400 [10:05<19:05,  4.60s/it]
NAEA:  38%|████████████████████▉                                  | 152/400 [10:10<18:41,  4.52s/it]
NAEA:  38%|█████████████████████                                  | 153/400 [10:14<18:23,  4.47s/it]
NAEA:  38%|█████████████████████▏                                 | 154/400 [10:18<18:10,  4.43s/it]06:33:22 | INFO    | epoch  155/400 | loss=0.2211 kge=0.0337 align=0.0349 pseudo=0.0127 | bootstrap: 9000 pseudo-pairs (beta=1.0)

NAEA:  39%|█████████████████████▎                                 | 155/400 [10:23<18:08,  4.44s/it]
NAEA:  39%|█████████████████████▍                                 | 156/400 [10:27<17:57,  4.41s/it]
NAEA:  39%|█████████████████████▌                                 | 157/400 [10:31<17:47,  4.39s/it]
NAEA:  40%|█████████████████████▋                                 | 158/400 [10:36<17:39,  4.38s/it]
NAEA:  40%|█████████████████████▊                                 | 159/400 [10:40<17:33,  4.37s/it]06:33:43 | INFO    | epoch  160/400 | loss=0.2172 kge=0.0339 align=0.0342 pseudo=0.0124 | bootstrap: 9000 pseudo-pairs (beta=1.0)

NAEA:  40%|██████████████████████                                 | 160/400 [10:45<17:35,  4.40s/it]
NAEA:  40%|██████████████████████▏                                | 161/400 [10:49<17:27,  4.38s/it]
NAEA:  40%|██████████████████████▎                                | 162/400 [10:53<17:20,  4.37s/it]
NAEA:  41%|██████████████████████▍                                | 163/400 [10:58<17:14,  4.36s/it]
NAEA:  41%|██████████████████████▌                                | 164/400 [11:02<17:08,  4.36s/it]06:34:05 | INFO    | epoch  165/400 | loss=0.2182 kge=0.0335 align=0.0346 pseudo=0.0119 | bootstrap: 9000 pseudo-pairs (beta=1.0)

NAEA:  41%|██████████████████████▋                                | 165/400 [11:06<17:11,  4.39s/it]
NAEA:  42%|██████████████████████▊                                | 166/400 [11:11<17:04,  4.38s/it]
NAEA:  42%|██████████████████████▉                                | 167/400 [11:15<16:57,  4.37s/it]
NAEA:  42%|███████████████████████                                | 168/400 [11:19<16:51,  4.36s/it]
NAEA:  42%|███████████████████████▏                               | 169/400 [11:24<16:46,  4.36s/it]06:34:27 | INFO    | epoch  170/400 | loss=0.2104 kge=0.0324 align=0.0332 pseudo=0.0120 | bootstrap: 9000 pseudo-pairs (beta=1.0)

NAEA:  42%|███████████████████████▍                               | 170/400 [11:28<16:49,  4.39s/it]
NAEA:  43%|███████████████████████▌                               | 171/400 [11:33<16:42,  4.38s/it]
NAEA:  43%|███████████████████████▋                               | 172/400 [11:37<16:35,  4.37s/it]
NAEA:  43%|███████████████████████▊                               | 173/400 [11:41<16:29,  4.36s/it]
NAEA:  44%|███████████████████████▉                               | 174/400 [11:46<16:24,  4.36s/it]06:34:49 | INFO    | epoch  175/400 | loss=0.2135 kge=0.0327 align=0.0339 pseudo=0.0116 | bootstrap: 9000 pseudo-pairs (beta=1.0)
06:34:50 | INFO    |            [filtered] MRR=0.5891 Hit@1=0.4946 Hit@5=0.6907 Hit@10=0.7333 MR=183.5 n=18523
06:34:50 | INFO    |            [multiref] MRR=0.3631 Hit@1=0.2607 Hit@5=0.4573 Hit@10=0.6020 MR=144.7 n=1500

NAEA:  44%|████████████████████████                               | 175/400 [11:51<17:38,  4.71s/it]
NAEA:  44%|████████████████████████▏                              | 176/400 [11:56<17:09,  4.60s/it]
NAEA:  44%|████████████████████████▎                              | 177/400 [12:00<16:48,  4.52s/it]
NAEA:  44%|████████████████████████▍                              | 178/400 [12:04<16:31,  4.47s/it]
NAEA:  45%|████████████████████████▌                              | 179/400 [12:09<16:19,  4.43s/it]06:35:12 | INFO    | epoch  180/400 | loss=0.2110 kge=0.0324 align=0.0334 pseudo=0.0115 | bootstrap: 9000 pseudo-pairs (beta=1.0)

NAEA:  45%|████████████████████████▊                              | 180/400 [12:13<16:16,  4.44s/it]
NAEA:  45%|████████████████████████▉                              | 181/400 [12:17<16:06,  4.41s/it]
NAEA:  46%|█████████████████████████                              | 182/400 [12:22<15:57,  4.39s/it]
NAEA:  46%|█████████████████████████▏                             | 183/400 [12:26<15:49,  4.38s/it]
NAEA:  46%|█████████████████████████▎                             | 184/400 [12:30<15:44,  4.37s/it]06:35:34 | INFO    | epoch  185/400 | loss=0.2073 kge=0.0321 align=0.0328 pseudo=0.0110 | bootstrap: 9000 pseudo-pairs (beta=1.0)

NAEA:  46%|█████████████████████████▍                             | 185/400 [12:35<15:45,  4.40s/it]
NAEA:  46%|█████████████████████████▌                             | 186/400 [12:39<15:37,  4.38s/it]
NAEA:  47%|█████████████████████████▋                             | 187/400 [12:44<15:31,  4.37s/it]
NAEA:  47%|█████████████████████████▊                             | 188/400 [12:48<15:25,  4.36s/it]
NAEA:  47%|█████████████████████████▉                             | 189/400 [12:52<15:19,  4.36s/it]06:35:56 | INFO    | epoch  190/400 | loss=0.2140 kge=0.0327 align=0.0341 pseudo=0.0110 | bootstrap: 9000 pseudo-pairs (beta=1.0)

NAEA:  48%|██████████████████████████▏                            | 190/400 [12:57<15:21,  4.39s/it]
NAEA:  48%|██████████████████████████▎                            | 191/400 [13:01<15:15,  4.38s/it]
NAEA:  48%|██████████████████████████▍                            | 192/400 [13:05<15:08,  4.37s/it]
NAEA:  48%|██████████████████████████▌                            | 193/400 [13:10<15:02,  4.36s/it]
NAEA:  48%|██████████████████████████▋                            | 194/400 [13:14<14:58,  4.36s/it]06:36:17 | INFO    | epoch  195/400 | loss=0.2098 kge=0.0320 align=0.0334 pseudo=0.0110 | bootstrap: 9000 pseudo-pairs (beta=1.0)

NAEA:  49%|██████████████████████████▊                            | 195/400 [13:19<14:59,  4.39s/it]
NAEA:  49%|██████████████████████████▉                            | 196/400 [13:23<14:53,  4.38s/it]
NAEA:  49%|███████████████████████████                            | 197/400 [13:27<14:46,  4.37s/it]
NAEA:  50%|███████████████████████████▏                           | 198/400 [13:32<14:40,  4.36s/it]
NAEA:  50%|███████████████████████████▎                           | 199/400 [13:36<14:36,  4.36s/it]06:36:39 | INFO    | epoch  200/400 | loss=0.2086 kge=0.0314 align=0.0333 pseudo=0.0106 | bootstrap: 9000 pseudo-pairs (beta=1.0)
06:36:40 | INFO    |            [filtered] MRR=0.5905 Hit@1=0.4935 Hit@5=0.6965 Hit@10=0.7343 MR=179.6 n=18523
06:36:40 | INFO    |            [multiref] MRR=0.3648 Hit@1=0.2573 Hit@5=0.4613 Hit@10=0.6000 MR=128.7 n=1500

NAEA:  50%|███████████████████████████▌                           | 200/400 [13:42<15:40,  4.70s/it]
NAEA:  50%|███████████████████████████▋                           | 201/400 [13:46<15:14,  4.60s/it]
NAEA:  50%|███████████████████████████▊                           | 202/400 [13:50<14:55,  4.52s/it]
NAEA:  51%|███████████████████████████▉                           | 203/400 [13:55<14:40,  4.47s/it]
NAEA:  51%|████████████████████████████                           | 204/400 [13:59<14:28,  4.43s/it]06:37:02 | INFO    | epoch  205/400 | loss=0.2065 kge=0.0310 align=0.0330 pseudo=0.0104 | bootstrap: 9000 pseudo-pairs (beta=1.0)

NAEA:  51%|████████████████████████████▏                          | 205/400 [14:03<14:25,  4.44s/it]
NAEA:  52%|████████████████████████████▎                          | 206/400 [14:08<14:16,  4.41s/it]
NAEA:  52%|████████████████████████████▍                          | 207/400 [14:12<14:07,  4.39s/it]
NAEA:  52%|████████████████████████████▌                          | 208/400 [14:16<14:00,  4.38s/it]
NAEA:  52%|████████████████████████████▋                          | 209/400 [14:21<13:54,  4.37s/it]06:37:24 | INFO    | epoch  210/400 | loss=0.2055 kge=0.0312 align=0.0328 pseudo=0.0104 | bootstrap: 9000 pseudo-pairs (beta=1.0)

NAEA:  52%|████████████████████████████▉                          | 210/400 [14:25<13:55,  4.40s/it]
NAEA:  53%|█████████████████████████████                          | 211/400 [14:30<13:48,  4.38s/it]
NAEA:  53%|█████████████████████████████▏                         | 212/400 [14:34<13:41,  4.37s/it]
NAEA:  53%|█████████████████████████████▎                         | 213/400 [14:38<13:35,  4.36s/it]
NAEA:  54%|█████████████████████████████▍                         | 214/400 [14:43<13:30,  4.36s/it]06:37:46 | INFO    | epoch  215/400 | loss=0.2072 kge=0.0311 align=0.0332 pseudo=0.0101 | bootstrap: 9000 pseudo-pairs (beta=1.0)

NAEA:  54%|█████████████████████████████▌                         | 215/400 [14:47<13:31,  4.39s/it]
NAEA:  54%|█████████████████████████████▋                         | 216/400 [14:51<13:25,  4.38s/it]
NAEA:  54%|█████████████████████████████▊                         | 217/400 [14:56<13:19,  4.37s/it]
NAEA:  55%|█████████████████████████████▉                         | 218/400 [15:00<13:13,  4.36s/it]
NAEA:  55%|██████████████████████████████                         | 219/400 [15:04<13:08,  4.36s/it]06:38:08 | INFO    | epoch  220/400 | loss=0.2078 kge=0.0303 align=0.0335 pseudo=0.0098 | bootstrap: 9000 pseudo-pairs (beta=1.0)

NAEA:  55%|██████████████████████████████▎                        | 220/400 [15:09<13:09,  4.39s/it]
NAEA:  55%|██████████████████████████████▍                        | 221/400 [15:13<13:03,  4.38s/it]
NAEA:  56%|██████████████████████████████▌                        | 222/400 [15:18<12:57,  4.37s/it]
NAEA:  56%|██████████████████████████████▋                        | 223/400 [15:22<12:51,  4.36s/it]
NAEA:  56%|██████████████████████████████▊                        | 224/400 [15:26<12:46,  4.36s/it]06:38:30 | INFO    | epoch  225/400 | loss=0.2028 kge=0.0310 align=0.0324 pseudo=0.0098 | bootstrap: 9000 pseudo-pairs (beta=1.0)
06:38:30 | INFO    |            [filtered] MRR=0.5980 Hit@1=0.5079 Hit@5=0.6930 Hit@10=0.7372 MR=177.0 n=18523
06:38:30 | INFO    |            [multiref] MRR=0.3597 Hit@1=0.2487 Hit@5=0.4580 Hit@10=0.5967 MR=156.2 n=1500

NAEA:  56%|██████████████████████████████▉                        | 225/400 [15:32<13:42,  4.70s/it]
NAEA:  56%|███████████████████████████████                        | 226/400 [15:36<13:19,  4.59s/it]
NAEA:  57%|███████████████████████████████▏                       | 227/400 [15:40<13:01,  4.52s/it]
NAEA:  57%|███████████████████████████████▎                       | 228/400 [15:45<12:48,  4.47s/it]
NAEA:  57%|███████████████████████████████▍                       | 229/400 [15:49<12:37,  4.43s/it]06:38:52 | INFO    | epoch  230/400 | loss=0.2122 kge=0.0301 align=0.0345 pseudo=0.0094 | bootstrap: 9000 pseudo-pairs (beta=1.0)

NAEA:  57%|███████████████████████████████▌                       | 230/400 [15:54<12:34,  4.44s/it]
NAEA:  58%|███████████████████████████████▊                       | 231/400 [15:58<12:25,  4.41s/it]
NAEA:  58%|███████████████████████████████▉                       | 232/400 [16:02<12:17,  4.39s/it]
NAEA:  58%|████████████████████████████████                       | 233/400 [16:07<12:11,  4.38s/it]
NAEA:  58%|████████████████████████████████▏                      | 234/400 [16:11<12:05,  4.37s/it]06:39:14 | INFO    | epoch  235/400 | loss=0.2033 kge=0.0305 align=0.0327 pseudo=0.0095 | bootstrap: 9000 pseudo-pairs (beta=1.0)

NAEA:  59%|████████████████████████████████▎                      | 235/400 [16:15<12:05,  4.40s/it]
NAEA:  59%|████████████████████████████████▍                      | 236/400 [16:20<11:58,  4.38s/it]
NAEA:  59%|████████████████████████████████▌                      | 237/400 [16:24<11:52,  4.37s/it]
NAEA:  60%|████████████████████████████████▋                      | 238/400 [16:29<11:46,  4.36s/it]
NAEA:  60%|████████████████████████████████▊                      | 239/400 [16:33<11:41,  4.36s/it]06:39:36 | INFO    | epoch  240/400 | loss=0.2088 kge=0.0303 align=0.0338 pseudo=0.0095 | bootstrap: 9000 pseudo-pairs (beta=1.0)

NAEA:  60%|█████████████████████████████████                      | 240/400 [16:37<11:42,  4.39s/it]
NAEA:  60%|█████████████████████████████████▏                     | 241/400 [16:42<11:35,  4.38s/it]
NAEA:  60%|█████████████████████████████████▎                     | 242/400 [16:46<11:29,  4.37s/it]
NAEA:  61%|█████████████████████████████████▍                     | 243/400 [16:50<11:24,  4.36s/it]
NAEA:  61%|█████████████████████████████████▌                     | 244/400 [16:55<11:19,  4.36s/it]06:39:58 | INFO    | epoch  245/400 | loss=0.2053 kge=0.0303 align=0.0332 pseudo=0.0090 | bootstrap: 9000 pseudo-pairs (beta=1.0)

NAEA:  61%|█████████████████████████████████▋                     | 245/400 [16:59<11:20,  4.39s/it]
NAEA:  62%|█████████████████████████████████▊                     | 246/400 [17:04<11:14,  4.38s/it]
NAEA:  62%|█████████████████████████████████▉                     | 247/400 [17:08<11:08,  4.37s/it]
NAEA:  62%|██████████████████████████████████                     | 248/400 [17:12<11:02,  4.36s/it]
NAEA:  62%|██████████████████████████████████▏                    | 249/400 [17:17<10:58,  4.36s/it]06:40:20 | INFO    | epoch  250/400 | loss=0.2057 kge=0.0298 align=0.0334 pseudo=0.0091 | bootstrap: 9000 pseudo-pairs (beta=1.0)
06:40:21 | INFO    |            [filtered] MRR=0.5903 Hit@1=0.4961 Hit@5=0.6965 Hit@10=0.7381 MR=179.0 n=18523
06:40:21 | INFO    |            [multiref] MRR=0.3555 Hit@1=0.2407 Hit@5=0.4593 Hit@10=0.6073 MR=143.7 n=1500

NAEA:  62%|██████████████████████████████████▍                    | 250/400 [17:22<11:45,  4.70s/it]
NAEA:  63%|██████████████████████████████████▌                    | 251/400 [17:26<11:24,  4.60s/it]
NAEA:  63%|██████████████████████████████████▋                    | 252/400 [17:31<11:08,  4.52s/it]
NAEA:  63%|██████████████████████████████████▊                    | 253/400 [17:35<10:56,  4.47s/it]
NAEA:  64%|██████████████████████████████████▉                    | 254/400 [17:39<10:46,  4.43s/it]06:40:43 | INFO    | epoch  255/400 | loss=0.2047 kge=0.0299 align=0.0332 pseudo=0.0088 | bootstrap: 9000 pseudo-pairs (beta=1.0)

NAEA:  64%|███████████████████████████████████                    | 255/400 [17:44<10:43,  4.44s/it]
NAEA:  64%|███████████████████████████████████▏                   | 256/400 [17:48<10:35,  4.41s/it]
NAEA:  64%|███████████████████████████████████▎                   | 257/400 [17:53<10:28,  4.39s/it]
NAEA:  64%|███████████████████████████████████▍                   | 258/400 [17:57<10:21,  4.38s/it]
NAEA:  65%|███████████████████████████████████▌                   | 259/400 [18:01<10:16,  4.37s/it]06:41:05 | INFO    | epoch  260/400 | loss=0.2069 kge=0.0296 align=0.0337 pseudo=0.0088 | bootstrap: 9000 pseudo-pairs (beta=1.0)

NAEA:  65%|███████████████████████████████████▊                   | 260/400 [18:06<10:15,  4.40s/it]
NAEA:  65%|███████████████████████████████████▉                   | 261/400 [18:10<10:09,  4.38s/it]
NAEA:  66%|████████████████████████████████████                   | 262/400 [18:14<10:03,  4.37s/it]
NAEA:  66%|████████████████████████████████████▏                  | 263/400 [18:19<09:57,  4.36s/it]
NAEA:  66%|████████████████████████████████████▎                  | 264/400 [18:23<09:52,  4.36s/it]06:41:26 | INFO    | epoch  265/400 | loss=0.2045 kge=0.0291 align=0.0333 pseudo=0.0087 | bootstrap: 9000 pseudo-pairs (beta=1.0)

NAEA:  66%|████████████████████████████████████▍                  | 265/400 [18:28<09:52,  4.39s/it]
NAEA:  66%|████████████████████████████████████▌                  | 266/400 [18:32<09:46,  4.38s/it]
NAEA:  67%|████████████████████████████████████▋                  | 267/400 [18:36<09:40,  4.37s/it]
NAEA:  67%|████████████████████████████████████▊                  | 268/400 [18:41<09:35,  4.36s/it]
NAEA:  67%|████████████████████████████████████▉                  | 269/400 [18:45<09:30,  4.36s/it]06:41:48 | INFO    | epoch  270/400 | loss=0.2071 kge=0.0291 align=0.0339 pseudo=0.0087 | bootstrap: 9000 pseudo-pairs (beta=1.0)

NAEA:  68%|█████████████████████████████████████▏                 | 270/400 [18:49<09:30,  4.39s/it]
NAEA:  68%|█████████████████████████████████████▎                 | 271/400 [18:54<09:24,  4.38s/it]
NAEA:  68%|█████████████████████████████████████▍                 | 272/400 [18:58<09:19,  4.37s/it]
NAEA:  68%|█████████████████████████████████████▌                 | 273/400 [19:02<09:13,  4.36s/it]
NAEA:  68%|█████████████████████████████████████▋                 | 274/400 [19:07<09:09,  4.36s/it]06:42:10 | INFO    | epoch  275/400 | loss=0.1988 kge=0.0291 align=0.0323 pseudo=0.0084 | bootstrap: 9000 pseudo-pairs (beta=1.0)
06:42:11 | INFO    |            [filtered] MRR=0.5974 Hit@1=0.5042 Hit@5=0.6968 Hit@10=0.7401 MR=174.3 n=18523
06:42:11 | INFO    |            [multiref] MRR=0.3576 Hit@1=0.2427 Hit@5=0.4593 Hit@10=0.6193 MR=139.5 n=1500

NAEA:  69%|█████████████████████████████████████▊                 | 275/400 [19:12<09:47,  4.70s/it]
NAEA:  69%|█████████████████████████████████████▉                 | 276/400 [19:17<09:29,  4.59s/it]
NAEA:  69%|██████████████████████████████████████                 | 277/400 [19:21<09:15,  4.52s/it]
NAEA:  70%|██████████████████████████████████████▏                | 278/400 [19:25<09:04,  4.46s/it]
NAEA:  70%|██████████████████████████████████████▎                | 279/400 [19:30<08:55,  4.43s/it]06:42:33 | INFO    | epoch  280/400 | loss=0.2049 kge=0.0290 align=0.0335 pseudo=0.0083 | bootstrap: 9000 pseudo-pairs (beta=1.0)

NAEA:  70%|██████████████████████████████████████▌                | 280/400 [19:34<08:52,  4.44s/it]
NAEA:  70%|██████████████████████████████████████▋                | 281/400 [19:38<08:44,  4.41s/it]
NAEA:  70%|██████████████████████████████████████▊                | 282/400 [19:43<08:38,  4.39s/it]
NAEA:  71%|██████████████████████████████████████▉                | 283/400 [19:47<08:31,  4.37s/it]
NAEA:  71%|███████████████████████████████████████                | 284/400 [19:52<08:26,  4.37s/it]06:42:55 | INFO    | epoch  285/400 | loss=0.2001 kge=0.0288 align=0.0326 pseudo=0.0083 | bootstrap: 9000 pseudo-pairs (beta=1.0)

NAEA:  71%|███████████████████████████████████████▏               | 285/400 [19:56<08:25,  4.39s/it]
NAEA:  72%|███████████████████████████████████████▎               | 286/400 [20:00<08:19,  4.38s/it]
NAEA:  72%|███████████████████████████████████████▍               | 287/400 [20:05<08:13,  4.37s/it]
NAEA:  72%|███████████████████████████████████████▌               | 288/400 [20:09<08:08,  4.36s/it]
NAEA:  72%|███████████████████████████████████████▋               | 289/400 [20:13<08:03,  4.36s/it]06:43:17 | INFO    | epoch  290/400 | loss=0.2023 kge=0.0293 align=0.0330 pseudo=0.0081 | bootstrap: 9000 pseudo-pairs (beta=1.0)

NAEA:  72%|███████████████████████████████████████▉               | 290/400 [20:18<08:02,  4.39s/it]
NAEA:  73%|████████████████████████████████████████               | 291/400 [20:22<07:57,  4.38s/it]
NAEA:  73%|████████████████████████████████████████▏              | 292/400 [20:27<07:51,  4.37s/it]
NAEA:  73%|████████████████████████████████████████▎              | 293/400 [20:31<07:46,  4.36s/it]
NAEA:  74%|████████████████████████████████████████▍              | 294/400 [20:35<07:42,  4.36s/it]06:43:39 | INFO    | epoch  295/400 | loss=0.1980 kge=0.0291 align=0.0322 pseudo=0.0080 | bootstrap: 9000 pseudo-pairs (beta=1.0)

NAEA:  74%|████████████████████████████████████████▌              | 295/400 [20:40<07:40,  4.39s/it]
NAEA:  74%|████████████████████████████████████████▋              | 296/400 [20:44<07:35,  4.38s/it]
NAEA:  74%|████████████████████████████████████████▊              | 297/400 [20:48<07:29,  4.37s/it]
NAEA:  74%|████████████████████████████████████████▉              | 298/400 [20:53<07:24,  4.36s/it]
NAEA:  75%|█████████████████████████████████████████              | 299/400 [20:57<07:20,  4.36s/it]06:44:00 | INFO    | epoch  300/400 | loss=0.2040 kge=0.0285 align=0.0335 pseudo=0.0080 | bootstrap: 9000 pseudo-pairs (beta=1.0)
06:44:01 | INFO    |            [filtered] MRR=0.5830 Hit@1=0.4831 Hit@5=0.6904 Hit@10=0.7330 MR=176.3 n=18523
06:44:01 | INFO    |            [multiref] MRR=0.3410 Hit@1=0.2287 Hit@5=0.4347 Hit@10=0.5867 MR=141.3 n=1500

NAEA:  75%|█████████████████████████████████████████▎             | 300/400 [21:03<07:49,  4.70s/it]
NAEA:  75%|█████████████████████████████████████████▍             | 301/400 [21:07<07:34,  4.59s/it]
NAEA:  76%|█████████████████████████████████████████▌             | 302/400 [21:11<07:22,  4.52s/it]
NAEA:  76%|█████████████████████████████████████████▋             | 303/400 [21:16<07:13,  4.46s/it]
NAEA:  76%|█████████████████████████████████████████▊             | 304/400 [21:20<07:05,  4.43s/it]06:44:23 | INFO    | epoch  305/400 | loss=0.2006 kge=0.0286 align=0.0328 pseudo=0.0079 | bootstrap: 9000 pseudo-pairs (beta=1.0)

NAEA:  76%|█████████████████████████████████████████▉             | 305/400 [21:24<07:01,  4.44s/it]
NAEA:  76%|██████████████████████████████████████████             | 306/400 [21:29<06:54,  4.41s/it]
NAEA:  77%|██████████████████████████████████████████▏            | 307/400 [21:33<06:48,  4.39s/it]
NAEA:  77%|██████████████████████████████████████████▎            | 308/400 [21:37<06:42,  4.38s/it]
NAEA:  77%|██████████████████████████████████████████▍            | 309/400 [21:42<06:37,  4.37s/it]06:44:45 | INFO    | epoch  310/400 | loss=0.2007 kge=0.0288 align=0.0328 pseudo=0.0078 | bootstrap: 9000 pseudo-pairs (beta=1.0)

NAEA:  78%|██████████████████████████████████████████▋            | 310/400 [21:46<06:35,  4.40s/it]
NAEA:  78%|██████████████████████████████████████████▊            | 311/400 [21:51<06:30,  4.38s/it]
NAEA:  78%|██████████████████████████████████████████▉            | 312/400 [21:55<06:24,  4.37s/it]
NAEA:  78%|███████████████████████████████████████████            | 313/400 [21:59<06:19,  4.36s/it]
NAEA:  78%|███████████████████████████████████████████▏           | 314/400 [22:04<06:14,  4.36s/it]06:45:07 | INFO    | epoch  315/400 | loss=0.2008 kge=0.0280 align=0.0331 pseudo=0.0074 | bootstrap: 9000 pseudo-pairs (beta=1.0)

NAEA:  79%|███████████████████████████████████████████▎           | 315/400 [22:08<06:13,  4.39s/it]
NAEA:  79%|███████████████████████████████████████████▍           | 316/400 [22:12<06:07,  4.38s/it]
NAEA:  79%|███████████████████████████████████████████▌           | 317/400 [22:17<06:02,  4.37s/it]
NAEA:  80%|███████████████████████████████████████████▋           | 318/400 [22:21<05:57,  4.36s/it]
NAEA:  80%|███████████████████████████████████████████▊           | 319/400 [22:25<05:52,  4.36s/it]06:45:29 | INFO    | epoch  320/400 | loss=0.2001 kge=0.0281 align=0.0328 pseudo=0.0077 | bootstrap: 9000 pseudo-pairs (beta=1.0)

NAEA:  80%|████████████████████████████████████████████           | 320/400 [22:30<05:51,  4.39s/it]
NAEA:  80%|████████████████████████████████████████████▏          | 321/400 [22:34<05:45,  4.38s/it]
NAEA:  80%|████████████████████████████████████████████▎          | 322/400 [22:39<05:40,  4.37s/it]
NAEA:  81%|████████████████████████████████████████████▍          | 323/400 [22:43<05:35,  4.36s/it]
NAEA:  81%|████████████████████████████████████████████▌          | 324/400 [22:47<05:31,  4.36s/it]06:45:51 | INFO    | epoch  325/400 | loss=0.1966 kge=0.0284 align=0.0322 pseudo=0.0073 | bootstrap: 9000 pseudo-pairs (beta=1.0)
06:45:52 | INFO    |            [filtered] MRR=0.5935 Hit@1=0.4960 Hit@5=0.7002 Hit@10=0.7415 MR=181.3 n=18523
06:45:52 | INFO    |            [multiref] MRR=0.3600 Hit@1=0.2493 Hit@5=0.4547 Hit@10=0.6027 MR=156.7 n=1500

NAEA:  81%|████████████████████████████████████████████▋          | 325/400 [22:53<05:52,  4.70s/it]
NAEA:  82%|████████████████████████████████████████████▊          | 326/400 [22:57<05:39,  4.59s/it]
NAEA:  82%|████████████████████████████████████████████▉          | 327/400 [23:02<05:29,  4.52s/it]
NAEA:  82%|█████████████████████████████████████████████          | 328/400 [23:06<05:21,  4.46s/it]
NAEA:  82%|█████████████████████████████████████████████▏         | 329/400 [23:10<05:14,  4.43s/it]06:46:14 | INFO    | epoch  330/400 | loss=0.2011 kge=0.0279 align=0.0332 pseudo=0.0073 | bootstrap: 9000 pseudo-pairs (beta=1.0)

NAEA:  82%|█████████████████████████████████████████████▍         | 330/400 [23:15<05:10,  4.44s/it]
NAEA:  83%|█████████████████████████████████████████████▌         | 331/400 [23:19<05:04,  4.41s/it]
NAEA:  83%|█████████████████████████████████████████████▋         | 332/400 [23:23<04:58,  4.39s/it]
NAEA:  83%|█████████████████████████████████████████████▊         | 333/400 [23:28<04:53,  4.38s/it]
NAEA:  84%|█████████████████████████████████████████████▉         | 334/400 [23:32<04:48,  4.37s/it]06:46:35 | INFO    | epoch  335/400 | loss=0.1973 kge=0.0277 align=0.0325 pseudo=0.0073 | bootstrap: 9000 pseudo-pairs (beta=1.0)

NAEA:  84%|██████████████████████████████████████████████         | 335/400 [23:37<04:45,  4.40s/it]
NAEA:  84%|██████████████████████████████████████████████▏        | 336/400 [23:41<04:40,  4.38s/it]
NAEA:  84%|██████████████████████████████████████████████▎        | 337/400 [23:45<04:35,  4.37s/it]
NAEA:  84%|██████████████████████████████████████████████▍        | 338/400 [23:50<04:30,  4.36s/it]
NAEA:  85%|██████████████████████████████████████████████▌        | 339/400 [23:54<04:25,  4.36s/it]06:46:57 | INFO    | epoch  340/400 | loss=0.1977 kge=0.0286 align=0.0324 pseudo=0.0072 | bootstrap: 9000 pseudo-pairs (beta=1.0)

NAEA:  85%|██████████████████████████████████████████████▊        | 340/400 [23:58<04:23,  4.39s/it]
NAEA:  85%|██████████████████████████████████████████████▉        | 341/400 [24:03<04:18,  4.38s/it]
NAEA:  86%|███████████████████████████████████████████████        | 342/400 [24:07<04:13,  4.37s/it]
NAEA:  86%|███████████████████████████████████████████████▏       | 343/400 [24:11<04:08,  4.36s/it]
NAEA:  86%|███████████████████████████████████████████████▎       | 344/400 [24:16<04:04,  4.36s/it]06:47:19 | INFO    | epoch  345/400 | loss=0.1961 kge=0.0275 align=0.0323 pseudo=0.0072 | bootstrap: 9000 pseudo-pairs (beta=1.0)

NAEA:  86%|███████████████████████████████████████████████▍       | 345/400 [24:20<04:01,  4.39s/it]
NAEA:  86%|███████████████████████████████████████████████▌       | 346/400 [24:25<03:56,  4.38s/it]
NAEA:  87%|███████████████████████████████████████████████▋       | 347/400 [24:29<03:51,  4.37s/it]
NAEA:  87%|███████████████████████████████████████████████▊       | 348/400 [24:33<03:46,  4.36s/it]
NAEA:  87%|███████████████████████████████████████████████▉       | 349/400 [24:38<03:42,  4.36s/it]06:47:41 | INFO    | epoch  350/400 | loss=0.1931 kge=0.0278 align=0.0316 pseudo=0.0072 | bootstrap: 9000 pseudo-pairs (beta=1.0)
06:47:42 | INFO    |            [filtered] MRR=0.5964 Hit@1=0.5052 Hit@5=0.6991 Hit@10=0.7398 MR=180.9 n=18523
06:47:42 | INFO    |            [multiref] MRR=0.3525 Hit@1=0.2427 Hit@5=0.4373 Hit@10=0.5947 MR=151.3 n=1500

NAEA:  88%|████████████████████████████████████████████████▏      | 350/400 [24:43<03:55,  4.70s/it]
NAEA:  88%|████████████████████████████████████████████████▎      | 351/400 [24:47<03:45,  4.60s/it]
NAEA:  88%|████████████████████████████████████████████████▍      | 352/400 [24:52<03:37,  4.52s/it]
NAEA:  88%|████████████████████████████████████████████████▌      | 353/400 [24:56<03:29,  4.47s/it]
NAEA:  88%|████████████████████████████████████████████████▋      | 354/400 [25:00<03:23,  4.43s/it]06:48:04 | INFO    | epoch  355/400 | loss=0.1995 kge=0.0277 align=0.0329 pseudo=0.0071 | bootstrap: 9000 pseudo-pairs (beta=1.0)

NAEA:  89%|████████████████████████████████████████████████▊      | 355/400 [25:05<03:19,  4.44s/it]
NAEA:  89%|████████████████████████████████████████████████▉      | 356/400 [25:09<03:14,  4.41s/it]
NAEA:  89%|█████████████████████████████████████████████████      | 357/400 [25:14<03:08,  4.39s/it]
NAEA:  90%|█████████████████████████████████████████████████▏     | 358/400 [25:18<03:03,  4.37s/it]
NAEA:  90%|█████████████████████████████████████████████████▎     | 359/400 [25:22<02:59,  4.37s/it]06:48:26 | INFO    | epoch  360/400 | loss=0.1990 kge=0.0281 align=0.0328 pseudo=0.0069 | bootstrap: 9000 pseudo-pairs (beta=1.0)

NAEA:  90%|█████████████████████████████████████████████████▌     | 360/400 [25:27<02:55,  4.39s/it]
NAEA:  90%|█████████████████████████████████████████████████▋     | 361/400 [25:31<02:50,  4.38s/it]
NAEA:  90%|█████████████████████████████████████████████████▊     | 362/400 [25:35<02:46,  4.37s/it]
NAEA:  91%|█████████████████████████████████████████████████▉     | 363/400 [25:40<02:41,  4.36s/it]
NAEA:  91%|██████████████████████████████████████████████████     | 364/400 [25:44<02:36,  4.36s/it]06:48:47 | INFO    | epoch  365/400 | loss=0.1952 kge=0.0274 align=0.0322 pseudo=0.0068 | bootstrap: 9000 pseudo-pairs (beta=1.0)

NAEA:  91%|██████████████████████████████████████████████████▏    | 365/400 [25:49<02:33,  4.39s/it]
NAEA:  92%|██████████████████████████████████████████████████▎    | 366/400 [25:53<02:28,  4.38s/it]
NAEA:  92%|██████████████████████████████████████████████████▍    | 367/400 [25:57<02:24,  4.37s/it]
NAEA:  92%|██████████████████████████████████████████████████▌    | 368/400 [26:02<02:19,  4.36s/it]
NAEA:  92%|██████████████████████████████████████████████████▋    | 369/400 [26:06<02:15,  4.36s/it]06:49:09 | INFO    | epoch  370/400 | loss=0.1958 kge=0.0275 align=0.0323 pseudo=0.0068 | bootstrap: 9000 pseudo-pairs (beta=1.0)

NAEA:  92%|██████████████████████████████████████████████████▉    | 370/400 [26:10<02:11,  4.39s/it]
NAEA:  93%|███████████████████████████████████████████████████    | 371/400 [26:15<02:06,  4.38s/it]
NAEA:  93%|███████████████████████████████████████████████████▏   | 372/400 [26:19<02:02,  4.37s/it]
NAEA:  93%|███████████████████████████████████████████████████▎   | 373/400 [26:24<01:57,  4.36s/it]
NAEA:  94%|███████████████████████████████████████████████████▍   | 374/400 [26:28<01:53,  4.36s/it]06:49:31 | INFO    | epoch  375/400 | loss=0.1950 kge=0.0276 align=0.0321 pseudo=0.0069 | bootstrap: 9000 pseudo-pairs (beta=1.0)
06:49:32 | INFO    |            [filtered] MRR=0.5926 Hit@1=0.4950 Hit@5=0.6997 Hit@10=0.7406 MR=183.3 n=18523
06:49:32 | INFO    |            [multiref] MRR=0.3533 Hit@1=0.2333 Hit@5=0.4687 Hit@10=0.6000 MR=159.9 n=1500

NAEA:  94%|███████████████████████████████████████████████████▌   | 375/400 [26:33<01:57,  4.70s/it]
NAEA:  94%|███████████████████████████████████████████████████▋   | 376/400 [26:38<01:50,  4.60s/it]
NAEA:  94%|███████████████████████████████████████████████████▊   | 377/400 [26:42<01:43,  4.52s/it]
NAEA:  94%|███████████████████████████████████████████████████▉   | 378/400 [26:46<01:38,  4.46s/it]
NAEA:  95%|████████████████████████████████████████████████████   | 379/400 [26:51<01:33,  4.43s/it]06:49:54 | INFO    | epoch  380/400 | loss=0.1995 kge=0.0274 align=0.0331 pseudo=0.0068 | bootstrap: 9000 pseudo-pairs (beta=1.0)

NAEA:  95%|████████████████████████████████████████████████████▎  | 380/400 [26:55<01:28,  4.44s/it]
NAEA:  95%|████████████████████████████████████████████████████▍  | 381/400 [27:00<01:23,  4.41s/it]
NAEA:  96%|████████████████████████████████████████████████████▌  | 382/400 [27:04<01:19,  4.39s/it]
NAEA:  96%|████████████████████████████████████████████████████▋  | 383/400 [27:08<01:14,  4.38s/it]
NAEA:  96%|████████████████████████████████████████████████████▊  | 384/400 [27:13<01:09,  4.37s/it]06:50:16 | INFO    | epoch  385/400 | loss=0.1962 kge=0.0275 align=0.0324 pseudo=0.0067 | bootstrap: 9000 pseudo-pairs (beta=1.0)

NAEA:  96%|████████████████████████████████████████████████████▉  | 385/400 [27:17<01:05,  4.40s/it]
NAEA:  96%|█████████████████████████████████████████████████████  | 386/400 [27:21<01:01,  4.38s/it]
NAEA:  97%|█████████████████████████████████████████████████████▏ | 387/400 [27:26<00:56,  4.37s/it]
NAEA:  97%|█████████████████████████████████████████████████████▎ | 388/400 [27:30<00:52,  4.36s/it]
NAEA:  97%|█████████████████████████████████████████████████████▍ | 389/400 [27:34<00:47,  4.36s/it]06:50:38 | INFO    | epoch  390/400 | loss=0.1958 kge=0.0272 align=0.0324 pseudo=0.0067 | bootstrap: 9000 pseudo-pairs (beta=1.0)

NAEA:  98%|█████████████████████████████████████████████████████▋ | 390/400 [27:39<00:43,  4.39s/it]
NAEA:  98%|█████████████████████████████████████████████████████▊ | 391/400 [27:43<00:39,  4.38s/it]
NAEA:  98%|█████████████████████████████████████████████████████▉ | 392/400 [27:48<00:34,  4.37s/it]
NAEA:  98%|██████████████████████████████████████████████████████ | 393/400 [27:52<00:30,  4.36s/it]
NAEA:  98%|██████████████████████████████████████████████████████▏| 394/400 [27:56<00:26,  4.36s/it]06:51:00 | INFO    | epoch  395/400 | loss=0.1960 kge=0.0269 align=0.0325 pseudo=0.0066 | bootstrap: 9000 pseudo-pairs (beta=1.0)

NAEA:  99%|██████████████████████████████████████████████████████▎| 395/400 [28:01<00:21,  4.39s/it]
NAEA:  99%|██████████████████████████████████████████████████████▍| 396/400 [28:05<00:17,  4.38s/it]
NAEA:  99%|██████████████████████████████████████████████████████▌| 397/400 [28:09<00:13,  4.36s/it]
NAEA: 100%|██████████████████████████████████████████████████████▋| 398/400 [28:14<00:08,  4.36s/it]
NAEA: 100%|██████████████████████████████████████████████████████▊| 399/400 [28:18<00:04,  4.35s/it]06:51:21 | INFO    | epoch  400/400 | loss=0.1974 kge=0.0269 align=0.0328 pseudo=0.0063 | bootstrap: 9000 pseudo-pairs (beta=1.0)
06:51:22 | INFO    |            [filtered] MRR=0.5851 Hit@1=0.4877 Hit@5=0.6907 Hit@10=0.7372 MR=181.8 n=18523
06:51:22 | INFO    |            [multiref] MRR=0.3658 Hit@1=0.2513 Hit@5=0.4747 Hit@10=0.5967 MR=156.0 n=1500

NAEA: 100%|███████████████████████████████████████████████████████| 400/400 [28:24<00:00,  4.70s/it]
NAEA: 100%|███████████████████████████████████████████████████████| 400/400 [28:24<00:00,  4.26s/it]
06:51:23 | INFO    | Done in 28.4 min. Best multiref MRR=0.3675 @ epoch 125.
06:51:23 | INFO    | Final evaluation on the test split, read once
06:51:33 | INFO    |   [cosine] filtMRR=0.4966 H@1=0.4086 H@10=0.6347 n=264830 | mrefMRR=0.8123 H@1=0.7320
06:51:43 | INFO    |   [  csls] filtMRR=0.4918 H@1=0.4039 H@10=0.6318 n=264830 | mrefMRR=0.8095 H@1=0.7240
06:51:49 | INFO    |   [cosine] F1=0.7162 P=0.5979 R=0.8930 (threshold 0.999 from validation, validation F1=0.4605)
06:51:49 | INFO    | Wrote experiments/naea_related_20260929-062255/result.json
06:51:49 | INFO    | Finished. Best validation MRR=0.3675 @ epoch 125.
