06:10:37 | INFO    | Model: rrea | seed 2026 | device: cuda:0
06:10:38 | INFO    | Regime related | graph: 84,182 nodes, 131,238 triples, 50,435 UCPGx candidates
06:10:38 | INFO    |   broadMatch/pgx   train=  3,744 test=  8,599 (70%) queries= 6,866 by cluster    leakage=0.00%
06:10:38 | INFO    |   closeMatch       train=  2,738 test=  6,296 (70%) queries= 1,490 by cluster    leakage=0.00%
06:10:38 | INFO    |   sameAs           train= 19,942 test= 46,531 (70%) queries=10,883 by cluster    leakage=0.00%
06:10:38 | INFO    |   broadMatch/onco  train= 25,039 test= 47,737 (66%) queries= 2,032 intra-cluster leakage=0.00%
06:10:38 | INFO    |   relatedMatch     train=  2,801 test=  6,289 (69%) queries=   812 intra-cluster leakage=0.00%
06:10:38 | INFO    |   related          train=471,647 test=762,046 (62%) queries=16,977 intra-cluster leakage=0.00%
06:10:38 | INFO    | Data: {'num_entities': 84182, 'num_relations': 13, 'triples': 131238, 'train_pairs': 353735, 'val_pairs': 117912, 'candidates': 50435, 'unlabeled_pool': 27270}
06:10:41 | INFO    | Params: 8.42M
06:10:41 | INFO    | Run directory: experiments/rrea_related_20260929-061037
06:10:41 | INFO    | RREA | device=cuda:0 | {'num_entities': 84182, 'num_relations': 13, 'triples': 131238, 'train_pairs': 353735, 'val_pairs': 117912, 'candidates': 50435, 'unlabeled_pool': 27270} turns=5 x 200

RREA:   0%|                                                                | 0/1000 [00:00<?, ?it/s]code/src/models/rrea.py:61: UserWarning: Sparse invariant checks are implicitly disabled. Memory errors (e.g. SEGFAULT) will occur when operating on a sparse tensor which violates the invariants, but checks incur performance overhead. To silence this warning, explicitly opt in or out. See `torch.sparse.check_sparse_tensor_invariants.__doc__` for guidance.  (Triggered internally at /__w/pytorch/pytorch/aten/src/ATen/Context.cpp:848.)
  return torch.sparse_coo_tensor(index, val, shape, device=index.device).coalesce()

RREA:   0%|                                                        | 1/1000 [00:00<05:31,  3.01it/s]
RREA:   0%|▏                                                       | 3/1000 [00:00<02:11,  7.59it/s]
RREA:   0%|▎                                                       | 5/1000 [00:00<01:35, 10.46it/s]
RREA:   1%|▍                                                       | 7/1000 [00:00<01:20, 12.32it/s]
RREA:   1%|▌                                                       | 9/1000 [00:00<01:13, 13.56it/s]
RREA:   1%|▌                                                      | 11/1000 [00:00<01:08, 14.40it/s]
RREA:   1%|▋                                                      | 13/1000 [00:01<01:05, 14.97it/s]
RREA:   2%|▊                                                      | 15/1000 [00:01<01:04, 15.37it/s]
RREA:   2%|▉                                                      | 17/1000 [00:01<01:02, 15.64it/s]
RREA:   2%|█                                                      | 19/1000 [00:01<01:01, 15.83it/s]
RREA:   2%|█▏                                                     | 21/1000 [00:01<01:01, 15.97it/s]
RREA:   2%|█▎                                                     | 23/1000 [00:01<01:00, 16.06it/s]06:10:43 | INFO    | epoch   25/1000 | loss=0.0578
06:10:44 | INFO    |            [filtered] MRR=0.4036 Hit@1=0.3486 Hit@5=0.4567 Hit@10=0.4983 MR=822.3 n=18523
06:10:44 | INFO    |            [multiref] MRR=0.3124 Hit@1=0.2193 Hit@5=0.3967 Hit@10=0.5207 MR=349.5 n=1500
06:10:44 | INFO    |            -> new best filtered MRR=0.4036 (saved model_best.pt)

RREA:   2%|█▍                                                     | 25/1000 [00:02<03:49,  4.24it/s]
RREA:   3%|█▍                                                     | 27/1000 [00:03<02:58,  5.46it/s]
RREA:   3%|█▌                                                     | 29/1000 [00:03<02:22,  6.83it/s]
RREA:   3%|█▋                                                     | 31/1000 [00:03<01:57,  8.28it/s]
RREA:   3%|█▊                                                     | 33/1000 [00:03<01:39,  9.71it/s]
RREA:   4%|█▉                                                     | 35/1000 [00:03<01:27, 11.04it/s]
RREA:   4%|██                                                     | 37/1000 [00:03<01:18, 12.22it/s]
RREA:   4%|██▏                                                    | 39/1000 [00:03<01:12, 13.21it/s]
RREA:   4%|██▎                                                    | 41/1000 [00:03<01:08, 14.00it/s]
RREA:   4%|██▎                                                    | 43/1000 [00:04<01:05, 14.61it/s]
RREA:   4%|██▍                                                    | 45/1000 [00:04<01:03, 15.07it/s]
RREA:   5%|██▌                                                    | 47/1000 [00:04<01:01, 15.41it/s]
RREA:   5%|██▋                                                    | 49/1000 [00:04<01:00, 15.65it/s]06:10:45 | INFO    | epoch   50/1000 | loss=0.0339
06:10:46 | INFO    |            [filtered] MRR=0.4597 Hit@1=0.3820 Hit@5=0.5390 Hit@10=0.5904 MR=87.3 n=18523
06:10:46 | INFO    |            [multiref] MRR=0.3405 Hit@1=0.2353 Hit@5=0.4353 Hit@10=0.5827 MR=103.5 n=1500
06:10:47 | INFO    |            -> new best filtered MRR=0.4597 (saved model_best.pt)

RREA:   5%|██▊                                                    | 51/1000 [00:05<03:42,  4.27it/s]
RREA:   5%|██▉                                                    | 53/1000 [00:05<02:52,  5.48it/s]
RREA:   6%|███                                                    | 55/1000 [00:05<02:18,  6.84it/s]
RREA:   6%|███▏                                                   | 57/1000 [00:06<01:53,  8.28it/s]
RREA:   6%|███▏                                                   | 59/1000 [00:06<01:36,  9.70it/s]
RREA:   6%|███▎                                                   | 61/1000 [00:06<01:25, 11.04it/s]
RREA:   6%|███▍                                                   | 63/1000 [00:06<01:16, 12.21it/s]
RREA:   6%|███▌                                                   | 65/1000 [00:06<01:10, 13.20it/s]
RREA:   7%|███▋                                                   | 67/1000 [00:06<01:06, 13.99it/s]
RREA:   7%|███▊                                                   | 69/1000 [00:06<01:03, 14.60it/s]
RREA:   7%|███▉                                                   | 71/1000 [00:06<01:01, 15.07it/s]
RREA:   7%|████                                                   | 73/1000 [00:07<01:00, 15.40it/s]06:10:48 | INFO    | epoch   75/1000 | loss=0.0296
06:10:49 | INFO    |            [filtered] MRR=0.5784 Hit@1=0.4720 Hit@5=0.7030 Hit@10=0.7619 MR=41.2 n=18523
06:10:49 | INFO    |            [multiref] MRR=0.3614 Hit@1=0.2520 Hit@5=0.4573 Hit@10=0.6227 MR=55.1 n=1500
06:10:49 | INFO    |            -> new best filtered MRR=0.5784 (saved model_best.pt)

RREA:   8%|████▏                                                  | 75/1000 [00:08<03:38,  4.23it/s]
RREA:   8%|████▏                                                  | 77/1000 [00:08<02:49,  5.44it/s]
RREA:   8%|████▎                                                  | 79/1000 [00:08<02:15,  6.80it/s]
RREA:   8%|████▍                                                  | 81/1000 [00:08<01:51,  8.23it/s]
RREA:   8%|████▌                                                  | 83/1000 [00:08<01:34,  9.66it/s]
RREA:   8%|████▋                                                  | 85/1000 [00:08<01:23, 11.00it/s]
RREA:   9%|████▊                                                  | 87/1000 [00:09<01:14, 12.19it/s]
RREA:   9%|████▉                                                  | 89/1000 [00:09<01:09, 13.18it/s]
RREA:   9%|█████                                                  | 91/1000 [00:09<01:05, 13.97it/s]
RREA:   9%|█████                                                  | 93/1000 [00:09<01:02, 14.59it/s]
RREA:  10%|█████▏                                                 | 95/1000 [00:09<01:00, 15.05it/s]
RREA:  10%|█████▎                                                 | 97/1000 [00:09<00:58, 15.40it/s]
RREA:  10%|█████▍                                                 | 99/1000 [00:09<00:57, 15.64it/s]06:10:51 | INFO    | epoch  100/1000 | loss=0.0280
06:10:52 | INFO    |            [filtered] MRR=0.5874 Hit@1=0.4663 Hit@5=0.7304 Hit@10=0.7918 MR=36.6 n=18523
06:10:52 | INFO    |            [multiref] MRR=0.3724 Hit@1=0.2613 Hit@5=0.4787 Hit@10=0.6433 MR=43.7 n=1500
06:10:52 | INFO    |            -> new best filtered MRR=0.5874 (saved model_best.pt)

RREA:  10%|█████▍                                                | 101/1000 [00:11<03:32,  4.23it/s]
RREA:  10%|█████▌                                                | 103/1000 [00:11<02:44,  5.44it/s]
RREA:  10%|█████▋                                                | 105/1000 [00:11<02:11,  6.79it/s]
RREA:  11%|█████▊                                                | 107/1000 [00:11<01:48,  8.23it/s]
RREA:  11%|█████▉                                                | 109/1000 [00:11<01:32,  9.63it/s]
RREA:  11%|█████▉                                                | 111/1000 [00:11<01:21, 10.97it/s]
RREA:  11%|██████                                                | 113/1000 [00:11<01:12, 12.16it/s]
RREA:  12%|██████▏                                               | 115/1000 [00:11<01:07, 13.15it/s]
RREA:  12%|██████▎                                               | 117/1000 [00:12<01:03, 13.95it/s]
RREA:  12%|██████▍                                               | 119/1000 [00:12<01:00, 14.57it/s]
RREA:  12%|██████▌                                               | 121/1000 [00:12<00:58, 15.04it/s]
RREA:  12%|██████▋                                               | 123/1000 [00:12<00:57, 15.38it/s]06:10:54 | INFO    | epoch  125/1000 | loss=0.0266
06:10:54 | INFO    |            [filtered] MRR=0.5782 Hit@1=0.4429 Hit@5=0.7449 Hit@10=0.8011 MR=37.5 n=18523
06:10:54 | INFO    |            [multiref] MRR=0.3745 Hit@1=0.2587 Hit@5=0.4800 Hit@10=0.6420 MR=40.4 n=1500

RREA:  12%|██████▊                                               | 125/1000 [00:13<03:10,  4.59it/s]
RREA:  13%|██████▊                                               | 127/1000 [00:13<02:29,  5.85it/s]
RREA:  13%|██████▉                                               | 129/1000 [00:13<02:00,  7.24it/s]
RREA:  13%|███████                                               | 131/1000 [00:13<01:40,  8.68it/s]
RREA:  13%|███████▏                                              | 133/1000 [00:14<01:25, 10.10it/s]
RREA:  14%|███████▎                                              | 135/1000 [00:14<01:15, 11.39it/s]
RREA:  14%|███████▍                                              | 137/1000 [00:14<01:08, 12.52it/s]
RREA:  14%|███████▌                                              | 139/1000 [00:14<01:04, 13.45it/s]
RREA:  14%|███████▌                                              | 141/1000 [00:14<01:00, 14.18it/s]
RREA:  14%|███████▋                                              | 143/1000 [00:14<00:58, 14.74it/s]
RREA:  14%|███████▊                                              | 145/1000 [00:14<00:56, 15.16it/s]
RREA:  15%|███████▉                                              | 147/1000 [00:14<00:55, 15.48it/s]
RREA:  15%|████████                                              | 149/1000 [00:15<00:54, 15.70it/s]06:10:56 | INFO    | epoch  150/1000 | loss=0.0263
06:10:57 | INFO    |            [filtered] MRR=0.5769 Hit@1=0.4316 Hit@5=0.7582 Hit@10=0.8148 MR=36.4 n=18523
06:10:57 | INFO    |            [multiref] MRR=0.3682 Hit@1=0.2540 Hit@5=0.4733 Hit@10=0.6540 MR=42.2 n=1500

RREA:  15%|████████▏                                             | 151/1000 [00:16<03:02,  4.65it/s]
RREA:  15%|████████▎                                             | 153/1000 [00:16<02:23,  5.91it/s]
RREA:  16%|████████▎                                             | 155/1000 [00:16<01:55,  7.31it/s]
RREA:  16%|████████▍                                             | 157/1000 [00:16<01:36,  8.75it/s]
RREA:  16%|████████▌                                             | 159/1000 [00:16<01:22, 10.16it/s]
RREA:  16%|████████▋                                             | 161/1000 [00:16<01:13, 11.45it/s]
RREA:  16%|████████▊                                             | 163/1000 [00:16<01:06, 12.57it/s]
RREA:  16%|████████▉                                             | 165/1000 [00:17<01:01, 13.48it/s]
RREA:  17%|█████████                                             | 167/1000 [00:17<00:58, 14.20it/s]
RREA:  17%|█████████▏                                            | 169/1000 [00:17<00:56, 14.76it/s]
RREA:  17%|█████████▏                                            | 171/1000 [00:17<00:54, 15.18it/s]
RREA:  17%|█████████▎                                            | 173/1000 [00:17<00:53, 15.49it/s]06:10:59 | INFO    | epoch  175/1000 | loss=0.0273
06:11:00 | INFO    |            [filtered] MRR=0.5590 Hit@1=0.4082 Hit@5=0.7440 Hit@10=0.8071 MR=35.2 n=18523
06:11:00 | INFO    |            [multiref] MRR=0.3671 Hit@1=0.2507 Hit@5=0.4733 Hit@10=0.6487 MR=35.0 n=1500

RREA:  18%|█████████▍                                            | 175/1000 [00:18<02:57,  4.66it/s]
RREA:  18%|█████████▌                                            | 177/1000 [00:18<02:18,  5.92it/s]
RREA:  18%|█████████▋                                            | 179/1000 [00:18<01:52,  7.32it/s]
RREA:  18%|█████████▊                                            | 181/1000 [00:19<01:33,  8.77it/s]
RREA:  18%|█████████▉                                            | 183/1000 [00:19<01:20, 10.17it/s]
RREA:  18%|█████████▉                                            | 185/1000 [00:19<01:11, 11.46it/s]
RREA:  19%|██████████                                            | 187/1000 [00:19<01:04, 12.58it/s]
RREA:  19%|██████████▏                                           | 189/1000 [00:19<01:00, 13.50it/s]
RREA:  19%|██████████▎                                           | 191/1000 [00:19<00:56, 14.22it/s]
RREA:  19%|██████████▍                                           | 193/1000 [00:19<00:54, 14.78it/s]
RREA:  20%|██████████▌                                           | 195/1000 [00:19<00:53, 15.19it/s]
RREA:  20%|██████████▋                                           | 197/1000 [00:20<00:51, 15.50it/s]
RREA:  20%|██████████▋                                           | 199/1000 [00:20<00:50, 15.72it/s]06:11:01 | INFO    | epoch  200/1000 | loss=0.0260 | bootstrap: +11947 mutual pairs (train=365682, pool=2433)
06:11:02 | INFO    |            [filtered] MRR=0.5644 Hit@1=0.4139 Hit@5=0.7457 Hit@10=0.8124 MR=34.5 n=18523
06:11:02 | INFO    |            [multiref] MRR=0.3724 Hit@1=0.2600 Hit@5=0.4700 Hit@10=0.6487 MR=37.2 n=1500

RREA:  20%|██████████▊                                           | 201/1000 [00:21<02:55,  4.56it/s]
RREA:  20%|██████████▉                                           | 203/1000 [00:21<02:17,  5.81it/s]
RREA:  20%|███████████                                           | 205/1000 [00:21<01:50,  7.19it/s]
RREA:  21%|███████████▏                                          | 207/1000 [00:21<01:31,  8.63it/s]
RREA:  21%|███████████▎                                          | 209/1000 [00:21<01:18, 10.03it/s]
RREA:  21%|███████████▍                                          | 211/1000 [00:21<01:10, 11.27it/s]
RREA:  21%|███████████▌                                          | 213/1000 [00:22<01:03, 12.39it/s]
RREA:  22%|███████████▌                                          | 215/1000 [00:22<00:58, 13.32it/s]
RREA:  22%|███████████▋                                          | 217/1000 [00:22<00:55, 14.06it/s]
RREA:  22%|███████████▊                                          | 219/1000 [00:22<00:53, 14.62it/s]
RREA:  22%|███████████▉                                          | 221/1000 [00:22<00:51, 15.04it/s]
RREA:  22%|████████████                                          | 223/1000 [00:22<00:50, 15.35it/s]06:11:04 | INFO    | epoch  225/1000 | loss=0.0259
06:11:05 | INFO    |            [filtered] MRR=0.5433 Hit@1=0.3868 Hit@5=0.7314 Hit@10=0.8068 MR=31.4 n=18523
06:11:05 | INFO    |            [multiref] MRR=0.3711 Hit@1=0.2567 Hit@5=0.4773 Hit@10=0.6513 MR=33.9 n=1500

RREA:  22%|████████████▏                                         | 225/1000 [00:23<02:48,  4.60it/s]
RREA:  23%|████████████▎                                         | 227/1000 [00:23<02:12,  5.85it/s]
RREA:  23%|████████████▎                                         | 229/1000 [00:24<01:46,  7.24it/s]
RREA:  23%|████████████▍                                         | 231/1000 [00:24<01:28,  8.67it/s]
RREA:  23%|████████████▌                                         | 233/1000 [00:24<01:16, 10.07it/s]
RREA:  24%|████████████▋                                         | 235/1000 [00:24<01:07, 11.35it/s]
RREA:  24%|████████████▊                                         | 237/1000 [00:24<01:01, 12.46it/s]
RREA:  24%|████████████▉                                         | 239/1000 [00:24<00:56, 13.37it/s]
RREA:  24%|█████████████                                         | 241/1000 [00:24<00:53, 14.09it/s]
RREA:  24%|█████████████                                         | 243/1000 [00:24<00:51, 14.65it/s]
RREA:  24%|█████████████▏                                        | 245/1000 [00:25<00:50, 15.06it/s]
RREA:  25%|█████████████▎                                        | 247/1000 [00:25<00:48, 15.37it/s]
RREA:  25%|█████████████▍                                        | 249/1000 [00:25<00:48, 15.59it/s]06:11:06 | INFO    | epoch  250/1000 | loss=0.0244
06:11:07 | INFO    |            [filtered] MRR=0.5223 Hit@1=0.3632 Hit@5=0.7136 Hit@10=0.7889 MR=34.9 n=18523
06:11:07 | INFO    |            [multiref] MRR=0.3724 Hit@1=0.2560 Hit@5=0.4860 Hit@10=0.6580 MR=41.2 n=1500

RREA:  25%|█████████████▌                                        | 251/1000 [00:26<02:42,  4.62it/s]
RREA:  25%|█████████████▋                                        | 253/1000 [00:26<02:07,  5.87it/s]
RREA:  26%|█████████████▊                                        | 255/1000 [00:26<01:42,  7.26it/s]
RREA:  26%|█████████████▉                                        | 257/1000 [00:26<01:25,  8.69it/s]
RREA:  26%|█████████████▉                                        | 259/1000 [00:26<01:13, 10.09it/s]
RREA:  26%|██████████████                                        | 261/1000 [00:27<01:05, 11.37it/s]
RREA:  26%|██████████████▏                                       | 263/1000 [00:27<00:59, 12.47it/s]
RREA:  26%|██████████████▎                                       | 265/1000 [00:27<00:54, 13.39it/s]
RREA:  27%|██████████████▍                                       | 267/1000 [00:27<00:51, 14.11it/s]
RREA:  27%|██████████████▌                                       | 269/1000 [00:27<00:49, 14.66it/s]
RREA:  27%|██████████████▋                                       | 271/1000 [00:27<00:48, 15.08it/s]
RREA:  27%|██████████████▋                                       | 273/1000 [00:27<00:47, 15.38it/s]06:11:09 | INFO    | epoch  275/1000 | loss=0.0249
06:11:10 | INFO    |            [filtered] MRR=0.5076 Hit@1=0.3459 Hit@5=0.7013 Hit@10=0.7781 MR=35.2 n=18523
06:11:10 | INFO    |            [multiref] MRR=0.3690 Hit@1=0.2500 Hit@5=0.4807 Hit@10=0.6487 MR=42.2 n=1500

RREA:  28%|██████████████▊                                       | 275/1000 [00:28<02:35,  4.65it/s]
RREA:  28%|██████████████▉                                       | 277/1000 [00:29<02:02,  5.91it/s]
RREA:  28%|███████████████                                       | 279/1000 [00:29<01:38,  7.30it/s]
RREA:  28%|███████████████▏                                      | 281/1000 [00:29<01:22,  8.73it/s]
RREA:  28%|███████████████▎                                      | 283/1000 [00:29<01:10, 10.13it/s]
RREA:  28%|███████████████▍                                      | 285/1000 [00:29<01:02, 11.40it/s]
RREA:  29%|███████████████▍                                      | 287/1000 [00:29<00:57, 12.50it/s]
RREA:  29%|███████████████▌                                      | 289/1000 [00:29<00:53, 13.40it/s]
RREA:  29%|███████████████▋                                      | 291/1000 [00:29<00:50, 14.12it/s]
RREA:  29%|███████████████▊                                      | 293/1000 [00:30<00:48, 14.67it/s]
RREA:  30%|███████████████▉                                      | 295/1000 [00:30<00:46, 15.08it/s]
RREA:  30%|████████████████                                      | 297/1000 [00:30<00:45, 15.38it/s]
RREA:  30%|████████████████▏                                     | 299/1000 [00:30<00:44, 15.60it/s]06:11:11 | INFO    | epoch  300/1000 | loss=0.0252
06:11:12 | INFO    |            [filtered] MRR=0.4878 Hit@1=0.3254 Hit@5=0.6787 Hit@10=0.7630 MR=43.8 n=18523
06:11:12 | INFO    |            [multiref] MRR=0.3668 Hit@1=0.2467 Hit@5=0.4887 Hit@10=0.6693 MR=45.9 n=1500

RREA:  30%|████████████████▎                                     | 301/1000 [00:31<02:29,  4.68it/s]
RREA:  30%|████████████████▎                                     | 303/1000 [00:31<01:57,  5.94it/s]
RREA:  30%|████████████████▍                                     | 305/1000 [00:31<01:34,  7.33it/s]
RREA:  31%|████████████████▌                                     | 307/1000 [00:31<01:19,  8.77it/s]
RREA:  31%|████████████████▋                                     | 309/1000 [00:32<01:08, 10.16it/s]
RREA:  31%|████████████████▊                                     | 311/1000 [00:32<01:00, 11.43it/s]
RREA:  31%|████████████████▉                                     | 313/1000 [00:32<00:54, 12.52it/s]
RREA:  32%|█████████████████                                     | 315/1000 [00:32<00:51, 13.42it/s]
RREA:  32%|█████████████████                                     | 317/1000 [00:32<00:48, 14.13it/s]
RREA:  32%|█████████████████▏                                    | 319/1000 [00:32<00:46, 14.68it/s]
RREA:  32%|█████████████████▎                                    | 321/1000 [00:32<00:45, 15.08it/s]
RREA:  32%|█████████████████▍                                    | 323/1000 [00:32<00:44, 15.38it/s]06:11:14 | INFO    | epoch  325/1000 | loss=0.0241
06:11:15 | INFO    |            [filtered] MRR=0.4639 Hit@1=0.3030 Hit@5=0.6544 Hit@10=0.7254 MR=47.0 n=18523
06:11:15 | INFO    |            [multiref] MRR=0.3731 Hit@1=0.2573 Hit@5=0.4827 Hit@10=0.6533 MR=47.0 n=1500

RREA:  32%|█████████████████▌                                    | 325/1000 [00:34<02:25,  4.65it/s]
RREA:  33%|█████████████████▋                                    | 327/1000 [00:34<01:53,  5.90it/s]
RREA:  33%|█████████████████▊                                    | 329/1000 [00:34<01:32,  7.29it/s]
RREA:  33%|█████████████████▊                                    | 331/1000 [00:34<01:16,  8.73it/s]
RREA:  33%|█████████████████▉                                    | 333/1000 [00:34<01:05, 10.12it/s]
RREA:  34%|██████████████████                                    | 335/1000 [00:34<00:58, 11.39it/s]
RREA:  34%|██████████████████▏                                   | 337/1000 [00:34<00:53, 12.50it/s]
RREA:  34%|██████████████████▎                                   | 339/1000 [00:34<00:49, 13.40it/s]
RREA:  34%|██████████████████▍                                   | 341/1000 [00:35<00:46, 14.11it/s]
RREA:  34%|██████████████████▌                                   | 343/1000 [00:35<00:44, 14.67it/s]
RREA:  34%|██████████████████▋                                   | 345/1000 [00:35<00:43, 15.08it/s]
RREA:  35%|██████████████████▋                                   | 347/1000 [00:35<00:42, 15.38it/s]
RREA:  35%|██████████████████▊                                   | 349/1000 [00:35<00:41, 15.60it/s]06:11:17 | INFO    | epoch  350/1000 | loss=0.0240
06:11:17 | INFO    |            [filtered] MRR=0.4394 Hit@1=0.2782 Hit@5=0.6307 Hit@10=0.7000 MR=63.5 n=18523
06:11:17 | INFO    |            [multiref] MRR=0.3673 Hit@1=0.2473 Hit@5=0.4787 Hit@10=0.6507 MR=44.8 n=1500

RREA:  35%|██████████████████▉                                   | 351/1000 [00:36<02:20,  4.63it/s]
RREA:  35%|███████████████████                                   | 353/1000 [00:36<01:49,  5.88it/s]
RREA:  36%|███████████████████▏                                  | 355/1000 [00:36<01:28,  7.27it/s]
RREA:  36%|███████████████████▎                                  | 357/1000 [00:37<01:14,  8.67it/s]
RREA:  36%|███████████████████▍                                  | 359/1000 [00:37<01:03, 10.07it/s]
RREA:  36%|███████████████████▍                                  | 361/1000 [00:37<00:56, 11.35it/s]
RREA:  36%|███████████████████▌                                  | 363/1000 [00:37<00:51, 12.45it/s]
RREA:  36%|███████████████████▋                                  | 365/1000 [00:37<00:47, 13.37it/s]
RREA:  37%|███████████████████▊                                  | 367/1000 [00:37<00:44, 14.09it/s]
RREA:  37%|███████████████████▉                                  | 369/1000 [00:37<00:43, 14.64it/s]
RREA:  37%|████████████████████                                  | 371/1000 [00:37<00:41, 15.06it/s]
RREA:  37%|████████████████████▏                                 | 373/1000 [00:38<00:40, 15.37it/s]06:11:19 | INFO    | epoch  375/1000 | loss=0.0243
06:11:20 | INFO    |            [filtered] MRR=0.4297 Hit@1=0.2730 Hit@5=0.6155 Hit@10=0.6837 MR=81.1 n=18523
06:11:20 | INFO    |            [multiref] MRR=0.3661 Hit@1=0.2493 Hit@5=0.4753 Hit@10=0.6580 MR=46.2 n=1500

RREA:  38%|████████████████████▎                                 | 375/1000 [00:39<02:15,  4.62it/s]
RREA:  38%|████████████████████▎                                 | 377/1000 [00:39<01:45,  5.88it/s]
RREA:  38%|████████████████████▍                                 | 379/1000 [00:39<01:25,  7.27it/s]
RREA:  38%|████████████████████▌                                 | 381/1000 [00:39<01:11,  8.70it/s]
RREA:  38%|████████████████████▋                                 | 383/1000 [00:39<01:01, 10.10it/s]
RREA:  38%|████████████████████▊                                 | 385/1000 [00:39<00:54, 11.37it/s]
RREA:  39%|████████████████████▉                                 | 387/1000 [00:39<00:49, 12.47it/s]
RREA:  39%|█████████████████████                                 | 389/1000 [00:40<00:45, 13.38it/s]
RREA:  39%|█████████████████████                                 | 391/1000 [00:40<00:43, 14.10it/s]
RREA:  39%|█████████████████████▏                                | 393/1000 [00:40<00:41, 14.66it/s]
RREA:  40%|█████████████████████▎                                | 395/1000 [00:40<00:40, 15.07it/s]
RREA:  40%|█████████████████████▍                                | 397/1000 [00:40<00:39, 15.37it/s]
RREA:  40%|█████████████████████▌                                | 399/1000 [00:40<00:38, 15.60it/s]06:11:22 | INFO    | epoch  400/1000 | loss=0.0230 | bootstrap: +1058 mutual pairs (train=366740, pool=1375)
06:11:23 | INFO    |            [filtered] MRR=0.4184 Hit@1=0.2637 Hit@5=0.6019 Hit@10=0.6647 MR=110.9 n=18523
06:11:23 | INFO    |            [multiref] MRR=0.3624 Hit@1=0.2467 Hit@5=0.4687 Hit@10=0.6533 MR=42.7 n=1500

RREA:  40%|█████████████████████▋                                | 401/1000 [00:41<02:10,  4.60it/s]
RREA:  40%|█████████████████████▊                                | 403/1000 [00:41<01:41,  5.86it/s]
RREA:  40%|█████████████████████▊                                | 405/1000 [00:42<01:22,  7.24it/s]
RREA:  41%|█████████████████████▉                                | 407/1000 [00:42<01:08,  8.67it/s]
RREA:  41%|██████████████████████                                | 409/1000 [00:42<00:58, 10.06it/s]
RREA:  41%|██████████████████████▏                               | 411/1000 [00:42<00:51, 11.34it/s]
RREA:  41%|██████████████████████▎                               | 413/1000 [00:42<00:47, 12.44it/s]
RREA:  42%|██████████████████████▍                               | 415/1000 [00:42<00:43, 13.35it/s]
RREA:  42%|██████████████████████▌                               | 417/1000 [00:42<00:41, 14.07it/s]
RREA:  42%|██████████████████████▋                               | 419/1000 [00:42<00:39, 14.60it/s]
RREA:  42%|██████████████████████▋                               | 421/1000 [00:43<00:38, 15.02it/s]
RREA:  42%|██████████████████████▊                               | 423/1000 [00:43<00:37, 15.32it/s]06:11:24 | INFO    | epoch  425/1000 | loss=0.0229
06:11:25 | INFO    |            [filtered] MRR=0.4189 Hit@1=0.2637 Hit@5=0.6038 Hit@10=0.6675 MR=102.5 n=18523
06:11:25 | INFO    |            [multiref] MRR=0.3683 Hit@1=0.2493 Hit@5=0.4740 Hit@10=0.6533 MR=46.4 n=1500

RREA:  42%|██████████████████████▉                               | 425/1000 [00:44<02:04,  4.63it/s]
RREA:  43%|███████████████████████                               | 427/1000 [00:44<01:37,  5.89it/s]
RREA:  43%|███████████████████████▏                              | 429/1000 [00:44<01:18,  7.27it/s]
RREA:  43%|███████████████████████▎                              | 431/1000 [00:44<01:05,  8.70it/s]
RREA:  43%|███████████████████████▍                              | 433/1000 [00:44<00:56, 10.09it/s]
RREA:  44%|███████████████████████▍                              | 435/1000 [00:44<00:49, 11.36it/s]
RREA:  44%|███████████████████████▌                              | 437/1000 [00:45<00:45, 12.46it/s]
RREA:  44%|███████████████████████▋                              | 439/1000 [00:45<00:41, 13.36it/s]
RREA:  44%|███████████████████████▊                              | 441/1000 [00:45<00:39, 14.08it/s]
RREA:  44%|███████████████████████▉                              | 443/1000 [00:45<00:38, 14.63it/s]
RREA:  44%|████████████████████████                              | 445/1000 [00:45<00:36, 15.04it/s]
RREA:  45%|████████████████████████▏                             | 447/1000 [00:45<00:36, 15.33it/s]
RREA:  45%|████████████████████████▏                             | 449/1000 [00:45<00:35, 15.56it/s]06:11:27 | INFO    | epoch  450/1000 | loss=0.0230
06:11:28 | INFO    |            [filtered] MRR=0.4062 Hit@1=0.2496 Hit@5=0.5946 Hit@10=0.6584 MR=122.3 n=18523
06:11:28 | INFO    |            [multiref] MRR=0.3643 Hit@1=0.2427 Hit@5=0.4807 Hit@10=0.6647 MR=48.9 n=1500

RREA:  45%|████████████████████████▎                             | 451/1000 [00:46<01:57,  4.66it/s]
RREA:  45%|████████████████████████▍                             | 453/1000 [00:47<01:32,  5.92it/s]
RREA:  46%|████████████████████████▌                             | 455/1000 [00:47<01:14,  7.31it/s]
RREA:  46%|████████████████████████▋                             | 457/1000 [00:47<01:02,  8.74it/s]
RREA:  46%|████████████████████████▊                             | 459/1000 [00:47<00:53, 10.12it/s]
RREA:  46%|████████████████████████▉                             | 461/1000 [00:47<00:47, 11.39it/s]
RREA:  46%|█████████████████████████                             | 463/1000 [00:47<00:43, 12.49it/s]
RREA:  46%|█████████████████████████                             | 465/1000 [00:47<00:39, 13.39it/s]
RREA:  47%|█████████████████████████▏                            | 467/1000 [00:47<00:37, 14.10it/s]
RREA:  47%|█████████████████████████▎                            | 469/1000 [00:48<00:36, 14.64it/s]
RREA:  47%|█████████████████████████▍                            | 471/1000 [00:48<00:35, 15.04it/s]
RREA:  47%|█████████████████████████▌                            | 473/1000 [00:48<00:34, 15.34it/s]06:11:29 | INFO    | epoch  475/1000 | loss=0.0237
06:11:30 | INFO    |            [filtered] MRR=0.4036 Hit@1=0.2487 Hit@5=0.5896 Hit@10=0.6531 MR=137.3 n=18523
06:11:30 | INFO    |            [multiref] MRR=0.3647 Hit@1=0.2440 Hit@5=0.4813 Hit@10=0.6560 MR=50.8 n=1500

RREA:  48%|█████████████████████████▋                            | 475/1000 [00:49<01:52,  4.68it/s]
RREA:  48%|█████████████████████████▊                            | 477/1000 [00:49<01:27,  5.95it/s]
RREA:  48%|█████████████████████████▊                            | 479/1000 [00:49<01:11,  7.33it/s]
RREA:  48%|█████████████████████████▉                            | 481/1000 [00:49<00:59,  8.77it/s]
RREA:  48%|██████████████████████████                            | 483/1000 [00:49<00:50, 10.15it/s]
RREA:  48%|██████████████████████████▏                           | 485/1000 [00:50<00:45, 11.42it/s]
RREA:  49%|██████████████████████████▎                           | 487/1000 [00:50<00:41, 12.51it/s]
RREA:  49%|██████████████████████████▍                           | 489/1000 [00:50<00:38, 13.40it/s]
RREA:  49%|██████████████████████████▌                           | 491/1000 [00:50<00:36, 14.12it/s]
RREA:  49%|██████████████████████████▌                           | 493/1000 [00:50<00:34, 14.65it/s]
RREA:  50%|██████████████████████████▋                           | 495/1000 [00:50<00:33, 15.06it/s]
RREA:  50%|██████████████████████████▊                           | 497/1000 [00:50<00:32, 15.36it/s]
RREA:  50%|██████████████████████████▉                           | 499/1000 [00:50<00:32, 15.58it/s]06:11:32 | INFO    | epoch  500/1000 | loss=0.0235
06:11:33 | INFO    |            [filtered] MRR=0.4033 Hit@1=0.2482 Hit@5=0.5898 Hit@10=0.6521 MR=134.2 n=18523
06:11:33 | INFO    |            [multiref] MRR=0.3668 Hit@1=0.2467 Hit@5=0.4840 Hit@10=0.6593 MR=49.1 n=1500

RREA:  50%|███████████████████████████                           | 501/1000 [00:52<01:47,  4.62it/s]
RREA:  50%|███████████████████████████▏                          | 503/1000 [00:52<01:24,  5.88it/s]
RREA:  50%|███████████████████████████▎                          | 505/1000 [00:52<01:08,  7.26it/s]
RREA:  51%|███████████████████████████▍                          | 507/1000 [00:52<00:56,  8.69it/s]
RREA:  51%|███████████████████████████▍                          | 509/1000 [00:52<00:48, 10.08it/s]
RREA:  51%|███████████████████████████▌                          | 511/1000 [00:52<00:43, 11.36it/s]
RREA:  51%|███████████████████████████▋                          | 513/1000 [00:52<00:39, 12.46it/s]
RREA:  52%|███████████████████████████▊                          | 515/1000 [00:52<00:36, 13.36it/s]
RREA:  52%|███████████████████████████▉                          | 517/1000 [00:53<00:34, 14.08it/s]
RREA:  52%|████████████████████████████                          | 519/1000 [00:53<00:32, 14.63it/s]
RREA:  52%|████████████████████████████▏                         | 521/1000 [00:53<00:31, 15.04it/s]
RREA:  52%|████████████████████████████▏                         | 523/1000 [00:53<00:31, 15.34it/s]06:11:35 | INFO    | epoch  525/1000 | loss=0.0230
06:11:35 | INFO    |            [filtered] MRR=0.4024 Hit@1=0.2459 Hit@5=0.5892 Hit@10=0.6537 MR=142.1 n=18523
06:11:35 | INFO    |            [multiref] MRR=0.3605 Hit@1=0.2400 Hit@5=0.4713 Hit@10=0.6620 MR=49.9 n=1500

RREA:  52%|████████████████████████████▎                         | 525/1000 [00:54<01:41,  4.66it/s]
RREA:  53%|████████████████████████████▍                         | 527/1000 [00:54<01:19,  5.92it/s]
RREA:  53%|████████████████████████████▌                         | 529/1000 [00:54<01:04,  7.31it/s]
RREA:  53%|████████████████████████████▋                         | 531/1000 [00:54<00:53,  8.74it/s]
RREA:  53%|████████████████████████████▊                         | 533/1000 [00:55<00:46, 10.13it/s]
RREA:  54%|████████████████████████████▉                         | 535/1000 [00:55<00:40, 11.40it/s]
RREA:  54%|████████████████████████████▉                         | 537/1000 [00:55<00:37, 12.49it/s]
RREA:  54%|█████████████████████████████                         | 539/1000 [00:55<00:34, 13.39it/s]
RREA:  54%|█████████████████████████████▏                        | 541/1000 [00:55<00:32, 14.10it/s]
RREA:  54%|█████████████████████████████▎                        | 543/1000 [00:55<00:31, 14.64it/s]
RREA:  55%|█████████████████████████████▍                        | 545/1000 [00:55<00:30, 15.05it/s]
RREA:  55%|█████████████████████████████▌                        | 547/1000 [00:55<00:29, 15.35it/s]
RREA:  55%|█████████████████████████████▋                        | 549/1000 [00:56<00:28, 15.55it/s]06:11:37 | INFO    | epoch  550/1000 | loss=0.0224
06:11:38 | INFO    |            [filtered] MRR=0.3994 Hit@1=0.2408 Hit@5=0.5908 Hit@10=0.6523 MR=138.9 n=18523
06:11:38 | INFO    |            [multiref] MRR=0.3664 Hit@1=0.2473 Hit@5=0.4780 Hit@10=0.6553 MR=51.2 n=1500

RREA:  55%|█████████████████████████████▊                        | 551/1000 [00:57<01:35,  4.68it/s]
RREA:  55%|█████████████████████████████▊                        | 553/1000 [00:57<01:15,  5.95it/s]
RREA:  56%|█████████████████████████████▉                        | 555/1000 [00:57<01:00,  7.34it/s]
RREA:  56%|██████████████████████████████                        | 557/1000 [00:57<00:50,  8.77it/s]
RREA:  56%|██████████████████████████████▏                       | 559/1000 [00:57<00:43, 10.16it/s]
RREA:  56%|██████████████████████████████▎                       | 561/1000 [00:57<00:38, 11.42it/s]
RREA:  56%|██████████████████████████████▍                       | 563/1000 [00:57<00:34, 12.51it/s]
RREA:  56%|██████████████████████████████▌                       | 565/1000 [00:58<00:32, 13.41it/s]
RREA:  57%|██████████████████████████████▌                       | 567/1000 [00:58<00:30, 14.12it/s]
RREA:  57%|██████████████████████████████▋                       | 569/1000 [00:58<00:29, 14.66it/s]
RREA:  57%|██████████████████████████████▊                       | 571/1000 [00:58<00:28, 15.07it/s]
RREA:  57%|██████████████████████████████▉                       | 573/1000 [00:58<00:27, 15.36it/s]06:11:40 | INFO    | epoch  575/1000 | loss=0.0230
06:11:41 | INFO    |            [filtered] MRR=0.3992 Hit@1=0.2402 Hit@5=0.5922 Hit@10=0.6523 MR=133.8 n=18523
06:11:41 | INFO    |            [multiref] MRR=0.3633 Hit@1=0.2453 Hit@5=0.4727 Hit@10=0.6567 MR=52.9 n=1500

RREA:  57%|███████████████████████████████                       | 575/1000 [00:59<01:32,  4.60it/s]
RREA:  58%|███████████████████████████████▏                      | 577/1000 [00:59<01:12,  5.85it/s]
RREA:  58%|███████████████████████████████▎                      | 579/1000 [00:59<00:58,  7.23it/s]
RREA:  58%|███████████████████████████████▎                      | 581/1000 [01:00<00:48,  8.66it/s]
RREA:  58%|███████████████████████████████▍                      | 583/1000 [01:00<00:41, 10.05it/s]
RREA:  58%|███████████████████████████████▌                      | 585/1000 [01:00<00:36, 11.33it/s]
RREA:  59%|███████████████████████████████▋                      | 587/1000 [01:00<00:33, 12.43it/s]
RREA:  59%|███████████████████████████████▊                      | 589/1000 [01:00<00:30, 13.34it/s]
RREA:  59%|███████████████████████████████▉                      | 591/1000 [01:00<00:29, 14.06it/s]
RREA:  59%|████████████████████████████████                      | 593/1000 [01:00<00:27, 14.61it/s]
RREA:  60%|████████████████████████████████▏                     | 595/1000 [01:00<00:26, 15.03it/s]
RREA:  60%|████████████████████████████████▏                     | 597/1000 [01:01<00:26, 15.33it/s]
RREA:  60%|████████████████████████████████▎                     | 599/1000 [01:01<00:25, 15.56it/s]06:11:42 | INFO    | epoch  600/1000 | loss=0.0229 | bootstrap: +560 mutual pairs (train=367300, pool=815)
06:11:43 | INFO    |            [filtered] MRR=0.3947 Hit@1=0.2346 Hit@5=0.5909 Hit@10=0.6501 MR=134.4 n=18523
06:11:43 | INFO    |            [multiref] MRR=0.3651 Hit@1=0.2467 Hit@5=0.4787 Hit@10=0.6513 MR=49.8 n=1500

RREA:  60%|████████████████████████████████▍                     | 601/1000 [01:02<01:26,  4.59it/s]
RREA:  60%|████████████████████████████████▌                     | 603/1000 [01:02<01:07,  5.84it/s]
RREA:  60%|████████████████████████████████▋                     | 605/1000 [01:02<00:54,  7.22it/s]
RREA:  61%|████████████████████████████████▊                     | 607/1000 [01:02<00:45,  8.65it/s]
RREA:  61%|████████████████████████████████▉                     | 609/1000 [01:02<00:38, 10.04it/s]
RREA:  61%|████████████████████████████████▉                     | 611/1000 [01:02<00:34, 11.32it/s]
RREA:  61%|█████████████████████████████████                     | 613/1000 [01:03<00:31, 12.42it/s]
RREA:  62%|█████████████████████████████████▏                    | 615/1000 [01:03<00:28, 13.33it/s]
RREA:  62%|█████████████████████████████████▎                    | 617/1000 [01:03<00:27, 14.04it/s]
RREA:  62%|█████████████████████████████████▍                    | 619/1000 [01:03<00:26, 14.60it/s]
RREA:  62%|█████████████████████████████████▌                    | 621/1000 [01:03<00:25, 15.01it/s]
RREA:  62%|█████████████████████████████████▋                    | 623/1000 [01:03<00:24, 15.32it/s]06:11:45 | INFO    | epoch  625/1000 | loss=0.0219
06:11:46 | INFO    |            [filtered] MRR=0.3936 Hit@1=0.2345 Hit@5=0.5873 Hit@10=0.6462 MR=131.3 n=18523
06:11:46 | INFO    |            [multiref] MRR=0.3658 Hit@1=0.2500 Hit@5=0.4700 Hit@10=0.6520 MR=48.3 n=1500

RREA:  62%|█████████████████████████████████▊                    | 625/1000 [01:04<01:21,  4.61it/s]
RREA:  63%|█████████████████████████████████▊                    | 627/1000 [01:04<01:03,  5.87it/s]
RREA:  63%|█████████████████████████████████▉                    | 629/1000 [01:05<00:51,  7.25it/s]
RREA:  63%|██████████████████████████████████                    | 631/1000 [01:05<00:42,  8.68it/s]
RREA:  63%|██████████████████████████████████▏                   | 633/1000 [01:05<00:36, 10.07it/s]
RREA:  64%|██████████████████████████████████▎                   | 635/1000 [01:05<00:32, 11.35it/s]
RREA:  64%|██████████████████████████████████▍                   | 637/1000 [01:05<00:29, 12.44it/s]
RREA:  64%|██████████████████████████████████▌                   | 639/1000 [01:05<00:27, 13.35it/s]
RREA:  64%|██████████████████████████████████▌                   | 641/1000 [01:05<00:25, 14.07it/s]
RREA:  64%|██████████████████████████████████▋                   | 643/1000 [01:05<00:24, 14.62it/s]
RREA:  64%|██████████████████████████████████▊                   | 645/1000 [01:06<00:23, 15.03it/s]
RREA:  65%|██████████████████████████████████▉                   | 647/1000 [01:06<00:23, 15.33it/s]
RREA:  65%|███████████████████████████████████                   | 649/1000 [01:06<00:22, 15.56it/s]06:11:47 | INFO    | epoch  650/1000 | loss=0.0223
06:11:48 | INFO    |            [filtered] MRR=0.3902 Hit@1=0.2316 Hit@5=0.5814 Hit@10=0.6433 MR=133.7 n=18523
06:11:48 | INFO    |            [multiref] MRR=0.3647 Hit@1=0.2480 Hit@5=0.4667 Hit@10=0.6533 MR=45.6 n=1500

RREA:  65%|███████████████████████████████████▏                  | 651/1000 [01:07<01:15,  4.59it/s]
RREA:  65%|███████████████████████████████████▎                  | 653/1000 [01:07<00:59,  5.85it/s]
RREA:  66%|███████████████████████████████████▎                  | 655/1000 [01:07<00:47,  7.23it/s]
RREA:  66%|███████████████████████████████████▍                  | 657/1000 [01:07<00:39,  8.66it/s]
RREA:  66%|███████████████████████████████████▌                  | 659/1000 [01:07<00:33, 10.05it/s]
RREA:  66%|███████████████████████████████████▋                  | 661/1000 [01:08<00:29, 11.33it/s]
RREA:  66%|███████████████████████████████████▊                  | 663/1000 [01:08<00:27, 12.43it/s]
RREA:  66%|███████████████████████████████████▉                  | 665/1000 [01:08<00:25, 13.34it/s]
RREA:  67%|████████████████████████████████████                  | 667/1000 [01:08<00:23, 14.06it/s]
RREA:  67%|████████████████████████████████████▏                 | 669/1000 [01:08<00:22, 14.62it/s]
RREA:  67%|████████████████████████████████████▏                 | 671/1000 [01:08<00:21, 15.03it/s]
RREA:  67%|████████████████████████████████████▎                 | 673/1000 [01:08<00:21, 15.33it/s]06:11:50 | INFO    | epoch  675/1000 | loss=0.0227
06:11:51 | INFO    |            [filtered] MRR=0.3908 Hit@1=0.2300 Hit@5=0.5844 Hit@10=0.6475 MR=124.5 n=18523
06:11:51 | INFO    |            [multiref] MRR=0.3689 Hit@1=0.2533 Hit@5=0.4693 Hit@10=0.6547 MR=46.5 n=1500

RREA:  68%|████████████████████████████████████▍                 | 675/1000 [01:10<01:10,  4.63it/s]
RREA:  68%|████████████████████████████████████▌                 | 677/1000 [01:10<00:54,  5.89it/s]
RREA:  68%|████████████████████████████████████▋                 | 679/1000 [01:10<00:44,  7.27it/s]
RREA:  68%|████████████████████████████████████▊                 | 681/1000 [01:10<00:36,  8.70it/s]
RREA:  68%|████████████████████████████████████▉                 | 683/1000 [01:10<00:31, 10.09it/s]
RREA:  68%|████████████████████████████████████▉                 | 685/1000 [01:10<00:27, 11.36it/s]
RREA:  69%|█████████████████████████████████████                 | 687/1000 [01:10<00:25, 12.46it/s]
RREA:  69%|█████████████████████████████████████▏                | 689/1000 [01:10<00:23, 13.37it/s]
RREA:  69%|█████████████████████████████████████▎                | 691/1000 [01:10<00:21, 14.09it/s]
RREA:  69%|█████████████████████████████████████▍                | 693/1000 [01:11<00:20, 14.64it/s]
RREA:  70%|█████████████████████████████████████▌                | 695/1000 [01:11<00:20, 15.04it/s]
RREA:  70%|█████████████████████████████████████▋                | 697/1000 [01:11<00:19, 15.35it/s]
RREA:  70%|█████████████████████████████████████▋                | 699/1000 [01:11<00:19, 15.56it/s]06:11:53 | INFO    | epoch  700/1000 | loss=0.0223
06:11:53 | INFO    |            [filtered] MRR=0.3837 Hit@1=0.2193 Hit@5=0.5824 Hit@10=0.6453 MR=127.7 n=18523
06:11:53 | INFO    |            [multiref] MRR=0.3658 Hit@1=0.2493 Hit@5=0.4713 Hit@10=0.6520 MR=48.6 n=1500

RREA:  70%|█████████████████████████████████████▊                | 701/1000 [01:12<01:05,  4.60it/s]
RREA:  70%|█████████████████████████████████████▉                | 703/1000 [01:12<00:50,  5.85it/s]
RREA:  70%|██████████████████████████████████████                | 705/1000 [01:12<00:40,  7.23it/s]
RREA:  71%|██████████████████████████████████████▏               | 707/1000 [01:13<00:33,  8.66it/s]
RREA:  71%|██████████████████████████████████████▎               | 709/1000 [01:13<00:28, 10.06it/s]
RREA:  71%|██████████████████████████████████████▍               | 711/1000 [01:13<00:25, 11.33it/s]
RREA:  71%|██████████████████████████████████████▌               | 713/1000 [01:13<00:23, 12.43it/s]
RREA:  72%|██████████████████████████████████████▌               | 715/1000 [01:13<00:21, 13.34it/s]
RREA:  72%|██████████████████████████████████████▋               | 717/1000 [01:13<00:20, 14.06it/s]
RREA:  72%|██████████████████████████████████████▊               | 719/1000 [01:13<00:19, 14.60it/s]
RREA:  72%|██████████████████████████████████████▉               | 721/1000 [01:13<00:18, 15.02it/s]
RREA:  72%|███████████████████████████████████████               | 723/1000 [01:14<00:18, 15.33it/s]06:11:55 | INFO    | epoch  725/1000 | loss=0.0225
06:11:56 | INFO    |            [filtered] MRR=0.3794 Hit@1=0.2134 Hit@5=0.5797 Hit@10=0.6443 MR=129.1 n=18523
06:11:56 | INFO    |            [multiref] MRR=0.3609 Hit@1=0.2447 Hit@5=0.4613 Hit@10=0.6613 MR=48.1 n=1500

RREA:  72%|███████████████████████████████████████▏              | 725/1000 [01:15<00:59,  4.59it/s]
RREA:  73%|███████████████████████████████████████▎              | 727/1000 [01:15<00:46,  5.84it/s]
RREA:  73%|███████████████████████████████████████▎              | 729/1000 [01:15<00:37,  7.22it/s]
RREA:  73%|███████████████████████████████████████▍              | 731/1000 [01:15<00:31,  8.65it/s]
RREA:  73%|███████████████████████████████████████▌              | 733/1000 [01:15<00:26, 10.04it/s]
RREA:  74%|███████████████████████████████████████▋              | 735/1000 [01:15<00:23, 11.32it/s]
RREA:  74%|███████████████████████████████████████▊              | 737/1000 [01:15<00:21, 12.42it/s]
RREA:  74%|███████████████████████████████████████▉              | 739/1000 [01:16<00:19, 13.33it/s]
RREA:  74%|████████████████████████████████████████              | 741/1000 [01:16<00:18, 14.06it/s]
RREA:  74%|████████████████████████████████████████              | 743/1000 [01:16<00:17, 14.61it/s]
RREA:  74%|████████████████████████████████████████▏             | 745/1000 [01:16<00:16, 15.03it/s]
RREA:  75%|████████████████████████████████████████▎             | 747/1000 [01:16<00:16, 15.33it/s]
RREA:  75%|████████████████████████████████████████▍             | 749/1000 [01:16<00:16, 15.55it/s]06:11:58 | INFO    | epoch  750/1000 | loss=0.0218
06:11:59 | INFO    |            [filtered] MRR=0.3808 Hit@1=0.2171 Hit@5=0.5778 Hit@10=0.6446 MR=117.6 n=18523
06:11:59 | INFO    |            [multiref] MRR=0.3604 Hit@1=0.2413 Hit@5=0.4667 Hit@10=0.6493 MR=49.5 n=1500

RREA:  75%|████████████████████████████████████████▌             | 751/1000 [01:17<00:53,  4.61it/s]
RREA:  75%|████████████████████████████████████████▋             | 753/1000 [01:17<00:42,  5.87it/s]
RREA:  76%|████████████████████████████████████████▊             | 755/1000 [01:18<00:33,  7.25it/s]
RREA:  76%|████████████████████████████████████████▉             | 757/1000 [01:18<00:27,  8.68it/s]
RREA:  76%|████████████████████████████████████████▉             | 759/1000 [01:18<00:23, 10.07it/s]
RREA:  76%|█████████████████████████████████████████             | 761/1000 [01:18<00:21, 11.34it/s]
RREA:  76%|█████████████████████████████████████████▏            | 763/1000 [01:18<00:19, 12.44it/s]
RREA:  76%|█████████████████████████████████████████▎            | 765/1000 [01:18<00:17, 13.35it/s]
RREA:  77%|█████████████████████████████████████████▍            | 767/1000 [01:18<00:16, 14.07it/s]
RREA:  77%|█████████████████████████████████████████▌            | 769/1000 [01:18<00:15, 14.62it/s]
RREA:  77%|█████████████████████████████████████████▋            | 771/1000 [01:19<00:15, 15.03it/s]
RREA:  77%|█████████████████████████████████████████▋            | 773/1000 [01:19<00:14, 15.33it/s]06:12:00 | INFO    | epoch  775/1000 | loss=0.0219
06:12:01 | INFO    |            [filtered] MRR=0.3805 Hit@1=0.2141 Hit@5=0.5795 Hit@10=0.6448 MR=110.4 n=18523
06:12:01 | INFO    |            [multiref] MRR=0.3613 Hit@1=0.2447 Hit@5=0.4600 Hit@10=0.6567 MR=46.4 n=1500

RREA:  78%|█████████████████████████████████████████▊            | 775/1000 [01:20<00:48,  4.59it/s]
RREA:  78%|█████████████████████████████████████████▉            | 777/1000 [01:20<00:38,  5.84it/s]
RREA:  78%|██████████████████████████████████████████            | 779/1000 [01:20<00:30,  7.22it/s]
RREA:  78%|██████████████████████████████████████████▏           | 781/1000 [01:20<00:25,  8.65it/s]
RREA:  78%|██████████████████████████████████████████▎           | 783/1000 [01:20<00:21, 10.05it/s]
RREA:  78%|██████████████████████████████████████████▍           | 785/1000 [01:20<00:18, 11.32it/s]
RREA:  79%|██████████████████████████████████████████▍           | 787/1000 [01:21<00:17, 12.43it/s]
RREA:  79%|██████████████████████████████████████████▌           | 789/1000 [01:21<00:15, 13.34it/s]
RREA:  79%|██████████████████████████████████████████▋           | 791/1000 [01:21<00:14, 14.06it/s]
RREA:  79%|██████████████████████████████████████████▊           | 793/1000 [01:21<00:14, 14.61it/s]
RREA:  80%|██████████████████████████████████████████▉           | 795/1000 [01:21<00:13, 15.03it/s]
RREA:  80%|███████████████████████████████████████████           | 797/1000 [01:21<00:13, 15.34it/s]
RREA:  80%|███████████████████████████████████████████▏          | 799/1000 [01:21<00:12, 15.56it/s]06:12:03 | INFO    | epoch  800/1000 | loss=0.0215 | bootstrap: +340 mutual pairs (train=367640, pool=475)
06:12:04 | INFO    |            [filtered] MRR=0.3755 Hit@1=0.2076 Hit@5=0.5787 Hit@10=0.6446 MR=109.1 n=18523
06:12:04 | INFO    |            [multiref] MRR=0.3595 Hit@1=0.2427 Hit@5=0.4633 Hit@10=0.6467 MR=45.2 n=1500

RREA:  80%|███████████████████████████████████████████▎          | 801/1000 [01:22<00:43,  4.58it/s]
RREA:  80%|███████████████████████████████████████████▎          | 803/1000 [01:23<00:33,  5.83it/s]
RREA:  80%|███████████████████████████████████████████▍          | 805/1000 [01:23<00:27,  7.21it/s]
RREA:  81%|███████████████████████████████████████████▌          | 807/1000 [01:23<00:22,  8.64it/s]
RREA:  81%|███████████████████████████████████████████▋          | 809/1000 [01:23<00:19, 10.03it/s]
RREA:  81%|███████████████████████████████████████████▊          | 811/1000 [01:23<00:16, 11.31it/s]
RREA:  81%|███████████████████████████████████████████▉          | 813/1000 [01:23<00:15, 12.42it/s]
RREA:  82%|████████████████████████████████████████████          | 815/1000 [01:23<00:13, 13.33it/s]
RREA:  82%|████████████████████████████████████████████          | 817/1000 [01:23<00:13, 14.05it/s]
RREA:  82%|████████████████████████████████████████████▏         | 819/1000 [01:24<00:12, 14.61it/s]
RREA:  82%|████████████████████████████████████████████▎         | 821/1000 [01:24<00:11, 15.02it/s]
RREA:  82%|████████████████████████████████████████████▍         | 823/1000 [01:24<00:11, 15.33it/s]06:12:05 | INFO    | epoch  825/1000 | loss=0.0213
06:12:06 | INFO    |            [filtered] MRR=0.3712 Hit@1=0.2009 Hit@5=0.5780 Hit@10=0.6464 MR=110.0 n=18523
06:12:06 | INFO    |            [multiref] MRR=0.3621 Hit@1=0.2460 Hit@5=0.4627 Hit@10=0.6480 MR=48.0 n=1500

RREA:  82%|████████████████████████████████████████████▌         | 825/1000 [01:25<00:38,  4.60it/s]
RREA:  83%|████████████████████████████████████████████▋         | 827/1000 [01:25<00:29,  5.85it/s]
RREA:  83%|████████████████████████████████████████████▊         | 829/1000 [01:25<00:23,  7.23it/s]
RREA:  83%|████████████████████████████████████████████▊         | 831/1000 [01:25<00:19,  8.66it/s]
RREA:  83%|████████████████████████████████████████████▉         | 833/1000 [01:25<00:16, 10.06it/s]
RREA:  84%|█████████████████████████████████████████████         | 835/1000 [01:26<00:14, 11.33it/s]
RREA:  84%|█████████████████████████████████████████████▏        | 837/1000 [01:26<00:13, 12.44it/s]
RREA:  84%|█████████████████████████████████████████████▎        | 839/1000 [01:26<00:12, 13.35it/s]
RREA:  84%|█████████████████████████████████████████████▍        | 841/1000 [01:26<00:11, 14.07it/s]
RREA:  84%|█████████████████████████████████████████████▌        | 843/1000 [01:26<00:10, 14.62it/s]
RREA:  84%|█████████████████████████████████████████████▋        | 845/1000 [01:26<00:10, 15.02it/s]
RREA:  85%|█████████████████████████████████████████████▋        | 847/1000 [01:26<00:09, 15.33it/s]
RREA:  85%|█████████████████████████████████████████████▊        | 849/1000 [01:26<00:09, 15.56it/s]06:12:08 | INFO    | epoch  850/1000 | loss=0.0223
06:12:09 | INFO    |            [filtered] MRR=0.3703 Hit@1=0.1995 Hit@5=0.5798 Hit@10=0.6431 MR=108.1 n=18523
06:12:09 | INFO    |            [multiref] MRR=0.3579 Hit@1=0.2427 Hit@5=0.4547 Hit@10=0.6493 MR=47.6 n=1500

RREA:  85%|█████████████████████████████████████████████▉        | 851/1000 [01:28<00:31,  4.67it/s]
RREA:  85%|██████████████████████████████████████████████        | 853/1000 [01:28<00:24,  5.93it/s]
RREA:  86%|██████████████████████████████████████████████▏       | 855/1000 [01:28<00:19,  7.32it/s]
RREA:  86%|██████████████████████████████████████████████▎       | 857/1000 [01:28<00:16,  8.75it/s]
RREA:  86%|██████████████████████████████████████████████▍       | 859/1000 [01:28<00:13, 10.14it/s]
RREA:  86%|██████████████████████████████████████████████▍       | 861/1000 [01:28<00:12, 11.40it/s]
RREA:  86%|██████████████████████████████████████████████▌       | 863/1000 [01:28<00:10, 12.50it/s]
RREA:  86%|██████████████████████████████████████████████▋       | 865/1000 [01:28<00:10, 13.40it/s]
RREA:  87%|██████████████████████████████████████████████▊       | 867/1000 [01:29<00:09, 14.10it/s]
RREA:  87%|██████████████████████████████████████████████▉       | 869/1000 [01:29<00:08, 14.64it/s]
RREA:  87%|███████████████████████████████████████████████       | 871/1000 [01:29<00:08, 15.04it/s]
RREA:  87%|███████████████████████████████████████████████▏      | 873/1000 [01:29<00:08, 15.34it/s]06:12:11 | INFO    | epoch  875/1000 | loss=0.0214
06:12:11 | INFO    |            [filtered] MRR=0.3635 Hit@1=0.1913 Hit@5=0.5724 Hit@10=0.6417 MR=109.2 n=18523
06:12:11 | INFO    |            [multiref] MRR=0.3585 Hit@1=0.2447 Hit@5=0.4553 Hit@10=0.6413 MR=47.4 n=1500

RREA:  88%|███████████████████████████████████████████████▎      | 875/1000 [01:30<00:27,  4.48it/s]
RREA:  88%|███████████████████████████████████████████████▎      | 877/1000 [01:30<00:21,  5.71it/s]
RREA:  88%|███████████████████████████████████████████████▍      | 879/1000 [01:30<00:17,  7.09it/s]
RREA:  88%|███████████████████████████████████████████████▌      | 881/1000 [01:31<00:13,  8.51it/s]
RREA:  88%|███████████████████████████████████████████████▋      | 883/1000 [01:31<00:11,  9.91it/s]
RREA:  88%|███████████████████████████████████████████████▊      | 885/1000 [01:31<00:10, 11.20it/s]
RREA:  89%|███████████████████████████████████████████████▉      | 887/1000 [01:31<00:09, 12.32it/s]
RREA:  89%|████████████████████████████████████████████████      | 889/1000 [01:31<00:08, 13.25it/s]
RREA:  89%|████████████████████████████████████████████████      | 891/1000 [01:31<00:07, 13.99it/s]
RREA:  89%|████████████████████████████████████████████████▏     | 893/1000 [01:31<00:07, 14.56it/s]
RREA:  90%|████████████████████████████████████████████████▎     | 895/1000 [01:31<00:07, 14.99it/s]
RREA:  90%|████████████████████████████████████████████████▍     | 897/1000 [01:32<00:06, 15.30it/s]
RREA:  90%|████████████████████████████████████████████████▌     | 899/1000 [01:32<00:06, 15.53it/s]06:12:13 | INFO    | epoch  900/1000 | loss=0.0213
06:12:14 | INFO    |            [filtered] MRR=0.3586 Hit@1=0.1870 Hit@5=0.5704 Hit@10=0.6373 MR=107.6 n=18523
06:12:14 | INFO    |            [multiref] MRR=0.3573 Hit@1=0.2440 Hit@5=0.4527 Hit@10=0.6440 MR=46.9 n=1500

RREA:  90%|████████████████████████████████████████████████▋     | 901/1000 [01:33<00:21,  4.71it/s]
RREA:  90%|████████████████████████████████████████████████▊     | 903/1000 [01:33<00:16,  5.97it/s]
RREA:  90%|████████████████████████████████████████████████▊     | 905/1000 [01:33<00:12,  7.36it/s]
RREA:  91%|████████████████████████████████████████████████▉     | 907/1000 [01:33<00:10,  8.80it/s]
RREA:  91%|█████████████████████████████████████████████████     | 909/1000 [01:33<00:08, 10.18it/s]
RREA:  91%|█████████████████████████████████████████████████▏    | 911/1000 [01:33<00:07, 11.44it/s]
RREA:  91%|█████████████████████████████████████████████████▎    | 913/1000 [01:33<00:06, 12.52it/s]
RREA:  92%|█████████████████████████████████████████████████▍    | 915/1000 [01:34<00:06, 13.42it/s]
RREA:  92%|█████████████████████████████████████████████████▌    | 917/1000 [01:34<00:05, 14.12it/s]
RREA:  92%|█████████████████████████████████████████████████▋    | 919/1000 [01:34<00:05, 14.66it/s]
RREA:  92%|█████████████████████████████████████████████████▋    | 921/1000 [01:34<00:05, 15.06it/s]
RREA:  92%|█████████████████████████████████████████████████▊    | 923/1000 [01:34<00:05, 15.35it/s]06:12:16 | INFO    | epoch  925/1000 | loss=0.0218
06:12:17 | INFO    |            [filtered] MRR=0.3611 Hit@1=0.1900 Hit@5=0.5707 Hit@10=0.6402 MR=105.2 n=18523
06:12:17 | INFO    |            [multiref] MRR=0.3549 Hit@1=0.2413 Hit@5=0.4500 Hit@10=0.6347 MR=46.3 n=1500

RREA:  92%|█████████████████████████████████████████████████▉    | 925/1000 [01:35<00:16,  4.63it/s]
RREA:  93%|██████████████████████████████████████████████████    | 927/1000 [01:35<00:12,  5.88it/s]
RREA:  93%|██████████████████████████████████████████████████▏   | 929/1000 [01:36<00:09,  7.27it/s]
RREA:  93%|██████████████████████████████████████████████████▎   | 931/1000 [01:36<00:07,  8.70it/s]
RREA:  93%|██████████████████████████████████████████████████▍   | 933/1000 [01:36<00:06, 10.09it/s]
RREA:  94%|██████████████████████████████████████████████████▍   | 935/1000 [01:36<00:05, 11.36it/s]
RREA:  94%|██████████████████████████████████████████████████▌   | 937/1000 [01:36<00:05, 12.47it/s]
RREA:  94%|██████████████████████████████████████████████████▋   | 939/1000 [01:36<00:04, 13.37it/s]
RREA:  94%|██████████████████████████████████████████████████▊   | 941/1000 [01:36<00:04, 14.09it/s]
RREA:  94%|██████████████████████████████████████████████████▉   | 943/1000 [01:36<00:03, 14.63it/s]
RREA:  94%|███████████████████████████████████████████████████   | 945/1000 [01:36<00:03, 15.05it/s]
RREA:  95%|███████████████████████████████████████████████████▏  | 947/1000 [01:37<00:03, 15.34it/s]
RREA:  95%|███████████████████████████████████████████████████▏  | 949/1000 [01:37<00:03, 15.56it/s]06:12:18 | INFO    | epoch  950/1000 | loss=0.0211
06:12:19 | INFO    |            [filtered] MRR=0.3550 Hit@1=0.1812 Hit@5=0.5671 Hit@10=0.6386 MR=112.5 n=18523
06:12:19 | INFO    |            [multiref] MRR=0.3584 Hit@1=0.2447 Hit@5=0.4593 Hit@10=0.6407 MR=49.2 n=1500

RREA:  95%|███████████████████████████████████████████████████▎  | 951/1000 [01:38<00:10,  4.66it/s]
RREA:  95%|███████████████████████████████████████████████████▍  | 953/1000 [01:38<00:07,  5.92it/s]
RREA:  96%|███████████████████████████████████████████████████▌  | 955/1000 [01:38<00:06,  7.30it/s]
RREA:  96%|███████████████████████████████████████████████████▋  | 957/1000 [01:38<00:04,  8.74it/s]
RREA:  96%|███████████████████████████████████████████████████▊  | 959/1000 [01:38<00:04, 10.13it/s]
RREA:  96%|███████████████████████████████████████████████████▉  | 961/1000 [01:39<00:03, 11.39it/s]
RREA:  96%|████████████████████████████████████████████████████  | 963/1000 [01:39<00:02, 12.48it/s]
RREA:  96%|████████████████████████████████████████████████████  | 965/1000 [01:39<00:02, 13.38it/s]
RREA:  97%|████████████████████████████████████████████████████▏ | 967/1000 [01:39<00:02, 14.10it/s]
RREA:  97%|████████████████████████████████████████████████████▎ | 969/1000 [01:39<00:02, 14.65it/s]
RREA:  97%|████████████████████████████████████████████████████▍ | 971/1000 [01:39<00:01, 15.05it/s]
RREA:  97%|████████████████████████████████████████████████████▌ | 973/1000 [01:39<00:01, 15.35it/s]06:12:21 | INFO    | epoch  975/1000 | loss=0.0218
06:12:22 | INFO    |            [filtered] MRR=0.3564 Hit@1=0.1848 Hit@5=0.5651 Hit@10=0.6378 MR=108.9 n=18523
06:12:22 | INFO    |            [multiref] MRR=0.3602 Hit@1=0.2453 Hit@5=0.4567 Hit@10=0.6447 MR=48.1 n=1500

RREA:  98%|████████████████████████████████████████████████████▋ | 975/1000 [01:40<00:05,  4.61it/s]
RREA:  98%|████████████████████████████████████████████████████▊ | 977/1000 [01:41<00:03,  5.86it/s]
RREA:  98%|████████████████████████████████████████████████████▊ | 979/1000 [01:41<00:02,  7.24it/s]
RREA:  98%|████████████████████████████████████████████████████▉ | 981/1000 [01:41<00:02,  8.67it/s]
RREA:  98%|█████████████████████████████████████████████████████ | 983/1000 [01:41<00:01, 10.07it/s]
RREA:  98%|█████████████████████████████████████████████████████▏| 985/1000 [01:41<00:01, 11.34it/s]
RREA:  99%|█████████████████████████████████████████████████████▎| 987/1000 [01:41<00:01, 12.44it/s]
RREA:  99%|█████████████████████████████████████████████████████▍| 989/1000 [01:41<00:00, 13.35it/s]
RREA:  99%|█████████████████████████████████████████████████████▌| 991/1000 [01:41<00:00, 14.07it/s]
RREA:  99%|█████████████████████████████████████████████████████▌| 993/1000 [01:42<00:00, 14.63it/s]
RREA: 100%|█████████████████████████████████████████████████████▋| 995/1000 [01:42<00:00, 15.04it/s]
RREA: 100%|█████████████████████████████████████████████████████▊| 997/1000 [01:42<00:00, 15.35it/s]
RREA: 100%|█████████████████████████████████████████████████████▉| 999/1000 [01:42<00:00, 15.57it/s]06:12:23 | INFO    | epoch 1000/1000 | loss=0.0205
06:12:24 | INFO    |            [filtered] MRR=0.3554 Hit@1=0.1834 Hit@5=0.5639 Hit@10=0.6332 MR=105.0 n=18523
06:12:24 | INFO    |            [multiref] MRR=0.3559 Hit@1=0.2407 Hit@5=0.4613 Hit@10=0.6333 MR=44.0 n=1500

RREA: 100%|█████████████████████████████████████████████████████| 1000/1000 [01:43<00:00,  9.67it/s]
06:12:25 | INFO    | Done in 1.7 min. Best filtered MRR=0.5874 @ epoch 100.
06:12:25 | INFO    | Final evaluation on the test split, read once
06:12:35 | INFO    |   [cosine] filtMRR=0.5354 H@1=0.4110 H@10=0.7430 n=264830 | mrefMRR=0.8598 H@1=0.7860
06:12:46 | INFO    |   [  csls] filtMRR=0.4900 H@1=0.3626 H@10=0.7113 n=264830 | mrefMRR=0.8558 H@1=0.7823
06:12:51 | INFO    |   [cosine] F1=0.6979 P=0.5490 R=0.9577 (threshold 0.946 from validation, validation F1=0.4351)
06:12:51 | INFO    | Wrote experiments/rrea_related_20260929-061037/result.json
06:12:51 | INFO    | Finished. Best validation MRR=0.5874 @ epoch 100.
