05:34:02 | INFO    | Model: bootea | seed 2026 | device: cuda:1
05:34:03 | INFO    | Regime sameAs | graph: 84,182 nodes, 131,238 triples, 50,435 UCPGx candidates
05:34:03 | INFO    |   broadMatch/pgx   train=  3,744 test=  8,599 (70%) queries= 6,866 by cluster    leakage=0.00%
05:34:03 | INFO    |   closeMatch       train=  2,738 test=  6,296 (70%) queries= 1,490 by cluster    leakage=0.00%
05:34:03 | INFO    |   sameAs           train= 19,942 test= 46,531 (70%) queries=10,883 by cluster    leakage=0.00%
05:34:03 | INFO    |   broadMatch/onco  train= 25,039 test= 47,737 (66%) queries= 2,032 intra-cluster leakage=0.00%
05:34:03 | INFO    |   relatedMatch     train=  2,801 test=  6,289 (69%) queries=   812 intra-cluster leakage=0.00%
05:34:03 | INFO    |   related          train=471,647 test=762,046 (62%) queries=16,977 intra-cluster leakage=0.00%
05:34:03 | INFO    | Data: {'num_entities': 84182, 'num_relations': 13, 'triples': 131238, 'train_pairs': 14956, 'val_pairs': 4986, 'candidates': 50435, 'unlabeled_pool': 49353}
05:34:05 | INFO    | Params: 6.31M
05:34:05 | INFO    | Run directory: experiments/bootea_sameAs_20260929-053402
05:34:05 | INFO    | BootEA | device=cuda:1 | {'num_entities': 84182, 'num_relations': 13, 'triples': 131238, 'train_pairs': 14956, 'val_pairs': 4986, 'candidates': 50435, 'unlabeled_pool': 49353} triples(+swap)=193304

BootEA:   0%|                                                              | 0/1000 [00:00<?, ?it/s]
BootEA:   0%|                                                      | 1/1000 [00:00<05:12,  3.20it/s]
BootEA:   0%|                                                      | 2/1000 [00:00<03:14,  5.12it/s]
BootEA:   0%|▏                                                     | 3/1000 [00:00<02:37,  6.33it/s]
BootEA:   0%|▏                                                     | 4/1000 [00:00<02:19,  7.13it/s]
BootEA:   0%|▎                                                     | 5/1000 [00:00<02:09,  7.66it/s]
BootEA:   1%|▎                                                     | 6/1000 [00:00<02:03,  8.02it/s]
BootEA:   1%|▍                                                     | 7/1000 [00:00<02:00,  8.26it/s]
BootEA:   1%|▍                                                     | 8/1000 [00:01<01:57,  8.44it/s]
BootEA:   1%|▍                                                     | 9/1000 [00:01<01:55,  8.55it/s]
BootEA:   1%|▌                                                    | 10/1000 [00:01<01:54,  8.62it/s]
BootEA:   1%|▌                                                    | 11/1000 [00:01<01:53,  8.68it/s]
BootEA:   1%|▋                                                    | 12/1000 [00:01<01:53,  8.71it/s]
BootEA:   1%|▋                                                    | 13/1000 [00:01<01:52,  8.74it/s]
BootEA:   1%|▋                                                    | 14/1000 [00:01<01:52,  8.76it/s]
BootEA:   2%|▊                                                    | 15/1000 [00:01<01:52,  8.78it/s]
BootEA:   2%|▊                                                    | 16/1000 [00:02<01:52,  8.78it/s]
BootEA:   2%|▉                                                    | 17/1000 [00:02<01:51,  8.78it/s]
BootEA:   2%|▉                                                    | 18/1000 [00:02<01:51,  8.79it/s]
BootEA:   2%|█                                                    | 19/1000 [00:02<01:51,  8.79it/s]05:34:07 | INFO    | epoch   20/1000 | loss=1957.4454 kge=1957.1743 align=0.0271 pseudo=0.0000 | eps-trunc refreshed
05:34:08 | INFO    |            [filtered] MRR=0.9216 Hit@1=0.8781 Hit@5=0.9800 Hit@10=0.9908 MR=1.4 n=7096
05:34:08 | INFO    |            [multiref] MRR=0.9676 Hit@1=0.9467 Hit@5=0.9907 Hit@10=0.9933 MR=1.3 n=1500
05:34:08 | INFO    |            -> new best multiref MRR=0.9676 (saved model_best.pt)

BootEA:   2%|█                                                    | 20/1000 [00:03<05:52,  2.78it/s]
BootEA:   2%|█                                                    | 21/1000 [00:03<04:40,  3.49it/s]
BootEA:   2%|█▏                                                   | 22/1000 [00:03<03:49,  4.25it/s]
BootEA:   2%|█▏                                                   | 23/1000 [00:03<03:14,  5.03it/s]
BootEA:   2%|█▎                                                   | 24/1000 [00:03<02:49,  5.76it/s]
BootEA:   2%|█▎                                                   | 25/1000 [00:03<02:32,  6.41it/s]
BootEA:   3%|█▍                                                   | 26/1000 [00:03<02:19,  6.97it/s]
BootEA:   3%|█▍                                                   | 27/1000 [00:04<02:11,  7.41it/s]
BootEA:   3%|█▍                                                   | 28/1000 [00:04<02:05,  7.76it/s]
BootEA:   3%|█▌                                                   | 29/1000 [00:04<02:01,  8.02it/s]05:34:09 | INFO    | epoch   30/1000 | loss=5463.0847 kge=5462.7575 align=0.0327 pseudo=0.0000 | eps-trunc refreshed | bootstrap: 9000 pseudo-pairs (beta=1.0)

BootEA:   3%|█▌                                                   | 30/1000 [00:04<03:39,  4.42it/s]
BootEA:   3%|█▋                                                   | 31/1000 [00:04<03:19,  4.85it/s]
BootEA:   3%|█▋                                                   | 32/1000 [00:05<03:05,  5.21it/s]
BootEA:   3%|█▋                                                   | 33/1000 [00:05<02:55,  5.53it/s]
BootEA:   3%|█▊                                                   | 34/1000 [00:05<02:47,  5.77it/s]05:34:10 | INFO    | epoch   35/1000 | loss=5435.5700 kge=5435.0332 align=0.0302 pseudo=0.2344 | bootstrap: 9000 pseudo-pairs (beta=1.0)

BootEA:   4%|█▊                                                   | 35/1000 [00:05<03:37,  4.43it/s]
BootEA:   4%|█▉                                                   | 36/1000 [00:05<03:17,  4.87it/s]
BootEA:   4%|█▉                                                   | 37/1000 [00:06<03:04,  5.21it/s]
BootEA:   4%|██                                                   | 38/1000 [00:06<02:55,  5.49it/s]
BootEA:   4%|██                                                   | 39/1000 [00:06<02:47,  5.75it/s]05:34:11 | INFO    | epoch   40/1000 | loss=5199.4789 kge=5198.9482 align=0.0313 pseudo=0.2176 | eps-trunc refreshed | bootstrap: 9000 pseudo-pairs (beta=1.0)
05:34:12 | INFO    |            [filtered] MRR=0.9109 Hit@1=0.8706 Hit@5=0.9697 Hit@10=0.9838 MR=1.5 n=7096
05:34:12 | INFO    |            [multiref] MRR=0.9660 Hit@1=0.9420 Hit@5=0.9960 Hit@10=0.9987 MR=1.1 n=1500

BootEA:   4%|██                                                   | 40/1000 [00:07<06:52,  2.33it/s]
BootEA:   4%|██▏                                                  | 41/1000 [00:07<05:32,  2.88it/s]
BootEA:   4%|██▏                                                  | 42/1000 [00:07<04:37,  3.45it/s]
BootEA:   4%|██▎                                                  | 43/1000 [00:07<03:58,  4.01it/s]
BootEA:   4%|██▎                                                  | 44/1000 [00:08<03:31,  4.53it/s]05:34:13 | INFO    | epoch   45/1000 | loss=5409.2572 kge=5408.8050 align=0.0248 pseudo=0.2037 | bootstrap: 9000 pseudo-pairs (beta=1.0)

BootEA:   4%|██▍                                                  | 45/1000 [00:08<04:07,  3.86it/s]
BootEA:   5%|██▍                                                  | 46/1000 [00:08<03:38,  4.37it/s]
BootEA:   5%|██▍                                                  | 47/1000 [00:08<03:17,  4.84it/s]
BootEA:   5%|██▌                                                  | 48/1000 [00:08<03:02,  5.23it/s]
BootEA:   5%|██▌                                                  | 49/1000 [00:09<02:51,  5.54it/s]05:34:14 | INFO    | epoch   50/1000 | loss=5296.4878 kge=5296.0559 align=0.0244 pseudo=0.1881 | eps-trunc refreshed | bootstrap: 9000 pseudo-pairs (beta=1.0)

BootEA:   5%|██▋                                                  | 50/1000 [00:09<04:22,  3.62it/s]
BootEA:   5%|██▋                                                  | 51/1000 [00:09<03:48,  4.16it/s]
BootEA:   5%|██▊                                                  | 52/1000 [00:09<03:24,  4.64it/s]
BootEA:   5%|██▊                                                  | 53/1000 [00:09<03:07,  5.06it/s]
BootEA:   5%|██▊                                                  | 54/1000 [00:10<02:55,  5.39it/s]05:34:15 | INFO    | epoch   55/1000 | loss=5203.9666 kge=5203.5672 align=0.0219 pseudo=0.1800 | bootstrap: 9000 pseudo-pairs (beta=1.0)

BootEA:   6%|██▉                                                  | 55/1000 [00:10<03:41,  4.26it/s]
BootEA:   6%|██▉                                                  | 56/1000 [00:10<03:20,  4.72it/s]
BootEA:   6%|███                                                  | 57/1000 [00:10<03:04,  5.12it/s]
BootEA:   6%|███                                                  | 58/1000 [00:10<02:53,  5.44it/s]
BootEA:   6%|███▏                                                 | 59/1000 [00:11<02:45,  5.70it/s]05:34:16 | INFO    | epoch   60/1000 | loss=5098.5157 kge=5098.1223 align=0.0223 pseudo=0.1704 | eps-trunc refreshed | bootstrap: 9000 pseudo-pairs (beta=1.0)
05:34:17 | INFO    |            [filtered] MRR=0.8947 Hit@1=0.8578 Hit@5=0.9395 Hit@10=0.9667 MR=2.0 n=7096
05:34:17 | INFO    |            [multiref] MRR=0.9603 Hit@1=0.9340 Hit@5=0.9940 Hit@10=0.9980 MR=1.1 n=1500

BootEA:   6%|███▏                                                 | 60/1000 [00:12<06:44,  2.32it/s]
BootEA:   6%|███▏                                                 | 61/1000 [00:12<05:26,  2.88it/s]
BootEA:   6%|███▎                                                 | 62/1000 [00:12<04:31,  3.45it/s]
BootEA:   6%|███▎                                                 | 63/1000 [00:12<03:55,  3.99it/s]
BootEA:   6%|███▍                                                 | 64/1000 [00:12<03:28,  4.48it/s]05:34:18 | INFO    | epoch   65/1000 | loss=5255.7888 kge=5255.4142 align=0.0213 pseudo=0.1618 | bootstrap: 9000 pseudo-pairs (beta=1.0)

BootEA:   6%|███▍                                                 | 65/1000 [00:13<04:04,  3.83it/s]
BootEA:   7%|███▍                                                 | 66/1000 [00:13<03:34,  4.35it/s]
BootEA:   7%|███▌                                                 | 67/1000 [00:13<03:14,  4.81it/s]
BootEA:   7%|███▌                                                 | 68/1000 [00:13<02:59,  5.19it/s]
BootEA:   7%|███▋                                                 | 69/1000 [00:13<02:49,  5.50it/s]05:34:19 | INFO    | epoch   70/1000 | loss=5186.0166 kge=5185.6595 align=0.0201 pseudo=0.1561 | eps-trunc refreshed | bootstrap: 9000 pseudo-pairs (beta=1.0)

BootEA:   7%|███▋                                                 | 70/1000 [00:14<04:17,  3.62it/s]
BootEA:   7%|███▊                                                 | 71/1000 [00:14<03:44,  4.14it/s]
BootEA:   7%|███▊                                                 | 72/1000 [00:14<03:20,  4.63it/s]
BootEA:   7%|███▊                                                 | 73/1000 [00:14<03:03,  5.05it/s]
BootEA:   7%|███▉                                                 | 74/1000 [00:14<02:51,  5.39it/s]05:34:20 | INFO    | epoch   75/1000 | loss=5126.9136 kge=5126.5629 align=0.0201 pseudo=0.1501 | bootstrap: 9000 pseudo-pairs (beta=1.0)

BootEA:   8%|███▉                                                 | 75/1000 [00:15<03:37,  4.26it/s]
BootEA:   8%|████                                                 | 76/1000 [00:15<03:15,  4.72it/s]
BootEA:   8%|████                                                 | 77/1000 [00:15<02:59,  5.15it/s]
BootEA:   8%|████▏                                                | 78/1000 [00:15<02:47,  5.51it/s]
BootEA:   8%|████▏                                                | 79/1000 [00:15<02:39,  5.79it/s]05:34:21 | INFO    | epoch   80/1000 | loss=5046.1645 kge=5045.8146 align=0.0205 pseudo=0.1449 | eps-trunc refreshed | bootstrap: 9000 pseudo-pairs (beta=1.0)
05:34:21 | INFO    |            [filtered] MRR=0.9220 Hit@1=0.8781 Hit@5=0.9868 Hit@10=0.9924 MR=1.4 n=7096
05:34:21 | INFO    |            [multiref] MRR=0.9489 Hit@1=0.9193 Hit@5=0.9880 Hit@10=0.9940 MR=1.3 n=1500

BootEA:   8%|████▏                                                | 80/1000 [00:16<06:32,  2.34it/s]
BootEA:   8%|████▎                                                | 81/1000 [00:17<05:16,  2.90it/s]
BootEA:   8%|████▎                                                | 82/1000 [00:17<04:23,  3.49it/s]
BootEA:   8%|████▍                                                | 83/1000 [00:17<03:45,  4.07it/s]
BootEA:   8%|████▍                                                | 84/1000 [00:17<03:19,  4.59it/s]05:34:22 | INFO    | epoch   85/1000 | loss=5187.1366 kge=5186.8134 align=0.0187 pseudo=0.1362 | bootstrap: 9000 pseudo-pairs (beta=1.0)

BootEA:   8%|████▌                                                | 85/1000 [00:17<03:53,  3.91it/s]
BootEA:   9%|████▌                                                | 86/1000 [00:17<03:25,  4.45it/s]
BootEA:   9%|████▌                                                | 87/1000 [00:18<03:05,  4.93it/s]
BootEA:   9%|████▋                                                | 88/1000 [00:18<02:51,  5.33it/s]
BootEA:   9%|████▋                                                | 89/1000 [00:18<02:41,  5.66it/s]05:34:24 | INFO    | epoch   90/1000 | loss=5130.8605 kge=5130.5495 align=0.0179 pseudo=0.1319 | eps-trunc refreshed | bootstrap: 9000 pseudo-pairs (beta=1.0)

BootEA:   9%|████▊                                                | 90/1000 [00:18<04:06,  3.69it/s]
BootEA:   9%|████▊                                                | 91/1000 [00:19<03:34,  4.24it/s]
BootEA:   9%|████▉                                                | 92/1000 [00:19<03:11,  4.74it/s]
BootEA:   9%|████▉                                                | 93/1000 [00:19<02:55,  5.18it/s]
BootEA:   9%|████▉                                                | 94/1000 [00:19<02:43,  5.54it/s]05:34:24 | INFO    | epoch   95/1000 | loss=5081.9043 kge=5081.5569 align=0.0219 pseudo=0.1282 | bootstrap: 9000 pseudo-pairs (beta=1.0)

BootEA:  10%|█████                                                | 95/1000 [00:19<03:28,  4.34it/s]
BootEA:  10%|█████                                                | 96/1000 [00:20<03:07,  4.82it/s]
BootEA:  10%|█████▏                                               | 97/1000 [00:20<02:52,  5.23it/s]
BootEA:  10%|█████▏                                               | 98/1000 [00:20<02:41,  5.58it/s]
BootEA:  10%|█████▏                                               | 99/1000 [00:20<02:34,  5.84it/s]05:34:26 | INFO    | epoch  100/1000 | loss=5010.0277 kge=5009.6772 align=0.0225 pseudo=0.1255 | eps-trunc refreshed | bootstrap: 9000 pseudo-pairs (beta=1.0)
05:34:26 | INFO    |            [filtered] MRR=0.9329 Hit@1=0.8899 Hit@5=0.9918 Hit@10=0.9980 MR=1.2 n=7096
05:34:26 | INFO    |            [multiref] MRR=0.9469 Hit@1=0.9153 Hit@5=0.9900 Hit@10=0.9940 MR=1.3 n=1500

BootEA:  10%|█████▏                                              | 100/1000 [00:21<06:22,  2.35it/s]
BootEA:  10%|█████▎                                              | 101/1000 [00:21<05:08,  2.92it/s]
BootEA:  10%|█████▎                                              | 102/1000 [00:21<04:16,  3.50it/s]
BootEA:  10%|█████▎                                              | 103/1000 [00:21<03:40,  4.08it/s]
BootEA:  10%|█████▍                                              | 104/1000 [00:22<03:14,  4.60it/s]05:34:27 | INFO    | epoch  105/1000 | loss=5138.1222 kge=5137.8060 align=0.0196 pseudo=0.1198 | bootstrap: 9000 pseudo-pairs (beta=1.0)

BootEA:  10%|█████▍                                              | 105/1000 [00:22<03:48,  3.91it/s]
BootEA:  11%|█████▌                                              | 106/1000 [00:22<03:22,  4.42it/s]
BootEA:  11%|█████▌                                              | 107/1000 [00:22<03:02,  4.90it/s]
BootEA:  11%|█████▌                                              | 108/1000 [00:22<02:48,  5.30it/s]
BootEA:  11%|█████▋                                              | 109/1000 [00:23<02:38,  5.63it/s]05:34:28 | INFO    | epoch  110/1000 | loss=5095.6690 kge=5095.3748 align=0.0177 pseudo=0.1169 | eps-trunc refreshed | bootstrap: 9000 pseudo-pairs (beta=1.0)

BootEA:  11%|█████▋                                              | 110/1000 [00:23<04:02,  3.67it/s]
BootEA:  11%|█████▊                                              | 111/1000 [00:23<03:31,  4.20it/s]
BootEA:  11%|█████▊                                              | 112/1000 [00:23<03:08,  4.71it/s]
BootEA:  11%|█████▉                                              | 113/1000 [00:24<02:52,  5.15it/s]
BootEA:  11%|█████▉                                              | 114/1000 [00:24<02:40,  5.51it/s]05:34:29 | INFO    | epoch  115/1000 | loss=5042.9943 kge=5042.7089 align=0.0172 pseudo=0.1128 | bootstrap: 9000 pseudo-pairs (beta=1.0)

BootEA:  12%|█████▉                                              | 115/1000 [00:24<03:24,  4.34it/s]
BootEA:  12%|██████                                              | 116/1000 [00:24<03:03,  4.82it/s]
BootEA:  12%|██████                                              | 117/1000 [00:24<02:48,  5.24it/s]
BootEA:  12%|██████▏                                             | 118/1000 [00:24<02:38,  5.57it/s]
BootEA:  12%|██████▏                                             | 119/1000 [00:25<02:30,  5.83it/s]05:34:30 | INFO    | epoch  120/1000 | loss=4984.1676 kge=4983.8859 align=0.0170 pseudo=0.1120 | eps-trunc refreshed | bootstrap: 9000 pseudo-pairs (beta=1.0)
05:34:31 | INFO    |            [filtered] MRR=0.9241 Hit@1=0.8881 Hit@5=0.9744 Hit@10=0.9856 MR=1.5 n=7096
05:34:31 | INFO    |            [multiref] MRR=0.9378 Hit@1=0.9033 Hit@5=0.9827 Hit@10=0.9880 MR=1.4 n=1500

BootEA:  12%|██████▏                                             | 120/1000 [00:26<06:14,  2.35it/s]
BootEA:  12%|██████▎                                             | 121/1000 [00:26<05:01,  2.91it/s]
BootEA:  12%|██████▎                                             | 122/1000 [00:26<04:10,  3.50it/s]
BootEA:  12%|██████▍                                             | 123/1000 [00:26<03:35,  4.07it/s]
BootEA:  12%|██████▍                                             | 124/1000 [00:26<03:10,  4.59it/s]05:34:32 | INFO    | epoch  125/1000 | loss=5111.1579 kge=5110.8894 align=0.0161 pseudo=0.1072 | bootstrap: 9000 pseudo-pairs (beta=1.0)

BootEA:  12%|██████▌                                             | 125/1000 [00:27<03:43,  3.91it/s]
BootEA:  13%|██████▌                                             | 126/1000 [00:27<03:16,  4.44it/s]
BootEA:  13%|██████▌                                             | 127/1000 [00:27<02:57,  4.92it/s]
BootEA:  13%|██████▋                                             | 128/1000 [00:27<02:43,  5.32it/s]
BootEA:  13%|██████▋                                             | 129/1000 [00:27<02:34,  5.64it/s]05:34:33 | INFO    | epoch  130/1000 | loss=5063.8131 kge=5063.5562 align=0.0151 pseudo=0.1056 | eps-trunc refreshed | bootstrap: 9000 pseudo-pairs (beta=1.0)

BootEA:  13%|██████▊                                             | 130/1000 [00:28<03:56,  3.68it/s]
BootEA:  13%|██████▊                                             | 131/1000 [00:28<03:25,  4.22it/s]
BootEA:  13%|██████▊                                             | 132/1000 [00:28<03:03,  4.73it/s]
BootEA:  13%|██████▉                                             | 133/1000 [00:28<02:47,  5.17it/s]
BootEA:  13%|██████▉                                             | 134/1000 [00:28<02:36,  5.53it/s]05:34:34 | INFO    | epoch  135/1000 | loss=5029.8935 kge=5029.6381 align=0.0152 pseudo=0.1039 | bootstrap: 9000 pseudo-pairs (beta=1.0)

BootEA:  14%|███████                                             | 135/1000 [00:29<03:19,  4.33it/s]
BootEA:  14%|███████                                             | 136/1000 [00:29<02:59,  4.82it/s]
BootEA:  14%|███████                                             | 137/1000 [00:29<02:44,  5.24it/s]
BootEA:  14%|███████▏                                            | 138/1000 [00:29<02:34,  5.59it/s]
BootEA:  14%|███████▏                                            | 139/1000 [00:29<02:26,  5.86it/s]05:34:35 | INFO    | epoch  140/1000 | loss=4967.5581 kge=4967.3017 align=0.0153 pseudo=0.1029 | eps-trunc refreshed | bootstrap: 9000 pseudo-pairs (beta=1.0)
05:34:35 | INFO    |            [filtered] MRR=0.8905 Hit@1=0.8477 Hit@5=0.9393 Hit@10=0.9691 MR=1.8 n=7096
05:34:35 | INFO    |            [multiref] MRR=0.9377 Hit@1=0.9047 Hit@5=0.9793 Hit@10=0.9927 MR=1.3 n=1500

BootEA:  14%|███████▎                                            | 140/1000 [00:30<06:04,  2.36it/s]
BootEA:  14%|███████▎                                            | 141/1000 [00:30<04:54,  2.92it/s]
BootEA:  14%|███████▍                                            | 142/1000 [00:31<04:04,  3.51it/s]
BootEA:  14%|███████▍                                            | 143/1000 [00:31<03:29,  4.08it/s]
BootEA:  14%|███████▍                                            | 144/1000 [00:31<03:05,  4.61it/s]05:34:36 | INFO    | epoch  145/1000 | loss=5082.0111 kge=5081.7647 align=0.0147 pseudo=0.0990 | bootstrap: 9000 pseudo-pairs (beta=1.0)

BootEA:  14%|███████▌                                            | 145/1000 [00:31<03:38,  3.92it/s]
BootEA:  15%|███████▌                                            | 146/1000 [00:31<03:12,  4.44it/s]
BootEA:  15%|███████▋                                            | 147/1000 [00:32<02:53,  4.92it/s]
BootEA:  15%|███████▋                                            | 148/1000 [00:32<02:39,  5.33it/s]
BootEA:  15%|███████▋                                            | 149/1000 [00:32<02:30,  5.66it/s]05:34:37 | INFO    | epoch  150/1000 | loss=5041.2265 kge=5040.9878 align=0.0141 pseudo=0.0979 | eps-trunc refreshed | bootstrap: 9000 pseudo-pairs (beta=1.0)

BootEA:  15%|███████▊                                            | 150/1000 [00:32<03:51,  3.67it/s]
BootEA:  15%|███████▊                                            | 151/1000 [00:32<03:21,  4.21it/s]
BootEA:  15%|███████▉                                            | 152/1000 [00:33<02:59,  4.72it/s]
BootEA:  15%|███████▉                                            | 153/1000 [00:33<02:44,  5.16it/s]
BootEA:  15%|████████                                            | 154/1000 [00:33<02:33,  5.52it/s]05:34:38 | INFO    | epoch  155/1000 | loss=5007.7521 kge=5007.4970 align=0.0159 pseudo=0.0958 | bootstrap: 9000 pseudo-pairs (beta=1.0)

BootEA:  16%|████████                                            | 155/1000 [00:33<03:14,  4.34it/s]
BootEA:  16%|████████                                            | 156/1000 [00:33<02:55,  4.82it/s]
BootEA:  16%|████████▏                                           | 157/1000 [00:34<02:40,  5.24it/s]
BootEA:  16%|████████▏                                           | 158/1000 [00:34<02:30,  5.58it/s]
BootEA:  16%|████████▎                                           | 159/1000 [00:34<02:23,  5.86it/s]05:34:39 | INFO    | epoch  160/1000 | loss=4953.8323 kge=4953.5923 align=0.0145 pseudo=0.0954 | eps-trunc refreshed | bootstrap: 9000 pseudo-pairs (beta=1.0)
05:34:40 | INFO    |            [filtered] MRR=0.8927 Hit@1=0.8496 Hit@5=0.9519 Hit@10=0.9656 MR=1.9 n=7096
05:34:40 | INFO    |            [multiref] MRR=0.9319 Hit@1=0.8967 Hit@5=0.9807 Hit@10=0.9933 MR=1.3 n=1500

BootEA:  16%|████████▎                                           | 160/1000 [00:35<05:58,  2.35it/s]
BootEA:  16%|████████▎                                           | 161/1000 [00:35<04:48,  2.91it/s]
BootEA:  16%|████████▍                                           | 162/1000 [00:35<03:59,  3.50it/s]
BootEA:  16%|████████▍                                           | 163/1000 [00:35<03:25,  4.07it/s]
BootEA:  16%|████████▌                                           | 164/1000 [00:36<03:01,  4.60it/s]05:34:41 | INFO    | epoch  165/1000 | loss=5061.6939 kge=5061.4585 align=0.0143 pseudo=0.0921 | bootstrap: 9000 pseudo-pairs (beta=1.0)

BootEA:  16%|████████▌                                           | 165/1000 [00:36<03:33,  3.91it/s]
BootEA:  17%|████████▋                                           | 166/1000 [00:36<03:08,  4.44it/s]
BootEA:  17%|████████▋                                           | 167/1000 [00:36<02:49,  4.92it/s]
BootEA:  17%|████████▋                                           | 168/1000 [00:36<02:36,  5.32it/s]
BootEA:  17%|████████▊                                           | 169/1000 [00:36<02:26,  5.65it/s]05:34:42 | INFO    | epoch  170/1000 | loss=5030.3764 kge=5030.1487 align=0.0137 pseudo=0.0908 | eps-trunc refreshed | bootstrap: 9000 pseudo-pairs (beta=1.0)

BootEA:  17%|████████▊                                           | 170/1000 [00:37<03:45,  3.68it/s]
BootEA:  17%|████████▉                                           | 171/1000 [00:37<03:16,  4.23it/s]
BootEA:  17%|████████▉                                           | 172/1000 [00:37<02:54,  4.74it/s]
BootEA:  17%|████████▉                                           | 173/1000 [00:37<02:39,  5.18it/s]
BootEA:  17%|█████████                                           | 174/1000 [00:38<02:29,  5.54it/s]05:34:43 | INFO    | epoch  175/1000 | loss=5000.0254 kge=4999.7950 align=0.0141 pseudo=0.0894 | bootstrap: 9000 pseudo-pairs (beta=1.0)

BootEA:  18%|█████████                                           | 175/1000 [00:38<03:09,  4.35it/s]
BootEA:  18%|█████████▏                                          | 176/1000 [00:38<02:50,  4.83it/s]
BootEA:  18%|█████████▏                                          | 177/1000 [00:38<02:36,  5.25it/s]
BootEA:  18%|█████████▎                                          | 178/1000 [00:38<02:26,  5.59it/s]
BootEA:  18%|█████████▎                                          | 179/1000 [00:39<02:20,  5.86it/s]05:34:44 | INFO    | epoch  180/1000 | loss=4943.5064 kge=4943.2781 align=0.0139 pseudo=0.0893 | eps-trunc refreshed | bootstrap: 9000 pseudo-pairs (beta=1.0)
05:34:45 | INFO    |            [filtered] MRR=0.9055 Hit@1=0.8671 Hit@5=0.9566 Hit@10=0.9690 MR=1.7 n=7096
05:34:45 | INFO    |            [multiref] MRR=0.9313 Hit@1=0.8967 Hit@5=0.9807 Hit@10=0.9927 MR=1.4 n=1500

BootEA:  18%|█████████▎                                          | 180/1000 [00:40<05:47,  2.36it/s]
BootEA:  18%|█████████▍                                          | 181/1000 [00:40<04:40,  2.92it/s]
BootEA:  18%|█████████▍                                          | 182/1000 [00:40<03:52,  3.51it/s]
BootEA:  18%|█████████▌                                          | 183/1000 [00:40<03:19,  4.09it/s]
BootEA:  18%|█████████▌                                          | 184/1000 [00:40<02:56,  4.62it/s]05:34:46 | INFO    | epoch  185/1000 | loss=5056.4162 kge=5056.1897 align=0.0139 pseudo=0.0875 | bootstrap: 9000 pseudo-pairs (beta=1.0)

BootEA:  18%|█████████▌                                          | 185/1000 [00:41<03:27,  3.92it/s]
BootEA:  19%|█████████▋                                          | 186/1000 [00:41<03:02,  4.45it/s]
BootEA:  19%|█████████▋                                          | 187/1000 [00:41<02:44,  4.93it/s]
BootEA:  19%|█████████▊                                          | 188/1000 [00:41<02:32,  5.34it/s]
BootEA:  19%|█████████▊                                          | 189/1000 [00:41<02:23,  5.67it/s]05:34:47 | INFO    | epoch  190/1000 | loss=5015.9192 kge=5015.7017 align=0.0131 pseudo=0.0863 | eps-trunc refreshed | bootstrap: 9000 pseudo-pairs (beta=1.0)

BootEA:  19%|█████████▉                                          | 190/1000 [00:42<03:39,  3.68it/s]
BootEA:  19%|█████████▉                                          | 191/1000 [00:42<03:11,  4.23it/s]
BootEA:  19%|█████████▉                                          | 192/1000 [00:42<02:50,  4.75it/s]
BootEA:  19%|██████████                                          | 193/1000 [00:42<02:35,  5.18it/s]
BootEA:  19%|██████████                                          | 194/1000 [00:42<02:25,  5.54it/s]05:34:48 | INFO    | epoch  195/1000 | loss=4987.0038 kge=4986.7770 align=0.0141 pseudo=0.0855 | bootstrap: 9000 pseudo-pairs (beta=1.0)

BootEA:  20%|██████████▏                                         | 195/1000 [00:43<03:05,  4.35it/s]
BootEA:  20%|██████████▏                                         | 196/1000 [00:43<02:46,  4.83it/s]
BootEA:  20%|██████████▏                                         | 197/1000 [00:43<02:32,  5.25it/s]
BootEA:  20%|██████████▎                                         | 198/1000 [00:43<02:23,  5.59it/s]
BootEA:  20%|██████████▎                                         | 199/1000 [00:43<02:16,  5.86it/s]05:34:49 | INFO    | epoch  200/1000 | loss=4932.1277 kge=4931.9004 align=0.0143 pseudo=0.0844 | eps-trunc refreshed | bootstrap: 9000 pseudo-pairs (beta=1.0)
05:34:49 | INFO    |            [filtered] MRR=0.8882 Hit@1=0.8470 Hit@5=0.9405 Hit@10=0.9528 MR=2.1 n=7096
05:34:49 | INFO    |            [multiref] MRR=0.9264 Hit@1=0.8900 Hit@5=0.9780 Hit@10=0.9893 MR=1.4 n=1500

BootEA:  20%|██████████▍                                         | 200/1000 [00:44<05:39,  2.36it/s]
BootEA:  20%|██████████▍                                         | 201/1000 [00:44<04:33,  2.92it/s]
BootEA:  20%|██████████▌                                         | 202/1000 [00:44<03:47,  3.51it/s]
BootEA:  20%|██████████▌                                         | 203/1000 [00:45<03:15,  4.08it/s]
BootEA:  20%|██████████▌                                         | 204/1000 [00:45<02:52,  4.61it/s]05:34:50 | INFO    | epoch  205/1000 | loss=5041.1488 kge=5040.9355 align=0.0131 pseudo=0.0825 | bootstrap: 9000 pseudo-pairs (beta=1.0)

BootEA:  20%|██████████▋                                         | 205/1000 [00:45<03:22,  3.92it/s]
BootEA:  21%|██████████▋                                         | 206/1000 [00:45<02:58,  4.45it/s]
BootEA:  21%|██████████▊                                         | 207/1000 [00:45<02:40,  4.93it/s]
BootEA:  21%|██████████▊                                         | 208/1000 [00:46<02:28,  5.34it/s]
BootEA:  21%|██████████▊                                         | 209/1000 [00:46<02:19,  5.67it/s]05:34:51 | INFO    | epoch  210/1000 | loss=5005.7806 kge=5005.5730 align=0.0125 pseudo=0.0822 | eps-trunc refreshed | bootstrap: 9000 pseudo-pairs (beta=1.0)

BootEA:  21%|██████████▉                                         | 210/1000 [00:46<03:35,  3.67it/s]
BootEA:  21%|██████████▉                                         | 211/1000 [00:46<03:06,  4.23it/s]
BootEA:  21%|███████████                                         | 212/1000 [00:47<02:46,  4.74it/s]
BootEA:  21%|███████████                                         | 213/1000 [00:47<02:31,  5.18it/s]
BootEA:  21%|███████████▏                                        | 214/1000 [00:47<02:21,  5.54it/s]05:34:52 | INFO    | epoch  215/1000 | loss=4978.7822 kge=4978.5568 align=0.0145 pseudo=0.0807 | bootstrap: 9000 pseudo-pairs (beta=1.0)

BootEA:  22%|███████████▏                                        | 215/1000 [00:47<03:00,  4.35it/s]
BootEA:  22%|███████████▏                                        | 216/1000 [00:47<02:42,  4.82it/s]
BootEA:  22%|███████████▎                                        | 217/1000 [00:47<02:29,  5.25it/s]
BootEA:  22%|███████████▎                                        | 218/1000 [00:48<02:19,  5.59it/s]
BootEA:  22%|███████████▍                                        | 219/1000 [00:48<02:13,  5.86it/s]05:34:53 | INFO    | epoch  220/1000 | loss=4926.4205 kge=4926.1787 align=0.0162 pseudo=0.0802 | eps-trunc refreshed | bootstrap: 9000 pseudo-pairs (beta=1.0)
05:34:54 | INFO    |            [filtered] MRR=0.8958 Hit@1=0.8602 Hit@5=0.9388 Hit@10=0.9514 MR=2.0 n=7096
05:34:54 | INFO    |            [multiref] MRR=0.9192 Hit@1=0.8807 Hit@5=0.9727 Hit@10=0.9867 MR=1.5 n=1500

BootEA:  22%|███████████▍                                        | 220/1000 [00:49<05:30,  2.36it/s]
BootEA:  22%|███████████▍                                        | 221/1000 [00:49<04:26,  2.92it/s]
BootEA:  22%|███████████▌                                        | 222/1000 [00:49<03:41,  3.51it/s]
BootEA:  22%|███████████▌                                        | 223/1000 [00:49<03:10,  4.09it/s]
BootEA:  22%|███████████▋                                        | 224/1000 [00:49<02:48,  4.61it/s]05:34:55 | INFO    | epoch  225/1000 | loss=5026.9557 kge=5026.7520 align=0.0125 pseudo=0.0787 | bootstrap: 9000 pseudo-pairs (beta=1.0)

BootEA:  22%|███████████▋                                        | 225/1000 [00:50<03:17,  3.92it/s]
BootEA:  23%|███████████▊                                        | 226/1000 [00:50<02:54,  4.44it/s]
BootEA:  23%|███████████▊                                        | 227/1000 [00:50<02:36,  4.93it/s]
BootEA:  23%|███████████▊                                        | 228/1000 [00:50<02:24,  5.33it/s]
BootEA:  23%|███████████▉                                        | 229/1000 [00:50<02:16,  5.66it/s]05:34:56 | INFO    | epoch  230/1000 | loss=4991.2259 kge=4991.0269 align=0.0121 pseudo=0.0781 | eps-trunc refreshed | bootstrap: 9000 pseudo-pairs (beta=1.0)

BootEA:  23%|███████████▉                                        | 230/1000 [00:51<03:29,  3.68it/s]
BootEA:  23%|████████████                                        | 231/1000 [00:51<03:02,  4.23it/s]
BootEA:  23%|████████████                                        | 232/1000 [00:51<02:42,  4.74it/s]
BootEA:  23%|████████████                                        | 233/1000 [00:51<02:28,  5.17it/s]
BootEA:  23%|████████████▏                                       | 234/1000 [00:51<02:18,  5.53it/s]05:34:57 | INFO    | epoch  235/1000 | loss=4969.7129 kge=4969.5068 align=0.0129 pseudo=0.0775 | bootstrap: 9000 pseudo-pairs (beta=1.0)

BootEA:  24%|████████████▏                                       | 235/1000 [00:52<02:55,  4.35it/s]
BootEA:  24%|████████████▎                                       | 236/1000 [00:52<02:38,  4.83it/s]
BootEA:  24%|████████████▎                                       | 237/1000 [00:52<02:25,  5.25it/s]
BootEA:  24%|████████████▍                                       | 238/1000 [00:52<02:16,  5.59it/s]
BootEA:  24%|████████████▍                                       | 239/1000 [00:52<02:09,  5.86it/s]05:34:58 | INFO    | epoch  240/1000 | loss=4910.4815 kge=4910.2818 align=0.0123 pseudo=0.0768 | eps-trunc refreshed | bootstrap: 9000 pseudo-pairs (beta=1.0)
05:34:58 | INFO    |            [filtered] MRR=0.8953 Hit@1=0.8596 Hit@5=0.9373 Hit@10=0.9521 MR=2.1 n=7096
05:34:58 | INFO    |            [multiref] MRR=0.9180 Hit@1=0.8807 Hit@5=0.9667 Hit@10=0.9873 MR=1.6 n=1500

BootEA:  24%|████████████▍                                       | 240/1000 [00:53<05:23,  2.35it/s]
BootEA:  24%|████████████▌                                       | 241/1000 [00:54<04:20,  2.91it/s]
BootEA:  24%|████████████▌                                       | 242/1000 [00:54<03:36,  3.50it/s]
BootEA:  24%|████████████▋                                       | 243/1000 [00:54<03:05,  4.08it/s]
BootEA:  24%|████████████▋                                       | 244/1000 [00:54<02:44,  4.61it/s]05:35:00 | INFO    | epoch  245/1000 | loss=5017.8030 kge=5017.6039 align=0.0124 pseudo=0.0753 | bootstrap: 9000 pseudo-pairs (beta=1.0)

BootEA:  24%|████████████▋                                       | 245/1000 [00:54<03:12,  3.91it/s]
BootEA:  25%|████████████▊                                       | 246/1000 [00:55<02:49,  4.45it/s]
BootEA:  25%|████████████▊                                       | 247/1000 [00:55<02:32,  4.93it/s]
BootEA:  25%|████████████▉                                       | 248/1000 [00:55<02:20,  5.34it/s]
BootEA:  25%|████████████▉                                       | 249/1000 [00:55<02:12,  5.67it/s]05:35:01 | INFO    | epoch  250/1000 | loss=4991.1766 kge=4990.9852 align=0.0116 pseudo=0.0755 | eps-trunc refreshed | bootstrap: 9000 pseudo-pairs (beta=1.0)

BootEA:  25%|█████████████                                       | 250/1000 [00:55<03:23,  3.68it/s]
BootEA:  25%|█████████████                                       | 251/1000 [00:56<02:57,  4.23it/s]
BootEA:  25%|█████████████                                       | 252/1000 [00:56<02:37,  4.74it/s]
BootEA:  25%|█████████████▏                                      | 253/1000 [00:56<02:24,  5.18it/s]
BootEA:  25%|█████████████▏                                      | 254/1000 [00:56<02:14,  5.54it/s]05:35:02 | INFO    | epoch  255/1000 | loss=4954.8990 kge=4954.7021 align=0.0122 pseudo=0.0746 | bootstrap: 9000 pseudo-pairs (beta=1.0)

BootEA:  26%|█████████████▎                                      | 255/1000 [00:56<02:51,  4.34it/s]
BootEA:  26%|█████████████▎                                      | 256/1000 [00:57<02:34,  4.82it/s]
BootEA:  26%|█████████████▎                                      | 257/1000 [00:57<02:21,  5.25it/s]
BootEA:  26%|█████████████▍                                      | 258/1000 [00:57<02:12,  5.59it/s]
BootEA:  26%|█████████████▍                                      | 259/1000 [00:57<02:06,  5.86it/s]05:35:03 | INFO    | epoch  260/1000 | loss=4910.0781 kge=4909.8821 align=0.0122 pseudo=0.0740 | eps-trunc refreshed | bootstrap: 9000 pseudo-pairs (beta=1.0)
05:35:03 | INFO    |            [filtered] MRR=0.9121 Hit@1=0.8737 Hit@5=0.9589 Hit@10=0.9704 MR=1.7 n=7096
05:35:03 | INFO    |            [multiref] MRR=0.9161 Hit@1=0.8780 Hit@5=0.9653 Hit@10=0.9827 MR=1.6 n=1500
05:35:03 | INFO    |            early stop (best=0.9676 @ 20).

BootEA:  26%|█████████████▍                                      | 259/1000 [00:58<02:47,  4.42it/s]
05:35:03 | INFO    | Done in 1.0 min. Best multiref MRR=0.9676 @ epoch 20.
05:35:03 | INFO    | Final evaluation on the test split, read once
05:35:05 | INFO    |   [cosine] filtMRR=0.7338 H@1=0.6282 H@10=0.8526 n=25720 | mrefMRR=0.9443 H@1=0.9003
05:35:06 | INFO    |   [  csls] filtMRR=0.7662 H@1=0.6622 H@10=0.8871 n=25720 | mrefMRR=0.9394 H@1=0.8953
05:35:11 | INFO    |   [cosine] F1=0.9101 P=0.8611 R=0.9650 (threshold 0.957 from validation, validation F1=0.9081)
05:35:11 | INFO    | Wrote experiments/bootea_sameAs_20260929-053402/result.json
05:35:11 | INFO    | Finished. Best validation MRR=0.9676 @ epoch 20.
