05:35:13 | INFO    | Model: jape | seed 2026 | device: cuda:1
05:35:14 | INFO    | Regime sameAs | graph: 84,182 nodes, 131,238 triples, 50,435 UCPGx candidates
05:35:14 | INFO    |   broadMatch/pgx   train=  3,744 test=  8,599 (70%) queries= 6,866 by cluster    leakage=0.00%
05:35:14 | INFO    |   closeMatch       train=  2,738 test=  6,296 (70%) queries= 1,490 by cluster    leakage=0.00%
05:35:14 | INFO    |   sameAs           train= 19,942 test= 46,531 (70%) queries=10,883 by cluster    leakage=0.00%
05:35:14 | INFO    |   broadMatch/onco  train= 25,039 test= 47,737 (66%) queries= 2,032 intra-cluster leakage=0.00%
05:35:14 | INFO    |   relatedMatch     train=  2,801 test=  6,289 (69%) queries=   812 intra-cluster leakage=0.00%
05:35:14 | INFO    |   related          train=471,647 test=762,046 (62%) queries=16,977 intra-cluster leakage=0.00%
05:35:14 | INFO    | Data: {'num_entities': 84182, 'num_relations': 13, 'triples': 131238, 'train_pairs': 14956, 'val_pairs': 4986, 'candidates': 50435, 'unlabeled_pool': 49353}
05:35:15 | INFO    | Params: 16.84M
05:35:15 | INFO    | Run directory: experiments/jape_sameAs_20260929-053513
05:35:15 | INFO    | JAPE | device=cuda:1 | {'num_entities': 84182, 'num_relations': 13, 'triples': 131238, 'train_pairs': 14956, 'val_pairs': 4986, 'candidates': 50435, 'unlabeled_pool': 49353} merge=link loss=margin canonical=84182

JAPE:   0%|                                                                 | 0/400 [00:00<?, ?it/s]
JAPE:   0%|▏                                                        | 1/400 [00:00<03:05,  2.15it/s]
JAPE:   1%|▍                                                        | 3/400 [00:00<01:09,  5.68it/s]
JAPE:   1%|▋                                                        | 5/400 [00:00<00:48,  8.08it/s]
JAPE:   2%|▉                                                        | 7/400 [00:00<00:40,  9.71it/s]
JAPE:   2%|█▎                                                       | 9/400 [00:01<00:36, 10.83it/s]05:35:17 | INFO    | epoch   10/400 | loss=0.0572
05:35:17 | INFO    |            [filtered] MRR=0.4299 Hit@1=0.3446 Hit@5=0.5180 Hit@10=0.6008 MR=54.2 n=7096
05:35:17 | INFO    |            [multiref] MRR=0.8850 Hit@1=0.8293 Hit@5=0.9560 Hit@10=0.9707 MR=2.7 n=1500
05:35:17 | INFO    |            -> new best multiref MRR=0.8850 (saved model_best.pt)

JAPE:   3%|█▌                                                      | 11/400 [00:01<01:21,  4.79it/s]
JAPE:   3%|█▊                                                      | 13/400 [00:02<01:03,  6.09it/s]
JAPE:   4%|██                                                      | 15/400 [00:02<00:52,  7.39it/s]
JAPE:   4%|██▍                                                     | 17/400 [00:02<00:44,  8.57it/s]
JAPE:   5%|██▋                                                     | 19/400 [00:02<00:39,  9.65it/s]05:35:18 | INFO    | epoch   20/400 | loss=0.0285
05:35:18 | INFO    |            [filtered] MRR=0.4934 Hit@1=0.3853 Hit@5=0.6172 Hit@10=0.6964 MR=25.8 n=7096
05:35:18 | INFO    |            [multiref] MRR=0.8425 Hit@1=0.7833 Hit@5=0.9113 Hit@10=0.9407 MR=4.0 n=1500

JAPE:   5%|██▉                                                     | 21/400 [00:03<01:06,  5.73it/s]
JAPE:   6%|███▏                                                    | 23/400 [00:03<00:54,  6.94it/s]
JAPE:   6%|███▌                                                    | 25/400 [00:03<00:46,  8.13it/s]
JAPE:   7%|███▊                                                    | 27/400 [00:03<00:40,  9.22it/s]
JAPE:   7%|████                                                    | 29/400 [00:03<00:36, 10.17it/s]05:35:19 | INFO    | epoch   30/400 | loss=0.0229
05:35:20 | INFO    |            [filtered] MRR=0.5114 Hit@1=0.4090 Hit@5=0.6215 Hit@10=0.7103 MR=20.5 n=7096
05:35:20 | INFO    |            [multiref] MRR=0.8110 Hit@1=0.7500 Hit@5=0.8813 Hit@10=0.9147 MR=5.3 n=1500

JAPE:   8%|████▎                                                   | 31/400 [00:04<01:02,  5.88it/s]
JAPE:   8%|████▌                                                   | 33/400 [00:04<00:51,  7.07it/s]
JAPE:   9%|████▉                                                   | 35/400 [00:04<00:44,  8.23it/s]
JAPE:   9%|█████▏                                                  | 37/400 [00:04<00:39,  9.29it/s]
JAPE:  10%|█████▍                                                  | 39/400 [00:05<00:35, 10.22it/s]05:35:21 | INFO    | epoch   40/400 | loss=0.0204
05:35:21 | INFO    |            [filtered] MRR=0.4965 Hit@1=0.3953 Hit@5=0.6072 Hit@10=0.6904 MR=20.2 n=7096
05:35:21 | INFO    |            [multiref] MRR=0.8010 Hit@1=0.7313 Hit@5=0.8967 Hit@10=0.9280 MR=5.2 n=1500

JAPE:  10%|█████▋                                                  | 41/400 [00:05<01:00,  5.89it/s]
JAPE:  11%|██████                                                  | 43/400 [00:05<00:50,  7.08it/s]
JAPE:  11%|██████▎                                                 | 45/400 [00:06<00:43,  8.24it/s]
JAPE:  12%|██████▌                                                 | 47/400 [00:06<00:37,  9.31it/s]
JAPE:  12%|██████▊                                                 | 49/400 [00:06<00:34, 10.24it/s]05:35:22 | INFO    | epoch   50/400 | loss=0.0193
05:35:22 | INFO    |            [filtered] MRR=0.5022 Hit@1=0.3890 Hit@5=0.6319 Hit@10=0.7280 MR=17.0 n=7096
05:35:22 | INFO    |            [multiref] MRR=0.7900 Hit@1=0.7253 Hit@5=0.8680 Hit@10=0.9080 MR=5.4 n=1500

JAPE:  13%|███████▏                                                | 51/400 [00:07<00:59,  5.91it/s]
JAPE:  13%|███████▍                                                | 53/400 [00:07<00:48,  7.10it/s]
JAPE:  14%|███████▋                                                | 55/400 [00:07<00:41,  8.26it/s]
JAPE:  14%|███████▉                                                | 57/400 [00:07<00:36,  9.32it/s]
JAPE:  15%|████████▎                                               | 59/400 [00:07<00:33, 10.25it/s]05:35:23 | INFO    | epoch   60/400 | loss=0.0186
05:35:23 | INFO    |            [filtered] MRR=0.5297 Hit@1=0.4208 Hit@5=0.6515 Hit@10=0.7437 MR=14.9 n=7096
05:35:23 | INFO    |            [multiref] MRR=0.7877 Hit@1=0.7267 Hit@5=0.8533 Hit@10=0.8993 MR=5.5 n=1500

JAPE:  15%|████████▌                                               | 61/400 [00:08<00:56,  5.98it/s]
JAPE:  16%|████████▊                                               | 63/400 [00:08<00:47,  7.17it/s]
JAPE:  16%|█████████                                               | 65/400 [00:08<00:40,  8.32it/s]
JAPE:  17%|█████████▍                                              | 67/400 [00:08<00:35,  9.38it/s]
JAPE:  17%|█████████▋                                              | 69/400 [00:08<00:32, 10.29it/s]05:35:24 | INFO    | epoch   70/400 | loss=0.0181
05:35:25 | INFO    |            [filtered] MRR=0.5379 Hit@1=0.4328 Hit@5=0.6483 Hit@10=0.7524 MR=15.0 n=7096
05:35:25 | INFO    |            [multiref] MRR=0.7866 Hit@1=0.7213 Hit@5=0.8633 Hit@10=0.9040 MR=5.7 n=1500

JAPE:  18%|█████████▉                                              | 71/400 [00:09<00:55,  5.95it/s]
JAPE:  18%|██████████▏                                             | 73/400 [00:09<00:45,  7.13it/s]
JAPE:  19%|██████████▌                                             | 75/400 [00:09<00:39,  8.29it/s]
JAPE:  19%|██████████▊                                             | 77/400 [00:09<00:34,  9.31it/s]
JAPE:  20%|███████████                                             | 79/400 [00:10<00:31, 10.23it/s]05:35:26 | INFO    | epoch   80/400 | loss=0.0177
05:35:26 | INFO    |            [filtered] MRR=0.5612 Hit@1=0.4463 Hit@5=0.6922 Hit@10=0.7888 MR=11.2 n=7096
05:35:26 | INFO    |            [multiref] MRR=0.7796 Hit@1=0.7140 Hit@5=0.8527 Hit@10=0.8967 MR=5.8 n=1500

JAPE:  20%|███████████▎                                            | 81/400 [00:10<00:54,  5.88it/s]
JAPE:  21%|███████████▌                                            | 83/400 [00:10<00:44,  7.06it/s]
JAPE:  21%|███████████▉                                            | 85/400 [00:11<00:38,  8.22it/s]
JAPE:  22%|████████████▏                                           | 87/400 [00:11<00:33,  9.29it/s]
JAPE:  22%|████████████▍                                           | 89/400 [00:11<00:30, 10.22it/s]05:35:27 | INFO    | epoch   90/400 | loss=0.0174
05:35:27 | INFO    |            [filtered] MRR=0.5752 Hit@1=0.4749 Hit@5=0.6824 Hit@10=0.7778 MR=11.9 n=7096
05:35:27 | INFO    |            [multiref] MRR=0.7850 Hit@1=0.7213 Hit@5=0.8533 Hit@10=0.8993 MR=5.6 n=1500

JAPE:  23%|████████████▋                                           | 91/400 [00:12<00:51,  5.96it/s]
JAPE:  23%|█████████████                                           | 93/400 [00:12<00:42,  7.14it/s]
JAPE:  24%|█████████████▎                                          | 95/400 [00:12<00:36,  8.30it/s]
JAPE:  24%|█████████████▌                                          | 97/400 [00:12<00:32,  9.36it/s]
JAPE:  25%|█████████████▊                                          | 99/400 [00:12<00:29, 10.28it/s]05:35:28 | INFO    | epoch  100/400 | loss=0.0173
05:35:29 | INFO    |            [filtered] MRR=0.5826 Hit@1=0.4697 Hit@5=0.7107 Hit@10=0.8007 MR=10.3 n=7096
05:35:29 | INFO    |            [multiref] MRR=0.7825 Hit@1=0.7213 Hit@5=0.8567 Hit@10=0.8920 MR=6.3 n=1500

JAPE:  25%|█████████████▉                                         | 101/400 [00:13<00:50,  5.93it/s]
JAPE:  26%|██████████████▏                                        | 103/400 [00:13<00:41,  7.12it/s]
JAPE:  26%|██████████████▍                                        | 105/400 [00:13<00:35,  8.28it/s]
JAPE:  27%|██████████████▋                                        | 107/400 [00:13<00:31,  9.34it/s]
JAPE:  27%|██████████████▉                                        | 109/400 [00:13<00:28, 10.26it/s]05:35:29 | INFO    | epoch  110/400 | loss=0.0171
05:35:30 | INFO    |            [filtered] MRR=0.5841 Hit@1=0.4746 Hit@5=0.7132 Hit@10=0.7971 MR=10.8 n=7096
05:35:30 | INFO    |            [multiref] MRR=0.7876 Hit@1=0.7233 Hit@5=0.8647 Hit@10=0.9007 MR=6.1 n=1500

JAPE:  28%|███████████████▎                                       | 111/400 [00:14<00:48,  5.93it/s]
JAPE:  28%|███████████████▌                                       | 113/400 [00:14<00:40,  7.11it/s]
JAPE:  29%|███████████████▊                                       | 115/400 [00:14<00:34,  8.26it/s]
JAPE:  29%|████████████████                                       | 117/400 [00:15<00:30,  9.32it/s]
JAPE:  30%|████████████████▎                                      | 119/400 [00:15<00:27, 10.25it/s]05:35:31 | INFO    | epoch  120/400 | loss=0.0170
05:35:31 | INFO    |            [filtered] MRR=0.5799 Hit@1=0.4745 Hit@5=0.7074 Hit@10=0.7972 MR=9.9 n=7096
05:35:31 | INFO    |            [multiref] MRR=0.7904 Hit@1=0.7267 Hit@5=0.8647 Hit@10=0.9060 MR=5.2 n=1500

JAPE:  30%|████████████████▋                                      | 121/400 [00:15<00:47,  5.92it/s]
JAPE:  31%|████████████████▉                                      | 123/400 [00:16<00:39,  7.10it/s]
JAPE:  31%|█████████████████▏                                     | 125/400 [00:16<00:33,  8.26it/s]
JAPE:  32%|█████████████████▍                                     | 127/400 [00:16<00:29,  9.33it/s]
JAPE:  32%|█████████████████▋                                     | 129/400 [00:16<00:26, 10.25it/s]05:35:32 | INFO    | epoch  130/400 | loss=0.0169
05:35:32 | INFO    |            [filtered] MRR=0.5958 Hit@1=0.4725 Hit@5=0.7439 Hit@10=0.8413 MR=7.7 n=7096
05:35:32 | INFO    |            [multiref] MRR=0.7851 Hit@1=0.7193 Hit@5=0.8633 Hit@10=0.9073 MR=5.9 n=1500

JAPE:  33%|██████████████████                                     | 131/400 [00:17<00:45,  5.97it/s]
JAPE:  33%|██████████████████▎                                    | 133/400 [00:17<00:37,  7.16it/s]
JAPE:  34%|██████████████████▌                                    | 135/400 [00:17<00:31,  8.31it/s]
JAPE:  34%|██████████████████▊                                    | 137/400 [00:17<00:28,  9.38it/s]
JAPE:  35%|███████████████████                                    | 139/400 [00:17<00:25, 10.29it/s]05:35:33 | INFO    | epoch  140/400 | loss=0.0168
05:35:34 | INFO    |            [filtered] MRR=0.5854 Hit@1=0.4717 Hit@5=0.7220 Hit@10=0.8291 MR=8.0 n=7096
05:35:34 | INFO    |            [multiref] MRR=0.7956 Hit@1=0.7380 Hit@5=0.8627 Hit@10=0.9047 MR=5.7 n=1500

JAPE:  35%|███████████████████▍                                   | 141/400 [00:18<00:43,  5.90it/s]
JAPE:  36%|███████████████████▋                                   | 143/400 [00:18<00:36,  7.08it/s]
JAPE:  36%|███████████████████▉                                   | 145/400 [00:18<00:30,  8.24it/s]
JAPE:  37%|████████████████████▏                                  | 147/400 [00:18<00:27,  9.31it/s]
JAPE:  37%|████████████████████▍                                  | 149/400 [00:19<00:24, 10.24it/s]05:35:34 | INFO    | epoch  150/400 | loss=0.0167
05:35:35 | INFO    |            [filtered] MRR=0.6113 Hit@1=0.5044 Hit@5=0.7401 Hit@10=0.8237 MR=9.5 n=7096
05:35:35 | INFO    |            [multiref] MRR=0.7975 Hit@1=0.7380 Hit@5=0.8660 Hit@10=0.9000 MR=5.8 n=1500

JAPE:  38%|████████████████████▊                                  | 151/400 [00:19<00:42,  5.85it/s]
JAPE:  38%|█████████████████████                                  | 153/400 [00:19<00:35,  7.01it/s]
JAPE:  39%|█████████████████████▎                                 | 155/400 [00:20<00:29,  8.18it/s]
JAPE:  39%|█████████████████████▌                                 | 157/400 [00:20<00:26,  9.25it/s]
JAPE:  40%|█████████████████████▊                                 | 159/400 [00:20<00:23, 10.18it/s]05:35:36 | INFO    | epoch  160/400 | loss=0.0165
05:35:36 | INFO    |            [filtered] MRR=0.6583 Hit@1=0.5495 Hit@5=0.7882 Hit@10=0.8725 MR=6.3 n=7096
05:35:36 | INFO    |            [multiref] MRR=0.7964 Hit@1=0.7360 Hit@5=0.8660 Hit@10=0.8980 MR=5.5 n=1500
05:35:36 | INFO    |            early stop (best=0.8850 @ 10).

JAPE:  40%|█████████████████████▊                                 | 159/400 [00:20<00:31,  7.61it/s]
05:35:37 | INFO    | Done in 0.4 min. Best multiref MRR=0.8850 @ epoch 10.
05:35:37 | INFO    | Final evaluation on the test split, read once
05:35:38 | INFO    |   [cosine] filtMRR=0.2948 H@1=0.2143 H@10=0.4541 n=25720 | mrefMRR=0.8317 H@1=0.7530
05:35:39 | INFO    |   [  csls] filtMRR=0.3058 H@1=0.2199 H@10=0.4855 n=25720 | mrefMRR=0.8504 H@1=0.7750
05:35:44 | INFO    |   [cosine] F1=0.8412 P=0.7767 R=0.9173 (threshold 0.964 from validation, validation F1=0.8441)
05:35:44 | INFO    | Wrote experiments/jape_sameAs_20260929-053513/result.json
05:35:44 | INFO    | Finished. Best validation MRR=0.8850 @ epoch 10.
