05:29:55 | INFO    | Model: kecg | seed 2026 | device: cuda:1
05:29:56 | INFO    | Regime sameAs | graph: 84,182 nodes, 131,238 triples, 50,435 UCPGx candidates
05:29:56 | INFO    |   broadMatch/pgx   train=  3,744 test=  8,599 (70%) queries= 6,866 by cluster    leakage=0.00%
05:29:56 | INFO    |   closeMatch       train=  2,738 test=  6,296 (70%) queries= 1,490 by cluster    leakage=0.00%
05:29:56 | INFO    |   sameAs           train= 19,942 test= 46,531 (70%) queries=10,883 by cluster    leakage=0.00%
05:29:56 | INFO    |   broadMatch/onco  train= 25,039 test= 47,737 (66%) queries= 2,032 intra-cluster leakage=0.00%
05:29:56 | INFO    |   relatedMatch     train=  2,801 test=  6,289 (69%) queries=   812 intra-cluster leakage=0.00%
05:29:56 | INFO    |   related          train=471,647 test=762,046 (62%) queries=16,977 intra-cluster leakage=0.00%
05:29:56 | INFO    | Data: {'num_entities': 84182, 'num_relations': 13, 'triples': 131238, 'train_pairs': 14956, 'val_pairs': 4986, 'candidates': 50435, 'unlabeled_pool': 49353}
05:29:57 | INFO    | Params: 10.78M
05:29:57 | INFO    | Run directory: experiments/kecg_sameAs_20260929-052955
05:29:57 | INFO    | KECG | device=cuda:1 | {'num_entities': 84182, 'num_relations': 13, 'triples': 131238, 'train_pairs': 14956, 'val_pairs': 4986, 'candidates': 50435, 'unlabeled_pool': 49353} 

KECG:   0%|                                                                | 0/1000 [00:00<?, ?it/s]code/src/models/kecg.py:24: UserWarning: index_reduce() is in beta and the API may change at any time. (Triggered internally at /__w/pytorch/pytorch/aten/src/ATen/native/cuda/Indexing.cu:1512.)
  mx = scores.new_full((n,), float("-inf")).index_reduce_(0, index, scores, "amax", include_self=True)

KECG:   0%|                                                        | 1/1000 [00:00<03:56,  4.22it/s]
KECG:   0%|                                                        | 2/1000 [00:00<06:20,  2.62it/s]
KECG:   0%|▎                                                       | 5/1000 [00:00<02:14,  7.37it/s]
KECG:   1%|▍                                                       | 8/1000 [00:00<01:29, 11.03it/s]
KECG:   1%|▌                                                      | 11/1000 [00:01<01:07, 14.65it/s]
KECG:   1%|▊                                                      | 14/1000 [00:01<00:57, 17.23it/s]
KECG:   2%|▉                                                      | 17/1000 [00:01<00:49, 19.97it/s]
KECG:   2%|█                                                      | 20/1000 [00:01<00:47, 20.77it/s]
KECG:   2%|█▎                                                     | 23/1000 [00:01<00:43, 22.49it/s]05:29:59 | INFO    | epoch   25/1000 | loss=1.8432
05:29:59 | INFO    |            [filtered] MRR=0.9547 Hit@1=0.9178 Hit@5=0.9984 Hit@10=1.0000 MR=1.1 n=7096
05:29:59 | INFO    |            [multiref] MRR=0.9595 Hit@1=0.9207 Hit@5=0.9993 Hit@10=1.0000 MR=1.1 n=1500
05:29:59 | INFO    |            -> new best filtered MRR=0.9547 (saved model_best.pt)

KECG:   3%|█▍                                                     | 26/1000 [00:02<01:45,  9.20it/s]
KECG:   3%|█▌                                                     | 29/1000 [00:02<01:23, 11.58it/s]
KECG:   3%|█▊                                                     | 32/1000 [00:02<01:12, 13.39it/s]
KECG:   4%|█▉                                                     | 35/1000 [00:02<01:01, 15.75it/s]
KECG:   4%|██                                                     | 38/1000 [00:02<00:56, 17.15it/s]
KECG:   4%|██▎                                                    | 41/1000 [00:02<00:49, 19.19it/s]
KECG:   4%|██▍                                                    | 44/1000 [00:03<00:46, 20.35it/s]
KECG:   5%|██▌                                                    | 47/1000 [00:03<00:43, 22.15it/s]05:30:00 | INFO    | epoch   50/1000 | loss=2.5849
05:30:01 | INFO    |            [filtered] MRR=0.9697 Hit@1=0.9414 Hit@5=0.9990 Hit@10=0.9999 MR=1.1 n=7096
05:30:01 | INFO    |            [multiref] MRR=0.9566 Hit@1=0.9160 Hit@5=0.9973 Hit@10=0.9993 MR=1.2 n=1500
05:30:01 | INFO    |            -> new best filtered MRR=0.9697 (saved model_best.pt)

KECG:   5%|██▊                                                    | 50/1000 [00:04<02:10,  7.30it/s]
KECG:   5%|██▉                                                    | 53/1000 [00:04<01:41,  9.36it/s]
KECG:   6%|███                                                    | 56/1000 [00:04<01:22, 11.38it/s]
KECG:   6%|███▏                                                   | 59/1000 [00:04<01:08, 13.80it/s]
KECG:   6%|███▍                                                   | 62/1000 [00:04<01:00, 15.52it/s]
KECG:   6%|███▌                                                   | 65/1000 [00:04<00:52, 17.84it/s]
KECG:   7%|███▋                                                   | 68/1000 [00:04<00:48, 19.10it/s]
KECG:   7%|███▉                                                   | 71/1000 [00:05<00:45, 20.57it/s]
KECG:   7%|████                                                   | 74/1000 [00:05<00:44, 20.82it/s]05:30:02 | INFO    | epoch   75/1000 | loss=1.2887
05:30:03 | INFO    |            [filtered] MRR=0.9713 Hit@1=0.9439 Hit@5=0.9992 Hit@10=0.9999 MR=1.1 n=7096
05:30:03 | INFO    |            [multiref] MRR=0.9601 Hit@1=0.9233 Hit@5=0.9973 Hit@10=0.9993 MR=1.2 n=1500
05:30:03 | INFO    |            -> new best filtered MRR=0.9713 (saved model_best.pt)

KECG:   8%|████▏                                                  | 77/1000 [00:05<01:39,  9.28it/s]
KECG:   8%|████▍                                                  | 80/1000 [00:06<01:22, 11.13it/s]
KECG:   8%|████▌                                                  | 83/1000 [00:06<01:08, 13.46it/s]
KECG:   9%|████▋                                                  | 86/1000 [00:06<01:00, 15.17it/s]
KECG:   9%|████▉                                                  | 89/1000 [00:06<00:52, 17.38it/s]
KECG:   9%|█████                                                  | 92/1000 [00:06<00:49, 18.25it/s]
KECG:  10%|█████▏                                                 | 95/1000 [00:06<00:45, 20.08it/s]
KECG:  10%|█████▍                                                 | 98/1000 [00:06<00:44, 20.50it/s]05:30:04 | INFO    | epoch  100/1000 | loss=2.3178
05:30:04 | INFO    |            [filtered] MRR=0.9697 Hit@1=0.9408 Hit@5=0.9996 Hit@10=0.9999 MR=1.1 n=7096
05:30:04 | INFO    |            [multiref] MRR=0.9583 Hit@1=0.9207 Hit@5=0.9987 Hit@10=0.9993 MR=1.2 n=1500

KECG:  10%|█████▍                                                | 101/1000 [00:07<01:29, 10.06it/s]
KECG:  10%|█████▌                                                | 104/1000 [00:07<01:14, 12.09it/s]
KECG:  11%|█████▊                                                | 107/1000 [00:07<01:01, 14.51it/s]
KECG:  11%|█████▉                                                | 110/1000 [00:07<00:55, 16.15it/s]
KECG:  11%|██████                                                | 113/1000 [00:07<00:48, 18.40it/s]
KECG:  12%|██████▎                                               | 116/1000 [00:08<00:45, 19.54it/s]
KECG:  12%|██████▍                                               | 119/1000 [00:08<00:41, 21.36it/s]
KECG:  12%|██████▌                                               | 122/1000 [00:08<00:41, 21.16it/s]05:30:06 | INFO    | epoch  125/1000 | loss=1.1205
05:30:06 | INFO    |            [filtered] MRR=0.9694 Hit@1=0.9397 Hit@5=0.9997 Hit@10=0.9999 MR=1.1 n=7096
05:30:06 | INFO    |            [multiref] MRR=0.9574 Hit@1=0.9187 Hit@5=0.9993 Hit@10=0.9993 MR=1.2 n=1500

KECG:  12%|██████▊                                               | 125/1000 [00:09<01:25, 10.19it/s]
KECG:  13%|██████▉                                               | 128/1000 [00:09<01:12, 12.10it/s]
KECG:  13%|███████                                               | 131/1000 [00:09<01:00, 14.41it/s]
KECG:  13%|███████▏                                              | 134/1000 [00:09<00:53, 16.20it/s]
KECG:  14%|███████▍                                              | 137/1000 [00:09<00:46, 18.44it/s]
KECG:  14%|███████▌                                              | 140/1000 [00:09<00:44, 19.29it/s]
KECG:  14%|███████▋                                              | 143/1000 [00:09<00:40, 21.06it/s]
KECG:  15%|███████▉                                              | 146/1000 [00:09<00:39, 21.41it/s]
KECG:  15%|████████                                              | 149/1000 [00:10<00:37, 22.78it/s]05:30:07 | INFO    | epoch  150/1000 | loss=2.0662
05:30:08 | INFO    |            [filtered] MRR=0.9717 Hit@1=0.9441 Hit@5=0.9996 Hit@10=0.9999 MR=1.1 n=7096
05:30:08 | INFO    |            [multiref] MRR=0.9594 Hit@1=0.9233 Hit@5=0.9980 Hit@10=0.9993 MR=1.2 n=1500
05:30:08 | INFO    |            -> new best filtered MRR=0.9717 (saved model_best.pt)

KECG:  15%|████████▏                                             | 152/1000 [00:10<01:31,  9.23it/s]
KECG:  16%|████████▎                                             | 155/1000 [00:10<01:13, 11.46it/s]
KECG:  16%|████████▌                                             | 158/1000 [00:11<01:03, 13.33it/s]
KECG:  16%|████████▋                                             | 161/1000 [00:11<00:53, 15.57it/s]
KECG:  16%|████████▊                                             | 164/1000 [00:11<00:48, 17.14it/s]
KECG:  17%|█████████                                             | 167/1000 [00:11<00:43, 19.24it/s]
KECG:  17%|█████████▏                                            | 170/1000 [00:11<00:42, 19.70it/s]
KECG:  17%|█████████▎                                            | 173/1000 [00:11<00:38, 21.24it/s]05:30:09 | INFO    | epoch  175/1000 | loss=0.9783
05:30:09 | INFO    |            [filtered] MRR=0.9699 Hit@1=0.9411 Hit@5=0.9996 Hit@10=0.9999 MR=1.1 n=7096
05:30:09 | INFO    |            [multiref] MRR=0.9582 Hit@1=0.9213 Hit@5=0.9980 Hit@10=0.9993 MR=1.2 n=1500

KECG:  18%|█████████▌                                            | 176/1000 [00:12<01:23,  9.86it/s]
KECG:  18%|█████████▋                                            | 179/1000 [00:12<01:07, 12.12it/s]
KECG:  18%|█████████▊                                            | 182/1000 [00:12<00:58, 13.96it/s]
KECG:  18%|█████████▉                                            | 185/1000 [00:12<00:49, 16.33it/s]
KECG:  19%|██████████▏                                           | 188/1000 [00:12<00:45, 17.80it/s]
KECG:  19%|██████████▎                                           | 191/1000 [00:12<00:41, 19.59it/s]
KECG:  19%|██████████▍                                           | 194/1000 [00:13<00:39, 20.32it/s]
KECG:  20%|██████████▋                                           | 197/1000 [00:13<00:36, 21.91it/s]05:30:11 | INFO    | epoch  200/1000 | loss=1.8184
05:30:11 | INFO    |            [filtered] MRR=0.9700 Hit@1=0.9411 Hit@5=0.9993 Hit@10=0.9999 MR=1.1 n=7096
05:30:11 | INFO    |            [multiref] MRR=0.9546 Hit@1=0.9147 Hit@5=0.9967 Hit@10=0.9993 MR=1.2 n=1500

KECG:  20%|██████████▊                                           | 200/1000 [00:13<01:20,  9.90it/s]
KECG:  20%|██████████▉                                           | 203/1000 [00:14<01:05, 12.15it/s]
KECG:  21%|███████████                                           | 206/1000 [00:14<00:57, 13.90it/s]
KECG:  21%|███████████▎                                          | 209/1000 [00:14<00:49, 16.14it/s]
KECG:  21%|███████████▍                                          | 212/1000 [00:14<00:45, 17.41it/s]
KECG:  22%|███████████▌                                          | 215/1000 [00:14<00:40, 19.46it/s]
KECG:  22%|███████████▊                                          | 218/1000 [00:14<00:38, 20.22it/s]
KECG:  22%|███████████▉                                          | 221/1000 [00:14<00:36, 21.44it/s]
KECG:  22%|████████████                                          | 224/1000 [00:14<00:36, 21.39it/s]05:30:12 | INFO    | epoch  225/1000 | loss=0.7857
05:30:13 | INFO    |            [filtered] MRR=0.9713 Hit@1=0.9456 Hit@5=0.9992 Hit@10=0.9997 MR=1.1 n=7096
05:30:13 | INFO    |            [multiref] MRR=0.9543 Hit@1=0.9167 Hit@5=0.9960 Hit@10=0.9987 MR=1.2 n=1500

KECG:  23%|████████████▎                                         | 227/1000 [00:15<01:14, 10.33it/s]
KECG:  23%|████████████▍                                         | 230/1000 [00:15<01:03, 12.15it/s]
KECG:  23%|████████████▌                                         | 233/1000 [00:15<00:52, 14.48it/s]
KECG:  24%|████████████▋                                         | 236/1000 [00:15<00:47, 16.06it/s]
KECG:  24%|████████████▉                                         | 239/1000 [00:16<00:41, 18.20it/s]
KECG:  24%|█████████████                                         | 242/1000 [00:16<00:40, 18.81it/s]
KECG:  24%|█████████████▏                                        | 245/1000 [00:16<00:36, 20.52it/s]
KECG:  25%|█████████████▍                                        | 248/1000 [00:16<00:36, 20.71it/s]05:30:14 | INFO    | epoch  250/1000 | loss=1.5753
05:30:14 | INFO    |            [filtered] MRR=0.9704 Hit@1=0.9433 Hit@5=0.9993 Hit@10=0.9997 MR=1.1 n=7096
05:30:14 | INFO    |            [multiref] MRR=0.9533 Hit@1=0.9147 Hit@5=0.9967 Hit@10=0.9987 MR=1.2 n=1500

KECG:  25%|█████████████▌                                        | 251/1000 [00:17<01:13, 10.20it/s]
KECG:  25%|█████████████▋                                        | 254/1000 [00:17<01:01, 12.17it/s]
KECG:  26%|█████████████▉                                        | 257/1000 [00:17<00:51, 14.56it/s]
KECG:  26%|██████████████                                        | 260/1000 [00:17<00:45, 16.12it/s]
KECG:  26%|██████████████▏                                       | 263/1000 [00:17<00:40, 18.35it/s]
KECG:  27%|██████████████▎                                       | 266/1000 [00:17<00:37, 19.44it/s]
KECG:  27%|██████████████▌                                       | 269/1000 [00:17<00:34, 21.25it/s]
KECG:  27%|██████████████▋                                       | 272/1000 [00:18<00:34, 21.07it/s]05:30:15 | INFO    | epoch  275/1000 | loss=0.4879
05:30:16 | INFO    |            [filtered] MRR=0.9714 Hit@1=0.9460 Hit@5=0.9992 Hit@10=0.9999 MR=1.1 n=7096
05:30:16 | INFO    |            [multiref] MRR=0.9560 Hit@1=0.9207 Hit@5=0.9960 Hit@10=0.9993 MR=1.2 n=1500

KECG:  28%|██████████████▊                                       | 275/1000 [00:18<01:09, 10.36it/s]
KECG:  28%|███████████████                                       | 278/1000 [00:18<00:58, 12.26it/s]
KECG:  28%|███████████████▏                                      | 281/1000 [00:18<00:49, 14.45it/s]
KECG:  28%|███████████████▎                                      | 284/1000 [00:19<00:44, 16.00it/s]
KECG:  29%|███████████████▍                                      | 287/1000 [00:19<00:39, 18.11it/s]
KECG:  29%|███████████████▋                                      | 290/1000 [00:19<00:37, 18.93it/s]
KECG:  29%|███████████████▊                                      | 293/1000 [00:19<00:33, 20.83it/s]
KECG:  30%|███████████████▉                                      | 296/1000 [00:19<00:32, 21.35it/s]
KECG:  30%|████████████████▏                                     | 299/1000 [00:19<00:30, 22.81it/s]05:30:17 | INFO    | epoch  300/1000 | loss=1.3312
05:30:17 | INFO    |            [filtered] MRR=0.9704 Hit@1=0.9428 Hit@5=0.9992 Hit@10=0.9999 MR=1.1 n=7096
05:30:17 | INFO    |            [multiref] MRR=0.9562 Hit@1=0.9200 Hit@5=0.9960 Hit@10=0.9993 MR=1.2 n=1500

KECG:  30%|████████████████▎                                     | 302/1000 [00:20<01:08, 10.24it/s]
KECG:  30%|████████████████▍                                     | 305/1000 [00:20<00:55, 12.50it/s]
KECG:  31%|████████████████▋                                     | 308/1000 [00:20<00:48, 14.23it/s]
KECG:  31%|████████████████▊                                     | 311/1000 [00:20<00:41, 16.63it/s]
KECG:  31%|████████████████▉                                     | 314/1000 [00:20<00:37, 18.53it/s]
KECG:  32%|█████████████████                                     | 317/1000 [00:20<00:32, 20.78it/s]
KECG:  32%|█████████████████▎                                    | 320/1000 [00:21<00:32, 21.21it/s]
KECG:  32%|█████████████████▍                                    | 323/1000 [00:21<00:30, 22.53it/s]05:30:18 | INFO    | epoch  325/1000 | loss=0.2997
05:30:19 | INFO    |            [filtered] MRR=0.9713 Hit@1=0.9452 Hit@5=0.9989 Hit@10=1.0000 MR=1.1 n=7096
05:30:19 | INFO    |            [multiref] MRR=0.9572 Hit@1=0.9220 Hit@5=0.9960 Hit@10=1.0000 MR=1.1 n=1500

KECG:  33%|█████████████████▌                                    | 326/1000 [00:21<01:05, 10.25it/s]
KECG:  33%|█████████████████▊                                    | 329/1000 [00:21<00:53, 12.55it/s]
KECG:  33%|█████████████████▉                                    | 332/1000 [00:22<00:46, 14.31it/s]
KECG:  34%|██████████████████                                    | 335/1000 [00:22<00:39, 16.63it/s]
KECG:  34%|██████████████████▎                                   | 338/1000 [00:22<00:36, 17.97it/s]
KECG:  34%|██████████████████▍                                   | 341/1000 [00:22<00:33, 19.76it/s]
KECG:  34%|██████████████████▌                                   | 344/1000 [00:22<00:31, 20.52it/s]
KECG:  35%|██████████████████▋                                   | 347/1000 [00:22<00:29, 22.13it/s]05:30:20 | INFO    | epoch  350/1000 | loss=1.1086
05:30:20 | INFO    |            [filtered] MRR=0.9704 Hit@1=0.9438 Hit@5=0.9987 Hit@10=0.9997 MR=1.1 n=7096
05:30:20 | INFO    |            [multiref] MRR=0.9566 Hit@1=0.9240 Hit@5=0.9953 Hit@10=0.9993 MR=1.1 n=1500

KECG:  35%|██████████████████▉                                   | 350/1000 [00:23<01:03, 10.20it/s]
KECG:  35%|███████████████████                                   | 353/1000 [00:23<00:51, 12.46it/s]
KECG:  36%|███████████████████▏                                  | 356/1000 [00:23<00:45, 14.19it/s]
KECG:  36%|███████████████████▍                                  | 359/1000 [00:23<00:39, 16.41it/s]
KECG:  36%|███████████████████▌                                  | 362/1000 [00:23<00:35, 17.73it/s]
KECG:  36%|███████████████████▋                                  | 365/1000 [00:23<00:32, 19.80it/s]
KECG:  37%|███████████████████▊                                  | 368/1000 [00:24<00:30, 20.61it/s]
KECG:  37%|████████████████████                                  | 371/1000 [00:24<00:28, 21.96it/s]
KECG:  37%|████████████████████▏                                 | 374/1000 [00:24<00:28, 22.20it/s]05:30:22 | INFO    | epoch  375/1000 | loss=0.2036
05:30:22 | INFO    |            [filtered] MRR=0.9703 Hit@1=0.9438 Hit@5=0.9986 Hit@10=0.9999 MR=1.1 n=7096
05:30:22 | INFO    |            [multiref] MRR=0.9540 Hit@1=0.9193 Hit@5=0.9947 Hit@10=0.9993 MR=1.1 n=1500

KECG:  38%|████████████████████▎                                 | 377/1000 [00:24<00:58, 10.59it/s]
KECG:  38%|████████████████████▌                                 | 380/1000 [00:25<00:49, 12.51it/s]
KECG:  38%|████████████████████▋                                 | 383/1000 [00:25<00:41, 14.91it/s]
KECG:  39%|████████████████████▊                                 | 386/1000 [00:25<00:37, 16.59it/s]
KECG:  39%|█████████████████████                                 | 389/1000 [00:25<00:32, 18.77it/s]
KECG:  39%|█████████████████████▏                                | 392/1000 [00:25<00:31, 19.18it/s]
KECG:  40%|█████████████████████▎                                | 395/1000 [00:25<00:29, 20.80it/s]
KECG:  40%|█████████████████████▍                                | 398/1000 [00:25<00:28, 20.86it/s]05:30:23 | INFO    | epoch  400/1000 | loss=0.8904
05:30:24 | INFO    |            [filtered] MRR=0.9700 Hit@1=0.9431 Hit@5=0.9986 Hit@10=0.9999 MR=1.1 n=7096
05:30:24 | INFO    |            [multiref] MRR=0.9542 Hit@1=0.9193 Hit@5=0.9947 Hit@10=0.9993 MR=1.1 n=1500

KECG:  40%|█████████████████████▋                                | 401/1000 [00:26<00:58, 10.22it/s]
KECG:  40%|█████████████████████▊                                | 404/1000 [00:26<00:48, 12.29it/s]
KECG:  41%|█████████████████████▉                                | 407/1000 [00:26<00:40, 14.74it/s]
KECG:  41%|██████████████████████▏                               | 410/1000 [00:26<00:36, 15.99it/s]
KECG:  41%|██████████████████████▎                               | 413/1000 [00:27<00:32, 18.32it/s]
KECG:  42%|██████████████████████▍                               | 416/1000 [00:27<00:29, 19.64it/s]
KECG:  42%|██████████████████████▋                               | 419/1000 [00:27<00:26, 21.52it/s]
KECG:  42%|██████████████████████▊                               | 422/1000 [00:27<00:27, 21.38it/s]05:30:25 | INFO    | epoch  425/1000 | loss=0.1399
05:30:25 | INFO    |            [filtered] MRR=0.9719 Hit@1=0.9469 Hit@5=0.9986 Hit@10=0.9996 MR=1.1 n=7096
05:30:25 | INFO    |            [multiref] MRR=0.9546 Hit@1=0.9193 Hit@5=0.9947 Hit@10=0.9993 MR=1.1 n=1500
05:30:25 | INFO    |            -> new best filtered MRR=0.9719 (saved model_best.pt)

KECG:  42%|██████████████████████▉                               | 425/1000 [00:28<01:00,  9.50it/s]
KECG:  43%|███████████████████████                               | 428/1000 [00:28<00:49, 11.44it/s]
KECG:  43%|███████████████████████▎                              | 431/1000 [00:28<00:41, 13.66it/s]
KECG:  43%|███████████████████████▍                              | 434/1000 [00:28<00:36, 15.34it/s]
KECG:  44%|███████████████████████▌                              | 437/1000 [00:28<00:32, 17.52it/s]
KECG:  44%|███████████████████████▊                              | 440/1000 [00:28<00:30, 18.43it/s]
KECG:  44%|███████████████████████▉                              | 443/1000 [00:28<00:27, 20.33it/s]
KECG:  45%|████████████████████████                              | 446/1000 [00:29<00:26, 20.86it/s]
KECG:  45%|████████████████████████▏                             | 449/1000 [00:29<00:24, 22.34it/s]05:30:26 | INFO    | epoch  450/1000 | loss=0.6737
05:30:27 | INFO    |            [filtered] MRR=0.9725 Hit@1=0.9472 Hit@5=0.9986 Hit@10=0.9996 MR=1.1 n=7096
05:30:27 | INFO    |            [multiref] MRR=0.9538 Hit@1=0.9180 Hit@5=0.9947 Hit@10=0.9993 MR=1.1 n=1500
05:30:27 | INFO    |            -> new best filtered MRR=0.9725 (saved model_best.pt)

KECG:  45%|████████████████████████▍                             | 452/1000 [00:29<00:58,  9.44it/s]
KECG:  46%|████████████████████████▌                             | 455/1000 [00:30<00:46, 11.72it/s]
KECG:  46%|████████████████████████▋                             | 458/1000 [00:30<00:39, 13.68it/s]
KECG:  46%|████████████████████████▉                             | 461/1000 [00:30<00:33, 15.93it/s]
KECG:  46%|█████████████████████████                             | 464/1000 [00:30<00:30, 17.49it/s]
KECG:  47%|█████████████████████████▏                            | 467/1000 [00:30<00:27, 19.59it/s]
KECG:  47%|█████████████████████████▍                            | 470/1000 [00:30<00:26, 20.05it/s]
KECG:  47%|█████████████████████████▌                            | 473/1000 [00:30<00:24, 21.58it/s]05:30:28 | INFO    | epoch  475/1000 | loss=0.0942
05:30:28 | INFO    |            [filtered] MRR=0.9720 Hit@1=0.9476 Hit@5=0.9984 Hit@10=0.9997 MR=1.1 n=7096
05:30:28 | INFO    |            [multiref] MRR=0.9546 Hit@1=0.9207 Hit@5=0.9947 Hit@10=1.0000 MR=1.1 n=1500

KECG:  48%|█████████████████████████▋                            | 476/1000 [00:31<00:50, 10.28it/s]
KECG:  48%|█████████████████████████▊                            | 479/1000 [00:31<00:41, 12.57it/s]
KECG:  48%|██████████████████████████                            | 482/1000 [00:31<00:35, 14.51it/s]
KECG:  48%|██████████████████████████▏                           | 485/1000 [00:31<00:30, 16.93it/s]
KECG:  49%|██████████████████████████▎                           | 488/1000 [00:31<00:27, 18.51it/s]
KECG:  49%|██████████████████████████▌                           | 491/1000 [00:32<00:25, 20.08it/s]
KECG:  49%|██████████████████████████▋                           | 494/1000 [00:32<00:24, 20.47it/s]
KECG:  50%|██████████████████████████▊                           | 497/1000 [00:32<00:22, 21.90it/s]05:30:30 | INFO    | epoch  500/1000 | loss=0.4645
05:30:30 | INFO    |            [filtered] MRR=0.9709 Hit@1=0.9448 Hit@5=0.9984 Hit@10=0.9996 MR=1.1 n=7096
05:30:30 | INFO    |            [multiref] MRR=0.9548 Hit@1=0.9200 Hit@5=0.9947 Hit@10=0.9993 MR=1.1 n=1500

KECG:  50%|███████████████████████████                           | 500/1000 [00:32<00:48, 10.23it/s]
KECG:  50%|███████████████████████████▏                          | 503/1000 [00:33<00:39, 12.56it/s]
KECG:  51%|███████████████████████████▎                          | 506/1000 [00:33<00:34, 14.44it/s]
KECG:  51%|███████████████████████████▍                          | 509/1000 [00:33<00:29, 16.74it/s]
KECG:  51%|███████████████████████████▋                          | 512/1000 [00:33<00:27, 18.01it/s]
KECG:  52%|███████████████████████████▊                          | 515/1000 [00:33<00:24, 20.05it/s]
KECG:  52%|███████████████████████████▉                          | 518/1000 [00:33<00:23, 20.81it/s]
KECG:  52%|████████████████████████████▏                         | 521/1000 [00:33<00:21, 22.03it/s]
KECG:  52%|████████████████████████████▎                         | 524/1000 [00:33<00:21, 22.06it/s]05:30:31 | INFO    | epoch  525/1000 | loss=0.0679
05:30:31 | INFO    |            [filtered] MRR=0.9692 Hit@1=0.9415 Hit@5=0.9984 Hit@10=0.9997 MR=1.1 n=7096
05:30:31 | INFO    |            [multiref] MRR=0.9535 Hit@1=0.9187 Hit@5=0.9947 Hit@10=1.0000 MR=1.1 n=1500

KECG:  53%|████████████████████████████▍                         | 527/1000 [00:34<00:44, 10.60it/s]
KECG:  53%|████████████████████████████▌                         | 530/1000 [00:34<00:37, 12.50it/s]
KECG:  53%|████████████████████████████▊                         | 533/1000 [00:34<00:31, 14.91it/s]
KECG:  54%|████████████████████████████▉                         | 536/1000 [00:34<00:27, 16.63it/s]
KECG:  54%|█████████████████████████████                         | 539/1000 [00:35<00:24, 18.81it/s]
KECG:  54%|█████████████████████████████▎                        | 542/1000 [00:35<00:22, 20.03it/s]
KECG:  55%|█████████████████████████████▍                        | 545/1000 [00:35<00:20, 22.00it/s]
KECG:  55%|█████████████████████████████▌                        | 548/1000 [00:35<00:19, 22.75it/s]05:30:33 | INFO    | epoch  550/1000 | loss=0.3448
05:30:33 | INFO    |            [filtered] MRR=0.9684 Hit@1=0.9400 Hit@5=0.9986 Hit@10=0.9997 MR=1.1 n=7096
05:30:33 | INFO    |            [multiref] MRR=0.9540 Hit@1=0.9180 Hit@5=0.9947 Hit@10=1.0000 MR=1.1 n=1500

KECG:  55%|█████████████████████████████▊                        | 551/1000 [00:36<00:42, 10.67it/s]
KECG:  55%|█████████████████████████████▉                        | 554/1000 [00:36<00:35, 12.65it/s]
KECG:  56%|██████████████████████████████                        | 557/1000 [00:36<00:29, 15.04it/s]
KECG:  56%|██████████████████████████████▏                       | 560/1000 [00:36<00:26, 16.44it/s]
KECG:  56%|██████████████████████████████▍                       | 563/1000 [00:36<00:23, 18.52it/s]
KECG:  57%|██████████████████████████████▌                       | 566/1000 [00:36<00:22, 19.31it/s]
KECG:  57%|██████████████████████████████▋                       | 569/1000 [00:36<00:20, 20.96it/s]
KECG:  57%|██████████████████████████████▉                       | 572/1000 [00:36<00:20, 20.72it/s]05:30:34 | INFO    | epoch  575/1000 | loss=0.0560
05:30:35 | INFO    |            [filtered] MRR=0.9696 Hit@1=0.9431 Hit@5=0.9986 Hit@10=0.9997 MR=1.1 n=7096
05:30:35 | INFO    |            [multiref] MRR=0.9532 Hit@1=0.9180 Hit@5=0.9947 Hit@10=1.0000 MR=1.1 n=1500

KECG:  57%|███████████████████████████████                       | 575/1000 [00:37<00:41, 10.30it/s]
KECG:  58%|███████████████████████████████▏                      | 578/1000 [00:37<00:34, 12.16it/s]
KECG:  58%|███████████████████████████████▎                      | 581/1000 [00:37<00:28, 14.46it/s]
KECG:  58%|███████████████████████████████▌                      | 584/1000 [00:37<00:25, 16.27it/s]
KECG:  59%|███████████████████████████████▋                      | 587/1000 [00:38<00:22, 18.52it/s]
KECG:  59%|███████████████████████████████▊                      | 590/1000 [00:38<00:21, 19.37it/s]
KECG:  59%|████████████████████████████████                      | 593/1000 [00:38<00:19, 21.14it/s]
KECG:  60%|████████████████████████████████▏                     | 596/1000 [00:38<00:18, 21.50it/s]
KECG:  60%|████████████████████████████████▎                     | 599/1000 [00:38<00:17, 22.87it/s]05:30:36 | INFO    | epoch  600/1000 | loss=0.2963
05:30:36 | INFO    |            [filtered] MRR=0.9727 Hit@1=0.9487 Hit@5=0.9983 Hit@10=0.9997 MR=1.1 n=7096
05:30:36 | INFO    |            [multiref] MRR=0.9543 Hit@1=0.9200 Hit@5=0.9947 Hit@10=1.0000 MR=1.1 n=1500
05:30:36 | INFO    |            -> new best filtered MRR=0.9727 (saved model_best.pt)

KECG:  60%|████████████████████████████████▌                     | 602/1000 [00:39<00:42,  9.44it/s]
KECG:  60%|████████████████████████████████▋                     | 605/1000 [00:39<00:33, 11.73it/s]
KECG:  61%|████████████████████████████████▊                     | 608/1000 [00:39<00:28, 13.68it/s]
KECG:  61%|████████████████████████████████▉                     | 611/1000 [00:39<00:24, 15.79it/s]
KECG:  61%|█████████████████████████████████▏                    | 614/1000 [00:39<00:22, 17.07it/s]
KECG:  62%|█████████████████████████████████▎                    | 617/1000 [00:39<00:20, 19.01it/s]
KECG:  62%|█████████████████████████████████▍                    | 620/1000 [00:40<00:19, 19.41it/s]
KECG:  62%|█████████████████████████████████▋                    | 623/1000 [00:40<00:17, 21.05it/s]05:30:37 | INFO    | epoch  625/1000 | loss=0.0464
05:30:38 | INFO    |            [filtered] MRR=0.9713 Hit@1=0.9449 Hit@5=0.9983 Hit@10=0.9997 MR=1.1 n=7096
05:30:38 | INFO    |            [multiref] MRR=0.9543 Hit@1=0.9187 Hit@5=0.9947 Hit@10=1.0000 MR=1.1 n=1500

KECG:  63%|█████████████████████████████████▊                    | 626/1000 [00:40<00:37,  9.92it/s]
KECG:  63%|█████████████████████████████████▉                    | 629/1000 [00:40<00:30, 12.20it/s]
KECG:  63%|██████████████████████████████████▏                   | 632/1000 [00:41<00:26, 13.85it/s]
KECG:  64%|██████████████████████████████████▎                   | 635/1000 [00:41<00:22, 16.09it/s]
KECG:  64%|██████████████████████████████████▍                   | 638/1000 [00:41<00:20, 17.31it/s]
KECG:  64%|██████████████████████████████████▌                   | 641/1000 [00:41<00:18, 19.06it/s]
KECG:  64%|██████████████████████████████████▊                   | 644/1000 [00:41<00:18, 19.72it/s]
KECG:  65%|██████████████████████████████████▉                   | 647/1000 [00:41<00:16, 21.30it/s]05:30:39 | INFO    | epoch  650/1000 | loss=0.2865
05:30:39 | INFO    |            [filtered] MRR=0.9705 Hit@1=0.9446 Hit@5=0.9984 Hit@10=0.9997 MR=1.1 n=7096
05:30:39 | INFO    |            [multiref] MRR=0.9534 Hit@1=0.9167 Hit@5=0.9953 Hit@10=1.0000 MR=1.1 n=1500

KECG:  65%|███████████████████████████████████                   | 650/1000 [00:42<00:35,  9.98it/s]
KECG:  65%|███████████████████████████████████▎                  | 653/1000 [00:42<00:28, 12.24it/s]
KECG:  66%|███████████████████████████████████▍                  | 656/1000 [00:42<00:24, 14.00it/s]
KECG:  66%|███████████████████████████████████▌                  | 659/1000 [00:42<00:20, 16.25it/s]
KECG:  66%|███████████████████████████████████▋                  | 662/1000 [00:42<00:19, 17.35it/s]
KECG:  66%|███████████████████████████████████▉                  | 665/1000 [00:43<00:17, 19.29it/s]
KECG:  67%|████████████████████████████████████                  | 668/1000 [00:43<00:16, 19.89it/s]
KECG:  67%|████████████████████████████████████▏                 | 671/1000 [00:43<00:15, 21.10it/s]
KECG:  67%|████████████████████████████████████▍                 | 674/1000 [00:43<00:15, 21.07it/s]05:30:41 | INFO    | epoch  675/1000 | loss=0.0421
05:30:41 | INFO    |            [filtered] MRR=0.9710 Hit@1=0.9448 Hit@5=0.9986 Hit@10=0.9997 MR=1.1 n=7096
05:30:41 | INFO    |            [multiref] MRR=0.9528 Hit@1=0.9173 Hit@5=0.9953 Hit@10=1.0000 MR=1.1 n=1500

KECG:  68%|████████████████████████████████████▌                 | 677/1000 [00:44<00:31, 10.28it/s]
KECG:  68%|████████████████████████████████████▋                 | 680/1000 [00:44<00:26, 12.08it/s]
KECG:  68%|████████████████████████████████████▉                 | 683/1000 [00:44<00:22, 14.41it/s]
KECG:  69%|█████████████████████████████████████                 | 686/1000 [00:44<00:19, 15.98it/s]
KECG:  69%|█████████████████████████████████████▏                | 689/1000 [00:44<00:17, 18.08it/s]
KECG:  69%|█████████████████████████████████████▎                | 692/1000 [00:44<00:16, 18.72it/s]
KECG:  70%|█████████████████████████████████████▌                | 695/1000 [00:44<00:14, 20.43it/s]
KECG:  70%|█████████████████████████████████████▋                | 698/1000 [00:45<00:14, 20.68it/s]05:30:42 | INFO    | epoch  700/1000 | loss=0.2795
05:30:43 | INFO    |            [filtered] MRR=0.9699 Hit@1=0.9443 Hit@5=0.9983 Hit@10=0.9997 MR=1.1 n=7096
05:30:43 | INFO    |            [multiref] MRR=0.9533 Hit@1=0.9193 Hit@5=0.9947 Hit@10=1.0000 MR=1.1 n=1500

KECG:  70%|█████████████████████████████████████▊                | 701/1000 [00:45<00:29, 10.17it/s]
KECG:  70%|██████████████████████████████████████                | 704/1000 [00:45<00:24, 12.08it/s]
KECG:  71%|██████████████████████████████████████▏               | 707/1000 [00:45<00:20, 14.42it/s]
KECG:  71%|██████████████████████████████████████▎               | 710/1000 [00:46<00:18, 15.80it/s]
KECG:  71%|██████████████████████████████████████▌               | 713/1000 [00:46<00:16, 17.89it/s]
KECG:  72%|██████████████████████████████████████▋               | 716/1000 [00:46<00:15, 18.73it/s]
KECG:  72%|██████████████████████████████████████▊               | 719/1000 [00:46<00:13, 20.43it/s]
KECG:  72%|██████████████████████████████████████▉               | 722/1000 [00:46<00:13, 20.89it/s]05:30:44 | INFO    | epoch  725/1000 | loss=0.0392
05:30:44 | INFO    |            [filtered] MRR=0.9709 Hit@1=0.9449 Hit@5=0.9983 Hit@10=0.9997 MR=1.1 n=7096
05:30:44 | INFO    |            [multiref] MRR=0.9521 Hit@1=0.9160 Hit@5=0.9947 Hit@10=1.0000 MR=1.1 n=1500

KECG:  72%|███████████████████████████████████████▏              | 725/1000 [00:47<00:26, 10.26it/s]
KECG:  73%|███████████████████████████████████████▎              | 728/1000 [00:47<00:22, 12.29it/s]
KECG:  73%|███████████████████████████████████████▍              | 731/1000 [00:47<00:18, 14.61it/s]
KECG:  73%|███████████████████████████████████████▋              | 734/1000 [00:47<00:16, 16.42it/s]
KECG:  74%|███████████████████████████████████████▊              | 737/1000 [00:47<00:14, 18.66it/s]
KECG:  74%|███████████████████████████████████████▉              | 740/1000 [00:47<00:13, 19.65it/s]
KECG:  74%|████████████████████████████████████████              | 743/1000 [00:47<00:11, 21.54it/s]
KECG:  75%|████████████████████████████████████████▎             | 746/1000 [00:48<00:11, 22.12it/s]
KECG:  75%|████████████████████████████████████████▍             | 749/1000 [00:48<00:10, 23.57it/s]05:30:45 | INFO    | epoch  750/1000 | loss=0.2726
05:30:46 | INFO    |            [filtered] MRR=0.9691 Hit@1=0.9417 Hit@5=0.9983 Hit@10=0.9997 MR=1.1 n=7096
05:30:46 | INFO    |            [multiref] MRR=0.9538 Hit@1=0.9193 Hit@5=0.9940 Hit@10=1.0000 MR=1.1 n=1500

KECG:  75%|████████████████████████████████████████▌             | 752/1000 [00:48<00:23, 10.44it/s]
KECG:  76%|████████████████████████████████████████▊             | 755/1000 [00:48<00:19, 12.82it/s]
KECG:  76%|████████████████████████████████████████▉             | 758/1000 [00:49<00:16, 14.80it/s]
KECG:  76%|█████████████████████████████████████████             | 761/1000 [00:49<00:14, 16.97it/s]
KECG:  76%|█████████████████████████████████████████▎            | 764/1000 [00:49<00:12, 18.36it/s]
KECG:  77%|█████████████████████████████████████████▍            | 767/1000 [00:49<00:11, 20.33it/s]
KECG:  77%|█████████████████████████████████████████▌            | 770/1000 [00:49<00:11, 20.74it/s]
KECG:  77%|█████████████████████████████████████████▋            | 773/1000 [00:49<00:10, 22.32it/s]05:30:47 | INFO    | epoch  775/1000 | loss=0.0349
05:30:47 | INFO    |            [filtered] MRR=0.9707 Hit@1=0.9449 Hit@5=0.9983 Hit@10=0.9997 MR=1.1 n=7096
05:30:47 | INFO    |            [multiref] MRR=0.9536 Hit@1=0.9187 Hit@5=0.9947 Hit@10=1.0000 MR=1.1 n=1500

KECG:  78%|█████████████████████████████████████████▉            | 776/1000 [00:50<00:21, 10.21it/s]
KECG:  78%|██████████████████████████████████████████            | 779/1000 [00:50<00:17, 12.56it/s]
KECG:  78%|██████████████████████████████████████████▏           | 782/1000 [00:50<00:15, 14.39it/s]
KECG:  78%|██████████████████████████████████████████▍           | 785/1000 [00:50<00:12, 16.76it/s]
KECG:  79%|██████████████████████████████████████████▌           | 788/1000 [00:50<00:11, 18.18it/s]
KECG:  79%|██████████████████████████████████████████▋           | 791/1000 [00:50<00:10, 19.95it/s]
KECG:  79%|██████████████████████████████████████████▉           | 794/1000 [00:51<00:09, 20.70it/s]
KECG:  80%|███████████████████████████████████████████           | 797/1000 [00:51<00:09, 22.28it/s]05:30:48 | INFO    | epoch  800/1000 | loss=0.2660
05:30:49 | INFO    |            [filtered] MRR=0.9698 Hit@1=0.9426 Hit@5=0.9983 Hit@10=0.9997 MR=1.1 n=7096
05:30:49 | INFO    |            [multiref] MRR=0.9530 Hit@1=0.9180 Hit@5=0.9947 Hit@10=1.0000 MR=1.1 n=1500

KECG:  80%|███████████████████████████████████████████▏          | 800/1000 [00:51<00:19, 10.16it/s]
KECG:  80%|███████████████████████████████████████████▎          | 803/1000 [00:51<00:15, 12.51it/s]
KECG:  81%|███████████████████████████████████████████▌          | 806/1000 [00:52<00:13, 14.45it/s]
KECG:  81%|███████████████████████████████████████████▋          | 809/1000 [00:52<00:11, 16.81it/s]
KECG:  81%|███████████████████████████████████████████▊          | 812/1000 [00:52<00:10, 18.03it/s]
KECG:  82%|████████████████████████████████████████████          | 815/1000 [00:52<00:09, 20.05it/s]
KECG:  82%|████████████████████████████████████████████▏         | 818/1000 [00:52<00:08, 20.78it/s]
KECG:  82%|████████████████████████████████████████████▎         | 821/1000 [00:52<00:08, 22.07it/s]
KECG:  82%|████████████████████████████████████████████▍         | 824/1000 [00:52<00:07, 22.26it/s]05:30:50 | INFO    | epoch  825/1000 | loss=0.0339
05:30:50 | INFO    |            [filtered] MRR=0.9713 Hit@1=0.9460 Hit@5=0.9984 Hit@10=0.9997 MR=1.1 n=7096
05:30:50 | INFO    |            [multiref] MRR=0.9533 Hit@1=0.9187 Hit@5=0.9953 Hit@10=1.0000 MR=1.1 n=1500

KECG:  83%|████████████████████████████████████████████▋         | 827/1000 [00:53<00:16, 10.49it/s]
KECG:  83%|████████████████████████████████████████████▊         | 830/1000 [00:53<00:13, 12.42it/s]
KECG:  83%|████████████████████████████████████████████▉         | 833/1000 [00:53<00:11, 14.82it/s]
KECG:  84%|█████████████████████████████████████████████▏        | 836/1000 [00:53<00:09, 16.54it/s]
KECG:  84%|█████████████████████████████████████████████▎        | 839/1000 [00:53<00:08, 18.72it/s]
KECG:  84%|█████████████████████████████████████████████▍        | 842/1000 [00:54<00:08, 19.54it/s]
KECG:  84%|█████████████████████████████████████████████▋        | 845/1000 [00:54<00:07, 21.34it/s]
KECG:  85%|█████████████████████████████████████████████▊        | 848/1000 [00:54<00:06, 21.73it/s]05:30:52 | INFO    | epoch  850/1000 | loss=0.2593
05:30:52 | INFO    |            [filtered] MRR=0.9694 Hit@1=0.9428 Hit@5=0.9984 Hit@10=0.9997 MR=1.1 n=7096
05:30:52 | INFO    |            [multiref] MRR=0.9535 Hit@1=0.9187 Hit@5=0.9953 Hit@10=1.0000 MR=1.1 n=1500

KECG:  85%|█████████████████████████████████████████████▉        | 851/1000 [00:55<00:14, 10.42it/s]
KECG:  85%|██████████████████████████████████████████████        | 854/1000 [00:55<00:11, 12.44it/s]
KECG:  86%|██████████████████████████████████████████████▎       | 857/1000 [00:55<00:09, 14.85it/s]
KECG:  86%|██████████████████████████████████████████████▍       | 860/1000 [00:55<00:08, 16.42it/s]
KECG:  86%|██████████████████████████████████████████████▌       | 863/1000 [00:55<00:07, 18.63it/s]
KECG:  87%|██████████████████████████████████████████████▊       | 866/1000 [00:55<00:06, 19.68it/s]
KECG:  87%|██████████████████████████████████████████████▉       | 869/1000 [00:55<00:06, 21.45it/s]
KECG:  87%|███████████████████████████████████████████████       | 872/1000 [00:55<00:05, 21.55it/s]05:30:53 | INFO    | epoch  875/1000 | loss=0.0315
05:30:54 | INFO    |            [filtered] MRR=0.9722 Hit@1=0.9470 Hit@5=0.9984 Hit@10=0.9997 MR=1.1 n=7096
05:30:54 | INFO    |            [multiref] MRR=0.9546 Hit@1=0.9213 Hit@5=0.9953 Hit@10=1.0000 MR=1.1 n=1500

KECG:  88%|███████████████████████████████████████████████▎      | 875/1000 [00:56<00:12, 10.40it/s]
KECG:  88%|███████████████████████████████████████████████▍      | 878/1000 [00:56<00:09, 12.41it/s]
KECG:  88%|███████████████████████████████████████████████▌      | 881/1000 [00:56<00:08, 14.70it/s]
KECG:  88%|███████████████████████████████████████████████▋      | 884/1000 [00:56<00:07, 16.45it/s]
KECG:  89%|███████████████████████████████████████████████▉      | 887/1000 [00:57<00:06, 18.65it/s]
KECG:  89%|████████████████████████████████████████████████      | 890/1000 [00:57<00:05, 19.49it/s]
KECG:  89%|████████████████████████████████████████████████▏     | 893/1000 [00:57<00:05, 21.29it/s]
KECG:  90%|████████████████████████████████████████████████▍     | 896/1000 [00:57<00:04, 21.68it/s]
KECG:  90%|████████████████████████████████████████████████▌     | 899/1000 [00:57<00:04, 23.09it/s]05:30:55 | INFO    | epoch  900/1000 | loss=0.2527
05:30:55 | INFO    |            [filtered] MRR=0.9716 Hit@1=0.9464 Hit@5=0.9982 Hit@10=0.9997 MR=1.1 n=7096
05:30:55 | INFO    |            [multiref] MRR=0.9534 Hit@1=0.9200 Hit@5=0.9940 Hit@10=1.0000 MR=1.1 n=1500
05:30:55 | INFO    |            early stop (best=0.9727 @ 600).

KECG:  90%|████████████████████████████████████████████████▌     | 899/1000 [00:58<00:06, 15.48it/s]
05:30:56 | INFO    | Done in 1.0 min. Best filtered MRR=0.9727 @ epoch 600.
05:30:56 | INFO    | Final evaluation on the test split, read once
05:30:57 | INFO    |   [cosine] filtMRR=0.9885 H@1=0.9786 H@10=0.9997 n=25720 | mrefMRR=0.9488 H@1=0.8980
05:30:58 | INFO    |   [  csls] filtMRR=0.9754 H@1=0.9552 H@10=0.9996 n=25720 | mrefMRR=0.8943 H@1=0.8097
05:31:03 | INFO    |   [cosine] F1=0.9328 P=0.8887 R=0.9817 (threshold 0.999 from validation, validation F1=0.9300)
05:31:03 | INFO    | Wrote experiments/kecg_sameAs_20260929-052955/result.json
05:31:03 | INFO    | Finished. Best validation MRR=0.9727 @ epoch 600.
