05:35:46 | INFO    | Model: naea | seed 2026 | device: cuda:1
05:35:47 | INFO    | Regime sameAs | graph: 84,182 nodes, 131,238 triples, 50,435 UCPGx candidates
05:35:47 | INFO    |   broadMatch/pgx   train=  3,744 test=  8,599 (70%) queries= 6,866 by cluster    leakage=0.00%
05:35:47 | INFO    |   closeMatch       train=  2,738 test=  6,296 (70%) queries= 1,490 by cluster    leakage=0.00%
05:35:47 | INFO    |   sameAs           train= 19,942 test= 46,531 (70%) queries=10,883 by cluster    leakage=0.00%
05:35:47 | INFO    |   broadMatch/onco  train= 25,039 test= 47,737 (66%) queries= 2,032 intra-cluster leakage=0.00%
05:35:47 | INFO    |   relatedMatch     train=  2,801 test=  6,289 (69%) queries=   812 intra-cluster leakage=0.00%
05:35:47 | INFO    |   related          train=471,647 test=762,046 (62%) queries=16,977 intra-cluster leakage=0.00%
05:35:47 | INFO    | Data: {'num_entities': 84182, 'num_relations': 13, 'triples': 131238, 'train_pairs': 14956, 'val_pairs': 4986, 'candidates': 50435, 'unlabeled_pool': 49353}
05:35:48 | INFO    | Params: 16.88M
05:35:48 | INFO    | Run directory: experiments/naea_sameAs_20260929-053546
05:35:48 | INFO    | NAEA | device=cuda:1 | {'num_entities': 84182, 'num_relations': 13, 'triples': 131238, 'train_pairs': 14956, 'val_pairs': 4986, 'candidates': 50435, 'unlabeled_pool': 49353} 

NAEA:   0%|                                                                 | 0/400 [00:00<?, ?it/s]
NAEA:   0%|▏                                                        | 1/400 [00:02<16:42,  2.51s/it]
NAEA:   0%|▎                                                        | 2/400 [00:04<15:09,  2.28s/it]
NAEA:   1%|▍                                                        | 3/400 [00:06<14:34,  2.20s/it]
NAEA:   1%|▌                                                        | 4/400 [00:08<14:20,  2.17s/it]
NAEA:   1%|▋                                                        | 5/400 [00:10<14:10,  2.15s/it]
NAEA:   2%|▊                                                        | 6/400 [00:13<14:03,  2.14s/it]
NAEA:   2%|▉                                                        | 7/400 [00:15<13:59,  2.14s/it]
NAEA:   2%|█▏                                                       | 8/400 [00:17<13:56,  2.13s/it]
NAEA:   2%|█▎                                                       | 9/400 [00:19<13:53,  2.13s/it]05:36:10 | INFO    | epoch   10/400 | loss=0.0809 kge=0.0586 align=0.0045 pseudo=0.0000
05:36:10 | INFO    |            [filtered] MRR=0.9166 Hit@1=0.9002 Hit@5=0.9328 Hit@10=0.9463 MR=4.3 n=7096
05:36:10 | INFO    |            [multiref] MRR=0.9547 Hit@1=0.9347 Hit@5=0.9813 Hit@10=0.9867 MR=1.6 n=1500
05:36:11 | INFO    |            -> new best multiref MRR=0.9547 (saved model_best.pt)

NAEA:   2%|█▍                                                      | 10/400 [00:22<15:35,  2.40s/it]
NAEA:   3%|█▌                                                      | 11/400 [00:24<14:59,  2.31s/it]
NAEA:   3%|█▋                                                      | 12/400 [00:26<14:35,  2.26s/it]
NAEA:   3%|█▊                                                      | 13/400 [00:28<14:16,  2.21s/it]
NAEA:   4%|█▉                                                      | 14/400 [00:30<14:02,  2.18s/it]
NAEA:   4%|██                                                      | 15/400 [00:33<13:54,  2.17s/it]
NAEA:   4%|██▏                                                     | 16/400 [00:35<13:48,  2.16s/it]
NAEA:   4%|██▍                                                     | 17/400 [00:37<13:41,  2.14s/it]
NAEA:   4%|██▌                                                     | 18/400 [00:39<13:34,  2.13s/it]
NAEA:   5%|██▋                                                     | 19/400 [00:41<13:31,  2.13s/it]05:36:32 | INFO    | epoch   20/400 | loss=0.0522 kge=0.0369 align=0.0031 pseudo=0.0000
05:36:33 | INFO    |            [filtered] MRR=0.8793 Hit@1=0.8543 Hit@5=0.9081 Hit@10=0.9340 MR=4.2 n=7096
05:36:33 | INFO    |            [multiref] MRR=0.9140 Hit@1=0.8847 Hit@5=0.9473 Hit@10=0.9727 MR=2.3 n=1500

NAEA:   5%|██▊                                                     | 20/400 [00:44<14:33,  2.30s/it]
NAEA:   5%|██▉                                                     | 21/400 [00:46<14:11,  2.25s/it]
NAEA:   6%|███                                                     | 22/400 [00:48<13:54,  2.21s/it]
NAEA:   6%|███▏                                                    | 23/400 [00:50<13:41,  2.18s/it]
NAEA:   6%|███▎                                                    | 24/400 [00:52<13:31,  2.16s/it]
NAEA:   6%|███▌                                                    | 25/400 [00:54<13:26,  2.15s/it]
NAEA:   6%|███▋                                                    | 26/400 [00:56<13:19,  2.14s/it]
NAEA:   7%|███▊                                                    | 27/400 [00:59<13:15,  2.13s/it]
NAEA:   7%|███▉                                                    | 28/400 [01:01<13:13,  2.13s/it]
NAEA:   7%|████                                                    | 29/400 [01:03<13:11,  2.13s/it]05:36:54 | INFO    | epoch   30/400 | loss=0.0429 kge=0.0311 align=0.0024 pseudo=0.0000 | bootstrap: 9000 pseudo-pairs (beta=1.0)
05:36:55 | INFO    |            [filtered] MRR=0.9170 Hit@1=0.8919 Hit@5=0.9515 Hit@10=0.9693 MR=2.4 n=7096
05:36:55 | INFO    |            [multiref] MRR=0.9086 Hit@1=0.8787 Hit@5=0.9480 Hit@10=0.9640 MR=2.4 n=1500

NAEA:   8%|████▏                                                   | 30/400 [01:06<14:41,  2.38s/it]
NAEA:   8%|████▎                                                   | 31/400 [01:10<17:54,  2.91s/it]
NAEA:   8%|████▍                                                   | 32/400 [01:14<20:06,  3.28s/it]
NAEA:   8%|████▌                                                   | 33/400 [01:18<21:36,  3.53s/it]
NAEA:   8%|████▊                                                   | 34/400 [01:22<22:40,  3.72s/it]05:37:16 | INFO    | epoch   35/400 | loss=0.0865 kge=0.0338 align=0.0024 pseudo=0.0409 | bootstrap: 9000 pseudo-pairs (beta=1.0)

NAEA:   9%|████▉                                                   | 35/400 [01:27<23:50,  3.92s/it]
NAEA:   9%|█████                                                   | 36/400 [01:31<24:08,  3.98s/it]
NAEA:   9%|█████▏                                                  | 37/400 [01:35<24:20,  4.02s/it]
NAEA:  10%|█████▎                                                  | 38/400 [01:39<24:27,  4.05s/it]
NAEA:  10%|█████▍                                                  | 39/400 [01:43<24:31,  4.08s/it]05:37:37 | INFO    | epoch   40/400 | loss=0.0690 kge=0.0317 align=0.0022 pseudo=0.0265 | bootstrap: 9000 pseudo-pairs (beta=1.0)
05:37:37 | INFO    |            [filtered] MRR=0.8829 Hit@1=0.8605 Hit@5=0.9059 Hit@10=0.9293 MR=3.7 n=7096
05:37:37 | INFO    |            [multiref] MRR=0.9086 Hit@1=0.8820 Hit@5=0.9420 Hit@10=0.9600 MR=2.4 n=1500

NAEA:  10%|█████▌                                                  | 40/400 [01:48<26:00,  4.34s/it]
NAEA:  10%|█████▋                                                  | 41/400 [01:52<25:36,  4.28s/it]
NAEA:  10%|█████▉                                                  | 42/400 [01:56<25:16,  4.24s/it]
NAEA:  11%|██████                                                  | 43/400 [02:01<24:57,  4.19s/it]
NAEA:  11%|██████▏                                                 | 44/400 [02:05<24:47,  4.18s/it]05:37:58 | INFO    | epoch   45/400 | loss=0.0579 kge=0.0288 align=0.0018 pseudo=0.0200 | bootstrap: 9000 pseudo-pairs (beta=1.0)

NAEA:  11%|██████▎                                                 | 45/400 [02:09<25:07,  4.25s/it]
NAEA:  12%|██████▍                                                 | 46/400 [02:13<24:51,  4.21s/it]
NAEA:  12%|██████▌                                                 | 47/400 [02:17<24:38,  4.19s/it]
NAEA:  12%|██████▋                                                 | 48/400 [02:22<24:31,  4.18s/it]
NAEA:  12%|██████▊                                                 | 49/400 [02:26<24:21,  4.16s/it]05:38:19 | INFO    | epoch   50/400 | loss=0.0558 kge=0.0282 align=0.0019 pseudo=0.0179 | bootstrap: 9000 pseudo-pairs (beta=1.0)
05:38:19 | INFO    |            [filtered] MRR=0.8844 Hit@1=0.8596 Hit@5=0.9118 Hit@10=0.9276 MR=3.5 n=7096
05:38:19 | INFO    |            [multiref] MRR=0.9034 Hit@1=0.8727 Hit@5=0.9400 Hit@10=0.9593 MR=2.8 n=1500

NAEA:  12%|███████                                                 | 50/400 [02:31<25:44,  4.41s/it]
NAEA:  13%|███████▏                                                | 51/400 [02:35<25:10,  4.33s/it]
NAEA:  13%|███████▎                                                | 52/400 [02:39<24:44,  4.27s/it]
NAEA:  13%|███████▍                                                | 53/400 [02:43<24:26,  4.22s/it]
NAEA:  14%|███████▌                                                | 54/400 [02:47<24:13,  4.20s/it]05:38:41 | INFO    | epoch   55/400 | loss=0.0516 kge=0.0274 align=0.0018 pseudo=0.0154 | bootstrap: 9000 pseudo-pairs (beta=1.0)

NAEA:  14%|███████▋                                                | 55/400 [02:52<25:17,  4.40s/it]
NAEA:  14%|███████▊                                                | 56/400 [02:56<24:44,  4.32s/it]
NAEA:  14%|███████▉                                                | 57/400 [03:00<24:20,  4.26s/it]
NAEA:  14%|████████                                                | 58/400 [03:04<24:04,  4.22s/it]
NAEA:  15%|████████▎                                               | 59/400 [03:09<23:53,  4.20s/it]05:39:02 | INFO    | epoch   60/400 | loss=0.0489 kge=0.0271 align=0.0017 pseudo=0.0133 | bootstrap: 9000 pseudo-pairs (beta=1.0)
05:39:02 | INFO    |            [filtered] MRR=0.8389 Hit@1=0.8040 Hit@5=0.8757 Hit@10=0.9042 MR=4.5 n=7096
05:39:02 | INFO    |            [multiref] MRR=0.8947 Hit@1=0.8607 Hit@5=0.9373 Hit@10=0.9620 MR=2.6 n=1500

NAEA:  15%|████████▍                                               | 60/400 [03:14<25:08,  4.44s/it]
NAEA:  15%|████████▌                                               | 61/400 [03:18<24:31,  4.34s/it]
NAEA:  16%|████████▋                                               | 62/400 [03:22<24:06,  4.28s/it]
NAEA:  16%|████████▊                                               | 63/400 [03:26<23:47,  4.24s/it]
NAEA:  16%|████████▉                                               | 64/400 [03:30<23:33,  4.21s/it]05:39:23 | INFO    | epoch   65/400 | loss=0.0470 kge=0.0266 align=0.0017 pseudo=0.0121 | bootstrap: 9000 pseudo-pairs (beta=1.0)

NAEA:  16%|█████████                                               | 65/400 [03:35<23:51,  4.27s/it]
NAEA:  16%|█████████▏                                              | 66/400 [03:39<23:34,  4.23s/it]
NAEA:  17%|█████████▍                                              | 67/400 [03:43<23:19,  4.20s/it]
NAEA:  17%|█████████▌                                              | 68/400 [03:47<23:11,  4.19s/it]
NAEA:  17%|█████████▋                                              | 69/400 [03:51<23:04,  4.18s/it]05:39:44 | INFO    | epoch   70/400 | loss=0.0442 kge=0.0255 align=0.0015 pseudo=0.0111 | bootstrap: 9000 pseudo-pairs (beta=1.0)
05:39:45 | INFO    |            [filtered] MRR=0.7941 Hit@1=0.7539 Hit@5=0.8385 Hit@10=0.8657 MR=5.8 n=7096
05:39:45 | INFO    |            [multiref] MRR=0.8953 Hit@1=0.8633 Hit@5=0.9347 Hit@10=0.9587 MR=2.7 n=1500

NAEA:  18%|█████████▊                                              | 70/400 [03:56<24:18,  4.42s/it]
NAEA:  18%|█████████▉                                              | 71/400 [04:00<23:45,  4.33s/it]
NAEA:  18%|██████████                                              | 72/400 [04:04<23:23,  4.28s/it]
NAEA:  18%|██████████▏                                             | 73/400 [04:09<23:06,  4.24s/it]
NAEA:  18%|██████████▎                                             | 74/400 [04:13<22:51,  4.21s/it]05:40:06 | INFO    | epoch   75/400 | loss=0.0426 kge=0.0245 align=0.0015 pseudo=0.0104 | bootstrap: 9000 pseudo-pairs (beta=1.0)

NAEA:  19%|██████████▌                                             | 75/400 [04:17<23:08,  4.27s/it]
NAEA:  19%|██████████▋                                             | 76/400 [04:21<22:52,  4.24s/it]
NAEA:  19%|██████████▊                                             | 77/400 [04:25<22:38,  4.21s/it]
NAEA:  20%|██████████▉                                             | 78/400 [04:30<22:28,  4.19s/it]
NAEA:  20%|███████████                                             | 79/400 [04:34<22:20,  4.18s/it]05:40:27 | INFO    | epoch   80/400 | loss=0.0424 kge=0.0246 align=0.0016 pseudo=0.0100 | bootstrap: 9000 pseudo-pairs (beta=1.0)
05:40:27 | INFO    |            [filtered] MRR=0.7812 Hit@1=0.7376 Hit@5=0.8396 Hit@10=0.8688 MR=6.3 n=7096
05:40:27 | INFO    |            [multiref] MRR=0.8925 Hit@1=0.8600 Hit@5=0.9313 Hit@10=0.9573 MR=2.8 n=1500

NAEA:  20%|███████████▏                                            | 80/400 [04:39<23:29,  4.40s/it]
NAEA:  20%|███████████▎                                            | 81/400 [04:43<22:58,  4.32s/it]
NAEA:  20%|███████████▍                                            | 82/400 [04:47<22:36,  4.27s/it]
NAEA:  21%|███████████▌                                            | 83/400 [04:51<22:21,  4.23s/it]
NAEA:  21%|███████████▊                                            | 84/400 [04:55<22:08,  4.21s/it]05:40:49 | INFO    | epoch   85/400 | loss=0.0410 kge=0.0244 align=0.0014 pseudo=0.0094 | bootstrap: 9000 pseudo-pairs (beta=1.0)

NAEA:  21%|███████████▉                                            | 85/400 [05:00<22:24,  4.27s/it]
NAEA:  22%|████████████                                            | 86/400 [05:04<22:08,  4.23s/it]
NAEA:  22%|████████████▏                                           | 87/400 [05:08<21:55,  4.20s/it]
NAEA:  22%|████████████▎                                           | 88/400 [05:12<21:46,  4.19s/it]
NAEA:  22%|████████████▍                                           | 89/400 [05:16<21:39,  4.18s/it]05:41:09 | INFO    | epoch   90/400 | loss=0.0403 kge=0.0242 align=0.0014 pseudo=0.0092 | bootstrap: 9000 pseudo-pairs (beta=1.0)
05:41:10 | INFO    |            [filtered] MRR=0.7765 Hit@1=0.7356 Hit@5=0.8303 Hit@10=0.8596 MR=7.7 n=7096
05:41:10 | INFO    |            [multiref] MRR=0.8961 Hit@1=0.8620 Hit@5=0.9400 Hit@10=0.9573 MR=2.7 n=1500

NAEA:  22%|████████████▌                                           | 90/400 [05:21<22:46,  4.41s/it]
NAEA:  23%|████████████▋                                           | 91/400 [05:25<22:16,  4.33s/it]
NAEA:  23%|████████████▉                                           | 92/400 [05:29<21:58,  4.28s/it]
NAEA:  23%|█████████████                                           | 93/400 [05:34<21:43,  4.25s/it]
NAEA:  24%|█████████████▏                                          | 94/400 [05:38<21:30,  4.22s/it]05:41:31 | INFO    | epoch   95/400 | loss=0.0395 kge=0.0238 align=0.0015 pseudo=0.0083 | bootstrap: 9000 pseudo-pairs (beta=1.0)

NAEA:  24%|█████████████▎                                          | 95/400 [05:42<21:46,  4.28s/it]
NAEA:  24%|█████████████▍                                          | 96/400 [05:46<21:28,  4.24s/it]
NAEA:  24%|█████████████▌                                          | 97/400 [05:51<21:18,  4.22s/it]
NAEA:  24%|█████████████▋                                          | 98/400 [05:55<21:09,  4.20s/it]
NAEA:  25%|█████████████▊                                          | 99/400 [05:59<21:02,  4.19s/it]05:41:52 | INFO    | epoch  100/400 | loss=0.0395 kge=0.0238 align=0.0015 pseudo=0.0082 | bootstrap: 9000 pseudo-pairs (beta=1.0)
05:41:53 | INFO    |            [filtered] MRR=0.7396 Hit@1=0.6955 Hit@5=0.7892 Hit@10=0.8305 MR=9.1 n=7096
05:41:53 | INFO    |            [multiref] MRR=0.8899 Hit@1=0.8533 Hit@5=0.9340 Hit@10=0.9540 MR=2.9 n=1500

NAEA:  25%|█████████████▊                                         | 100/400 [06:04<22:06,  4.42s/it]
NAEA:  25%|█████████████▉                                         | 101/400 [06:08<21:39,  4.35s/it]
NAEA:  26%|██████████████                                         | 102/400 [06:12<21:19,  4.29s/it]
NAEA:  26%|██████████████▏                                        | 103/400 [06:16<21:03,  4.25s/it]
NAEA:  26%|██████████████▎                                        | 104/400 [06:20<20:51,  4.23s/it]05:42:14 | INFO    | epoch  105/400 | loss=0.0380 kge=0.0232 align=0.0014 pseudo=0.0080 | bootstrap: 9000 pseudo-pairs (beta=1.0)

NAEA:  26%|██████████████▍                                        | 105/400 [06:25<21:02,  4.28s/it]
NAEA:  26%|██████████████▌                                        | 106/400 [06:29<20:48,  4.25s/it]
NAEA:  27%|██████████████▋                                        | 107/400 [06:33<20:36,  4.22s/it]
NAEA:  27%|██████████████▊                                        | 108/400 [06:37<20:28,  4.21s/it]
NAEA:  27%|██████████████▉                                        | 109/400 [06:42<20:18,  4.19s/it]05:42:35 | INFO    | epoch  110/400 | loss=0.0384 kge=0.0228 align=0.0016 pseudo=0.0077 | bootstrap: 9000 pseudo-pairs (beta=1.0)
05:42:35 | INFO    |            [filtered] MRR=0.7753 Hit@1=0.7327 Hit@5=0.8275 Hit@10=0.8582 MR=7.2 n=7096
05:42:35 | INFO    |            [multiref] MRR=0.8889 Hit@1=0.8513 Hit@5=0.9360 Hit@10=0.9533 MR=2.8 n=1500

NAEA:  28%|███████████████▏                                       | 110/400 [06:46<21:21,  4.42s/it]
NAEA:  28%|███████████████▎                                       | 111/400 [06:51<20:51,  4.33s/it]
NAEA:  28%|███████████████▍                                       | 112/400 [06:55<20:32,  4.28s/it]
NAEA:  28%|███████████████▌                                       | 113/400 [06:59<20:18,  4.25s/it]
NAEA:  28%|███████████████▋                                       | 114/400 [07:03<20:08,  4.22s/it]05:42:56 | INFO    | epoch  115/400 | loss=0.0369 kge=0.0229 align=0.0014 pseudo=0.0073 | bootstrap: 9000 pseudo-pairs (beta=1.0)

NAEA:  29%|███████████████▊                                       | 115/400 [07:08<20:21,  4.29s/it]
NAEA:  29%|███████████████▉                                       | 116/400 [07:12<20:04,  4.24s/it]
NAEA:  29%|████████████████                                       | 117/400 [07:16<19:49,  4.20s/it]
NAEA:  30%|████████████████▏                                      | 118/400 [07:20<19:42,  4.19s/it]
NAEA:  30%|████████████████▎                                      | 119/400 [07:24<19:36,  4.19s/it]05:43:17 | INFO    | epoch  120/400 | loss=0.0363 kge=0.0222 align=0.0014 pseudo=0.0073 | bootstrap: 9000 pseudo-pairs (beta=1.0)
05:43:18 | INFO    |            [filtered] MRR=0.7564 Hit@1=0.7122 Hit@5=0.8151 Hit@10=0.8539 MR=7.9 n=7096
05:43:18 | INFO    |            [multiref] MRR=0.8914 Hit@1=0.8560 Hit@5=0.9320 Hit@10=0.9533 MR=2.9 n=1500

NAEA:  30%|████████████████▌                                      | 120/400 [07:29<20:39,  4.43s/it]
NAEA:  30%|████████████████▋                                      | 121/400 [07:33<20:11,  4.34s/it]
NAEA:  30%|████████████████▊                                      | 122/400 [07:37<19:51,  4.29s/it]
NAEA:  31%|████████████████▉                                      | 123/400 [07:42<19:35,  4.25s/it]
NAEA:  31%|█████████████████                                      | 124/400 [07:46<19:24,  4.22s/it]05:43:39 | INFO    | epoch  125/400 | loss=0.0364 kge=0.0221 align=0.0015 pseudo=0.0070 | bootstrap: 9000 pseudo-pairs (beta=1.0)

NAEA:  31%|█████████████████▏                                     | 125/400 [07:50<19:36,  4.28s/it]
NAEA:  32%|█████████████████▎                                     | 126/400 [07:54<19:22,  4.24s/it]
NAEA:  32%|█████████████████▍                                     | 127/400 [07:58<19:11,  4.22s/it]
NAEA:  32%|█████████████████▌                                     | 128/400 [08:03<19:02,  4.20s/it]
NAEA:  32%|█████████████████▋                                     | 129/400 [08:07<18:53,  4.18s/it]05:44:00 | INFO    | epoch  130/400 | loss=0.0366 kge=0.0226 align=0.0014 pseudo=0.0068 | bootstrap: 9000 pseudo-pairs (beta=1.0)
05:44:01 | INFO    |            [filtered] MRR=0.7282 Hit@1=0.6825 Hit@5=0.7811 Hit@10=0.8199 MR=11.6 n=7096
05:44:01 | INFO    |            [multiref] MRR=0.8857 Hit@1=0.8493 Hit@5=0.9313 Hit@10=0.9553 MR=2.9 n=1500

NAEA:  32%|█████████████████▉                                     | 130/400 [08:12<19:54,  4.43s/it]
NAEA:  33%|██████████████████                                     | 131/400 [08:16<19:28,  4.34s/it]
NAEA:  33%|██████████████████▏                                    | 132/400 [08:20<19:09,  4.29s/it]
NAEA:  33%|██████████████████▎                                    | 133/400 [08:24<18:55,  4.25s/it]
NAEA:  34%|██████████████████▍                                    | 134/400 [08:28<18:44,  4.23s/it]05:44:22 | INFO    | epoch  135/400 | loss=0.0364 kge=0.0222 align=0.0015 pseudo=0.0068 | bootstrap: 9000 pseudo-pairs (beta=1.0)

NAEA:  34%|██████████████████▌                                    | 135/400 [08:33<18:56,  4.29s/it]
NAEA:  34%|██████████████████▋                                    | 136/400 [08:37<18:41,  4.25s/it]
NAEA:  34%|██████████████████▊                                    | 137/400 [08:41<18:30,  4.22s/it]
NAEA:  34%|██████████████████▉                                    | 138/400 [08:45<18:21,  4.20s/it]
NAEA:  35%|███████████████████                                    | 139/400 [08:49<18:13,  4.19s/it]05:44:43 | INFO    | epoch  140/400 | loss=0.0355 kge=0.0219 align=0.0014 pseudo=0.0064 | bootstrap: 9000 pseudo-pairs (beta=1.0)
05:44:43 | INFO    |            [filtered] MRR=0.7278 Hit@1=0.6805 Hit@5=0.7840 Hit@10=0.8248 MR=10.1 n=7096
05:44:43 | INFO    |            [multiref] MRR=0.8821 Hit@1=0.8447 Hit@5=0.9307 Hit@10=0.9507 MR=3.0 n=1500

NAEA:  35%|███████████████████▎                                   | 140/400 [08:54<19:13,  4.43s/it]
NAEA:  35%|███████████████████▍                                   | 141/400 [08:59<18:47,  4.35s/it]
NAEA:  36%|███████████████████▌                                   | 142/400 [09:03<18:26,  4.29s/it]
NAEA:  36%|███████████████████▋                                   | 143/400 [09:07<18:11,  4.25s/it]
NAEA:  36%|███████████████████▊                                   | 144/400 [09:11<18:00,  4.22s/it]05:45:04 | INFO    | epoch  145/400 | loss=0.0355 kge=0.0221 align=0.0014 pseudo=0.0062 | bootstrap: 9000 pseudo-pairs (beta=1.0)

NAEA:  36%|███████████████████▉                                   | 145/400 [09:15<18:11,  4.28s/it]
NAEA:  36%|████████████████████                                   | 146/400 [09:20<17:55,  4.24s/it]
NAEA:  37%|████████████████████▏                                  | 147/400 [09:24<17:44,  4.21s/it]
NAEA:  37%|████████████████████▎                                  | 148/400 [09:28<17:34,  4.19s/it]
NAEA:  37%|████████████████████▍                                  | 149/400 [09:32<17:27,  4.17s/it]05:45:25 | INFO    | epoch  150/400 | loss=0.0350 kge=0.0218 align=0.0014 pseudo=0.0061 | bootstrap: 9000 pseudo-pairs (beta=1.0)
05:45:26 | INFO    |            [filtered] MRR=0.7163 Hit@1=0.6724 Hit@5=0.7624 Hit@10=0.8074 MR=10.6 n=7096
05:45:26 | INFO    |            [multiref] MRR=0.8805 Hit@1=0.8433 Hit@5=0.9300 Hit@10=0.9533 MR=3.2 n=1500

NAEA:  38%|████████████████████▋                                  | 150/400 [09:37<18:24,  4.42s/it]
NAEA:  38%|████████████████████▊                                  | 151/400 [09:41<18:01,  4.34s/it]
NAEA:  38%|████████████████████▉                                  | 152/400 [09:45<17:41,  4.28s/it]
NAEA:  38%|█████████████████████                                  | 153/400 [09:49<17:27,  4.24s/it]
NAEA:  38%|█████████████████████▏                                 | 154/400 [09:54<17:16,  4.21s/it]05:45:47 | INFO    | epoch  155/400 | loss=0.0352 kge=0.0222 align=0.0014 pseudo=0.0061 | bootstrap: 9000 pseudo-pairs (beta=1.0)

NAEA:  39%|█████████████████████▎                                 | 155/400 [09:58<17:27,  4.28s/it]
NAEA:  39%|█████████████████████▍                                 | 156/400 [10:02<17:15,  4.24s/it]
NAEA:  39%|█████████████████████▌                                 | 157/400 [10:06<17:01,  4.21s/it]
NAEA:  40%|█████████████████████▋                                 | 158/400 [10:10<16:51,  4.18s/it]
NAEA:  40%|█████████████████████▊                                 | 159/400 [10:15<16:46,  4.17s/it]05:46:08 | INFO    | epoch  160/400 | loss=0.0349 kge=0.0220 align=0.0014 pseudo=0.0061 | bootstrap: 9000 pseudo-pairs (beta=1.0)
05:46:08 | INFO    |            [filtered] MRR=0.7188 Hit@1=0.6629 Hit@5=0.7909 Hit@10=0.8401 MR=8.7 n=7096
05:46:08 | INFO    |            [multiref] MRR=0.8820 Hit@1=0.8453 Hit@5=0.9267 Hit@10=0.9527 MR=3.1 n=1500
05:46:09 | INFO    |            early stop (best=0.9547 @ 10).

NAEA:  40%|█████████████████████▊                                 | 159/400 [10:20<15:39,  3.90s/it]
05:46:09 | INFO    | Done in 10.3 min. Best multiref MRR=0.9547 @ epoch 10.
05:46:09 | INFO    | Final evaluation on the test split, read once
05:46:10 | INFO    |   [cosine] filtMRR=0.9784 H@1=0.9729 H@10=0.9911 n=25720 | mrefMRR=0.9494 H@1=0.9330
05:46:11 | INFO    |   [  csls] filtMRR=0.9710 H@1=0.9601 H@10=0.9909 n=25720 | mrefMRR=0.9257 H@1=0.8850
05:46:16 | INFO    |   [cosine] F1=0.9103 P=0.9212 R=0.8997 (threshold 0.999 from validation, validation F1=0.8886)
05:46:16 | INFO    | Wrote experiments/naea_sameAs_20260929-053546/result.json
05:46:16 | INFO    | Finished. Best validation MRR=0.9547 @ epoch 10.
