05:33:34 | INFO    | Model: rrea | seed 2026 | device: cuda:1
05:33:35 | INFO    | Regime sameAs | graph: 84,182 nodes, 131,238 triples, 50,435 UCPGx candidates
05:33:35 | INFO    |   broadMatch/pgx   train=  3,744 test=  8,599 (70%) queries= 6,866 by cluster    leakage=0.00%
05:33:35 | INFO    |   closeMatch       train=  2,738 test=  6,296 (70%) queries= 1,490 by cluster    leakage=0.00%
05:33:35 | INFO    |   sameAs           train= 19,942 test= 46,531 (70%) queries=10,883 by cluster    leakage=0.00%
05:33:35 | INFO    |   broadMatch/onco  train= 25,039 test= 47,737 (66%) queries= 2,032 intra-cluster leakage=0.00%
05:33:35 | INFO    |   relatedMatch     train=  2,801 test=  6,289 (69%) queries=   812 intra-cluster leakage=0.00%
05:33:35 | INFO    |   related          train=471,647 test=762,046 (62%) queries=16,977 intra-cluster leakage=0.00%
05:33:35 | INFO    | Data: {'num_entities': 84182, 'num_relations': 13, 'triples': 131238, 'train_pairs': 14956, 'val_pairs': 4986, 'candidates': 50435, 'unlabeled_pool': 49353}
05:33:38 | INFO    | Params: 8.42M
05:33:38 | INFO    | Run directory: experiments/rrea_sameAs_20260929-053334
05:33:38 | INFO    | RREA | device=cuda:1 | {'num_entities': 84182, 'num_relations': 13, 'triples': 131238, 'train_pairs': 14956, 'val_pairs': 4986, 'candidates': 50435, 'unlabeled_pool': 49353} turns=1 x 400

RREA:   0%|                                                                 | 0/400 [00:00<?, ?it/s]code/src/models/rrea.py:61: UserWarning: Sparse invariant checks are implicitly disabled. Memory errors (e.g. SEGFAULT) will occur when operating on a sparse tensor which violates the invariants, but checks incur performance overhead. To silence this warning, explicitly opt in or out. See `torch.sparse.check_sparse_tensor_invariants.__doc__` for guidance.  (Triggered internally at /__w/pytorch/pytorch/aten/src/ATen/Context.cpp:848.)
  return torch.sparse_coo_tensor(index, val, shape, device=index.device).coalesce()

RREA:   0%|▏                                                        | 1/400 [00:00<03:35,  1.85it/s]
RREA:   1%|▌                                                        | 4/400 [00:00<00:55,  7.19it/s]
RREA:   2%|▉                                                        | 7/400 [00:00<00:34, 11.27it/s]05:33:39 | INFO    | epoch   10/400 | loss=0.0097
05:33:39 | INFO    |            [filtered] MRR=0.9863 Hit@1=0.9814 Hit@5=0.9938 Hit@10=0.9980 MR=1.1 n=7096
05:33:39 | INFO    |            [multiref] MRR=0.9575 Hit@1=0.9413 Hit@5=0.9827 Hit@10=0.9960 MR=1.3 n=1500
05:33:39 | INFO    |            -> new best filtered MRR=0.9863 (saved model_best.pt)

RREA:   2%|█▍                                                      | 10/400 [00:01<01:04,  6.06it/s]
RREA:   3%|█▊                                                      | 13/400 [00:01<00:46,  8.39it/s]
RREA:   4%|██▏                                                     | 16/400 [00:01<00:35, 10.76it/s]
RREA:   5%|██▋                                                     | 19/400 [00:02<00:29, 13.01it/s]05:33:40 | INFO    | epoch   20/400 | loss=0.0099
05:33:40 | INFO    |            [filtered] MRR=0.9869 Hit@1=0.9817 Hit@5=0.9952 Hit@10=0.9984 MR=1.1 n=7096
05:33:40 | INFO    |            [multiref] MRR=0.9513 Hit@1=0.9327 Hit@5=0.9820 Hit@10=0.9933 MR=1.4 n=1500
05:33:40 | INFO    |            -> new best filtered MRR=0.9869 (saved model_best.pt)

RREA:   5%|██▉                                                     | 21/400 [00:02<00:55,  6.77it/s]
RREA:   6%|███▎                                                    | 24/400 [00:02<00:42,  8.88it/s]
RREA:   7%|███▊                                                    | 27/400 [00:03<00:33, 11.05it/s]05:33:41 | INFO    | epoch   30/400 | loss=0.0071
05:33:41 | INFO    |            [filtered] MRR=0.9878 Hit@1=0.9828 Hit@5=0.9946 Hit@10=0.9984 MR=1.1 n=7096
05:33:41 | INFO    |            [multiref] MRR=0.9495 Hit@1=0.9293 Hit@5=0.9780 Hit@10=0.9933 MR=1.4 n=1500
05:33:42 | INFO    |            -> new best filtered MRR=0.9878 (saved model_best.pt)

RREA:   8%|████▏                                                   | 30/400 [00:03<00:54,  6.78it/s]
RREA:   8%|████▌                                                   | 33/400 [00:03<00:42,  8.66it/s]
RREA:   9%|█████                                                   | 36/400 [00:04<00:34, 10.67it/s]
RREA:  10%|█████▍                                                  | 39/400 [00:04<00:28, 12.69it/s]05:33:42 | INFO    | epoch   40/400 | loss=0.0070
05:33:42 | INFO    |            [filtered] MRR=0.9873 Hit@1=0.9822 Hit@5=0.9946 Hit@10=0.9982 MR=1.1 n=7096
05:33:42 | INFO    |            [multiref] MRR=0.9469 Hit@1=0.9260 Hit@5=0.9780 Hit@10=0.9913 MR=1.5 n=1500

RREA:  10%|█████▋                                                  | 41/400 [00:04<00:47,  7.54it/s]
RREA:  11%|██████▏                                                 | 44/400 [00:05<00:37,  9.61it/s]
RREA:  12%|██████▌                                                 | 47/400 [00:05<00:30, 11.72it/s]05:33:43 | INFO    | epoch   50/400 | loss=0.0057
05:33:43 | INFO    |            [filtered] MRR=0.9873 Hit@1=0.9821 Hit@5=0.9953 Hit@10=0.9983 MR=1.1 n=7096
05:33:43 | INFO    |            [multiref] MRR=0.9464 Hit@1=0.9253 Hit@5=0.9800 Hit@10=0.9920 MR=1.4 n=1500

RREA:  12%|███████                                                 | 50/400 [00:05<00:45,  7.78it/s]
RREA:  13%|███████▍                                                | 53/400 [00:05<00:35,  9.72it/s]
RREA:  14%|███████▊                                                | 56/400 [00:06<00:29, 11.74it/s]
RREA:  15%|████████▎                                               | 59/400 [00:06<00:24, 13.70it/s]05:33:44 | INFO    | epoch   60/400 | loss=0.0073
05:33:44 | INFO    |            [filtered] MRR=0.9873 Hit@1=0.9818 Hit@5=0.9951 Hit@10=0.9982 MR=1.1 n=7096
05:33:44 | INFO    |            [multiref] MRR=0.9463 Hit@1=0.9233 Hit@5=0.9787 Hit@10=0.9913 MR=1.4 n=1500

RREA:  15%|████████▌                                               | 61/400 [00:06<00:42,  7.90it/s]
RREA:  16%|████████▉                                               | 64/400 [00:06<00:33,  9.99it/s]
RREA:  17%|█████████▍                                              | 67/400 [00:07<00:27, 12.10it/s]05:33:45 | INFO    | epoch   70/400 | loss=0.0059
05:33:45 | INFO    |            [filtered] MRR=0.9875 Hit@1=0.9820 Hit@5=0.9949 Hit@10=0.9979 MR=1.1 n=7096
05:33:45 | INFO    |            [multiref] MRR=0.9474 Hit@1=0.9240 Hit@5=0.9793 Hit@10=0.9913 MR=1.4 n=1500

RREA:  18%|█████████▊                                              | 70/400 [00:07<00:42,  7.85it/s]
RREA:  18%|██████████▏                                             | 73/400 [00:07<00:33,  9.79it/s]
RREA:  19%|██████████▋                                             | 76/400 [00:08<00:27, 11.81it/s]
RREA:  20%|███████████                                             | 79/400 [00:08<00:23, 13.76it/s]05:33:46 | INFO    | epoch   80/400 | loss=0.0070
05:33:46 | INFO    |            [filtered] MRR=0.9873 Hit@1=0.9817 Hit@5=0.9956 Hit@10=0.9980 MR=1.1 n=7096
05:33:46 | INFO    |            [multiref] MRR=0.9469 Hit@1=0.9240 Hit@5=0.9820 Hit@10=0.9920 MR=1.5 n=1500

RREA:  20%|███████████▎                                            | 81/400 [00:08<00:40,  7.85it/s]
RREA:  21%|███████████▊                                            | 84/400 [00:08<00:31,  9.94it/s]
RREA:  22%|████████████▏                                           | 87/400 [00:09<00:25, 12.04it/s]05:33:47 | INFO    | epoch   90/400 | loss=0.0053
05:33:47 | INFO    |            [filtered] MRR=0.9873 Hit@1=0.9818 Hit@5=0.9953 Hit@10=0.9980 MR=1.1 n=7096
05:33:47 | INFO    |            [multiref] MRR=0.9465 Hit@1=0.9233 Hit@5=0.9807 Hit@10=0.9920 MR=1.4 n=1500

RREA:  22%|████████████▌                                           | 90/400 [00:09<00:39,  7.89it/s]
RREA:  23%|█████████████                                           | 93/400 [00:09<00:31,  9.84it/s]
RREA:  24%|█████████████▍                                          | 96/400 [00:10<00:25, 11.85it/s]
RREA:  25%|█████████████▊                                          | 99/400 [00:10<00:21, 13.81it/s]05:33:48 | INFO    | epoch  100/400 | loss=0.0057
05:33:48 | INFO    |            [filtered] MRR=0.9871 Hit@1=0.9817 Hit@5=0.9949 Hit@10=0.9980 MR=1.1 n=7096
05:33:48 | INFO    |            [multiref] MRR=0.9461 Hit@1=0.9240 Hit@5=0.9787 Hit@10=0.9920 MR=1.5 n=1500

RREA:  25%|█████████████▉                                         | 101/400 [00:10<00:37,  7.90it/s]
RREA:  26%|██████████████▎                                        | 104/400 [00:10<00:29,  9.99it/s]
RREA:  27%|██████████████▋                                        | 107/400 [00:11<00:24, 12.10it/s]05:33:49 | INFO    | epoch  110/400 | loss=0.0054
05:33:49 | INFO    |            [filtered] MRR=0.9872 Hit@1=0.9818 Hit@5=0.9949 Hit@10=0.9982 MR=1.1 n=7096
05:33:49 | INFO    |            [multiref] MRR=0.9458 Hit@1=0.9233 Hit@5=0.9787 Hit@10=0.9927 MR=1.4 n=1500

RREA:  28%|███████████████▏                                       | 110/400 [00:11<00:36,  7.92it/s]
RREA:  28%|███████████████▌                                       | 113/400 [00:11<00:29,  9.87it/s]
RREA:  29%|███████████████▉                                       | 116/400 [00:12<00:23, 11.89it/s]
RREA:  30%|████████████████▎                                      | 119/400 [00:12<00:20, 13.84it/s]05:33:50 | INFO    | epoch  120/400 | loss=0.0081
05:33:50 | INFO    |            [filtered] MRR=0.9872 Hit@1=0.9822 Hit@5=0.9946 Hit@10=0.9980 MR=1.1 n=7096
05:33:50 | INFO    |            [multiref] MRR=0.9461 Hit@1=0.9253 Hit@5=0.9773 Hit@10=0.9920 MR=1.5 n=1500

RREA:  30%|████████████████▋                                      | 121/400 [00:12<00:35,  7.90it/s]
RREA:  31%|█████████████████                                      | 124/400 [00:12<00:27,  9.99it/s]
RREA:  32%|█████████████████▍                                     | 127/400 [00:13<00:22, 12.10it/s]05:33:51 | INFO    | epoch  130/400 | loss=0.0064
05:33:51 | INFO    |            [filtered] MRR=0.9875 Hit@1=0.9825 Hit@5=0.9946 Hit@10=0.9980 MR=1.1 n=7096
05:33:51 | INFO    |            [multiref] MRR=0.9474 Hit@1=0.9267 Hit@5=0.9773 Hit@10=0.9920 MR=1.5 n=1500
05:33:52 | INFO    |            early stop (best=0.9878 @ 30).

RREA:  32%|█████████████████▋                                     | 129/400 [00:13<00:28,  9.40it/s]
05:33:52 | INFO    | Done in 0.2 min. Best filtered MRR=0.9878 @ epoch 30.
05:33:52 | INFO    | Final evaluation on the test split, read once
05:33:53 | INFO    |   [cosine] filtMRR=0.9998 H@1=0.9997 H@10=1.0000 n=25720 | mrefMRR=0.9988 H@1=0.9977
05:33:55 | INFO    |   [  csls] filtMRR=0.9800 H@1=0.9713 H@10=0.9993 n=25720 | mrefMRR=0.9160 H@1=0.8747
05:34:00 | INFO    |   [cosine] F1=0.7146 P=0.6142 R=0.8543 (threshold 0.999 from validation, validation F1=0.7225)
05:34:00 | INFO    | Wrote experiments/rrea_sameAs_20260929-053334/result.json
05:34:00 | INFO    | Finished. Best validation MRR=0.9878 @ epoch 30.
