05:50:51 | INFO    | Model: alinet | seed 2026 | device: cuda:0
05:50:52 | INFO    | Regime relatedMatch | graph: 84,182 nodes, 131,238 triples, 50,435 UCPGx candidates
05:50:52 | INFO    |   broadMatch/pgx   train=  3,744 test=  8,599 (70%) queries= 6,866 by cluster    leakage=0.00%
05:50:52 | INFO    |   closeMatch       train=  2,738 test=  6,296 (70%) queries= 1,490 by cluster    leakage=0.00%
05:50:52 | INFO    |   sameAs           train= 19,942 test= 46,531 (70%) queries=10,883 by cluster    leakage=0.00%
05:50:52 | INFO    |   broadMatch/onco  train= 25,039 test= 47,737 (66%) queries= 2,032 intra-cluster leakage=0.00%
05:50:52 | INFO    |   relatedMatch     train=  2,801 test=  6,289 (69%) queries=   812 intra-cluster leakage=0.00%
05:50:52 | INFO    |   related          train=471,647 test=762,046 (62%) queries=16,977 intra-cluster leakage=0.00%
05:50:52 | INFO    | Data: {'num_entities': 84182, 'num_relations': 13, 'triples': 131238, 'train_pairs': 2090, 'val_pairs': 711, 'candidates': 50435, 'unlabeled_pool': 49739}
code/src/data.py:154: UserWarning: Sparse invariant checks are implicitly disabled. Memory errors (e.g. SEGFAULT) will occur when operating on a sparse tensor which violates the invariants, but checks incur performance overhead. To silence this warning, explicitly opt in or out. See `torch.sparse.check_sparse_tensor_invariants.__doc__` for guidance.  (Triggered internally at /__w/pytorch/pytorch/aten/src/ATen/Context.cpp:848.)
  adj1 = torch.sparse_coo_tensor(
05:50:54 | INFO    | Params: 25.80M
05:50:54 | INFO    | Run directory: experiments/alinet_relatedMatch_20260929-055051
05:50:54 | INFO    | AliNet | device=cuda:0 | {'num_entities': 84182, 'num_relations': 13, 'triples': 131238, 'train_pairs': 2090, 'val_pairs': 711, 'candidates': 50435, 'unlabeled_pool': 49739} 2hop_edges=472231

AliNet:   0%|                                                              | 0/1200 [00:00<?, ?it/s]code/src/models/alinet.py:22: UserWarning: index_reduce() is in beta and the API may change at any time. (Triggered internally at /__w/pytorch/pytorch/aten/src/ATen/native/cuda/Indexing.cu:1512.)
  mx = scores.new_full((n,), float("-inf")).index_reduce_(0, index, scores, "amax", include_self=True)

AliNet:   0%|                                                      | 1/1200 [00:00<06:40,  2.99it/s]
AliNet:   0%|▏                                                     | 3/1200 [00:00<02:35,  7.72it/s]
AliNet:   0%|▏                                                     | 5/1200 [00:00<01:51, 10.76it/s]
AliNet:   1%|▎                                                     | 7/1200 [00:00<01:33, 12.76it/s]
AliNet:   1%|▍                                                     | 9/1200 [00:00<01:24, 14.11it/s]
AliNet:   1%|▍                                                    | 11/1200 [00:00<01:19, 15.02it/s]
AliNet:   1%|▌                                                    | 13/1200 [00:01<01:15, 15.67it/s]
AliNet:   1%|▋                                                    | 15/1200 [00:01<01:13, 16.12it/s]
AliNet:   1%|▊                                                    | 17/1200 [00:01<01:11, 16.45it/s]
AliNet:   2%|▊                                                    | 19/1200 [00:01<01:10, 16.64it/s]
AliNet:   2%|▉                                                    | 21/1200 [00:01<01:10, 16.78it/s]
AliNet:   2%|█                                                    | 23/1200 [00:01<01:09, 16.89it/s]05:50:56 | INFO    | epoch   25/1200 | loss=0.3976 align=0.0728 rel=0.3248
05:50:56 | INFO    |            [filtered] MRR=0.0316 Hit@1=0.0141 Hit@5=0.0316 Hit@10=0.0654 MR=1006.7 n=1422
05:50:56 | INFO    |            [multiref] MRR=0.0926 Hit@1=0.0508 Hit@5=0.1143 Hit@10=0.1810 MR=868.4 n=315
05:50:57 | INFO    |            -> new best filtered MRR=0.0316 (saved model_best.pt)

AliNet:   2%|█                                                    | 25/1200 [00:02<02:33,  7.64it/s]
AliNet:   2%|█▏                                                   | 27/1200 [00:02<02:07,  9.19it/s]
AliNet:   2%|█▎                                                   | 29/1200 [00:02<01:49, 10.69it/s]
AliNet:   3%|█▎                                                   | 31/1200 [00:02<01:36, 12.06it/s]
AliNet:   3%|█▍                                                   | 33/1200 [00:02<01:28, 13.24it/s]
AliNet:   3%|█▌                                                   | 35/1200 [00:02<01:21, 14.21it/s]
AliNet:   3%|█▋                                                   | 37/1200 [00:02<01:17, 14.99it/s]
AliNet:   3%|█▋                                                   | 39/1200 [00:03<01:14, 15.58it/s]
AliNet:   3%|█▊                                                   | 41/1200 [00:03<01:12, 16.04it/s]
AliNet:   4%|█▉                                                   | 43/1200 [00:03<01:10, 16.33it/s]
AliNet:   4%|█▉                                                   | 45/1200 [00:03<01:09, 16.57it/s]
AliNet:   4%|██                                                   | 47/1200 [00:03<01:08, 16.74it/s]
AliNet:   4%|██▏                                                  | 49/1200 [00:03<01:08, 16.87it/s]05:50:58 | INFO    | epoch   50/1200 | loss=0.2168 align=0.0450 rel=0.1718
05:50:58 | INFO    |            [filtered] MRR=0.0292 Hit@1=0.0127 Hit@5=0.0281 Hit@10=0.0605 MR=1409.9 n=1422
05:50:58 | INFO    |            [multiref] MRR=0.0880 Hit@1=0.0508 Hit@5=0.1048 Hit@10=0.1683 MR=1048.5 n=315

AliNet:   4%|██▎                                                  | 51/1200 [00:03<01:47, 10.73it/s]
AliNet:   4%|██▎                                                  | 53/1200 [00:04<01:34, 12.11it/s]
AliNet:   5%|██▍                                                  | 55/1200 [00:04<01:26, 13.29it/s]
AliNet:   5%|██▌                                                  | 57/1200 [00:04<01:20, 14.26it/s]
AliNet:   5%|██▌                                                  | 59/1200 [00:04<01:15, 15.02it/s]
AliNet:   5%|██▋                                                  | 61/1200 [00:04<01:13, 15.47it/s]
AliNet:   5%|██▊                                                  | 63/1200 [00:04<01:11, 15.98it/s]
AliNet:   5%|██▊                                                  | 65/1200 [00:04<01:09, 16.34it/s]
AliNet:   6%|██▉                                                  | 67/1200 [00:04<01:08, 16.59it/s]
AliNet:   6%|███                                                  | 69/1200 [00:05<01:07, 16.78it/s]
AliNet:   6%|███▏                                                 | 71/1200 [00:05<01:06, 16.90it/s]
AliNet:   6%|███▏                                                 | 73/1200 [00:05<01:09, 16.19it/s]05:51:00 | INFO    | epoch   75/1200 | loss=0.1364 align=0.0267 rel=0.1097
05:51:00 | INFO    |            [filtered] MRR=0.0339 Hit@1=0.0155 Hit@5=0.0352 Hit@10=0.0795 MR=1755.2 n=1422
05:51:00 | INFO    |            [multiref] MRR=0.1016 Hit@1=0.0603 Hit@5=0.1206 Hit@10=0.1778 MR=1206.5 n=315
05:51:00 | INFO    |            -> new best filtered MRR=0.0339 (saved model_best.pt)

AliNet:   6%|███▎                                                 | 75/1200 [00:05<02:24,  7.80it/s]
AliNet:   6%|███▍                                                 | 77/1200 [00:05<02:00,  9.35it/s]
AliNet:   7%|███▍                                                 | 79/1200 [00:06<01:43, 10.84it/s]
AliNet:   7%|███▌                                                 | 81/1200 [00:06<01:31, 12.19it/s]
AliNet:   7%|███▋                                                 | 83/1200 [00:06<01:23, 13.36it/s]
AliNet:   7%|███▊                                                 | 85/1200 [00:06<01:17, 14.31it/s]
AliNet:   7%|███▊                                                 | 87/1200 [00:06<01:13, 15.07it/s]
AliNet:   7%|███▉                                                 | 89/1200 [00:06<01:10, 15.66it/s]
AliNet:   8%|████                                                 | 91/1200 [00:06<01:08, 16.10it/s]
AliNet:   8%|████                                                 | 93/1200 [00:06<01:07, 16.42it/s]
AliNet:   8%|████▏                                                | 95/1200 [00:06<01:06, 16.65it/s]
AliNet:   8%|████▎                                                | 97/1200 [00:07<01:05, 16.80it/s]
AliNet:   8%|████▎                                                | 99/1200 [00:07<01:05, 16.92it/s]05:51:02 | INFO    | epoch  100/1200 | loss=0.0944 align=0.0170 rel=0.0774
05:51:02 | INFO    |            [filtered] MRR=0.0357 Hit@1=0.0176 Hit@5=0.0323 Hit@10=0.0914 MR=2024.7 n=1422
05:51:02 | INFO    |            [multiref] MRR=0.1102 Hit@1=0.0730 Hit@5=0.1143 Hit@10=0.2063 MR=1360.0 n=315
05:51:02 | INFO    |            -> new best filtered MRR=0.0357 (saved model_best.pt)

AliNet:   8%|████▍                                               | 101/1200 [00:07<02:20,  7.81it/s]
AliNet:   9%|████▍                                               | 103/1200 [00:07<01:57,  9.35it/s]
AliNet:   9%|████▌                                               | 105/1200 [00:08<01:41, 10.83it/s]
AliNet:   9%|████▋                                               | 107/1200 [00:08<01:29, 12.18it/s]
AliNet:   9%|████▋                                               | 109/1200 [00:08<01:21, 13.35it/s]
AliNet:   9%|████▊                                               | 111/1200 [00:08<01:16, 14.32it/s]
AliNet:   9%|████▉                                               | 113/1200 [00:08<01:12, 15.08it/s]
AliNet:  10%|████▉                                               | 115/1200 [00:08<01:09, 15.65it/s]
AliNet:  10%|█████                                               | 117/1200 [00:08<01:07, 16.11it/s]
AliNet:  10%|█████▏                                              | 119/1200 [00:08<01:05, 16.42it/s]
AliNet:  10%|█████▏                                              | 121/1200 [00:08<01:04, 16.65it/s]
AliNet:  10%|█████▎                                              | 123/1200 [00:09<01:04, 16.81it/s]05:51:04 | INFO    | epoch  125/1200 | loss=0.0722 align=0.0119 rel=0.0603
05:51:04 | INFO    |            [filtered] MRR=0.0339 Hit@1=0.0155 Hit@5=0.0323 Hit@10=0.0844 MR=2459.6 n=1422
05:51:04 | INFO    |            [multiref] MRR=0.1079 Hit@1=0.0635 Hit@5=0.1238 Hit@10=0.2000 MR=1370.6 n=315

AliNet:  10%|█████▍                                              | 125/1200 [00:09<01:39, 10.76it/s]
AliNet:  11%|█████▌                                              | 127/1200 [00:09<01:28, 12.13it/s]
AliNet:  11%|█████▌                                              | 129/1200 [00:09<01:20, 13.31it/s]
AliNet:  11%|█████▋                                              | 131/1200 [00:09<01:14, 14.28it/s]
AliNet:  11%|█████▊                                              | 133/1200 [00:09<01:10, 15.05it/s]
AliNet:  11%|█████▊                                              | 135/1200 [00:09<01:08, 15.64it/s]
AliNet:  11%|█████▉                                              | 137/1200 [00:10<01:06, 16.09it/s]
AliNet:  12%|██████                                              | 139/1200 [00:10<01:04, 16.41it/s]
AliNet:  12%|██████                                              | 141/1200 [00:10<01:03, 16.63it/s]
AliNet:  12%|██████▏                                             | 143/1200 [00:10<01:02, 16.80it/s]
AliNet:  12%|██████▎                                             | 145/1200 [00:10<01:02, 16.92it/s]
AliNet:  12%|██████▎                                             | 147/1200 [00:10<01:01, 17.01it/s]
AliNet:  12%|██████▍                                             | 149/1200 [00:10<01:01, 17.07it/s]05:51:05 | INFO    | epoch  150/1200 | loss=0.0579 align=0.0083 rel=0.0495
05:51:05 | INFO    |            [filtered] MRR=0.0326 Hit@1=0.0162 Hit@5=0.0323 Hit@10=0.0738 MR=3062.8 n=1422
05:51:05 | INFO    |            [multiref] MRR=0.1064 Hit@1=0.0667 Hit@5=0.1270 Hit@10=0.1810 MR=1415.5 n=315

AliNet:  13%|██████▌                                             | 151/1200 [00:11<01:36, 10.83it/s]
AliNet:  13%|██████▋                                             | 153/1200 [00:11<01:25, 12.19it/s]
AliNet:  13%|██████▋                                             | 155/1200 [00:11<01:18, 13.36it/s]
AliNet:  13%|██████▊                                             | 157/1200 [00:11<01:12, 14.32it/s]
AliNet:  13%|██████▉                                             | 159/1200 [00:11<01:09, 15.09it/s]
AliNet:  13%|██████▉                                             | 161/1200 [00:11<01:06, 15.67it/s]
AliNet:  14%|███████                                             | 163/1200 [00:11<01:04, 16.11it/s]
AliNet:  14%|███████▏                                            | 165/1200 [00:11<01:02, 16.43it/s]
AliNet:  14%|███████▏                                            | 167/1200 [00:12<01:02, 16.66it/s]
AliNet:  14%|███████▎                                            | 169/1200 [00:12<01:01, 16.81it/s]
AliNet:  14%|███████▍                                            | 171/1200 [00:12<01:00, 16.94it/s]
AliNet:  14%|███████▍                                            | 173/1200 [00:12<01:00, 17.02it/s]05:51:07 | INFO    | epoch  175/1200 | loss=0.0481 align=0.0055 rel=0.0427
05:51:07 | INFO    |            [filtered] MRR=0.0352 Hit@1=0.0190 Hit@5=0.0373 Hit@10=0.0724 MR=4067.3 n=1422
05:51:07 | INFO    |            [multiref] MRR=0.1098 Hit@1=0.0762 Hit@5=0.1270 Hit@10=0.1841 MR=1816.7 n=315

AliNet:  15%|███████▌                                            | 175/1200 [00:12<01:36, 10.63it/s]
AliNet:  15%|███████▋                                            | 177/1200 [00:12<01:25, 12.02it/s]
AliNet:  15%|███████▊                                            | 179/1200 [00:13<01:17, 13.22it/s]
AliNet:  15%|███████▊                                            | 181/1200 [00:13<01:11, 14.21it/s]
AliNet:  15%|███████▉                                            | 183/1200 [00:13<01:07, 15.00it/s]
AliNet:  15%|████████                                            | 185/1200 [00:13<01:05, 15.60it/s]
AliNet:  16%|████████                                            | 187/1200 [00:13<01:03, 16.05it/s]
AliNet:  16%|████████▏                                           | 189/1200 [00:13<01:01, 16.38it/s]
AliNet:  16%|████████▎                                           | 191/1200 [00:13<01:00, 16.62it/s]
AliNet:  16%|████████▎                                           | 193/1200 [00:13<00:59, 16.80it/s]
AliNet:  16%|████████▍                                           | 195/1200 [00:13<00:59, 16.90it/s]
AliNet:  16%|████████▌                                           | 197/1200 [00:14<00:59, 16.99it/s]
AliNet:  17%|████████▌                                           | 199/1200 [00:14<00:58, 17.05it/s]05:51:09 | INFO    | epoch  200/1200 | loss=0.0428 align=0.0048 rel=0.0380
05:51:09 | INFO    |            [filtered] MRR=0.0368 Hit@1=0.0232 Hit@5=0.0366 Hit@10=0.0626 MR=4738.3 n=1422
05:51:09 | INFO    |            [multiref] MRR=0.1077 Hit@1=0.0762 Hit@5=0.1175 Hit@10=0.1587 MR=2064.2 n=315
05:51:09 | INFO    |            -> new best filtered MRR=0.0368 (saved model_best.pt)

AliNet:  17%|████████▋                                           | 201/1200 [00:14<02:07,  7.81it/s]
AliNet:  17%|████████▊                                           | 203/1200 [00:14<01:46,  9.34it/s]
AliNet:  17%|████████▉                                           | 205/1200 [00:14<01:31, 10.83it/s]
AliNet:  17%|████████▉                                           | 207/1200 [00:15<01:21, 12.18it/s]
AliNet:  17%|█████████                                           | 209/1200 [00:15<01:14, 13.34it/s]
AliNet:  18%|█████████▏                                          | 211/1200 [00:15<01:09, 14.31it/s]
AliNet:  18%|█████████▏                                          | 213/1200 [00:15<01:05, 15.07it/s]
AliNet:  18%|█████████▎                                          | 215/1200 [00:15<01:02, 15.66it/s]
AliNet:  18%|█████████▍                                          | 217/1200 [00:15<01:01, 16.09it/s]
AliNet:  18%|█████████▍                                          | 219/1200 [00:15<00:59, 16.41it/s]
AliNet:  18%|█████████▌                                          | 221/1200 [00:15<00:58, 16.65it/s]
AliNet:  19%|█████████▋                                          | 223/1200 [00:16<00:58, 16.81it/s]05:51:10 | INFO    | epoch  225/1200 | loss=0.0393 align=0.0041 rel=0.0352
05:51:11 | INFO    |            [filtered] MRR=0.0364 Hit@1=0.0204 Hit@5=0.0387 Hit@10=0.0774 MR=5368.5 n=1422
05:51:11 | INFO    |            [multiref] MRR=0.1067 Hit@1=0.0698 Hit@5=0.1270 Hit@10=0.1778 MR=2113.3 n=315

AliNet:  19%|█████████▊                                          | 225/1200 [00:16<01:30, 10.76it/s]
AliNet:  19%|█████████▊                                          | 227/1200 [00:16<01:20, 12.14it/s]
AliNet:  19%|█████████▉                                          | 229/1200 [00:16<01:12, 13.32it/s]
AliNet:  19%|██████████                                          | 231/1200 [00:16<01:07, 14.29it/s]
AliNet:  19%|██████████                                          | 233/1200 [00:16<01:04, 15.06it/s]
AliNet:  20%|██████████▏                                         | 235/1200 [00:16<01:01, 15.64it/s]
AliNet:  20%|██████████▎                                         | 237/1200 [00:17<00:59, 16.08it/s]
AliNet:  20%|██████████▎                                         | 239/1200 [00:17<00:58, 16.41it/s]
AliNet:  20%|██████████▍                                         | 241/1200 [00:17<00:57, 16.63it/s]
AliNet:  20%|██████████▌                                         | 243/1200 [00:17<00:56, 16.80it/s]
AliNet:  20%|██████████▌                                         | 245/1200 [00:17<00:56, 16.92it/s]
AliNet:  21%|██████████▋                                         | 247/1200 [00:17<00:56, 17.00it/s]
AliNet:  21%|██████████▊                                         | 249/1200 [00:17<00:55, 17.07it/s]05:51:12 | INFO    | epoch  250/1200 | loss=0.0367 align=0.0031 rel=0.0336
05:51:12 | INFO    |            [filtered] MRR=0.0370 Hit@1=0.0218 Hit@5=0.0394 Hit@10=0.0767 MR=5904.3 n=1422
05:51:12 | INFO    |            [multiref] MRR=0.1084 Hit@1=0.0730 Hit@5=0.1302 Hit@10=0.1873 MR=2527.0 n=315
05:51:13 | INFO    |            -> new best filtered MRR=0.0370 (saved model_best.pt)

AliNet:  21%|██████████▉                                         | 251/1200 [00:18<02:00,  7.86it/s]
AliNet:  21%|██████████▉                                         | 253/1200 [00:18<01:40,  9.40it/s]
AliNet:  21%|███████████                                         | 255/1200 [00:18<01:26, 10.88it/s]
AliNet:  21%|███████████▏                                        | 257/1200 [00:18<01:17, 12.23it/s]
AliNet:  22%|███████████▏                                        | 259/1200 [00:18<01:10, 13.40it/s]
AliNet:  22%|███████████▎                                        | 261/1200 [00:18<01:05, 14.35it/s]
AliNet:  22%|███████████▍                                        | 263/1200 [00:19<01:02, 15.10it/s]
AliNet:  22%|███████████▍                                        | 265/1200 [00:19<00:59, 15.67it/s]
AliNet:  22%|███████████▌                                        | 267/1200 [00:19<00:57, 16.11it/s]
AliNet:  22%|███████████▋                                        | 269/1200 [00:19<00:56, 16.43it/s]
AliNet:  23%|███████████▋                                        | 271/1200 [00:19<00:55, 16.66it/s]
AliNet:  23%|███████████▊                                        | 273/1200 [00:19<00:55, 16.82it/s]05:51:14 | INFO    | epoch  275/1200 | loss=0.0334 align=0.0030 rel=0.0303
05:51:14 | INFO    |            [filtered] MRR=0.0378 Hit@1=0.0239 Hit@5=0.0394 Hit@10=0.0752 MR=6284.1 n=1422
05:51:14 | INFO    |            [multiref] MRR=0.1101 Hit@1=0.0794 Hit@5=0.1302 Hit@10=0.1841 MR=2685.2 n=315
05:51:15 | INFO    |            -> new best filtered MRR=0.0378 (saved model_best.pt)

AliNet:  23%|███████████▉                                        | 275/1200 [00:20<01:59,  7.74it/s]
AliNet:  23%|████████████                                        | 277/1200 [00:20<01:39,  9.28it/s]
AliNet:  23%|████████████                                        | 279/1200 [00:20<01:25, 10.77it/s]
AliNet:  23%|████████████▏                                       | 281/1200 [00:20<01:15, 12.13it/s]
AliNet:  24%|████████████▎                                       | 283/1200 [00:20<01:08, 13.32it/s]
AliNet:  24%|████████████▎                                       | 285/1200 [00:20<01:04, 14.29it/s]
AliNet:  24%|████████████▍                                       | 287/1200 [00:20<01:00, 15.04it/s]
AliNet:  24%|████████████▌                                       | 289/1200 [00:21<00:58, 15.64it/s]
AliNet:  24%|████████████▌                                       | 291/1200 [00:21<00:56, 16.08it/s]
AliNet:  24%|████████████▋                                       | 293/1200 [00:21<00:55, 16.40it/s]
AliNet:  25%|████████████▊                                       | 295/1200 [00:21<00:54, 16.64it/s]
AliNet:  25%|████████████▊                                       | 297/1200 [00:21<00:53, 16.80it/s]
AliNet:  25%|████████████▉                                       | 299/1200 [00:21<00:53, 16.92it/s]05:51:16 | INFO    | epoch  300/1200 | loss=0.0313 align=0.0027 rel=0.0286
05:51:16 | INFO    |            [filtered] MRR=0.0388 Hit@1=0.0246 Hit@5=0.0422 Hit@10=0.0774 MR=6952.5 n=1422
05:51:16 | INFO    |            [multiref] MRR=0.1134 Hit@1=0.0825 Hit@5=0.1365 Hit@10=0.1905 MR=3046.7 n=315
05:51:16 | INFO    |            -> new best filtered MRR=0.0388 (saved model_best.pt)

AliNet:  25%|█████████████                                       | 301/1200 [00:22<01:54,  7.87it/s]
AliNet:  25%|█████████████▏                                      | 303/1200 [00:22<01:35,  9.41it/s]
AliNet:  25%|█████████████▏                                      | 305/1200 [00:22<01:22, 10.88it/s]
AliNet:  26%|█████████████▎                                      | 307/1200 [00:22<01:13, 12.23it/s]
AliNet:  26%|█████████████▍                                      | 309/1200 [00:22<01:06, 13.40it/s]
AliNet:  26%|█████████████▍                                      | 311/1200 [00:22<01:01, 14.35it/s]
AliNet:  26%|█████████████▌                                      | 313/1200 [00:22<00:58, 15.11it/s]
AliNet:  26%|█████████████▋                                      | 315/1200 [00:22<00:56, 15.68it/s]
AliNet:  26%|█████████████▋                                      | 317/1200 [00:23<00:54, 16.11it/s]
AliNet:  27%|█████████████▊                                      | 319/1200 [00:23<00:53, 16.42it/s]
AliNet:  27%|█████████████▉                                      | 321/1200 [00:23<00:52, 16.65it/s]
AliNet:  27%|█████████████▉                                      | 323/1200 [00:23<00:52, 16.82it/s]05:51:18 | INFO    | epoch  325/1200 | loss=0.0292 align=0.0024 rel=0.0269
05:51:18 | INFO    |            [filtered] MRR=0.0388 Hit@1=0.0246 Hit@5=0.0401 Hit@10=0.0809 MR=7433.2 n=1422
05:51:18 | INFO    |            [multiref] MRR=0.1112 Hit@1=0.0794 Hit@5=0.1365 Hit@10=0.1937 MR=3372.6 n=315

AliNet:  27%|██████████████                                      | 325/1200 [00:23<01:22, 10.65it/s]
AliNet:  27%|██████████████▏                                     | 327/1200 [00:23<01:12, 12.04it/s]
AliNet:  27%|██████████████▎                                     | 329/1200 [00:24<01:05, 13.23it/s]
AliNet:  28%|██████████████▎                                     | 331/1200 [00:24<01:01, 14.22it/s]
AliNet:  28%|██████████████▍                                     | 333/1200 [00:24<00:57, 14.99it/s]
AliNet:  28%|██████████████▌                                     | 335/1200 [00:24<00:55, 15.59it/s]
AliNet:  28%|██████████████▌                                     | 337/1200 [00:24<00:53, 16.04it/s]
AliNet:  28%|██████████████▋                                     | 339/1200 [00:24<00:52, 16.38it/s]
AliNet:  28%|██████████████▊                                     | 341/1200 [00:24<00:51, 16.62it/s]
AliNet:  29%|██████████████▊                                     | 343/1200 [00:24<00:51, 16.79it/s]
AliNet:  29%|██████████████▉                                     | 345/1200 [00:24<00:50, 16.91it/s]
AliNet:  29%|███████████████                                     | 347/1200 [00:25<00:50, 17.00it/s]
AliNet:  29%|███████████████                                     | 349/1200 [00:25<00:49, 17.06it/s]05:51:20 | INFO    | epoch  350/1200 | loss=0.0283 align=0.0024 rel=0.0259
05:51:20 | INFO    |            [filtered] MRR=0.0411 Hit@1=0.0267 Hit@5=0.0408 Hit@10=0.0844 MR=7671.7 n=1422
05:51:20 | INFO    |            [multiref] MRR=0.1171 Hit@1=0.0857 Hit@5=0.1365 Hit@10=0.2000 MR=3432.2 n=315
05:51:20 | INFO    |            -> new best filtered MRR=0.0411 (saved model_best.pt)

AliNet:  29%|███████████████▏                                    | 351/1200 [00:25<01:50,  7.67it/s]
AliNet:  29%|███████████████▎                                    | 353/1200 [00:25<01:32,  9.20it/s]
AliNet:  30%|███████████████▍                                    | 355/1200 [00:26<01:19, 10.69it/s]
AliNet:  30%|███████████████▍                                    | 357/1200 [00:26<01:09, 12.06it/s]
AliNet:  30%|███████████████▌                                    | 359/1200 [00:26<01:03, 13.25it/s]
AliNet:  30%|███████████████▋                                    | 361/1200 [00:26<00:58, 14.24it/s]
AliNet:  30%|███████████████▋                                    | 363/1200 [00:26<00:55, 15.01it/s]
AliNet:  30%|███████████████▊                                    | 365/1200 [00:26<00:53, 15.61it/s]
AliNet:  31%|███████████████▉                                    | 367/1200 [00:26<00:51, 16.05it/s]
AliNet:  31%|███████████████▉                                    | 369/1200 [00:26<00:50, 16.39it/s]
AliNet:  31%|████████████████                                    | 371/1200 [00:26<00:49, 16.63it/s]
AliNet:  31%|████████████████▏                                   | 373/1200 [00:27<00:49, 16.81it/s]05:51:21 | INFO    | epoch  375/1200 | loss=0.0282 align=0.0024 rel=0.0258
05:51:22 | INFO    |            [filtered] MRR=0.0400 Hit@1=0.0246 Hit@5=0.0429 Hit@10=0.0816 MR=7969.6 n=1422
05:51:22 | INFO    |            [multiref] MRR=0.1113 Hit@1=0.0762 Hit@5=0.1302 Hit@10=0.1937 MR=3459.5 n=315

AliNet:  31%|████████████████▎                                   | 375/1200 [00:27<01:17, 10.71it/s]
AliNet:  31%|████████████████▎                                   | 377/1200 [00:27<01:08, 12.10it/s]
AliNet:  32%|████████████████▍                                   | 379/1200 [00:27<01:01, 13.27it/s]
AliNet:  32%|████████████████▌                                   | 381/1200 [00:27<00:57, 14.26it/s]
AliNet:  32%|████████████████▌                                   | 383/1200 [00:27<00:54, 15.03it/s]
AliNet:  32%|████████████████▋                                   | 385/1200 [00:27<00:52, 15.62it/s]
AliNet:  32%|████████████████▊                                   | 387/1200 [00:28<00:50, 16.07it/s]
AliNet:  32%|████████████████▊                                   | 389/1200 [00:28<00:49, 16.39it/s]
AliNet:  33%|████████████████▉                                   | 391/1200 [00:28<00:48, 16.63it/s]
AliNet:  33%|█████████████████                                   | 393/1200 [00:28<00:48, 16.79it/s]
AliNet:  33%|█████████████████                                   | 395/1200 [00:28<00:47, 16.92it/s]
AliNet:  33%|█████████████████▏                                  | 397/1200 [00:28<00:47, 17.02it/s]
AliNet:  33%|█████████████████▎                                  | 399/1200 [00:28<00:46, 17.06it/s]05:51:23 | INFO    | epoch  400/1200 | loss=0.0272 align=0.0021 rel=0.0251
05:51:23 | INFO    |            [filtered] MRR=0.0415 Hit@1=0.0260 Hit@5=0.0415 Hit@10=0.0907 MR=7942.4 n=1422
05:51:23 | INFO    |            [multiref] MRR=0.1111 Hit@1=0.0762 Hit@5=0.1302 Hit@10=0.1937 MR=3167.4 n=315
05:51:24 | INFO    |            -> new best filtered MRR=0.0415 (saved model_best.pt)

AliNet:  33%|█████████████████▍                                  | 401/1200 [00:29<02:29,  5.34it/s]
AliNet:  34%|█████████████████▍                                  | 403/1200 [00:29<01:58,  6.73it/s]
AliNet:  34%|█████████████████▌                                  | 405/1200 [00:30<01:36,  8.24it/s]
AliNet:  34%|█████████████████▋                                  | 407/1200 [00:30<01:21,  9.77it/s]
AliNet:  34%|█████████████████▋                                  | 409/1200 [00:30<01:10, 11.22it/s]
AliNet:  34%|█████████████████▊                                  | 411/1200 [00:30<01:02, 12.53it/s]
AliNet:  34%|█████████████████▉                                  | 413/1200 [00:30<00:57, 13.64it/s]
AliNet:  35%|█████████████████▉                                  | 415/1200 [00:30<00:53, 14.55it/s]
AliNet:  35%|██████████████████                                  | 417/1200 [00:30<00:51, 15.26it/s]
AliNet:  35%|██████████████████▏                                 | 419/1200 [00:30<00:49, 15.79it/s]
AliNet:  35%|██████████████████▏                                 | 421/1200 [00:30<00:48, 16.19it/s]
AliNet:  35%|██████████████████▎                                 | 423/1200 [00:31<00:47, 16.48it/s]05:51:25 | INFO    | epoch  425/1200 | loss=0.0247 align=0.0019 rel=0.0228
05:51:26 | INFO    |            [filtered] MRR=0.0409 Hit@1=0.0253 Hit@5=0.0436 Hit@10=0.0844 MR=7980.7 n=1422
05:51:26 | INFO    |            [multiref] MRR=0.1113 Hit@1=0.0762 Hit@5=0.1365 Hit@10=0.1905 MR=3333.6 n=315

AliNet:  35%|██████████████████▍                                 | 425/1200 [00:31<01:12, 10.68it/s]
AliNet:  36%|██████████████████▌                                 | 427/1200 [00:31<01:04, 12.07it/s]
AliNet:  36%|██████████████████▌                                 | 429/1200 [00:31<00:58, 13.27it/s]
AliNet:  36%|██████████████████▋                                 | 431/1200 [00:31<00:53, 14.25it/s]
AliNet:  36%|██████████████████▊                                 | 433/1200 [00:31<00:51, 15.01it/s]
AliNet:  36%|██████████████████▊                                 | 435/1200 [00:31<00:49, 15.59it/s]
AliNet:  36%|██████████████████▉                                 | 437/1200 [00:32<00:47, 16.06it/s]
AliNet:  37%|███████████████████                                 | 439/1200 [00:32<00:46, 16.39it/s]
AliNet:  37%|███████████████████                                 | 441/1200 [00:32<00:45, 16.63it/s]
AliNet:  37%|███████████████████▏                                | 443/1200 [00:32<00:45, 16.78it/s]
AliNet:  37%|███████████████████▎                                | 445/1200 [00:32<00:44, 16.91it/s]
AliNet:  37%|███████████████████▎                                | 447/1200 [00:32<00:44, 16.99it/s]
AliNet:  37%|███████████████████▍                                | 449/1200 [00:32<00:44, 17.06it/s]05:51:27 | INFO    | epoch  450/1200 | loss=0.0249 align=0.0017 rel=0.0232
05:51:27 | INFO    |            [filtered] MRR=0.0410 Hit@1=0.0260 Hit@5=0.0387 Hit@10=0.0795 MR=7989.4 n=1422
05:51:27 | INFO    |            [multiref] MRR=0.1125 Hit@1=0.0762 Hit@5=0.1206 Hit@10=0.1905 MR=3656.4 n=315

AliNet:  38%|███████████████████▌                                | 451/1200 [00:33<01:08, 10.93it/s]
AliNet:  38%|███████████████████▋                                | 453/1200 [00:33<01:00, 12.27it/s]
AliNet:  38%|███████████████████▋                                | 455/1200 [00:33<00:55, 13.42it/s]
AliNet:  38%|███████████████████▊                                | 457/1200 [00:33<00:51, 14.37it/s]
AliNet:  38%|███████████████████▉                                | 459/1200 [00:33<00:49, 15.12it/s]
AliNet:  38%|███████████████████▉                                | 461/1200 [00:33<00:47, 15.69it/s]
AliNet:  39%|████████████████████                                | 463/1200 [00:33<00:45, 16.13it/s]
AliNet:  39%|████████████████████▏                               | 465/1200 [00:33<00:44, 16.41it/s]
AliNet:  39%|████████████████████▏                               | 467/1200 [00:34<00:44, 16.64it/s]
AliNet:  39%|████████████████████▎                               | 469/1200 [00:34<00:43, 16.80it/s]
AliNet:  39%|████████████████████▍                               | 471/1200 [00:34<00:43, 16.93it/s]
AliNet:  39%|████████████████████▍                               | 473/1200 [00:34<00:42, 17.02it/s]05:51:29 | INFO    | epoch  475/1200 | loss=0.0234 align=0.0016 rel=0.0218
05:51:29 | INFO    |            [filtered] MRR=0.0404 Hit@1=0.0246 Hit@5=0.0401 Hit@10=0.0837 MR=8504.0 n=1422
05:51:29 | INFO    |            [multiref] MRR=0.1158 Hit@1=0.0825 Hit@5=0.1238 Hit@10=0.1841 MR=3895.6 n=315

AliNet:  40%|████████████████████▌                               | 475/1200 [00:34<01:06, 10.82it/s]
AliNet:  40%|████████████████████▋                               | 477/1200 [00:34<00:59, 12.19it/s]
AliNet:  40%|████████████████████▊                               | 479/1200 [00:34<00:54, 13.35it/s]
AliNet:  40%|████████████████████▊                               | 481/1200 [00:35<00:50, 14.31it/s]
AliNet:  40%|████████████████████▉                               | 483/1200 [00:35<00:47, 15.07it/s]
AliNet:  40%|█████████████████████                               | 485/1200 [00:35<00:45, 15.66it/s]
AliNet:  41%|█████████████████████                               | 487/1200 [00:35<00:44, 16.08it/s]
AliNet:  41%|█████████████████████▏                              | 489/1200 [00:35<00:43, 16.39it/s]
AliNet:  41%|█████████████████████▎                              | 491/1200 [00:35<00:42, 16.63it/s]
AliNet:  41%|█████████████████████▎                              | 493/1200 [00:35<00:42, 16.79it/s]
AliNet:  41%|█████████████████████▍                              | 495/1200 [00:35<00:41, 16.92it/s]
AliNet:  41%|█████████████████████▌                              | 497/1200 [00:36<00:41, 17.01it/s]
AliNet:  42%|█████████████████████▌                              | 499/1200 [00:36<00:41, 17.05it/s]05:51:31 | INFO    | epoch  500/1200 | loss=0.0234 align=0.0017 rel=0.0218
05:51:31 | INFO    |            [filtered] MRR=0.0424 Hit@1=0.0267 Hit@5=0.0436 Hit@10=0.0851 MR=8977.6 n=1422
05:51:31 | INFO    |            [multiref] MRR=0.1189 Hit@1=0.0825 Hit@5=0.1397 Hit@10=0.1905 MR=4261.3 n=315
05:51:31 | INFO    |            -> new best filtered MRR=0.0424 (saved model_best.pt)

AliNet:  42%|█████████████████████▋                              | 501/1200 [00:36<01:28,  7.88it/s]
AliNet:  42%|█████████████████████▊                              | 503/1200 [00:36<01:14,  9.42it/s]
AliNet:  42%|█████████████████████▉                              | 505/1200 [00:36<01:03, 10.90it/s]
AliNet:  42%|█████████████████████▉                              | 507/1200 [00:37<00:56, 12.24it/s]
AliNet:  42%|██████████████████████                              | 509/1200 [00:37<00:51, 13.40it/s]
AliNet:  43%|██████████████████████▏                             | 511/1200 [00:37<00:48, 14.35it/s]
AliNet:  43%|██████████████████████▏                             | 513/1200 [00:37<00:45, 15.10it/s]
AliNet:  43%|██████████████████████▎                             | 515/1200 [00:37<00:43, 15.67it/s]
AliNet:  43%|██████████████████████▍                             | 517/1200 [00:37<00:42, 16.11it/s]
AliNet:  43%|██████████████████████▍                             | 519/1200 [00:37<00:41, 16.40it/s]
AliNet:  43%|██████████████████████▌                             | 521/1200 [00:37<00:40, 16.63it/s]
AliNet:  44%|██████████████████████▋                             | 523/1200 [00:37<00:40, 16.79it/s]05:51:32 | INFO    | epoch  525/1200 | loss=0.0224 align=0.0014 rel=0.0210
05:51:33 | INFO    |            [filtered] MRR=0.0415 Hit@1=0.0267 Hit@5=0.0429 Hit@10=0.0731 MR=9029.7 n=1422
05:51:33 | INFO    |            [multiref] MRR=0.1191 Hit@1=0.0857 Hit@5=0.1333 Hit@10=0.1873 MR=4236.3 n=315

AliNet:  44%|██████████████████████▊                             | 525/1200 [00:38<01:02, 10.75it/s]
AliNet:  44%|██████████████████████▊                             | 527/1200 [00:38<00:55, 12.12it/s]
AliNet:  44%|██████████████████████▉                             | 529/1200 [00:38<00:50, 13.31it/s]
AliNet:  44%|███████████████████████                             | 531/1200 [00:38<00:46, 14.28it/s]
AliNet:  44%|███████████████████████                             | 533/1200 [00:38<00:44, 15.04it/s]
AliNet:  45%|███████████████████████▏                            | 535/1200 [00:38<00:42, 15.63it/s]
AliNet:  45%|███████████████████████▎                            | 537/1200 [00:39<00:41, 16.06it/s]
AliNet:  45%|███████████████████████▎                            | 539/1200 [00:39<00:40, 16.39it/s]
AliNet:  45%|███████████████████████▍                            | 541/1200 [00:39<00:39, 16.63it/s]
AliNet:  45%|███████████████████████▌                            | 543/1200 [00:39<00:39, 16.78it/s]
AliNet:  45%|███████████████████████▌                            | 545/1200 [00:39<00:38, 16.90it/s]
AliNet:  46%|███████████████████████▋                            | 547/1200 [00:39<00:38, 16.99it/s]
AliNet:  46%|███████████████████████▊                            | 549/1200 [00:39<00:38, 17.05it/s]05:51:34 | INFO    | epoch  550/1200 | loss=0.0227 align=0.0015 rel=0.0212
05:51:34 | INFO    |            [filtered] MRR=0.0427 Hit@1=0.0288 Hit@5=0.0394 Hit@10=0.0745 MR=8913.0 n=1422
05:51:34 | INFO    |            [multiref] MRR=0.1201 Hit@1=0.0889 Hit@5=0.1238 Hit@10=0.1937 MR=4229.5 n=315
05:51:35 | INFO    |            -> new best filtered MRR=0.0427 (saved model_best.pt)

AliNet:  46%|███████████████████████▉                            | 551/1200 [00:40<01:23,  7.75it/s]
AliNet:  46%|███████████████████████▉                            | 553/1200 [00:40<01:09,  9.28it/s]
AliNet:  46%|████████████████████████                            | 555/1200 [00:40<00:59, 10.77it/s]
AliNet:  46%|████████████████████████▏                           | 557/1200 [00:40<00:52, 12.13it/s]
AliNet:  47%|████████████████████████▏                           | 559/1200 [00:40<00:48, 13.30it/s]
AliNet:  47%|████████████████████████▎                           | 561/1200 [00:40<00:45, 14.06it/s]
AliNet:  47%|████████████████████████▍                           | 563/1200 [00:41<00:42, 14.89it/s]
AliNet:  47%|████████████████████████▍                           | 565/1200 [00:41<00:40, 15.51it/s]
AliNet:  47%|████████████████████████▌                           | 567/1200 [00:41<00:39, 15.98it/s]
AliNet:  47%|████████████████████████▋                           | 569/1200 [00:41<00:38, 16.33it/s]
AliNet:  48%|████████████████████████▋                           | 571/1200 [00:41<00:37, 16.58it/s]
AliNet:  48%|████████████████████████▊                           | 573/1200 [00:41<00:37, 16.76it/s]05:51:36 | INFO    | epoch  575/1200 | loss=0.0221 align=0.0019 rel=0.0202
05:51:36 | INFO    |            [filtered] MRR=0.0442 Hit@1=0.0288 Hit@5=0.0429 Hit@10=0.0865 MR=9185.6 n=1422
05:51:36 | INFO    |            [multiref] MRR=0.1244 Hit@1=0.0921 Hit@5=0.1333 Hit@10=0.2000 MR=4349.0 n=315
05:51:36 | INFO    |            -> new best filtered MRR=0.0442 (saved model_best.pt)

AliNet:  48%|████████████████████████▉                           | 575/1200 [00:42<01:19,  7.84it/s]
AliNet:  48%|█████████████████████████                           | 577/1200 [00:42<01:06,  9.38it/s]
AliNet:  48%|█████████████████████████                           | 579/1200 [00:42<00:57, 10.86it/s]
AliNet:  48%|█████████████████████████▏                          | 581/1200 [00:42<00:50, 12.21it/s]
AliNet:  49%|█████████████████████████▎                          | 583/1200 [00:42<00:46, 13.37it/s]
AliNet:  49%|█████████████████████████▎                          | 585/1200 [00:42<00:42, 14.32it/s]
AliNet:  49%|█████████████████████████▍                          | 587/1200 [00:42<00:40, 15.08it/s]
AliNet:  49%|█████████████████████████▌                          | 589/1200 [00:42<00:39, 15.66it/s]
AliNet:  49%|█████████████████████████▌                          | 591/1200 [00:43<00:37, 16.09it/s]
AliNet:  49%|█████████████████████████▋                          | 593/1200 [00:43<00:37, 16.39it/s]
AliNet:  50%|█████████████████████████▊                          | 595/1200 [00:43<00:36, 16.62it/s]
AliNet:  50%|█████████████████████████▊                          | 597/1200 [00:43<00:35, 16.79it/s]
AliNet:  50%|█████████████████████████▉                          | 599/1200 [00:43<00:35, 16.91it/s]05:51:38 | INFO    | epoch  600/1200 | loss=0.0211 align=0.0016 rel=0.0195
05:51:38 | INFO    |            [filtered] MRR=0.0421 Hit@1=0.0253 Hit@5=0.0401 Hit@10=0.0872 MR=8708.4 n=1422
05:51:38 | INFO    |            [multiref] MRR=0.1173 Hit@1=0.0794 Hit@5=0.1270 Hit@10=0.1968 MR=3878.2 n=315

AliNet:  50%|██████████████████████████                          | 601/1200 [00:43<00:55, 10.70it/s]
AliNet:  50%|██████████████████████████▏                         | 603/1200 [00:44<00:49, 12.08it/s]
AliNet:  50%|██████████████████████████▏                         | 605/1200 [00:44<00:44, 13.27it/s]
AliNet:  51%|██████████████████████████▎                         | 607/1200 [00:44<00:41, 14.24it/s]
AliNet:  51%|██████████████████████████▍                         | 609/1200 [00:44<00:39, 15.01it/s]
AliNet:  51%|██████████████████████████▍                         | 611/1200 [00:44<00:37, 15.59it/s]
AliNet:  51%|██████████████████████████▌                         | 613/1200 [00:44<00:36, 16.03it/s]
AliNet:  51%|██████████████████████████▋                         | 615/1200 [00:44<00:35, 16.36it/s]
AliNet:  51%|██████████████████████████▋                         | 617/1200 [00:44<00:35, 16.61it/s]
AliNet:  52%|██████████████████████████▊                         | 619/1200 [00:44<00:34, 16.79it/s]
AliNet:  52%|██████████████████████████▉                         | 621/1200 [00:45<00:34, 16.87it/s]
AliNet:  52%|██████████████████████████▉                         | 623/1200 [00:45<00:34, 16.94it/s]05:51:40 | INFO    | epoch  625/1200 | loss=0.0216 align=0.0016 rel=0.0200
05:51:40 | INFO    |            [filtered] MRR=0.0446 Hit@1=0.0281 Hit@5=0.0436 Hit@10=0.0893 MR=8827.5 n=1422
05:51:40 | INFO    |            [multiref] MRR=0.1229 Hit@1=0.0857 Hit@5=0.1365 Hit@10=0.1937 MR=3839.9 n=315
05:51:40 | INFO    |            -> new best filtered MRR=0.0446 (saved model_best.pt)

AliNet:  52%|███████████████████████████                         | 625/1200 [00:45<01:13,  7.86it/s]
AliNet:  52%|███████████████████████████▏                        | 627/1200 [00:45<01:00,  9.40it/s]
AliNet:  52%|███████████████████████████▎                        | 629/1200 [00:46<00:52, 10.88it/s]
AliNet:  53%|███████████████████████████▎                        | 631/1200 [00:46<00:46, 12.22it/s]
AliNet:  53%|███████████████████████████▍                        | 633/1200 [00:46<00:42, 13.38it/s]
AliNet:  53%|███████████████████████████▌                        | 635/1200 [00:46<00:39, 14.33it/s]
AliNet:  53%|███████████████████████████▌                        | 637/1200 [00:46<00:37, 15.01it/s]
AliNet:  53%|███████████████████████████▋                        | 639/1200 [00:46<00:35, 15.61it/s]
AliNet:  53%|███████████████████████████▊                        | 641/1200 [00:46<00:34, 16.05it/s]
AliNet:  54%|███████████████████████████▊                        | 643/1200 [00:46<00:34, 16.35it/s]
AliNet:  54%|███████████████████████████▉                        | 645/1200 [00:46<00:33, 16.59it/s]
AliNet:  54%|████████████████████████████                        | 647/1200 [00:47<00:32, 16.76it/s]
AliNet:  54%|████████████████████████████                        | 649/1200 [00:47<00:32, 16.89it/s]05:51:42 | INFO    | epoch  650/1200 | loss=0.0199 align=0.0014 rel=0.0184
05:51:42 | INFO    |            [filtered] MRR=0.0451 Hit@1=0.0302 Hit@5=0.0422 Hit@10=0.0865 MR=8974.3 n=1422
05:51:42 | INFO    |            [multiref] MRR=0.1304 Hit@1=0.0984 Hit@5=0.1270 Hit@10=0.2063 MR=3973.3 n=315
05:51:42 | INFO    |            -> new best filtered MRR=0.0451 (saved model_best.pt)

AliNet:  54%|████████████████████████████▏                       | 651/1200 [00:47<01:10,  7.83it/s]
AliNet:  54%|████████████████████████████▎                       | 653/1200 [00:47<00:58,  9.36it/s]
AliNet:  55%|████████████████████████████▍                       | 655/1200 [00:47<00:50, 10.83it/s]
AliNet:  55%|████████████████████████████▍                       | 657/1200 [00:48<00:44, 12.19it/s]
AliNet:  55%|████████████████████████████▌                       | 659/1200 [00:48<00:40, 13.35it/s]
AliNet:  55%|████████████████████████████▋                       | 661/1200 [00:48<00:37, 14.32it/s]
AliNet:  55%|████████████████████████████▋                       | 663/1200 [00:48<00:35, 15.07it/s]
AliNet:  55%|████████████████████████████▊                       | 665/1200 [00:48<00:34, 15.63it/s]
AliNet:  56%|████████████████████████████▉                       | 667/1200 [00:48<00:33, 16.07it/s]
AliNet:  56%|████████████████████████████▉                       | 669/1200 [00:48<00:32, 16.38it/s]
AliNet:  56%|█████████████████████████████                       | 671/1200 [00:48<00:31, 16.63it/s]
AliNet:  56%|█████████████████████████████▏                      | 673/1200 [00:49<00:31, 16.79it/s]05:51:43 | INFO    | epoch  675/1200 | loss=0.0210 align=0.0019 rel=0.0191
05:51:44 | INFO    |            [filtered] MRR=0.0450 Hit@1=0.0295 Hit@5=0.0429 Hit@10=0.0914 MR=9371.3 n=1422
05:51:44 | INFO    |            [multiref] MRR=0.1263 Hit@1=0.0921 Hit@5=0.1302 Hit@10=0.2063 MR=4256.7 n=315

AliNet:  56%|█████████████████████████████▎                      | 675/1200 [00:49<00:49, 10.60it/s]
AliNet:  56%|█████████████████████████████▎                      | 677/1200 [00:49<00:43, 11.99it/s]
AliNet:  57%|█████████████████████████████▍                      | 679/1200 [00:49<00:39, 13.19it/s]
AliNet:  57%|█████████████████████████████▌                      | 681/1200 [00:49<00:36, 14.18it/s]
AliNet:  57%|█████████████████████████████▌                      | 683/1200 [00:49<00:34, 14.96it/s]
AliNet:  57%|█████████████████████████████▋                      | 685/1200 [00:49<00:33, 15.55it/s]
AliNet:  57%|█████████████████████████████▊                      | 687/1200 [00:50<00:32, 16.01it/s]
AliNet:  57%|█████████████████████████████▊                      | 689/1200 [00:50<00:31, 16.35it/s]
AliNet:  58%|█████████████████████████████▉                      | 691/1200 [00:50<00:30, 16.59it/s]
AliNet:  58%|██████████████████████████████                      | 693/1200 [00:50<00:30, 16.75it/s]
AliNet:  58%|██████████████████████████████                      | 695/1200 [00:50<00:29, 16.84it/s]
AliNet:  58%|██████████████████████████████▏                     | 697/1200 [00:50<00:29, 16.93it/s]
AliNet:  58%|██████████████████████████████▎                     | 699/1200 [00:50<00:29, 17.00it/s]05:51:45 | INFO    | epoch  700/1200 | loss=0.0205 align=0.0015 rel=0.0191
05:51:45 | INFO    |            [filtered] MRR=0.0440 Hit@1=0.0281 Hit@5=0.0450 Hit@10=0.0900 MR=9337.7 n=1422
05:51:45 | INFO    |            [multiref] MRR=0.1242 Hit@1=0.0857 Hit@5=0.1524 Hit@10=0.2159 MR=3935.8 n=315

AliNet:  58%|██████████████████████████████▍                     | 701/1200 [00:51<00:46, 10.76it/s]
AliNet:  59%|██████████████████████████████▍                     | 703/1200 [00:51<00:40, 12.12it/s]
AliNet:  59%|██████████████████████████████▌                     | 705/1200 [00:51<00:37, 13.30it/s]
AliNet:  59%|██████████████████████████████▋                     | 707/1200 [00:51<00:34, 14.27it/s]
AliNet:  59%|██████████████████████████████▋                     | 709/1200 [00:51<00:32, 15.04it/s]
AliNet:  59%|██████████████████████████████▊                     | 711/1200 [00:51<00:31, 15.61it/s]
AliNet:  59%|██████████████████████████████▉                     | 713/1200 [00:51<00:30, 16.04it/s]
AliNet:  60%|██████████████████████████████▉                     | 715/1200 [00:51<00:29, 16.37it/s]
AliNet:  60%|███████████████████████████████                     | 717/1200 [00:52<00:29, 16.60it/s]
AliNet:  60%|███████████████████████████████▏                    | 719/1200 [00:52<00:28, 16.78it/s]
AliNet:  60%|███████████████████████████████▏                    | 721/1200 [00:52<00:28, 16.89it/s]
AliNet:  60%|███████████████████████████████▎                    | 723/1200 [00:52<00:28, 16.90it/s]05:51:47 | INFO    | epoch  725/1200 | loss=0.0190 align=0.0014 rel=0.0176
05:51:47 | INFO    |            [filtered] MRR=0.0432 Hit@1=0.0267 Hit@5=0.0422 Hit@10=0.0816 MR=9823.7 n=1422
05:51:47 | INFO    |            [multiref] MRR=0.1246 Hit@1=0.0857 Hit@5=0.1365 Hit@10=0.2095 MR=4012.5 n=315

AliNet:  60%|███████████████████████████████▍                    | 725/1200 [00:52<00:44, 10.67it/s]
AliNet:  61%|███████████████████████████████▌                    | 727/1200 [00:52<00:39, 12.06it/s]
AliNet:  61%|███████████████████████████████▌                    | 729/1200 [00:52<00:35, 13.24it/s]
AliNet:  61%|███████████████████████████████▋                    | 731/1200 [00:53<00:33, 14.21it/s]
AliNet:  61%|███████████████████████████████▊                    | 733/1200 [00:53<00:31, 14.99it/s]
AliNet:  61%|███████████████████████████████▊                    | 735/1200 [00:53<00:29, 15.58it/s]
AliNet:  61%|███████████████████████████████▉                    | 737/1200 [00:53<00:28, 16.04it/s]
AliNet:  62%|████████████████████████████████                    | 739/1200 [00:53<00:28, 16.38it/s]
AliNet:  62%|████████████████████████████████                    | 741/1200 [00:53<00:27, 16.57it/s]
AliNet:  62%|████████████████████████████████▏                   | 743/1200 [00:53<00:27, 16.69it/s]
AliNet:  62%|████████████████████████████████▎                   | 745/1200 [00:53<00:27, 16.82it/s]
AliNet:  62%|████████████████████████████████▎                   | 747/1200 [00:54<00:26, 16.92it/s]
AliNet:  62%|████████████████████████████████▍                   | 749/1200 [00:54<00:26, 17.00it/s]05:51:49 | INFO    | epoch  750/1200 | loss=0.0197 align=0.0016 rel=0.0181
05:51:49 | INFO    |            [filtered] MRR=0.0424 Hit@1=0.0274 Hit@5=0.0415 Hit@10=0.0837 MR=10025.9 n=1422
05:51:49 | INFO    |            [multiref] MRR=0.1225 Hit@1=0.0889 Hit@5=0.1333 Hit@10=0.2095 MR=4064.6 n=315

AliNet:  63%|████████████████████████████████▌                   | 751/1200 [00:54<00:42, 10.67it/s]
AliNet:  63%|████████████████████████████████▋                   | 753/1200 [00:54<00:37, 12.04it/s]
AliNet:  63%|████████████████████████████████▋                   | 755/1200 [00:54<00:33, 13.24it/s]
AliNet:  63%|████████████████████████████████▊                   | 757/1200 [00:54<00:31, 14.22it/s]
AliNet:  63%|████████████████████████████████▉                   | 759/1200 [00:54<00:29, 15.00it/s]
AliNet:  63%|████████████████████████████████▉                   | 761/1200 [00:55<00:28, 15.58it/s]
AliNet:  64%|█████████████████████████████████                   | 763/1200 [00:55<00:27, 16.03it/s]
AliNet:  64%|█████████████████████████████████▏                  | 765/1200 [00:55<00:26, 16.36it/s]
AliNet:  64%|█████████████████████████████████▏                  | 767/1200 [00:55<00:26, 16.60it/s]
AliNet:  64%|█████████████████████████████████▎                  | 769/1200 [00:55<00:25, 16.77it/s]
AliNet:  64%|█████████████████████████████████▍                  | 771/1200 [00:55<00:25, 16.86it/s]
AliNet:  64%|█████████████████████████████████▍                  | 773/1200 [00:55<00:25, 16.89it/s]05:51:50 | INFO    | epoch  775/1200 | loss=0.0188 align=0.0015 rel=0.0174
05:51:50 | INFO    |            [filtered] MRR=0.0442 Hit@1=0.0288 Hit@5=0.0443 Hit@10=0.0921 MR=10361.3 n=1422
05:51:50 | INFO    |            [multiref] MRR=0.1254 Hit@1=0.0889 Hit@5=0.1429 Hit@10=0.2254 MR=4167.9 n=315

AliNet:  65%|█████████████████████████████████▌                  | 775/1200 [00:56<00:39, 10.67it/s]
AliNet:  65%|█████████████████████████████████▋                  | 777/1200 [00:56<00:35, 12.06it/s]
AliNet:  65%|█████████████████████████████████▊                  | 779/1200 [00:56<00:31, 13.23it/s]
AliNet:  65%|█████████████████████████████████▊                  | 781/1200 [00:56<00:29, 14.21it/s]
AliNet:  65%|█████████████████████████████████▉                  | 783/1200 [00:56<00:27, 14.98it/s]
AliNet:  65%|██████████████████████████████████                  | 785/1200 [00:56<00:26, 15.58it/s]
AliNet:  66%|██████████████████████████████████                  | 787/1200 [00:56<00:25, 16.04it/s]
AliNet:  66%|██████████████████████████████████▏                 | 789/1200 [00:56<00:25, 16.35it/s]
AliNet:  66%|██████████████████████████████████▎                 | 791/1200 [00:57<00:24, 16.55it/s]
AliNet:  66%|██████████████████████████████████▎                 | 793/1200 [00:57<00:24, 16.68it/s]
AliNet:  66%|██████████████████████████████████▍                 | 795/1200 [00:57<00:24, 16.83it/s]
AliNet:  66%|██████████████████████████████████▌                 | 797/1200 [00:57<00:23, 16.92it/s]
AliNet:  67%|██████████████████████████████████▌                 | 799/1200 [00:57<00:23, 17.00it/s]05:51:52 | INFO    | epoch  800/1200 | loss=0.0189 align=0.0014 rel=0.0176
05:51:52 | INFO    |            [filtered] MRR=0.0438 Hit@1=0.0274 Hit@5=0.0443 Hit@10=0.0928 MR=10120.0 n=1422
05:51:52 | INFO    |            [multiref] MRR=0.1209 Hit@1=0.0825 Hit@5=0.1397 Hit@10=0.2127 MR=4436.9 n=315

AliNet:  67%|██████████████████████████████████▋                 | 801/1200 [00:57<00:37, 10.72it/s]
AliNet:  67%|██████████████████████████████████▊                 | 803/1200 [00:57<00:32, 12.09it/s]
AliNet:  67%|██████████████████████████████████▉                 | 805/1200 [00:58<00:29, 13.27it/s]
AliNet:  67%|██████████████████████████████████▉                 | 807/1200 [00:58<00:27, 14.25it/s]
AliNet:  67%|███████████████████████████████████                 | 809/1200 [00:58<00:26, 15.00it/s]
AliNet:  68%|███████████████████████████████████▏                | 811/1200 [00:58<00:24, 15.57it/s]
AliNet:  68%|███████████████████████████████████▏                | 813/1200 [00:58<00:24, 16.02it/s]
AliNet:  68%|███████████████████████████████████▎                | 815/1200 [00:58<00:23, 16.35it/s]
AliNet:  68%|███████████████████████████████████▍                | 817/1200 [00:58<00:23, 16.59it/s]
AliNet:  68%|███████████████████████████████████▍                | 819/1200 [00:58<00:22, 16.75it/s]
AliNet:  68%|███████████████████████████████████▌                | 821/1200 [00:59<00:22, 16.82it/s]
AliNet:  69%|███████████████████████████████████▋                | 823/1200 [00:59<00:22, 16.87it/s]05:51:54 | INFO    | epoch  825/1200 | loss=0.0184 align=0.0015 rel=0.0170
05:51:54 | INFO    |            [filtered] MRR=0.0459 Hit@1=0.0302 Hit@5=0.0450 Hit@10=0.0914 MR=9929.6 n=1422
05:51:54 | INFO    |            [multiref] MRR=0.1301 Hit@1=0.0952 Hit@5=0.1429 Hit@10=0.2000 MR=4016.1 n=315
05:51:54 | INFO    |            -> new best filtered MRR=0.0459 (saved model_best.pt)

AliNet:  69%|███████████████████████████████████▊                | 825/1200 [00:59<00:47,  7.84it/s]
AliNet:  69%|███████████████████████████████████▊                | 827/1200 [00:59<00:39,  9.38it/s]
AliNet:  69%|███████████████████████████████████▉                | 829/1200 [00:59<00:34, 10.86it/s]
AliNet:  69%|████████████████████████████████████                | 831/1200 [01:00<00:30, 12.20it/s]
AliNet:  69%|████████████████████████████████████                | 833/1200 [01:00<00:27, 13.34it/s]
AliNet:  70%|████████████████████████████████████▏               | 835/1200 [01:00<00:25, 14.29it/s]
AliNet:  70%|████████████████████████████████████▎               | 837/1200 [01:00<00:24, 15.05it/s]
AliNet:  70%|████████████████████████████████████▎               | 839/1200 [01:00<00:23, 15.63it/s]
AliNet:  70%|████████████████████████████████████▍               | 841/1200 [01:00<00:22, 16.07it/s]
AliNet:  70%|████████████████████████████████████▌               | 843/1200 [01:00<00:21, 16.35it/s]
AliNet:  70%|████████████████████████████████████▌               | 845/1200 [01:00<00:21, 16.52it/s]
AliNet:  71%|████████████████████████████████████▋               | 847/1200 [01:01<00:21, 16.68it/s]
AliNet:  71%|████████████████████████████████████▊               | 849/1200 [01:01<00:20, 16.83it/s]05:51:56 | INFO    | epoch  850/1200 | loss=0.0180 align=0.0013 rel=0.0167
05:51:56 | INFO    |            [filtered] MRR=0.0455 Hit@1=0.0309 Hit@5=0.0443 Hit@10=0.0872 MR=10494.5 n=1422
05:51:56 | INFO    |            [multiref] MRR=0.1294 Hit@1=0.0952 Hit@5=0.1460 Hit@10=0.2063 MR=4154.3 n=315

AliNet:  71%|████████████████████████████████████▉               | 851/1200 [01:01<00:32, 10.84it/s]
AliNet:  71%|████████████████████████████████████▉               | 853/1200 [01:01<00:28, 12.20it/s]
AliNet:  71%|█████████████████████████████████████               | 855/1200 [01:01<00:25, 13.36it/s]
AliNet:  71%|█████████████████████████████████████▏              | 857/1200 [01:01<00:23, 14.30it/s]
AliNet:  72%|█████████████████████████████████████▏              | 859/1200 [01:01<00:22, 15.03it/s]
AliNet:  72%|█████████████████████████████████████▎              | 861/1200 [01:02<00:21, 15.61it/s]
AliNet:  72%|█████████████████████████████████████▍              | 863/1200 [01:02<00:21, 16.05it/s]
AliNet:  72%|█████████████████████████████████████▍              | 865/1200 [01:02<00:20, 16.37it/s]
AliNet:  72%|█████████████████████████████████████▌              | 867/1200 [01:02<00:20, 16.58it/s]
AliNet:  72%|█████████████████████████████████████▋              | 869/1200 [01:02<00:19, 16.71it/s]
AliNet:  73%|█████████████████████████████████████▋              | 871/1200 [01:02<00:19, 16.78it/s]
AliNet:  73%|█████████████████████████████████████▊              | 873/1200 [01:02<00:19, 16.87it/s]05:51:57 | INFO    | epoch  875/1200 | loss=0.0182 align=0.0014 rel=0.0168
05:51:57 | INFO    |            [filtered] MRR=0.0444 Hit@1=0.0295 Hit@5=0.0422 Hit@10=0.0865 MR=10025.4 n=1422
05:51:57 | INFO    |            [multiref] MRR=0.1260 Hit@1=0.0921 Hit@5=0.1333 Hit@10=0.2190 MR=3841.1 n=315

AliNet:  73%|█████████████████████████████████████▉              | 875/1200 [01:03<00:30, 10.80it/s]
AliNet:  73%|██████████████████████████████████████              | 877/1200 [01:03<00:26, 12.17it/s]
AliNet:  73%|██████████████████████████████████████              | 879/1200 [01:03<00:24, 13.34it/s]
AliNet:  73%|██████████████████████████████████████▏             | 881/1200 [01:03<00:22, 14.30it/s]
AliNet:  74%|██████████████████████████████████████▎             | 883/1200 [01:03<00:21, 15.05it/s]
AliNet:  74%|██████████████████████████████████████▎             | 885/1200 [01:03<00:20, 15.61it/s]
AliNet:  74%|██████████████████████████████████████▍             | 887/1200 [01:03<00:19, 16.03it/s]
AliNet:  74%|██████████████████████████████████████▌             | 889/1200 [01:03<00:19, 16.35it/s]
AliNet:  74%|██████████████████████████████████████▌             | 891/1200 [01:04<00:18, 16.59it/s]
AliNet:  74%|██████████████████████████████████████▋             | 893/1200 [01:04<00:18, 16.77it/s]
AliNet:  75%|██████████████████████████████████████▊             | 895/1200 [01:04<00:18, 16.83it/s]
AliNet:  75%|██████████████████████████████████████▊             | 897/1200 [01:04<00:17, 16.88it/s]
AliNet:  75%|██████████████████████████████████████▉             | 899/1200 [01:04<00:17, 16.89it/s]05:51:59 | INFO    | epoch  900/1200 | loss=0.0180 align=0.0013 rel=0.0167
05:51:59 | INFO    |            [filtered] MRR=0.0426 Hit@1=0.0274 Hit@5=0.0443 Hit@10=0.0731 MR=10734.2 n=1422
05:51:59 | INFO    |            [multiref] MRR=0.1246 Hit@1=0.0889 Hit@5=0.1460 Hit@10=0.2000 MR=4055.2 n=315

AliNet:  75%|███████████████████████████████████████             | 901/1200 [01:04<00:27, 10.75it/s]
AliNet:  75%|███████████████████████████████████████▏            | 903/1200 [01:04<00:24, 12.10it/s]
AliNet:  75%|███████████████████████████████████████▏            | 905/1200 [01:05<00:22, 13.27it/s]
AliNet:  76%|███████████████████████████████████████▎            | 907/1200 [01:05<00:20, 14.24it/s]
AliNet:  76%|███████████████████████████████████████▍            | 909/1200 [01:05<00:19, 15.01it/s]
AliNet:  76%|███████████████████████████████████████▍            | 911/1200 [01:05<00:18, 15.60it/s]
AliNet:  76%|███████████████████████████████████████▌            | 913/1200 [01:05<00:17, 16.04it/s]
AliNet:  76%|███████████████████████████████████████▋            | 915/1200 [01:05<00:17, 16.33it/s]
AliNet:  76%|███████████████████████████████████████▋            | 917/1200 [01:05<00:17, 16.47it/s]
AliNet:  77%|███████████████████████████████████████▊            | 919/1200 [01:05<00:16, 16.63it/s]
AliNet:  77%|███████████████████████████████████████▉            | 921/1200 [01:06<00:16, 16.77it/s]
AliNet:  77%|███████████████████████████████████████▉            | 923/1200 [01:06<00:16, 16.86it/s]05:52:01 | INFO    | epoch  925/1200 | loss=0.0173 align=0.0015 rel=0.0158
05:52:01 | INFO    |            [filtered] MRR=0.0435 Hit@1=0.0281 Hit@5=0.0429 Hit@10=0.0816 MR=10271.9 n=1422
05:52:01 | INFO    |            [multiref] MRR=0.1243 Hit@1=0.0889 Hit@5=0.1365 Hit@10=0.2095 MR=4002.4 n=315

AliNet:  77%|████████████████████████████████████████            | 925/1200 [01:06<00:25, 10.83it/s]
AliNet:  77%|████████████████████████████████████████▏           | 927/1200 [01:06<00:22, 12.20it/s]
AliNet:  77%|████████████████████████████████████████▎           | 929/1200 [01:06<00:20, 13.35it/s]
AliNet:  78%|████████████████████████████████████████▎           | 931/1200 [01:06<00:18, 14.29it/s]
AliNet:  78%|████████████████████████████████████████▍           | 933/1200 [01:06<00:17, 15.04it/s]
AliNet:  78%|████████████████████████████████████████▌           | 935/1200 [01:07<00:16, 15.62it/s]
AliNet:  78%|████████████████████████████████████████▌           | 937/1200 [01:07<00:16, 16.06it/s]
AliNet:  78%|████████████████████████████████████████▋           | 939/1200 [01:07<00:15, 16.38it/s]
AliNet:  78%|████████████████████████████████████████▊           | 941/1200 [01:07<00:15, 16.54it/s]
AliNet:  79%|████████████████████████████████████████▊           | 943/1200 [01:07<00:15, 16.65it/s]
AliNet:  79%|████████████████████████████████████████▉           | 945/1200 [01:07<00:15, 16.72it/s]
AliNet:  79%|█████████████████████████████████████████           | 947/1200 [01:07<00:15, 16.83it/s]
AliNet:  79%|█████████████████████████████████████████           | 949/1200 [01:07<00:14, 16.93it/s]05:52:02 | INFO    | epoch  950/1200 | loss=0.0167 align=0.0009 rel=0.0158
05:52:02 | INFO    |            [filtered] MRR=0.0446 Hit@1=0.0302 Hit@5=0.0436 Hit@10=0.0858 MR=10385.5 n=1422
05:52:02 | INFO    |            [multiref] MRR=0.1246 Hit@1=0.0889 Hit@5=0.1429 Hit@10=0.2095 MR=4174.0 n=315

AliNet:  79%|█████████████████████████████████████████▏          | 951/1200 [01:08<00:23, 10.82it/s]
AliNet:  79%|█████████████████████████████████████████▎          | 953/1200 [01:08<00:20, 12.18it/s]
AliNet:  80%|█████████████████████████████████████████▍          | 955/1200 [01:08<00:18, 13.35it/s]
AliNet:  80%|█████████████████████████████████████████▍          | 957/1200 [01:08<00:16, 14.30it/s]
AliNet:  80%|█████████████████████████████████████████▌          | 959/1200 [01:08<00:16, 15.03it/s]
AliNet:  80%|█████████████████████████████████████████▋          | 961/1200 [01:08<00:15, 15.60it/s]
AliNet:  80%|█████████████████████████████████████████▋          | 963/1200 [01:08<00:14, 16.04it/s]
AliNet:  80%|█████████████████████████████████████████▊          | 965/1200 [01:09<00:14, 16.36it/s]
AliNet:  81%|█████████████████████████████████████████▉          | 967/1200 [01:09<00:14, 16.59it/s]
AliNet:  81%|█████████████████████████████████████████▉          | 969/1200 [01:09<00:13, 16.72it/s]
AliNet:  81%|██████████████████████████████████████████          | 971/1200 [01:09<00:13, 16.80it/s]
AliNet:  81%|██████████████████████████████████████████▏         | 973/1200 [01:09<00:13, 16.83it/s]05:52:04 | INFO    | epoch  975/1200 | loss=0.0164 align=0.0014 rel=0.0150
05:52:04 | INFO    |            [filtered] MRR=0.0435 Hit@1=0.0281 Hit@5=0.0415 Hit@10=0.0865 MR=10797.7 n=1422
05:52:04 | INFO    |            [multiref] MRR=0.1274 Hit@1=0.0921 Hit@5=0.1365 Hit@10=0.2095 MR=4341.7 n=315

AliNet:  81%|██████████████████████████████████████████▎         | 975/1200 [01:09<00:21, 10.67it/s]
AliNet:  81%|██████████████████████████████████████████▎         | 977/1200 [01:09<00:18, 12.05it/s]
AliNet:  82%|██████████████████████████████████████████▍         | 979/1200 [01:10<00:16, 13.22it/s]
AliNet:  82%|██████████████████████████████████████████▌         | 981/1200 [01:10<00:15, 14.18it/s]
AliNet:  82%|██████████████████████████████████████████▌         | 983/1200 [01:10<00:14, 14.96it/s]
AliNet:  82%|██████████████████████████████████████████▋         | 985/1200 [01:10<00:13, 15.56it/s]
AliNet:  82%|██████████████████████████████████████████▊         | 987/1200 [01:10<00:13, 16.00it/s]
AliNet:  82%|██████████████████████████████████████████▊         | 989/1200 [01:10<00:12, 16.34it/s]
AliNet:  83%|██████████████████████████████████████████▉         | 991/1200 [01:10<00:12, 16.53it/s]
AliNet:  83%|███████████████████████████████████████████         | 993/1200 [01:10<00:12, 16.61it/s]
AliNet:  83%|███████████████████████████████████████████         | 995/1200 [01:11<00:12, 16.71it/s]
AliNet:  83%|███████████████████████████████████████████▏        | 997/1200 [01:11<00:12, 16.83it/s]
AliNet:  83%|███████████████████████████████████████████▎        | 999/1200 [01:11<00:11, 16.91it/s]05:52:06 | INFO    | epoch 1000/1200 | loss=0.0165 align=0.0011 rel=0.0154
05:52:06 | INFO    |            [filtered] MRR=0.0441 Hit@1=0.0295 Hit@5=0.0443 Hit@10=0.0788 MR=10639.7 n=1422
05:52:06 | INFO    |            [multiref] MRR=0.1259 Hit@1=0.0921 Hit@5=0.1460 Hit@10=0.1905 MR=4034.1 n=315

AliNet:  83%|██████████████████████████████████████████▌        | 1001/1200 [01:11<00:18, 10.75it/s]
AliNet:  84%|██████████████████████████████████████████▋        | 1003/1200 [01:11<00:16, 12.11it/s]
AliNet:  84%|██████████████████████████████████████████▋        | 1005/1200 [01:11<00:14, 13.29it/s]
AliNet:  84%|██████████████████████████████████████████▊        | 1007/1200 [01:11<00:13, 14.25it/s]
AliNet:  84%|██████████████████████████████████████████▉        | 1009/1200 [01:12<00:12, 15.00it/s]
AliNet:  84%|██████████████████████████████████████████▉        | 1011/1200 [01:12<00:12, 15.57it/s]
AliNet:  84%|███████████████████████████████████████████        | 1013/1200 [01:12<00:11, 16.01it/s]
AliNet:  85%|███████████████████████████████████████████▏       | 1015/1200 [01:12<00:11, 16.33it/s]
AliNet:  85%|███████████████████████████████████████████▏       | 1017/1200 [01:12<00:11, 16.50it/s]
AliNet:  85%|███████████████████████████████████████████▎       | 1019/1200 [01:12<00:10, 16.70it/s]
AliNet:  85%|███████████████████████████████████████████▍       | 1021/1200 [01:12<00:10, 16.80it/s]
AliNet:  85%|███████████████████████████████████████████▍       | 1023/1200 [01:12<00:10, 16.89it/s]05:52:07 | INFO    | epoch 1025/1200 | loss=0.0164 align=0.0013 rel=0.0152
05:52:07 | INFO    |            [filtered] MRR=0.0437 Hit@1=0.0295 Hit@5=0.0401 Hit@10=0.0774 MR=11036.8 n=1422
05:52:07 | INFO    |            [multiref] MRR=0.1263 Hit@1=0.0952 Hit@5=0.1302 Hit@10=0.1937 MR=4148.3 n=315

AliNet:  85%|███████████████████████████████████████████▌       | 1025/1200 [01:13<00:16, 10.73it/s]
AliNet:  86%|███████████████████████████████████████████▋       | 1027/1200 [01:13<00:14, 12.10it/s]
AliNet:  86%|███████████████████████████████████████████▋       | 1029/1200 [01:13<00:12, 13.26it/s]
AliNet:  86%|███████████████████████████████████████████▊       | 1031/1200 [01:13<00:11, 14.22it/s]
AliNet:  86%|███████████████████████████████████████████▉       | 1033/1200 [01:13<00:11, 14.99it/s]
AliNet:  86%|███████████████████████████████████████████▉       | 1035/1200 [01:13<00:10, 15.58it/s]
AliNet:  86%|████████████████████████████████████████████       | 1037/1200 [01:13<00:10, 16.02it/s]
AliNet:  87%|████████████████████████████████████████████▏      | 1039/1200 [01:14<00:09, 16.34it/s]
AliNet:  87%|████████████████████████████████████████████▏      | 1041/1200 [01:14<00:09, 16.53it/s]
AliNet:  87%|████████████████████████████████████████████▎      | 1043/1200 [01:14<00:09, 16.64it/s]
AliNet:  87%|████████████████████████████████████████████▍      | 1045/1200 [01:14<00:09, 16.73it/s]
AliNet:  87%|████████████████████████████████████████████▍      | 1047/1200 [01:14<00:09, 16.85it/s]
AliNet:  87%|████████████████████████████████████████████▌      | 1049/1200 [01:14<00:08, 16.93it/s]05:52:09 | INFO    | epoch 1050/1200 | loss=0.0172 align=0.0011 rel=0.0161
05:52:09 | INFO    |            [filtered] MRR=0.0412 Hit@1=0.0267 Hit@5=0.0387 Hit@10=0.0752 MR=10912.8 n=1422
05:52:09 | INFO    |            [multiref] MRR=0.1174 Hit@1=0.0825 Hit@5=0.1238 Hit@10=0.2063 MR=3959.8 n=315

AliNet:  88%|████████████████████████████████████████████▋      | 1051/1200 [01:14<00:13, 10.70it/s]
AliNet:  88%|████████████████████████████████████████████▊      | 1053/1200 [01:15<00:12, 12.06it/s]
AliNet:  88%|████████████████████████████████████████████▊      | 1055/1200 [01:15<00:10, 13.24it/s]
AliNet:  88%|████████████████████████████████████████████▉      | 1057/1200 [01:15<00:10, 14.22it/s]
AliNet:  88%|█████████████████████████████████████████████      | 1059/1200 [01:15<00:09, 14.99it/s]
AliNet:  88%|█████████████████████████████████████████████      | 1061/1200 [01:15<00:08, 15.57it/s]
AliNet:  89%|█████████████████████████████████████████████▏     | 1063/1200 [01:15<00:08, 15.98it/s]
AliNet:  89%|█████████████████████████████████████████████▎     | 1065/1200 [01:15<00:08, 16.29it/s]
AliNet:  89%|█████████████████████████████████████████████▎     | 1067/1200 [01:15<00:08, 16.49it/s]
AliNet:  89%|█████████████████████████████████████████████▍     | 1069/1200 [01:16<00:07, 16.64it/s]
AliNet:  89%|█████████████████████████████████████████████▌     | 1071/1200 [01:16<00:07, 16.79it/s]
AliNet:  89%|█████████████████████████████████████████████▌     | 1073/1200 [01:16<00:07, 16.89it/s]05:52:11 | INFO    | epoch 1075/1200 | loss=0.0160 align=0.0010 rel=0.0150
05:52:11 | INFO    |            [filtered] MRR=0.0430 Hit@1=0.0295 Hit@5=0.0415 Hit@10=0.0696 MR=11465.1 n=1422
05:52:11 | INFO    |            [multiref] MRR=0.1192 Hit@1=0.0857 Hit@5=0.1302 Hit@10=0.1810 MR=4052.3 n=315

AliNet:  90%|█████████████████████████████████████████████▋     | 1075/1200 [01:16<00:11, 10.77it/s]
AliNet:  90%|█████████████████████████████████████████████▊     | 1077/1200 [01:16<00:10, 12.14it/s]
AliNet:  90%|█████████████████████████████████████████████▊     | 1079/1200 [01:16<00:09, 13.29it/s]
AliNet:  90%|█████████████████████████████████████████████▉     | 1081/1200 [01:16<00:08, 14.22it/s]
AliNet:  90%|██████████████████████████████████████████████     | 1083/1200 [01:17<00:07, 14.99it/s]
AliNet:  90%|██████████████████████████████████████████████     | 1085/1200 [01:17<00:07, 15.57it/s]
AliNet:  91%|██████████████████████████████████████████████▏    | 1087/1200 [01:17<00:07, 16.02it/s]
AliNet:  91%|██████████████████████████████████████████████▎    | 1089/1200 [01:17<00:06, 16.34it/s]
AliNet:  91%|██████████████████████████████████████████████▎    | 1091/1200 [01:17<00:06, 16.53it/s]
AliNet:  91%|██████████████████████████████████████████████▍    | 1093/1200 [01:17<00:06, 16.63it/s]
AliNet:  91%|██████████████████████████████████████████████▌    | 1095/1200 [01:17<00:06, 16.71it/s]
AliNet:  91%|██████████████████████████████████████████████▌    | 1097/1200 [01:17<00:06, 16.79it/s]
AliNet:  92%|██████████████████████████████████████████████▋    | 1099/1200 [01:18<00:05, 16.89it/s]05:52:12 | INFO    | epoch 1100/1200 | loss=0.0160 align=0.0013 rel=0.0147
05:52:12 | INFO    |            [filtered] MRR=0.0437 Hit@1=0.0260 Hit@5=0.0457 Hit@10=0.0907 MR=11145.6 n=1422
05:52:12 | INFO    |            [multiref] MRR=0.1231 Hit@1=0.0857 Hit@5=0.1365 Hit@10=0.2159 MR=3979.8 n=315

AliNet:  92%|██████████████████████████████████████████████▊    | 1101/1200 [01:18<00:09, 10.75it/s]
AliNet:  92%|██████████████████████████████████████████████▉    | 1103/1200 [01:18<00:08, 12.12it/s]
AliNet:  92%|██████████████████████████████████████████████▉    | 1105/1200 [01:18<00:07, 13.29it/s]
AliNet:  92%|███████████████████████████████████████████████    | 1107/1200 [01:18<00:06, 14.26it/s]
AliNet:  92%|███████████████████████████████████████████████▏   | 1109/1200 [01:18<00:06, 15.01it/s]
AliNet:  93%|███████████████████████████████████████████████▏   | 1111/1200 [01:18<00:05, 15.58it/s]
AliNet:  93%|███████████████████████████████████████████████▎   | 1113/1200 [01:19<00:05, 15.99it/s]
AliNet:  93%|███████████████████████████████████████████████▍   | 1115/1200 [01:19<00:05, 16.31it/s]
AliNet:  93%|███████████████████████████████████████████████▍   | 1117/1200 [01:19<00:05, 16.47it/s]
AliNet:  93%|███████████████████████████████████████████████▌   | 1119/1200 [01:19<00:04, 16.64it/s]
AliNet:  93%|███████████████████████████████████████████████▋   | 1121/1200 [01:19<00:04, 16.78it/s]
AliNet:  94%|███████████████████████████████████████████████▋   | 1123/1200 [01:19<00:04, 16.88it/s]05:52:14 | INFO    | epoch 1125/1200 | loss=0.0157 align=0.0013 rel=0.0144
05:52:14 | INFO    |            [filtered] MRR=0.0461 Hit@1=0.0309 Hit@5=0.0422 Hit@10=0.0851 MR=11465.2 n=1422
05:52:14 | INFO    |            [multiref] MRR=0.1295 Hit@1=0.0921 Hit@5=0.1397 Hit@10=0.2127 MR=4330.5 n=315
05:52:15 | INFO    |            -> new best filtered MRR=0.0461 (saved model_best.pt)

AliNet:  94%|███████████████████████████████████████████████▊   | 1125/1200 [01:20<00:09,  7.78it/s]
AliNet:  94%|███████████████████████████████████████████████▉   | 1127/1200 [01:20<00:07,  9.32it/s]
AliNet:  94%|███████████████████████████████████████████████▉   | 1129/1200 [01:20<00:06, 10.78it/s]
AliNet:  94%|████████████████████████████████████████████████   | 1131/1200 [01:20<00:05, 12.14it/s]
AliNet:  94%|████████████████████████████████████████████████▏  | 1133/1200 [01:20<00:05, 13.30it/s]
AliNet:  95%|████████████████████████████████████████████████▏  | 1135/1200 [01:20<00:04, 14.26it/s]
AliNet:  95%|████████████████████████████████████████████████▎  | 1137/1200 [01:20<00:04, 15.02it/s]
AliNet:  95%|████████████████████████████████████████████████▍  | 1139/1200 [01:21<00:03, 15.59it/s]
AliNet:  95%|████████████████████████████████████████████████▍  | 1141/1200 [01:21<00:03, 15.94it/s]
AliNet:  95%|████████████████████████████████████████████████▌  | 1143/1200 [01:21<00:03, 16.19it/s]
AliNet:  95%|████████████████████████████████████████████████▋  | 1145/1200 [01:21<00:03, 16.41it/s]
AliNet:  96%|████████████████████████████████████████████████▋  | 1147/1200 [01:21<00:03, 16.61it/s]
AliNet:  96%|████████████████████████████████████████████████▊  | 1149/1200 [01:21<00:03, 16.76it/s]05:52:16 | INFO    | epoch 1150/1200 | loss=0.0160 align=0.0014 rel=0.0145
05:52:16 | INFO    |            [filtered] MRR=0.0428 Hit@1=0.0281 Hit@5=0.0415 Hit@10=0.0759 MR=11030.1 n=1422
05:52:16 | INFO    |            [multiref] MRR=0.1174 Hit@1=0.0794 Hit@5=0.1333 Hit@10=0.2032 MR=4146.4 n=315

AliNet:  96%|████████████████████████████████████████████████▉  | 1151/1200 [01:21<00:04, 10.67it/s]
AliNet:  96%|█████████████████████████████████████████████████  | 1153/1200 [01:22<00:03, 12.03it/s]
AliNet:  96%|█████████████████████████████████████████████████  | 1155/1200 [01:22<00:03, 13.22it/s]
AliNet:  96%|█████████████████████████████████████████████████▏ | 1157/1200 [01:22<00:03, 14.20it/s]
AliNet:  97%|█████████████████████████████████████████████████▎ | 1159/1200 [01:22<00:02, 14.97it/s]
AliNet:  97%|█████████████████████████████████████████████████▎ | 1161/1200 [01:22<00:02, 15.55it/s]
AliNet:  97%|█████████████████████████████████████████████████▍ | 1163/1200 [01:22<00:02, 15.96it/s]
AliNet:  97%|█████████████████████████████████████████████████▌ | 1165/1200 [01:22<00:02, 16.29it/s]
AliNet:  97%|█████████████████████████████████████████████████▌ | 1167/1200 [01:22<00:02, 16.46it/s]
AliNet:  97%|█████████████████████████████████████████████████▋ | 1169/1200 [01:23<00:01, 16.61it/s]
AliNet:  98%|█████████████████████████████████████████████████▊ | 1171/1200 [01:23<00:01, 16.76it/s]
AliNet:  98%|█████████████████████████████████████████████████▊ | 1173/1200 [01:23<00:01, 16.86it/s]05:52:18 | INFO    | epoch 1175/1200 | loss=0.0157 align=0.0012 rel=0.0144
05:52:18 | INFO    |            [filtered] MRR=0.0420 Hit@1=0.0253 Hit@5=0.0450 Hit@10=0.0823 MR=11523.4 n=1422
05:52:18 | INFO    |            [multiref] MRR=0.1233 Hit@1=0.0857 Hit@5=0.1460 Hit@10=0.1873 MR=4534.2 n=315

AliNet:  98%|█████████████████████████████████████████████████▉ | 1175/1200 [01:23<00:02, 10.70it/s]
AliNet:  98%|██████████████████████████████████████████████████ | 1177/1200 [01:23<00:01, 12.08it/s]
AliNet:  98%|██████████████████████████████████████████████████ | 1179/1200 [01:23<00:01, 13.25it/s]
AliNet:  98%|██████████████████████████████████████████████████▏| 1181/1200 [01:23<00:01, 14.21it/s]
AliNet:  99%|██████████████████████████████████████████████████▎| 1183/1200 [01:24<00:01, 14.95it/s]
AliNet:  99%|██████████████████████████████████████████████████▎| 1185/1200 [01:24<00:00, 15.55it/s]
AliNet:  99%|██████████████████████████████████████████████████▍| 1187/1200 [01:24<00:00, 15.99it/s]
AliNet:  99%|██████████████████████████████████████████████████▌| 1189/1200 [01:24<00:00, 16.31it/s]
AliNet:  99%|██████████████████████████████████████████████████▌| 1191/1200 [01:24<00:00, 16.55it/s]
AliNet:  99%|██████████████████████████████████████████████████▋| 1193/1200 [01:24<00:00, 16.67it/s]
AliNet: 100%|██████████████████████████████████████████████████▊| 1195/1200 [01:24<00:00, 16.76it/s]
AliNet: 100%|██████████████████████████████████████████████████▊| 1197/1200 [01:24<00:00, 16.79it/s]
AliNet: 100%|██████████████████████████████████████████████████▉| 1199/1200 [01:25<00:00, 16.83it/s]05:52:19 | INFO    | epoch 1200/1200 | loss=0.0151 align=0.0010 rel=0.0141
05:52:19 | INFO    |            [filtered] MRR=0.0420 Hit@1=0.0253 Hit@5=0.0415 Hit@10=0.0879 MR=11526.0 n=1422
05:52:19 | INFO    |            [multiref] MRR=0.1212 Hit@1=0.0794 Hit@5=0.1397 Hit@10=0.2063 MR=4398.0 n=315

AliNet: 100%|███████████████████████████████████████████████████| 1200/1200 [01:25<00:00, 14.07it/s]
05:52:20 | INFO    | Done in 1.4 min. Best filtered MRR=0.0461 @ epoch 1125.
05:52:20 | INFO    | Final evaluation on the test split, read once
05:52:21 | INFO    |   [cosine] filtMRR=0.0213 H@1=0.0064 H@10=0.0278 n=12578 | mrefMRR=0.0650 H@1=0.0185
05:52:21 | INFO    |   [  csls] filtMRR=0.0173 H@1=0.0061 H@10=0.0204 n=12578 | mrefMRR=0.0607 H@1=0.0160
05:52:22 | INFO    |   [cosine] F1=0.0760 P=0.0582 R=0.1096 (threshold 0.881 from validation, validation F1=0.1648)
05:52:23 | INFO    | Wrote experiments/alinet_relatedMatch_20260929-055051/result.json
05:52:23 | INFO    | Finished. Best validation MRR=0.0461 @ epoch 1125.
