05:53:34 | INFO    | Model: bootea | seed 2026 | device: cuda:0
05:53:34 | INFO    | Regime relatedMatch | graph: 84,182 nodes, 131,238 triples, 50,435 UCPGx candidates
05:53:34 | INFO    |   broadMatch/pgx   train=  3,744 test=  8,599 (70%) queries= 6,866 by cluster    leakage=0.00%
05:53:34 | INFO    |   closeMatch       train=  2,738 test=  6,296 (70%) queries= 1,490 by cluster    leakage=0.00%
05:53:34 | INFO    |   sameAs           train= 19,942 test= 46,531 (70%) queries=10,883 by cluster    leakage=0.00%
05:53:34 | INFO    |   broadMatch/onco  train= 25,039 test= 47,737 (66%) queries= 2,032 intra-cluster leakage=0.00%
05:53:34 | INFO    |   relatedMatch     train=  2,801 test=  6,289 (69%) queries=   812 intra-cluster leakage=0.00%
05:53:34 | INFO    |   related          train=471,647 test=762,046 (62%) queries=16,977 intra-cluster leakage=0.00%
05:53:34 | INFO    | Data: {'num_entities': 84182, 'num_relations': 13, 'triples': 131238, 'train_pairs': 2090, 'val_pairs': 711, 'candidates': 50435, 'unlabeled_pool': 49739}
05:53:36 | INFO    | Params: 6.31M
05:53:36 | INFO    | Run directory: experiments/bootea_relatedMatch_20260929-055334
05:53:36 | INFO    | BootEA | device=cuda:0 | {'num_entities': 84182, 'num_relations': 13, 'triples': 131238, 'train_pairs': 2090, 'val_pairs': 711, 'candidates': 50435, 'unlabeled_pool': 49739} triples(+swap)=142336

BootEA:   0%|                                                              | 0/1000 [00:00<?, ?it/s]
BootEA:   0%|                                                      | 1/1000 [00:00<04:40,  3.56it/s]
BootEA:   0%|▏                                                     | 3/1000 [00:00<02:12,  7.54it/s]
BootEA:   0%|▎                                                     | 5/1000 [00:00<01:45,  9.44it/s]
BootEA:   1%|▍                                                     | 7/1000 [00:00<01:34, 10.50it/s]
BootEA:   1%|▍                                                     | 9/1000 [00:00<01:28, 11.14it/s]
BootEA:   1%|▌                                                    | 11/1000 [00:01<01:25, 11.55it/s]
BootEA:   1%|▋                                                    | 13/1000 [00:01<01:23, 11.82it/s]
BootEA:   2%|▊                                                    | 15/1000 [00:01<01:22, 11.99it/s]
BootEA:   2%|▉                                                    | 17/1000 [00:01<01:21, 12.11it/s]
BootEA:   2%|█                                                    | 19/1000 [00:01<01:20, 12.19it/s]05:53:38 | INFO    | epoch   20/1000 | loss=2476.6351 kge=2475.7370 align=0.0898 pseudo=0.0000 | eps-trunc refreshed
05:53:38 | INFO    |            [filtered] MRR=0.0392 Hit@1=0.0169 Hit@5=0.0408 Hit@10=0.0823 MR=517.8 n=1422
05:53:38 | INFO    |            [multiref] MRR=0.1067 Hit@1=0.0667 Hit@5=0.1302 Hit@10=0.1746 MR=437.0 n=315
05:53:38 | INFO    |            -> new best multiref MRR=0.1067 (saved model_best.pt)

BootEA:   2%|█                                                    | 21/1000 [00:02<02:37,  6.20it/s]
BootEA:   2%|█▏                                                   | 23/1000 [00:02<02:13,  7.30it/s]
BootEA:   2%|█▎                                                   | 25/1000 [00:02<01:57,  8.33it/s]
BootEA:   3%|█▍                                                   | 27/1000 [00:02<01:45,  9.23it/s]
BootEA:   3%|█▌                                                   | 29/1000 [00:03<01:37,  9.98it/s]05:53:40 | INFO    | epoch   30/1000 | loss=6538.1365 kge=6534.0801 align=0.4056 pseudo=0.0000 | eps-trunc refreshed | bootstrap: 9000 pseudo-pairs (beta=1.0)

BootEA:   3%|█▋                                                   | 31/1000 [00:03<03:07,  5.15it/s]
BootEA:   3%|█▋                                                   | 32/1000 [00:03<02:53,  5.57it/s]
BootEA:   3%|█▋                                                   | 33/1000 [00:04<02:40,  6.03it/s]
BootEA:   3%|█▊                                                   | 34/1000 [00:04<02:28,  6.51it/s]05:53:40 | INFO    | epoch   35/1000 | loss=6682.6257 kge=6678.7325 align=0.3670 pseudo=0.2228 | bootstrap: 9000 pseudo-pairs (beta=1.0)

BootEA:   4%|█▊                                                   | 35/1000 [00:04<03:03,  5.27it/s]
BootEA:   4%|█▉                                                   | 36/1000 [00:04<02:44,  5.87it/s]
BootEA:   4%|█▉                                                   | 37/1000 [00:04<02:28,  6.47it/s]
BootEA:   4%|██                                                   | 38/1000 [00:04<02:17,  7.01it/s]
BootEA:   4%|██                                                   | 39/1000 [00:04<02:08,  7.47it/s]05:53:41 | INFO    | epoch   40/1000 | loss=6353.9929 kge=6350.8507 align=0.2934 pseudo=0.2086 | eps-trunc refreshed | bootstrap: 9000 pseudo-pairs (beta=1.0)
05:53:41 | INFO    |            [filtered] MRR=0.0243 Hit@1=0.0120 Hit@5=0.0134 Hit@10=0.0513 MR=14905.3 n=1422
05:53:41 | INFO    |            [multiref] MRR=0.0660 Hit@1=0.0444 Hit@5=0.0508 Hit@10=0.1016 MR=5690.8 n=315

BootEA:   4%|██                                                   | 40/1000 [00:05<04:39,  3.44it/s]
BootEA:   4%|██▏                                                  | 41/1000 [00:05<03:49,  4.19it/s]
BootEA:   4%|██▏                                                  | 42/1000 [00:05<03:12,  4.96it/s]
BootEA:   4%|██▎                                                  | 43/1000 [00:05<02:47,  5.72it/s]
BootEA:   4%|██▎                                                  | 44/1000 [00:06<02:28,  6.42it/s]05:53:42 | INFO    | epoch   45/1000 | loss=6556.1297 kge=6552.4919 align=0.3445 pseudo=0.1930 | bootstrap: 9000 pseudo-pairs (beta=1.0)

BootEA:   4%|██▍                                                  | 45/1000 [00:06<03:10,  5.00it/s]
BootEA:   5%|██▍                                                  | 46/1000 [00:06<02:46,  5.74it/s]
BootEA:   5%|██▍                                                  | 47/1000 [00:06<02:28,  6.44it/s]
BootEA:   5%|██▌                                                  | 48/1000 [00:06<02:15,  7.03it/s]
BootEA:   5%|██▌                                                  | 49/1000 [00:06<02:06,  7.52it/s]05:53:43 | INFO    | epoch   50/1000 | loss=6385.8440 kge=6382.1325 align=0.3529 pseudo=0.1823 | eps-trunc refreshed | bootstrap: 9000 pseudo-pairs (beta=1.0)

BootEA:   5%|██▋                                                  | 50/1000 [00:07<03:37,  4.36it/s]
BootEA:   5%|██▋                                                  | 51/1000 [00:07<03:04,  5.14it/s]
BootEA:   5%|██▊                                                  | 52/1000 [00:07<02:40,  5.90it/s]
BootEA:   5%|██▊                                                  | 53/1000 [00:07<02:23,  6.58it/s]
BootEA:   5%|██▊                                                  | 54/1000 [00:07<02:12,  7.15it/s]05:53:44 | INFO    | epoch   55/1000 | loss=6410.2907 kge=6406.7485 align=0.3371 pseudo=0.1709 | bootstrap: 9000 pseudo-pairs (beta=1.0)

BootEA:   6%|██▉                                                  | 55/1000 [00:08<02:58,  5.30it/s]
BootEA:   6%|██▉                                                  | 56/1000 [00:08<02:36,  6.02it/s]
BootEA:   6%|███                                                  | 57/1000 [00:08<02:21,  6.68it/s]
BootEA:   6%|███                                                  | 58/1000 [00:08<02:10,  7.24it/s]
BootEA:   6%|███▏                                                 | 59/1000 [00:08<02:02,  7.69it/s]05:53:45 | INFO    | epoch   60/1000 | loss=6295.6760 kge=6292.4010 align=0.3114 pseudo=0.1610 | eps-trunc refreshed | bootstrap: 9000 pseudo-pairs (beta=1.0)
05:53:45 | INFO    |            [filtered] MRR=0.0244 Hit@1=0.0120 Hit@5=0.0197 Hit@10=0.0591 MR=14058.1 n=1422
05:53:45 | INFO    |            [multiref] MRR=0.0679 Hit@1=0.0444 Hit@5=0.0698 Hit@10=0.1016 MR=5365.9 n=315

BootEA:   6%|███▏                                                 | 60/1000 [00:09<04:35,  3.42it/s]
BootEA:   6%|███▏                                                 | 61/1000 [00:09<03:43,  4.20it/s]
BootEA:   6%|███▎                                                 | 62/1000 [00:09<03:07,  5.01it/s]
BootEA:   6%|███▎                                                 | 63/1000 [00:09<02:41,  5.78it/s]
BootEA:   6%|███▍                                                 | 64/1000 [00:09<02:24,  6.50it/s]05:53:46 | INFO    | epoch   65/1000 | loss=6340.7299 kge=6337.1565 align=0.3419 pseudo=0.1544 | bootstrap: 9000 pseudo-pairs (beta=1.0)

BootEA:   6%|███▍                                                 | 65/1000 [00:09<03:05,  5.04it/s]
BootEA:   7%|███▍                                                 | 66/1000 [00:10<02:41,  5.79it/s]
BootEA:   7%|███▌                                                 | 67/1000 [00:10<02:23,  6.50it/s]
BootEA:   7%|███▌                                                 | 68/1000 [00:10<02:11,  7.10it/s]
BootEA:   7%|███▋                                                 | 69/1000 [00:10<02:02,  7.60it/s]05:53:47 | INFO    | epoch   70/1000 | loss=6248.2708 kge=6244.6233 align=0.3498 pseudo=0.1495 | eps-trunc refreshed | bootstrap: 9000 pseudo-pairs (beta=1.0)

BootEA:   7%|███▋                                                 | 70/1000 [00:10<03:31,  4.39it/s]
BootEA:   7%|███▊                                                 | 71/1000 [00:10<02:59,  5.17it/s]
BootEA:   7%|███▊                                                 | 72/1000 [00:11<02:36,  5.92it/s]
BootEA:   7%|███▊                                                 | 73/1000 [00:11<02:20,  6.60it/s]
BootEA:   7%|███▉                                                 | 74/1000 [00:11<02:09,  7.17it/s]05:53:47 | INFO    | epoch   75/1000 | loss=6300.6968 kge=6297.1277 align=0.3430 pseudo=0.1388 | bootstrap: 9000 pseudo-pairs (beta=1.0)

BootEA:   8%|███▉                                                 | 75/1000 [00:11<02:54,  5.30it/s]
BootEA:   8%|████                                                 | 76/1000 [00:11<02:33,  6.01it/s]
BootEA:   8%|████                                                 | 77/1000 [00:11<02:18,  6.67it/s]
BootEA:   8%|████▏                                                | 78/1000 [00:11<02:07,  7.23it/s]
BootEA:   8%|████▏                                                | 79/1000 [00:12<01:59,  7.68it/s]05:53:48 | INFO    | epoch   80/1000 | loss=6211.9048 kge=6208.4667 align=0.3303 pseudo=0.1347 | eps-trunc refreshed | bootstrap: 9000 pseudo-pairs (beta=1.0)
05:53:48 | INFO    |            [filtered] MRR=0.0245 Hit@1=0.0113 Hit@5=0.0204 Hit@10=0.0584 MR=15541.3 n=1422
05:53:48 | INFO    |            [multiref] MRR=0.0657 Hit@1=0.0413 Hit@5=0.0635 Hit@10=0.0952 MR=6236.3 n=315

BootEA:   8%|████▏                                                | 80/1000 [00:12<04:29,  3.41it/s]
BootEA:   8%|████▎                                                | 81/1000 [00:12<03:38,  4.20it/s]
BootEA:   8%|████▎                                                | 82/1000 [00:12<03:03,  5.01it/s]
BootEA:   8%|████▍                                                | 83/1000 [00:13<02:38,  5.79it/s]
BootEA:   8%|████▍                                                | 84/1000 [00:13<02:20,  6.50it/s]05:53:49 | INFO    | epoch   85/1000 | loss=6256.6512 kge=6253.0818 align=0.3441 pseudo=0.1284 | bootstrap: 9000 pseudo-pairs (beta=1.0)

BootEA:   8%|████▌                                                | 85/1000 [00:13<03:03,  4.98it/s]
BootEA:   9%|████▌                                                | 86/1000 [00:13<02:39,  5.73it/s]
BootEA:   9%|████▌                                                | 87/1000 [00:13<02:22,  6.43it/s]
BootEA:   9%|████▋                                                | 88/1000 [00:13<02:09,  7.02it/s]
BootEA:   9%|████▋                                                | 89/1000 [00:13<02:01,  7.51it/s]05:53:50 | INFO    | epoch   90/1000 | loss=6189.4052 kge=6185.7896 align=0.3489 pseudo=0.1260 | eps-trunc refreshed | bootstrap: 9000 pseudo-pairs (beta=1.0)

BootEA:   9%|████▊                                                | 90/1000 [00:14<03:28,  4.37it/s]
BootEA:   9%|████▊                                                | 91/1000 [00:14<02:56,  5.15it/s]
BootEA:   9%|████▉                                                | 92/1000 [00:14<02:33,  5.90it/s]
BootEA:   9%|████▉                                                | 93/1000 [00:14<02:17,  6.58it/s]
BootEA:   9%|████▉                                                | 94/1000 [00:14<02:06,  7.15it/s]05:53:51 | INFO    | epoch   95/1000 | loss=6228.3265 kge=6224.7369 align=0.3470 pseudo=0.1200 | bootstrap: 9000 pseudo-pairs (beta=1.0)

BootEA:  10%|█████                                                | 95/1000 [00:15<02:51,  5.28it/s]
BootEA:  10%|█████                                                | 96/1000 [00:15<02:30,  6.00it/s]
BootEA:  10%|█████▏                                               | 97/1000 [00:15<02:15,  6.66it/s]
BootEA:  10%|█████▏                                               | 98/1000 [00:15<02:05,  7.22it/s]
BootEA:  10%|█████▏                                               | 99/1000 [00:15<01:57,  7.67it/s]05:53:52 | INFO    | epoch  100/1000 | loss=6160.9703 kge=6157.4491 align=0.3403 pseudo=0.1181 | eps-trunc refreshed | bootstrap: 9000 pseudo-pairs (beta=1.0)
05:53:52 | INFO    |            [filtered] MRR=0.0237 Hit@1=0.0113 Hit@5=0.0190 Hit@10=0.0520 MR=16078.7 n=1422
05:53:52 | INFO    |            [multiref] MRR=0.0645 Hit@1=0.0413 Hit@5=0.0603 Hit@10=0.0984 MR=6617.1 n=315

BootEA:  10%|█████▏                                              | 100/1000 [00:16<04:24,  3.41it/s]
BootEA:  10%|█████▎                                              | 101/1000 [00:16<03:34,  4.19it/s]
BootEA:  10%|█████▎                                              | 102/1000 [00:16<02:59,  5.00it/s]
BootEA:  10%|█████▎                                              | 103/1000 [00:16<02:35,  5.78it/s]
BootEA:  10%|█████▍                                              | 104/1000 [00:16<02:18,  6.49it/s]05:53:53 | INFO    | epoch  105/1000 | loss=6197.8148 kge=6194.2498 align=0.3453 pseudo=0.1120 | bootstrap: 9000 pseudo-pairs (beta=1.0)

BootEA:  10%|█████▍                                              | 105/1000 [00:16<02:57,  5.04it/s]
BootEA:  11%|█████▌                                              | 106/1000 [00:17<02:34,  5.80it/s]
BootEA:  11%|█████▌                                              | 107/1000 [00:17<02:17,  6.50it/s]
BootEA:  11%|█████▌                                              | 108/1000 [00:17<02:05,  7.11it/s]
BootEA:  11%|█████▋                                              | 109/1000 [00:17<01:57,  7.61it/s]05:53:54 | INFO    | epoch  110/1000 | loss=6137.3282 kge=6133.7129 align=0.3505 pseudo=0.1106 | eps-trunc refreshed | bootstrap: 9000 pseudo-pairs (beta=1.0)

BootEA:  11%|█████▋                                              | 110/1000 [00:17<03:22,  4.40it/s]
BootEA:  11%|█████▊                                              | 111/1000 [00:17<02:51,  5.19it/s]
BootEA:  11%|█████▊                                              | 112/1000 [00:18<02:29,  5.95it/s]
BootEA:  11%|█████▉                                              | 113/1000 [00:18<02:13,  6.64it/s]
BootEA:  11%|█████▉                                              | 114/1000 [00:18<02:02,  7.22it/s]05:53:54 | INFO    | epoch  115/1000 | loss=6173.6189 kge=6170.0613 align=0.3452 pseudo=0.1059 | bootstrap: 9000 pseudo-pairs (beta=1.0)

BootEA:  12%|█████▉                                              | 115/1000 [00:18<02:46,  5.31it/s]
BootEA:  12%|██████                                              | 116/1000 [00:18<02:26,  6.03it/s]
BootEA:  12%|██████                                              | 117/1000 [00:18<02:11,  6.70it/s]
BootEA:  12%|██████▏                                             | 118/1000 [00:18<02:01,  7.26it/s]
BootEA:  12%|██████▏                                             | 119/1000 [00:19<01:54,  7.70it/s]05:53:55 | INFO    | epoch  120/1000 | loss=6127.5985 kge=6124.0964 align=0.3397 pseudo=0.1046 | eps-trunc refreshed | bootstrap: 9000 pseudo-pairs (beta=1.0)
05:53:55 | INFO    |            [filtered] MRR=0.0245 Hit@1=0.0120 Hit@5=0.0169 Hit@10=0.0598 MR=15923.2 n=1422
05:53:55 | INFO    |            [multiref] MRR=0.0676 Hit@1=0.0444 Hit@5=0.0603 Hit@10=0.0984 MR=6819.2 n=315

BootEA:  12%|██████▏                                             | 120/1000 [00:19<04:15,  3.44it/s]
BootEA:  12%|██████▎                                             | 121/1000 [00:19<03:27,  4.23it/s]
BootEA:  12%|██████▎                                             | 122/1000 [00:19<02:54,  5.04it/s]
BootEA:  12%|██████▍                                             | 123/1000 [00:20<02:30,  5.81it/s]
BootEA:  12%|██████▍                                             | 124/1000 [00:20<02:14,  6.52it/s]05:53:56 | INFO    | epoch  125/1000 | loss=6162.4301 kge=6158.8857 align=0.3443 pseudo=0.1019 | bootstrap: 9000 pseudo-pairs (beta=1.0)

BootEA:  12%|██████▌                                             | 125/1000 [00:20<02:53,  5.05it/s]
BootEA:  13%|██████▌                                             | 126/1000 [00:20<02:30,  5.80it/s]
BootEA:  13%|██████▌                                             | 127/1000 [00:20<02:14,  6.50it/s]
BootEA:  13%|██████▋                                             | 128/1000 [00:20<02:02,  7.11it/s]
BootEA:  13%|██████▋                                             | 129/1000 [00:20<01:54,  7.61it/s]05:53:57 | INFO    | epoch  130/1000 | loss=6109.0386 kge=6105.4512 align=0.3487 pseudo=0.1006 | eps-trunc refreshed | bootstrap: 9000 pseudo-pairs (beta=1.0)

BootEA:  13%|██████▊                                             | 130/1000 [00:21<03:18,  4.39it/s]
BootEA:  13%|██████▊                                             | 131/1000 [00:21<02:48,  5.17it/s]
BootEA:  13%|██████▊                                             | 132/1000 [00:21<02:26,  5.92it/s]
BootEA:  13%|██████▉                                             | 133/1000 [00:21<02:11,  6.60it/s]
BootEA:  13%|██████▉                                             | 134/1000 [00:21<02:00,  7.18it/s]05:53:58 | INFO    | epoch  135/1000 | loss=6135.9674 kge=6132.4492 align=0.3422 pseudo=0.0959 | bootstrap: 9000 pseudo-pairs (beta=1.0)

BootEA:  14%|███████                                             | 135/1000 [00:22<02:43,  5.30it/s]
BootEA:  14%|███████                                             | 136/1000 [00:22<02:23,  6.02it/s]
BootEA:  14%|███████                                             | 137/1000 [00:22<02:09,  6.69it/s]
BootEA:  14%|███████▏                                            | 138/1000 [00:22<01:59,  7.24it/s]
BootEA:  14%|███████▏                                            | 139/1000 [00:22<01:51,  7.69it/s]05:53:59 | INFO    | epoch  140/1000 | loss=6089.4940 kge=6086.0443 align=0.3354 pseudo=0.0958 | eps-trunc refreshed | bootstrap: 9000 pseudo-pairs (beta=1.0)
05:53:59 | INFO    |            [filtered] MRR=0.0247 Hit@1=0.0120 Hit@5=0.0204 Hit@10=0.0563 MR=16737.0 n=1422
05:53:59 | INFO    |            [multiref] MRR=0.0678 Hit@1=0.0444 Hit@5=0.0762 Hit@10=0.0921 MR=7550.0 n=315

BootEA:  14%|███████▎                                            | 140/1000 [00:23<04:12,  3.41it/s]
BootEA:  14%|███████▎                                            | 141/1000 [00:23<03:24,  4.19it/s]
BootEA:  14%|███████▍                                            | 142/1000 [00:23<02:51,  4.99it/s]
BootEA:  14%|███████▍                                            | 143/1000 [00:23<02:28,  5.77it/s]
BootEA:  14%|███████▍                                            | 144/1000 [00:23<02:12,  6.47it/s]05:54:00 | INFO    | epoch  145/1000 | loss=6134.5133 kge=6131.0010 align=0.3420 pseudo=0.0923 | bootstrap: 9000 pseudo-pairs (beta=1.0)

BootEA:  14%|███████▌                                            | 145/1000 [00:23<02:50,  5.02it/s]
BootEA:  15%|███████▌                                            | 146/1000 [00:24<02:28,  5.76it/s]
BootEA:  15%|███████▋                                            | 147/1000 [00:24<02:12,  6.46it/s]
BootEA:  15%|███████▋                                            | 148/1000 [00:24<02:00,  7.06it/s]
BootEA:  15%|███████▋                                            | 149/1000 [00:24<01:52,  7.56it/s]05:54:01 | INFO    | epoch  150/1000 | loss=6094.8412 kge=6091.2780 align=0.3470 pseudo=0.0930 | eps-trunc refreshed | bootstrap: 9000 pseudo-pairs (beta=1.0)

BootEA:  15%|███████▊                                            | 150/1000 [00:24<03:13,  4.38it/s]
BootEA:  15%|███████▊                                            | 151/1000 [00:24<02:45,  5.14it/s]
BootEA:  15%|███████▉                                            | 152/1000 [00:25<02:23,  5.91it/s]
BootEA:  15%|███████▉                                            | 153/1000 [00:25<02:08,  6.59it/s]
BootEA:  15%|████████                                            | 154/1000 [00:25<01:57,  7.17it/s]05:54:01 | INFO    | epoch  155/1000 | loss=6105.3339 kge=6101.8300 align=0.3414 pseudo=0.0904 | bootstrap: 9000 pseudo-pairs (beta=1.0)

BootEA:  16%|████████                                            | 155/1000 [00:25<02:39,  5.30it/s]
BootEA:  16%|████████                                            | 156/1000 [00:25<02:20,  6.02it/s]
BootEA:  16%|████████▏                                           | 157/1000 [00:25<02:05,  6.69it/s]
BootEA:  16%|████████▏                                           | 158/1000 [00:25<01:56,  7.26it/s]
BootEA:  16%|████████▎                                           | 159/1000 [00:26<01:49,  7.71it/s]05:54:02 | INFO    | epoch  160/1000 | loss=6062.4084 kge=6058.9823 align=0.3337 pseudo=0.0894 | eps-trunc refreshed | bootstrap: 9000 pseudo-pairs (beta=1.0)
05:54:02 | INFO    |            [filtered] MRR=0.0249 Hit@1=0.0134 Hit@5=0.0183 Hit@10=0.0513 MR=17195.6 n=1422
05:54:02 | INFO    |            [multiref] MRR=0.0710 Hit@1=0.0508 Hit@5=0.0603 Hit@10=0.0921 MR=7427.8 n=315

BootEA:  16%|████████▎                                           | 160/1000 [00:26<04:05,  3.42it/s]
BootEA:  16%|████████▎                                           | 161/1000 [00:26<03:19,  4.21it/s]
BootEA:  16%|████████▍                                           | 162/1000 [00:26<02:47,  5.01it/s]
BootEA:  16%|████████▍                                           | 163/1000 [00:27<02:24,  5.79it/s]
BootEA:  16%|████████▌                                           | 164/1000 [00:27<02:08,  6.50it/s]05:54:03 | INFO    | epoch  165/1000 | loss=6105.8598 kge=6102.3556 align=0.3418 pseudo=0.0862 | bootstrap: 9000 pseudo-pairs (beta=1.0)

BootEA:  16%|████████▌                                           | 165/1000 [00:27<02:45,  5.04it/s]
BootEA:  17%|████████▋                                           | 166/1000 [00:27<02:23,  5.79it/s]
BootEA:  17%|████████▋                                           | 167/1000 [00:27<02:08,  6.51it/s]
BootEA:  17%|████████▋                                           | 168/1000 [00:27<01:57,  7.11it/s]
BootEA:  17%|████████▊                                           | 169/1000 [00:27<01:49,  7.61it/s]05:54:04 | INFO    | epoch  170/1000 | loss=6072.6616 kge=6069.0955 align=0.3479 pseudo=0.0866 | eps-trunc refreshed | bootstrap: 9000 pseudo-pairs (beta=1.0)

BootEA:  17%|████████▊                                           | 170/1000 [00:28<03:08,  4.40it/s]
BootEA:  17%|████████▉                                           | 171/1000 [00:28<02:40,  5.18it/s]
BootEA:  17%|████████▉                                           | 172/1000 [00:28<02:19,  5.94it/s]
BootEA:  17%|████████▉                                           | 173/1000 [00:28<02:04,  6.63it/s]
BootEA:  17%|█████████                                           | 174/1000 [00:28<01:54,  7.20it/s]05:54:05 | INFO    | epoch  175/1000 | loss=6080.0642 kge=6076.5762 align=0.3404 pseudo=0.0840 | bootstrap: 9000 pseudo-pairs (beta=1.0)

BootEA:  18%|█████████                                           | 175/1000 [00:29<02:35,  5.31it/s]
BootEA:  18%|█████████▏                                          | 176/1000 [00:29<02:16,  6.03it/s]
BootEA:  18%|█████████▏                                          | 177/1000 [00:29<02:02,  6.69it/s]
BootEA:  18%|█████████▎                                          | 178/1000 [00:29<01:53,  7.25it/s]
BootEA:  18%|█████████▎                                          | 179/1000 [00:29<01:46,  7.70it/s]05:54:06 | INFO    | epoch  180/1000 | loss=6055.3728 kge=6051.9640 align=0.3325 pseudo=0.0835 | eps-trunc refreshed | bootstrap: 9000 pseudo-pairs (beta=1.0)
05:54:06 | INFO    |            [filtered] MRR=0.0253 Hit@1=0.0127 Hit@5=0.0190 Hit@10=0.0534 MR=17171.5 n=1422
05:54:06 | INFO    |            [multiref] MRR=0.0697 Hit@1=0.0476 Hit@5=0.0603 Hit@10=0.0952 MR=7375.9 n=315

BootEA:  18%|█████████▎                                          | 180/1000 [00:30<04:01,  3.40it/s]
BootEA:  18%|█████████▍                                          | 181/1000 [00:30<03:15,  4.18it/s]
BootEA:  18%|█████████▍                                          | 182/1000 [00:30<02:43,  4.99it/s]
BootEA:  18%|█████████▌                                          | 183/1000 [00:30<02:21,  5.77it/s]
BootEA:  18%|█████████▌                                          | 184/1000 [00:30<02:05,  6.48it/s]05:54:07 | INFO    | epoch  185/1000 | loss=6100.8748 kge=6097.3835 align=0.3410 pseudo=0.0812 | bootstrap: 9000 pseudo-pairs (beta=1.0)

BootEA:  18%|█████████▌                                          | 185/1000 [00:30<02:42,  5.01it/s]
BootEA:  19%|█████████▋                                          | 186/1000 [00:31<02:21,  5.75it/s]
BootEA:  19%|█████████▋                                          | 187/1000 [00:31<02:06,  6.45it/s]
BootEA:  19%|█████████▊                                          | 188/1000 [00:31<01:55,  7.05it/s]
BootEA:  19%|█████████▊                                          | 189/1000 [00:31<01:47,  7.54it/s]05:54:08 | INFO    | epoch  190/1000 | loss=6060.7484 kge=6057.2048 align=0.3463 pseudo=0.0811 | eps-trunc refreshed | bootstrap: 9000 pseudo-pairs (beta=1.0)

BootEA:  19%|█████████▉                                          | 190/1000 [00:31<03:05,  4.37it/s]
BootEA:  19%|█████████▉                                          | 191/1000 [00:31<02:37,  5.15it/s]
BootEA:  19%|█████████▉                                          | 192/1000 [00:32<02:16,  5.91it/s]
BootEA:  19%|██████████                                          | 193/1000 [00:32<02:02,  6.59it/s]
BootEA:  19%|██████████                                          | 194/1000 [00:32<01:52,  7.16it/s]05:54:08 | INFO    | epoch  195/1000 | loss=6063.2059 kge=6059.7323 align=0.3395 pseudo=0.0785 | bootstrap: 9000 pseudo-pairs (beta=1.0)

BootEA:  20%|██████████▏                                         | 195/1000 [00:32<02:32,  5.29it/s]
BootEA:  20%|██████████▏                                         | 196/1000 [00:32<02:13,  6.02it/s]
BootEA:  20%|██████████▏                                         | 197/1000 [00:32<02:00,  6.68it/s]
BootEA:  20%|██████████▎                                         | 198/1000 [00:32<01:50,  7.24it/s]
BootEA:  20%|██████████▎                                         | 199/1000 [00:33<01:44,  7.69it/s]05:54:09 | INFO    | epoch  200/1000 | loss=6035.1817 kge=6031.7904 align=0.3312 pseudo=0.0793 | eps-trunc refreshed | bootstrap: 9000 pseudo-pairs (beta=1.0)
05:54:09 | INFO    |            [filtered] MRR=0.0252 Hit@1=0.0127 Hit@5=0.0225 Hit@10=0.0527 MR=17475.7 n=1422
05:54:09 | INFO    |            [multiref] MRR=0.0706 Hit@1=0.0476 Hit@5=0.0667 Hit@10=0.0921 MR=7767.5 n=315

BootEA:  20%|██████████▍                                         | 200/1000 [00:33<03:55,  3.40it/s]
BootEA:  20%|██████████▍                                         | 201/1000 [00:33<03:11,  4.17it/s]
BootEA:  20%|██████████▌                                         | 202/1000 [00:33<02:40,  4.98it/s]
BootEA:  20%|██████████▌                                         | 203/1000 [00:34<02:18,  5.76it/s]
BootEA:  20%|██████████▌                                         | 204/1000 [00:34<02:02,  6.47it/s]05:54:10 | INFO    | epoch  205/1000 | loss=6078.0826 kge=6074.6013 align=0.3405 pseudo=0.0768 | bootstrap: 9000 pseudo-pairs (beta=1.0)

BootEA:  20%|██████████▋                                         | 205/1000 [00:34<02:38,  5.02it/s]
BootEA:  21%|██████████▋                                         | 206/1000 [00:34<02:17,  5.77it/s]
BootEA:  21%|██████████▊                                         | 207/1000 [00:34<02:02,  6.48it/s]
BootEA:  21%|██████████▊                                         | 208/1000 [00:34<01:51,  7.09it/s]
BootEA:  21%|██████████▊                                         | 209/1000 [00:34<01:44,  7.59it/s]05:54:11 | INFO    | epoch  210/1000 | loss=6045.5426 kge=6042.0007 align=0.3464 pseudo=0.0774 | eps-trunc refreshed | bootstrap: 9000 pseudo-pairs (beta=1.0)

BootEA:  21%|██████████▉                                         | 210/1000 [00:35<02:59,  4.39it/s]
BootEA:  21%|██████████▉                                         | 211/1000 [00:35<02:32,  5.18it/s]
BootEA:  21%|███████████                                         | 212/1000 [00:35<02:12,  5.94it/s]
BootEA:  21%|███████████                                         | 213/1000 [00:35<01:58,  6.63it/s]
BootEA:  21%|███████████▏                                        | 214/1000 [00:35<01:48,  7.22it/s]05:54:12 | INFO    | epoch  215/1000 | loss=6050.6489 kge=6047.1898 align=0.3384 pseudo=0.0751 | bootstrap: 9000 pseudo-pairs (beta=1.0)

BootEA:  22%|███████████▏                                        | 215/1000 [00:36<02:27,  5.33it/s]
BootEA:  22%|███████████▏                                        | 216/1000 [00:36<02:09,  6.05it/s]
BootEA:  22%|███████████▎                                        | 217/1000 [00:36<01:56,  6.72it/s]
BootEA:  22%|███████████▎                                        | 218/1000 [00:36<01:47,  7.29it/s]
BootEA:  22%|███████████▍                                        | 219/1000 [00:36<01:40,  7.75it/s]05:54:13 | INFO    | epoch  220/1000 | loss=6025.5786 kge=6022.2157 align=0.3287 pseudo=0.0755 | eps-trunc refreshed | bootstrap: 9000 pseudo-pairs (beta=1.0)
05:54:13 | INFO    |            [filtered] MRR=0.0252 Hit@1=0.0127 Hit@5=0.0176 Hit@10=0.0556 MR=16837.2 n=1422
05:54:13 | INFO    |            [multiref] MRR=0.0708 Hit@1=0.0476 Hit@5=0.0635 Hit@10=0.0952 MR=7550.8 n=315

BootEA:  22%|███████████▍                                        | 220/1000 [00:37<03:47,  3.44it/s]
BootEA:  22%|███████████▍                                        | 221/1000 [00:37<03:04,  4.22it/s]
BootEA:  22%|███████████▌                                        | 222/1000 [00:37<02:34,  5.03it/s]
BootEA:  22%|███████████▌                                        | 223/1000 [00:37<02:13,  5.81it/s]
BootEA:  22%|███████████▋                                        | 224/1000 [00:37<01:59,  6.51it/s]05:54:14 | INFO    | epoch  225/1000 | loss=6060.1003 kge=6056.6469 align=0.3380 pseudo=0.0733 | bootstrap: 9000 pseudo-pairs (beta=1.0)

BootEA:  22%|███████████▋                                        | 225/1000 [00:37<02:33,  5.04it/s]
BootEA:  23%|███████████▊                                        | 226/1000 [00:38<02:13,  5.78it/s]
BootEA:  23%|███████████▊                                        | 227/1000 [00:38<01:59,  6.49it/s]
BootEA:  23%|███████████▊                                        | 228/1000 [00:38<01:48,  7.10it/s]
BootEA:  23%|███████████▉                                        | 229/1000 [00:38<01:41,  7.60it/s]05:54:15 | INFO    | epoch  230/1000 | loss=6034.2251 kge=6030.7144 align=0.3436 pseudo=0.0744 | eps-trunc refreshed | bootstrap: 9000 pseudo-pairs (beta=1.0)

BootEA:  23%|███████████▉                                        | 230/1000 [00:38<02:55,  4.38it/s]
BootEA:  23%|████████████                                        | 231/1000 [00:39<02:29,  5.16it/s]
BootEA:  23%|████████████                                        | 232/1000 [00:39<02:09,  5.92it/s]
BootEA:  23%|████████████                                        | 233/1000 [00:39<01:56,  6.60it/s]
BootEA:  23%|████████████▏                                       | 234/1000 [00:39<01:46,  7.19it/s]05:54:15 | INFO    | epoch  235/1000 | loss=6035.8664 kge=6032.4324 align=0.3362 pseudo=0.0719 | bootstrap: 9000 pseudo-pairs (beta=1.0)

BootEA:  24%|████████████▏                                       | 235/1000 [00:39<02:24,  5.30it/s]
BootEA:  24%|████████████▎                                       | 236/1000 [00:39<02:06,  6.03it/s]
BootEA:  24%|████████████▎                                       | 237/1000 [00:39<01:53,  6.69it/s]
BootEA:  24%|████████████▍                                       | 238/1000 [00:39<01:45,  7.26it/s]
BootEA:  24%|████████████▍                                       | 239/1000 [00:40<01:38,  7.71it/s]05:54:16 | INFO    | epoch  240/1000 | loss=6006.1200 kge=6002.7567 align=0.3291 pseudo=0.0726 | eps-trunc refreshed | bootstrap: 9000 pseudo-pairs (beta=1.0)
05:54:16 | INFO    |            [filtered] MRR=0.0260 Hit@1=0.0134 Hit@5=0.0253 Hit@10=0.0563 MR=18010.4 n=1422
05:54:16 | INFO    |            [multiref] MRR=0.0723 Hit@1=0.0508 Hit@5=0.0667 Hit@10=0.0984 MR=8470.9 n=315

BootEA:  24%|████████████▍                                       | 240/1000 [00:40<03:41,  3.44it/s]
BootEA:  24%|████████████▌                                       | 241/1000 [00:40<02:59,  4.22it/s]
BootEA:  24%|████████████▌                                       | 242/1000 [00:40<02:30,  5.03it/s]
BootEA:  24%|████████████▋                                       | 243/1000 [00:41<02:10,  5.81it/s]
BootEA:  24%|████████████▋                                       | 244/1000 [00:41<01:56,  6.51it/s]05:54:17 | INFO    | epoch  245/1000 | loss=6048.6733 kge=6045.2365 align=0.3366 pseudo=0.0708 | bootstrap: 9000 pseudo-pairs (beta=1.0)

BootEA:  24%|████████████▋                                       | 245/1000 [00:41<02:30,  5.02it/s]
BootEA:  25%|████████████▊                                       | 246/1000 [00:41<02:10,  5.77it/s]
BootEA:  25%|████████████▊                                       | 247/1000 [00:41<01:56,  6.47it/s]
BootEA:  25%|████████████▉                                       | 248/1000 [00:41<01:46,  7.07it/s]
BootEA:  25%|████████████▉                                       | 249/1000 [00:41<01:39,  7.57it/s]05:54:18 | INFO    | epoch  250/1000 | loss=6028.2052 kge=6024.7137 align=0.3420 pseudo=0.0714 | eps-trunc refreshed | bootstrap: 9000 pseudo-pairs (beta=1.0)

BootEA:  25%|█████████████                                       | 250/1000 [00:42<02:52,  4.36it/s]
BootEA:  25%|█████████████                                       | 251/1000 [00:42<02:25,  5.14it/s]
BootEA:  25%|█████████████                                       | 252/1000 [00:42<02:06,  5.90it/s]
BootEA:  25%|█████████████▏                                      | 253/1000 [00:42<01:53,  6.59it/s]
BootEA:  25%|█████████████▏                                      | 254/1000 [00:42<01:44,  7.17it/s]05:54:19 | INFO    | epoch  255/1000 | loss=6019.5625 kge=6016.1398 align=0.3353 pseudo=0.0694 | bootstrap: 9000 pseudo-pairs (beta=1.0)

BootEA:  26%|█████████████▎                                      | 255/1000 [00:43<02:20,  5.29it/s]
BootEA:  26%|█████████████▎                                      | 256/1000 [00:43<02:03,  6.02it/s]
BootEA:  26%|█████████████▎                                      | 257/1000 [00:43<01:51,  6.69it/s]
BootEA:  26%|█████████████▍                                      | 258/1000 [00:43<01:42,  7.25it/s]
BootEA:  26%|█████████████▍                                      | 259/1000 [00:43<01:36,  7.71it/s]05:54:20 | INFO    | epoch  260/1000 | loss=6000.2572 kge=5996.8980 align=0.3289 pseudo=0.0699 | eps-trunc refreshed | bootstrap: 9000 pseudo-pairs (beta=1.0)
05:54:20 | INFO    |            [filtered] MRR=0.0264 Hit@1=0.0127 Hit@5=0.0267 Hit@10=0.0577 MR=17588.3 n=1422
05:54:20 | INFO    |            [multiref] MRR=0.0711 Hit@1=0.0476 Hit@5=0.0667 Hit@10=0.0921 MR=7546.0 n=315
05:54:20 | INFO    |            early stop (best=0.1067 @ 20).

BootEA:  26%|█████████████▍                                      | 259/1000 [00:44<02:06,  5.85it/s]
05:54:20 | INFO    | Done in 0.7 min. Best multiref MRR=0.1067 @ epoch 20.
05:54:20 | INFO    | Final evaluation on the test split, read once
05:54:21 | INFO    |   [cosine] filtMRR=0.0484 H@1=0.0145 H@10=0.1030 n=12578 | mrefMRR=0.1769 H@1=0.0665
05:54:21 | INFO    |   [  csls] filtMRR=0.0348 H@1=0.0087 H@10=0.0693 n=12578 | mrefMRR=0.1308 H@1=0.0431
05:54:22 | INFO    |   [cosine] F1=0.3567 P=0.3067 R=0.4261 (threshold 0.899 from validation, validation F1=0.1503)
05:54:22 | INFO    | Wrote experiments/bootea_relatedMatch_20260929-055334/result.json
05:54:22 | INFO    | Finished. Best validation MRR=0.1067 @ epoch 20.
