05:54:25 | INFO    | Model: jape | seed 2026 | device: cuda:0
05:54:26 | INFO    | Regime relatedMatch | graph: 84,182 nodes, 131,238 triples, 50,435 UCPGx candidates
05:54:26 | INFO    |   broadMatch/pgx   train=  3,744 test=  8,599 (70%) queries= 6,866 by cluster    leakage=0.00%
05:54:26 | INFO    |   closeMatch       train=  2,738 test=  6,296 (70%) queries= 1,490 by cluster    leakage=0.00%
05:54:26 | INFO    |   sameAs           train= 19,942 test= 46,531 (70%) queries=10,883 by cluster    leakage=0.00%
05:54:26 | INFO    |   broadMatch/onco  train= 25,039 test= 47,737 (66%) queries= 2,032 intra-cluster leakage=0.00%
05:54:26 | INFO    |   relatedMatch     train=  2,801 test=  6,289 (69%) queries=   812 intra-cluster leakage=0.00%
05:54:26 | INFO    |   related          train=471,647 test=762,046 (62%) queries=16,977 intra-cluster leakage=0.00%
05:54:26 | INFO    | Data: {'num_entities': 84182, 'num_relations': 13, 'triples': 131238, 'train_pairs': 2090, 'val_pairs': 711, 'candidates': 50435, 'unlabeled_pool': 49739}
05:54:27 | INFO    | Params: 16.84M
05:54:27 | INFO    | Run directory: experiments/jape_relatedMatch_20260929-055425
05:54:27 | INFO    | JAPE | device=cuda:0 | {'num_entities': 84182, 'num_relations': 13, 'triples': 131238, 'train_pairs': 2090, 'val_pairs': 711, 'candidates': 50435, 'unlabeled_pool': 49739} merge=link loss=margin canonical=84182

JAPE:   0%|                                                                 | 0/400 [00:00<?, ?it/s]
JAPE:   0%|▏                                                        | 1/400 [00:00<01:42,  3.89it/s]
JAPE:   1%|▍                                                        | 3/400 [00:00<00:46,  8.52it/s]
JAPE:   1%|▋                                                        | 5/400 [00:00<00:36, 10.81it/s]
JAPE:   2%|▉                                                        | 7/400 [00:00<00:32, 12.12it/s]
JAPE:   2%|█▎                                                       | 9/400 [00:00<00:30, 12.92it/s]05:54:28 | INFO    | epoch   10/400 | loss=0.0663
05:54:28 | INFO    |            [filtered] MRR=0.0196 Hit@1=0.0070 Hit@5=0.0225 Hit@10=0.0302 MR=3287.6 n=1422
05:54:28 | INFO    |            [multiref] MRR=0.0636 Hit@1=0.0317 Hit@5=0.0635 Hit@10=0.0921 MR=918.1 n=315
05:54:28 | INFO    |            -> new best multiref MRR=0.0636 (saved model_best.pt)

JAPE:   3%|█▌                                                      | 11/400 [00:01<00:56,  6.86it/s]
JAPE:   3%|█▊                                                      | 13/400 [00:01<00:46,  8.32it/s]
JAPE:   4%|██                                                      | 15/400 [00:01<00:39,  9.65it/s]
JAPE:   4%|██▍                                                     | 17/400 [00:01<00:35, 10.74it/s]
JAPE:   5%|██▋                                                     | 19/400 [00:01<00:32, 11.67it/s]05:54:29 | INFO    | epoch   20/400 | loss=0.0329
05:54:29 | INFO    |            [filtered] MRR=0.0207 Hit@1=0.0056 Hit@5=0.0225 Hit@10=0.0302 MR=1097.5 n=1422
05:54:29 | INFO    |            [multiref] MRR=0.0588 Hit@1=0.0254 Hit@5=0.0667 Hit@10=0.0825 MR=357.1 n=315

JAPE:   5%|██▉                                                     | 21/400 [00:02<00:42,  8.85it/s]
JAPE:   6%|███▏                                                    | 23/400 [00:02<00:37, 10.04it/s]
JAPE:   6%|███▌                                                    | 25/400 [00:02<00:33, 11.07it/s]
JAPE:   7%|███▊                                                    | 27/400 [00:02<00:31, 11.93it/s]
JAPE:   7%|████                                                    | 29/400 [00:02<00:29, 12.60it/s]05:54:30 | INFO    | epoch   30/400 | loss=0.0260
05:54:30 | INFO    |            [filtered] MRR=0.0289 Hit@1=0.0141 Hit@5=0.0288 Hit@10=0.0380 MR=802.8 n=1422
05:54:30 | INFO    |            [multiref] MRR=0.0916 Hit@1=0.0603 Hit@5=0.0889 Hit@10=0.1206 MR=287.2 n=315
05:54:30 | INFO    |            -> new best multiref MRR=0.0916 (saved model_best.pt)

JAPE:   8%|████▎                                                   | 31/400 [00:03<00:48,  7.63it/s]
JAPE:   8%|████▌                                                   | 33/400 [00:03<00:41,  8.87it/s]
JAPE:   9%|████▉                                                   | 35/400 [00:03<00:36, 10.04it/s]
JAPE:   9%|█████▏                                                  | 37/400 [00:03<00:32, 11.05it/s]
JAPE:  10%|█████▍                                                  | 39/400 [00:03<00:30, 11.90it/s]05:54:31 | INFO    | epoch   40/400 | loss=0.0230
05:54:31 | INFO    |            [filtered] MRR=0.0302 Hit@1=0.0155 Hit@5=0.0288 Hit@10=0.0415 MR=748.8 n=1422
05:54:31 | INFO    |            [multiref] MRR=0.0929 Hit@1=0.0603 Hit@5=0.0921 Hit@10=0.1206 MR=263.5 n=315
05:54:31 | INFO    |            -> new best multiref MRR=0.0929 (saved model_best.pt)

JAPE:  10%|█████▋                                                  | 41/400 [00:04<00:47,  7.51it/s]
JAPE:  11%|██████                                                  | 43/400 [00:04<00:40,  8.78it/s]
JAPE:  11%|██████▎                                                 | 45/400 [00:04<00:35,  9.96it/s]
JAPE:  12%|██████▌                                                 | 47/400 [00:04<00:32, 10.99it/s]
JAPE:  12%|██████▊                                                 | 49/400 [00:04<00:29, 11.85it/s]05:54:32 | INFO    | epoch   50/400 | loss=0.0214
05:54:32 | INFO    |            [filtered] MRR=0.0258 Hit@1=0.0113 Hit@5=0.0295 Hit@10=0.0352 MR=712.4 n=1422
05:54:32 | INFO    |            [multiref] MRR=0.0765 Hit@1=0.0444 Hit@5=0.0825 Hit@10=0.0984 MR=261.2 n=315

JAPE:  13%|███████▏                                                | 51/400 [00:05<00:38,  8.97it/s]
JAPE:  13%|███████▍                                                | 53/400 [00:05<00:34, 10.12it/s]
JAPE:  14%|███████▋                                                | 55/400 [00:05<00:30, 11.14it/s]
JAPE:  14%|███████▉                                                | 57/400 [00:05<00:28, 11.97it/s]
JAPE:  15%|████████▎                                               | 59/400 [00:05<00:26, 12.64it/s]05:54:33 | INFO    | epoch   60/400 | loss=0.0206
05:54:33 | INFO    |            [filtered] MRR=0.0310 Hit@1=0.0148 Hit@5=0.0366 Hit@10=0.0464 MR=742.8 n=1422
05:54:33 | INFO    |            [multiref] MRR=0.0956 Hit@1=0.0603 Hit@5=0.1111 Hit@10=0.1429 MR=243.3 n=315
05:54:33 | INFO    |            -> new best multiref MRR=0.0956 (saved model_best.pt)

JAPE:  15%|████████▌                                               | 61/400 [00:06<00:44,  7.68it/s]
JAPE:  16%|████████▊                                               | 63/400 [00:06<00:37,  8.94it/s]
JAPE:  16%|█████████                                               | 65/400 [00:06<00:33, 10.10it/s]
JAPE:  17%|█████████▍                                              | 67/400 [00:06<00:29, 11.11it/s]
JAPE:  17%|█████████▋                                              | 69/400 [00:06<00:27, 11.95it/s]05:54:34 | INFO    | epoch   70/400 | loss=0.0201
05:54:34 | INFO    |            [filtered] MRR=0.0270 Hit@1=0.0134 Hit@5=0.0302 Hit@10=0.0387 MR=704.8 n=1422
05:54:34 | INFO    |            [multiref] MRR=0.0906 Hit@1=0.0603 Hit@5=0.0952 Hit@10=0.1238 MR=246.9 n=315

JAPE:  18%|█████████▉                                              | 71/400 [00:07<00:36,  8.96it/s]
JAPE:  18%|██████████▏                                             | 73/400 [00:07<00:32, 10.12it/s]
JAPE:  19%|██████████▌                                             | 75/400 [00:07<00:29, 11.13it/s]
JAPE:  19%|██████████▊                                             | 77/400 [00:07<00:27, 11.96it/s]
JAPE:  20%|███████████                                             | 79/400 [00:07<00:25, 12.63it/s]05:54:35 | INFO    | epoch   80/400 | loss=0.0195
05:54:35 | INFO    |            [filtered] MRR=0.0286 Hit@1=0.0155 Hit@5=0.0295 Hit@10=0.0345 MR=702.7 n=1422
05:54:35 | INFO    |            [multiref] MRR=0.0910 Hit@1=0.0635 Hit@5=0.0921 Hit@10=0.1111 MR=236.5 n=315

JAPE:  20%|███████████▎                                            | 81/400 [00:08<00:34,  9.23it/s]
JAPE:  21%|███████████▌                                            | 83/400 [00:08<00:30, 10.36it/s]
JAPE:  21%|███████████▉                                            | 85/400 [00:08<00:27, 11.33it/s]
JAPE:  22%|████████████▏                                           | 87/400 [00:08<00:25, 12.12it/s]
JAPE:  22%|████████████▍                                           | 89/400 [00:08<00:24, 12.75it/s]05:54:36 | INFO    | epoch   90/400 | loss=0.0193
05:54:36 | INFO    |            [filtered] MRR=0.0300 Hit@1=0.0141 Hit@5=0.0345 Hit@10=0.0394 MR=654.9 n=1422
05:54:36 | INFO    |            [multiref] MRR=0.0963 Hit@1=0.0603 Hit@5=0.1048 Hit@10=0.1206 MR=236.9 n=315
05:54:36 | INFO    |            -> new best multiref MRR=0.0963 (saved model_best.pt)

JAPE:  23%|████████████▋                                           | 91/400 [00:09<00:39,  7.73it/s]
JAPE:  23%|█████████████                                           | 93/400 [00:09<00:34,  8.99it/s]
JAPE:  24%|█████████████▎                                          | 95/400 [00:09<00:30, 10.15it/s]
JAPE:  24%|█████████████▌                                          | 97/400 [00:09<00:27, 11.14it/s]
JAPE:  25%|█████████████▊                                          | 99/400 [00:09<00:25, 11.97it/s]05:54:37 | INFO    | epoch  100/400 | loss=0.0190
05:54:37 | INFO    |            [filtered] MRR=0.0321 Hit@1=0.0162 Hit@5=0.0366 Hit@10=0.0443 MR=667.6 n=1422
05:54:37 | INFO    |            [multiref] MRR=0.1007 Hit@1=0.0667 Hit@5=0.1079 Hit@10=0.1270 MR=218.5 n=315
05:54:37 | INFO    |            -> new best multiref MRR=0.1007 (saved model_best.pt)

JAPE:  25%|█████████████▉                                         | 101/400 [00:10<00:39,  7.56it/s]
JAPE:  26%|██████████████▏                                        | 103/400 [00:10<00:33,  8.83it/s]
JAPE:  26%|██████████████▍                                        | 105/400 [00:10<00:29, 10.00it/s]
JAPE:  27%|██████████████▋                                        | 107/400 [00:10<00:26, 11.02it/s]
JAPE:  27%|██████████████▉                                        | 109/400 [00:10<00:24, 11.88it/s]05:54:38 | INFO    | epoch  110/400 | loss=0.0188
05:54:38 | INFO    |            [filtered] MRR=0.0251 Hit@1=0.0120 Hit@5=0.0239 Hit@10=0.0338 MR=643.3 n=1422
05:54:38 | INFO    |            [multiref] MRR=0.0841 Hit@1=0.0540 Hit@5=0.0857 Hit@10=0.1175 MR=226.9 n=315

JAPE:  28%|███████████████▎                                       | 111/400 [00:11<00:32,  8.99it/s]
JAPE:  28%|███████████████▌                                       | 113/400 [00:11<00:28, 10.15it/s]
JAPE:  29%|███████████████▊                                       | 115/400 [00:11<00:25, 11.16it/s]
JAPE:  29%|████████████████                                       | 117/400 [00:11<00:23, 11.99it/s]
JAPE:  30%|████████████████▎                                      | 119/400 [00:11<00:22, 12.64it/s]05:54:39 | INFO    | epoch  120/400 | loss=0.0187
05:54:39 | INFO    |            [filtered] MRR=0.0259 Hit@1=0.0148 Hit@5=0.0267 Hit@10=0.0316 MR=654.7 n=1422
05:54:39 | INFO    |            [multiref] MRR=0.0784 Hit@1=0.0508 Hit@5=0.0857 Hit@10=0.0984 MR=233.5 n=315

JAPE:  30%|████████████████▋                                      | 121/400 [00:12<00:30,  9.21it/s]
JAPE:  31%|████████████████▉                                      | 123/400 [00:12<00:26, 10.34it/s]
JAPE:  31%|█████████████████▏                                     | 125/400 [00:12<00:24, 11.31it/s]
JAPE:  32%|█████████████████▍                                     | 127/400 [00:12<00:22, 12.10it/s]
JAPE:  32%|█████████████████▋                                     | 129/400 [00:12<00:21, 12.74it/s]05:54:40 | INFO    | epoch  130/400 | loss=0.0185
05:54:40 | INFO    |            [filtered] MRR=0.0283 Hit@1=0.0169 Hit@5=0.0288 Hit@10=0.0366 MR=662.3 n=1422
05:54:40 | INFO    |            [multiref] MRR=0.1000 Hit@1=0.0698 Hit@5=0.1079 Hit@10=0.1333 MR=235.3 n=315

JAPE:  33%|██████████████████                                     | 131/400 [00:12<00:28,  9.28it/s]
JAPE:  33%|██████████████████▎                                    | 133/400 [00:13<00:25, 10.38it/s]
JAPE:  34%|██████████████████▌                                    | 135/400 [00:13<00:23, 11.27it/s]
JAPE:  34%|██████████████████▊                                    | 137/400 [00:13<00:21, 12.07it/s]
JAPE:  35%|███████████████████                                    | 139/400 [00:13<00:20, 12.70it/s]05:54:40 | INFO    | epoch  140/400 | loss=0.0184
05:54:41 | INFO    |            [filtered] MRR=0.0247 Hit@1=0.0120 Hit@5=0.0239 Hit@10=0.0331 MR=653.2 n=1422
05:54:41 | INFO    |            [multiref] MRR=0.0808 Hit@1=0.0476 Hit@5=0.0825 Hit@10=0.1175 MR=229.2 n=315

JAPE:  35%|███████████████████▍                                   | 141/400 [00:13<00:27,  9.25it/s]
JAPE:  36%|███████████████████▋                                   | 143/400 [00:13<00:24, 10.37it/s]
JAPE:  36%|███████████████████▉                                   | 145/400 [00:14<00:22, 11.34it/s]
JAPE:  37%|████████████████████▏                                  | 147/400 [00:14<00:20, 12.13it/s]
JAPE:  37%|████████████████████▍                                  | 149/400 [00:14<00:19, 12.75it/s]05:54:41 | INFO    | epoch  150/400 | loss=0.0182
05:54:41 | INFO    |            [filtered] MRR=0.0279 Hit@1=0.0162 Hit@5=0.0323 Hit@10=0.0366 MR=656.5 n=1422
05:54:41 | INFO    |            [multiref] MRR=0.0909 Hit@1=0.0635 Hit@5=0.0984 Hit@10=0.1079 MR=237.2 n=315

JAPE:  38%|████████████████████▊                                  | 151/400 [00:14<00:26,  9.23it/s]
JAPE:  38%|█████████████████████                                  | 153/400 [00:14<00:23, 10.35it/s]
JAPE:  39%|█████████████████████▎                                 | 155/400 [00:15<00:21, 11.33it/s]
JAPE:  39%|█████████████████████▌                                 | 157/400 [00:15<00:20, 12.12it/s]
JAPE:  40%|█████████████████████▊                                 | 159/400 [00:15<00:18, 12.75it/s]05:54:42 | INFO    | epoch  160/400 | loss=0.0181
05:54:42 | INFO    |            [filtered] MRR=0.0246 Hit@1=0.0120 Hit@5=0.0295 Hit@10=0.0345 MR=663.0 n=1422
05:54:42 | INFO    |            [multiref] MRR=0.0844 Hit@1=0.0540 Hit@5=0.0921 Hit@10=0.1079 MR=224.0 n=315

JAPE:  40%|██████████████████████▏                                | 161/400 [00:15<00:25,  9.21it/s]
JAPE:  41%|██████████████████████▍                                | 163/400 [00:15<00:22, 10.34it/s]
JAPE:  41%|██████████████████████▋                                | 165/400 [00:15<00:20, 11.31it/s]
JAPE:  42%|██████████████████████▉                                | 167/400 [00:16<00:19, 12.11it/s]
JAPE:  42%|███████████████████████▏                               | 169/400 [00:16<00:18, 12.74it/s]05:54:43 | INFO    | epoch  170/400 | loss=0.0180
05:54:43 | INFO    |            [filtered] MRR=0.0309 Hit@1=0.0162 Hit@5=0.0338 Hit@10=0.0443 MR=637.2 n=1422
05:54:43 | INFO    |            [multiref] MRR=0.0992 Hit@1=0.0635 Hit@5=0.1048 Hit@10=0.1397 MR=224.6 n=315

JAPE:  43%|███████████████████████▌                               | 171/400 [00:16<00:24,  9.28it/s]
JAPE:  43%|███████████████████████▊                               | 173/400 [00:16<00:21, 10.36it/s]
JAPE:  44%|████████████████████████                               | 175/400 [00:16<00:19, 11.33it/s]
JAPE:  44%|████████████████████████▎                              | 177/400 [00:16<00:18, 12.12it/s]
JAPE:  45%|████████████████████████▌                              | 179/400 [00:17<00:17, 12.76it/s]05:54:44 | INFO    | epoch  180/400 | loss=0.0180
05:54:44 | INFO    |            [filtered] MRR=0.0265 Hit@1=0.0127 Hit@5=0.0281 Hit@10=0.0352 MR=610.2 n=1422
05:54:44 | INFO    |            [multiref] MRR=0.0836 Hit@1=0.0508 Hit@5=0.0921 Hit@10=0.1079 MR=215.5 n=315

JAPE:  45%|████████████████████████▉                              | 181/400 [00:17<00:23,  9.21it/s]
JAPE:  46%|█████████████████████████▏                             | 183/400 [00:17<00:20, 10.34it/s]
JAPE:  46%|█████████████████████████▍                             | 185/400 [00:17<00:19, 11.31it/s]
JAPE:  47%|█████████████████████████▋                             | 187/400 [00:17<00:17, 12.12it/s]
JAPE:  47%|█████████████████████████▉                             | 189/400 [00:18<00:16, 12.74it/s]05:54:45 | INFO    | epoch  190/400 | loss=0.0179
05:54:45 | INFO    |            [filtered] MRR=0.0295 Hit@1=0.0162 Hit@5=0.0323 Hit@10=0.0394 MR=647.3 n=1422
05:54:45 | INFO    |            [multiref] MRR=0.0954 Hit@1=0.0667 Hit@5=0.0984 Hit@10=0.1175 MR=219.6 n=315

JAPE:  48%|██████████████████████████▎                            | 191/400 [00:18<00:22,  9.19it/s]
JAPE:  48%|██████████████████████████▌                            | 193/400 [00:18<00:20, 10.32it/s]
JAPE:  49%|██████████████████████████▊                            | 195/400 [00:18<00:18, 11.29it/s]
JAPE:  49%|███████████████████████████                            | 197/400 [00:18<00:16, 12.10it/s]
JAPE:  50%|███████████████████████████▎                           | 199/400 [00:18<00:15, 12.73it/s]05:54:46 | INFO    | epoch  200/400 | loss=0.0178
05:54:46 | INFO    |            [filtered] MRR=0.0294 Hit@1=0.0141 Hit@5=0.0331 Hit@10=0.0415 MR=645.1 n=1422
05:54:46 | INFO    |            [multiref] MRR=0.0943 Hit@1=0.0571 Hit@5=0.1079 Hit@10=0.1365 MR=221.6 n=315

JAPE:  50%|███████████████████████████▋                           | 201/400 [00:19<00:21,  9.22it/s]
JAPE:  51%|███████████████████████████▉                           | 203/400 [00:19<00:19, 10.35it/s]
JAPE:  51%|████████████████████████████▏                          | 205/400 [00:19<00:17, 11.32it/s]
JAPE:  52%|████████████████████████████▍                          | 207/400 [00:19<00:15, 12.12it/s]
JAPE:  52%|████████████████████████████▋                          | 209/400 [00:19<00:14, 12.74it/s]05:54:47 | INFO    | epoch  210/400 | loss=0.0178
05:54:47 | INFO    |            [filtered] MRR=0.0296 Hit@1=0.0155 Hit@5=0.0331 Hit@10=0.0394 MR=641.2 n=1422
05:54:47 | INFO    |            [multiref] MRR=0.0989 Hit@1=0.0667 Hit@5=0.1079 Hit@10=0.1270 MR=201.0 n=315

JAPE:  53%|█████████████████████████████                          | 211/400 [00:20<00:20,  9.13it/s]
JAPE:  53%|█████████████████████████████▎                         | 213/400 [00:20<00:18, 10.27it/s]
JAPE:  54%|█████████████████████████████▌                         | 215/400 [00:20<00:16, 11.25it/s]
JAPE:  54%|█████████████████████████████▊                         | 217/400 [00:20<00:15, 12.06it/s]
JAPE:  55%|██████████████████████████████                         | 219/400 [00:20<00:14, 12.70it/s]05:54:48 | INFO    | epoch  220/400 | loss=0.0176
05:54:48 | INFO    |            [filtered] MRR=0.0318 Hit@1=0.0162 Hit@5=0.0323 Hit@10=0.0478 MR=632.2 n=1422
05:54:48 | INFO    |            [multiref] MRR=0.1047 Hit@1=0.0698 Hit@5=0.1079 Hit@10=0.1429 MR=215.9 n=315
05:54:48 | INFO    |            -> new best multiref MRR=0.1047 (saved model_best.pt)

JAPE:  55%|██████████████████████████████▍                        | 221/400 [00:21<00:22,  7.86it/s]
JAPE:  56%|██████████████████████████████▋                        | 223/400 [00:21<00:19,  9.11it/s]
JAPE:  56%|██████████████████████████████▉                        | 225/400 [00:21<00:17, 10.25it/s]
JAPE:  57%|███████████████████████████████▏                       | 227/400 [00:21<00:15, 11.24it/s]
JAPE:  57%|███████████████████████████████▍                       | 229/400 [00:21<00:14, 12.05it/s]05:54:49 | INFO    | epoch  230/400 | loss=0.0176
05:54:49 | INFO    |            [filtered] MRR=0.0299 Hit@1=0.0155 Hit@5=0.0323 Hit@10=0.0429 MR=647.5 n=1422
05:54:49 | INFO    |            [multiref] MRR=0.0947 Hit@1=0.0603 Hit@5=0.0984 Hit@10=0.1365 MR=216.7 n=315

JAPE:  58%|███████████████████████████████▊                       | 231/400 [00:22<00:18,  9.13it/s]
JAPE:  58%|████████████████████████████████                       | 233/400 [00:22<00:16, 10.27it/s]
JAPE:  59%|████████████████████████████████▎                      | 235/400 [00:22<00:14, 11.25it/s]
JAPE:  59%|████████████████████████████████▌                      | 237/400 [00:22<00:13, 12.06it/s]
JAPE:  60%|████████████████████████████████▊                      | 239/400 [00:22<00:12, 12.70it/s]05:54:50 | INFO    | epoch  240/400 | loss=0.0176
05:54:50 | INFO    |            [filtered] MRR=0.0293 Hit@1=0.0148 Hit@5=0.0331 Hit@10=0.0366 MR=623.3 n=1422
05:54:50 | INFO    |            [multiref] MRR=0.0945 Hit@1=0.0603 Hit@5=0.1079 Hit@10=0.1143 MR=220.1 n=315

JAPE:  60%|█████████████████████████████████▏                     | 241/400 [00:23<00:17,  9.30it/s]
JAPE:  61%|█████████████████████████████████▍                     | 243/400 [00:23<00:15, 10.42it/s]
JAPE:  61%|█████████████████████████████████▋                     | 245/400 [00:23<00:13, 11.38it/s]
JAPE:  62%|█████████████████████████████████▉                     | 247/400 [00:23<00:12, 12.15it/s]
JAPE:  62%|██████████████████████████████████▏                    | 249/400 [00:23<00:11, 12.77it/s]05:54:51 | INFO    | epoch  250/400 | loss=0.0176
05:54:51 | INFO    |            [filtered] MRR=0.0316 Hit@1=0.0169 Hit@5=0.0338 Hit@10=0.0436 MR=622.7 n=1422
05:54:51 | INFO    |            [multiref] MRR=0.1026 Hit@1=0.0698 Hit@5=0.1111 Hit@10=0.1492 MR=219.7 n=315

JAPE:  63%|██████████████████████████████████▌                    | 251/400 [00:23<00:15,  9.34it/s]
JAPE:  63%|██████████████████████████████████▊                    | 253/400 [00:24<00:14, 10.45it/s]
JAPE:  64%|███████████████████████████████████                    | 255/400 [00:24<00:12, 11.40it/s]
JAPE:  64%|███████████████████████████████████▎                   | 257/400 [00:24<00:11, 12.18it/s]
JAPE:  65%|███████████████████████████████████▌                   | 259/400 [00:24<00:11, 12.79it/s]05:54:51 | INFO    | epoch  260/400 | loss=0.0174
05:54:52 | INFO    |            [filtered] MRR=0.0278 Hit@1=0.0148 Hit@5=0.0288 Hit@10=0.0359 MR=604.9 n=1422
05:54:52 | INFO    |            [multiref] MRR=0.0922 Hit@1=0.0603 Hit@5=0.0889 Hit@10=0.1175 MR=225.1 n=315

JAPE:  65%|███████████████████████████████████▉                   | 261/400 [00:24<00:14,  9.38it/s]
JAPE:  66%|████████████████████████████████████▏                  | 263/400 [00:24<00:13, 10.49it/s]
JAPE:  66%|████████████████████████████████████▍                  | 265/400 [00:25<00:11, 11.43it/s]
JAPE:  67%|████████████████████████████████████▋                  | 267/400 [00:25<00:10, 12.21it/s]
JAPE:  67%|████████████████████████████████████▉                  | 269/400 [00:25<00:10, 12.81it/s]05:54:52 | INFO    | epoch  270/400 | loss=0.0175
05:54:52 | INFO    |            [filtered] MRR=0.0297 Hit@1=0.0141 Hit@5=0.0323 Hit@10=0.0394 MR=615.6 n=1422
05:54:52 | INFO    |            [multiref] MRR=0.0951 Hit@1=0.0603 Hit@5=0.0984 Hit@10=0.1270 MR=210.3 n=315

JAPE:  68%|█████████████████████████████████████▎                 | 271/400 [00:25<00:13,  9.33it/s]
JAPE:  68%|█████████████████████████████████████▌                 | 273/400 [00:25<00:12, 10.45it/s]
JAPE:  69%|█████████████████████████████████████▊                 | 275/400 [00:26<00:10, 11.40it/s]
JAPE:  69%|██████████████████████████████████████                 | 277/400 [00:26<00:10, 12.17it/s]
JAPE:  70%|██████████████████████████████████████▎                | 279/400 [00:26<00:09, 12.78it/s]05:54:53 | INFO    | epoch  280/400 | loss=0.0176
05:54:53 | INFO    |            [filtered] MRR=0.0323 Hit@1=0.0211 Hit@5=0.0302 Hit@10=0.0415 MR=596.2 n=1422
05:54:53 | INFO    |            [multiref] MRR=0.0961 Hit@1=0.0667 Hit@5=0.0984 Hit@10=0.1333 MR=211.6 n=315

JAPE:  70%|██████████████████████████████████████▋                | 281/400 [00:26<00:12,  9.38it/s]
JAPE:  71%|██████████████████████████████████████▉                | 283/400 [00:26<00:11, 10.50it/s]
JAPE:  71%|███████████████████████████████████████▏               | 285/400 [00:26<00:10, 11.44it/s]
JAPE:  72%|███████████████████████████████████████▍               | 287/400 [00:27<00:09, 12.21it/s]
JAPE:  72%|███████████████████████████████████████▋               | 289/400 [00:27<00:08, 12.82it/s]05:54:54 | INFO    | epoch  290/400 | loss=0.0172
05:54:54 | INFO    |            [filtered] MRR=0.0300 Hit@1=0.0148 Hit@5=0.0323 Hit@10=0.0415 MR=610.5 n=1422
05:54:54 | INFO    |            [multiref] MRR=0.0958 Hit@1=0.0571 Hit@5=0.1048 Hit@10=0.1397 MR=197.1 n=315

JAPE:  73%|████████████████████████████████████████               | 291/400 [00:27<00:11,  9.35it/s]
JAPE:  73%|████████████████████████████████████████▎              | 293/400 [00:27<00:10, 10.46it/s]
JAPE:  74%|████████████████████████████████████████▌              | 295/400 [00:27<00:09, 11.42it/s]
JAPE:  74%|████████████████████████████████████████▊              | 297/400 [00:27<00:08, 12.20it/s]
JAPE:  75%|█████████████████████████████████████████              | 299/400 [00:28<00:07, 12.81it/s]05:54:55 | INFO    | epoch  300/400 | loss=0.0172
05:54:55 | INFO    |            [filtered] MRR=0.0303 Hit@1=0.0155 Hit@5=0.0323 Hit@10=0.0408 MR=626.7 n=1422
05:54:55 | INFO    |            [multiref] MRR=0.0939 Hit@1=0.0635 Hit@5=0.0984 Hit@10=0.1238 MR=232.4 n=315

JAPE:  75%|█████████████████████████████████████████▍             | 301/400 [00:28<00:10,  9.27it/s]
JAPE:  76%|█████████████████████████████████████████▋             | 303/400 [00:28<00:09, 10.39it/s]
JAPE:  76%|█████████████████████████████████████████▉             | 305/400 [00:28<00:08, 11.35it/s]
JAPE:  77%|██████████████████████████████████████████▏            | 307/400 [00:28<00:07, 12.14it/s]
JAPE:  77%|██████████████████████████████████████████▍            | 309/400 [00:28<00:07, 12.75it/s]05:54:56 | INFO    | epoch  310/400 | loss=0.0172
05:54:56 | INFO    |            [filtered] MRR=0.0308 Hit@1=0.0148 Hit@5=0.0352 Hit@10=0.0394 MR=604.8 n=1422
05:54:56 | INFO    |            [multiref] MRR=0.0961 Hit@1=0.0603 Hit@5=0.1048 Hit@10=0.1175 MR=223.8 n=315

JAPE:  78%|██████████████████████████████████████████▊            | 311/400 [00:29<00:09,  9.34it/s]
JAPE:  78%|███████████████████████████████████████████            | 313/400 [00:29<00:08, 10.46it/s]
JAPE:  79%|███████████████████████████████████████████▎           | 315/400 [00:29<00:07, 11.40it/s]
JAPE:  79%|███████████████████████████████████████████▌           | 317/400 [00:29<00:06, 12.18it/s]
JAPE:  80%|███████████████████████████████████████████▊           | 319/400 [00:29<00:06, 12.79it/s]05:54:57 | INFO    | epoch  320/400 | loss=0.0171
05:54:57 | INFO    |            [filtered] MRR=0.0317 Hit@1=0.0148 Hit@5=0.0352 Hit@10=0.0408 MR=620.7 n=1422
05:54:57 | INFO    |            [multiref] MRR=0.0968 Hit@1=0.0571 Hit@5=0.1048 Hit@10=0.1302 MR=217.8 n=315

JAPE:  80%|████████████████████████████████████████████▏          | 321/400 [00:30<00:08,  9.33it/s]
JAPE:  81%|████████████████████████████████████████████▍          | 323/400 [00:30<00:07, 10.45it/s]
JAPE:  81%|████████████████████████████████████████████▋          | 325/400 [00:30<00:06, 11.41it/s]
JAPE:  82%|████████████████████████████████████████████▉          | 327/400 [00:30<00:05, 12.18it/s]
JAPE:  82%|█████████████████████████████████████████████▏         | 329/400 [00:30<00:05, 12.80it/s]05:54:58 | INFO    | epoch  330/400 | loss=0.0171
05:54:58 | INFO    |            [filtered] MRR=0.0287 Hit@1=0.0148 Hit@5=0.0302 Hit@10=0.0373 MR=635.3 n=1422
05:54:58 | INFO    |            [multiref] MRR=0.0932 Hit@1=0.0603 Hit@5=0.0984 Hit@10=0.1270 MR=203.1 n=315

JAPE:  83%|█████████████████████████████████████████████▌         | 331/400 [00:31<00:07,  9.29it/s]
JAPE:  83%|█████████████████████████████████████████████▊         | 333/400 [00:31<00:06, 10.41it/s]
JAPE:  84%|██████████████████████████████████████████████         | 335/400 [00:31<00:05, 11.37it/s]
JAPE:  84%|██████████████████████████████████████████████▎        | 337/400 [00:31<00:05, 12.15it/s]
JAPE:  85%|██████████████████████████████████████████████▌        | 339/400 [00:31<00:04, 12.77it/s]05:54:59 | INFO    | epoch  340/400 | loss=0.0170
05:54:59 | INFO    |            [filtered] MRR=0.0332 Hit@1=0.0169 Hit@5=0.0387 Hit@10=0.0443 MR=630.3 n=1422
05:54:59 | INFO    |            [multiref] MRR=0.1054 Hit@1=0.0698 Hit@5=0.1143 Hit@10=0.1365 MR=222.6 n=315
05:54:59 | INFO    |            -> new best multiref MRR=0.1054 (saved model_best.pt)

JAPE:  85%|██████████████████████████████████████████████▉        | 341/400 [00:32<00:07,  7.75it/s]
JAPE:  86%|███████████████████████████████████████████████▏       | 343/400 [00:32<00:06,  9.01it/s]
JAPE:  86%|███████████████████████████████████████████████▍       | 345/400 [00:32<00:05, 10.16it/s]
JAPE:  87%|███████████████████████████████████████████████▋       | 347/400 [00:32<00:04, 11.15it/s]
JAPE:  87%|███████████████████████████████████████████████▉       | 349/400 [00:32<00:04, 11.98it/s]05:55:00 | INFO    | epoch  350/400 | loss=0.0171
05:55:00 | INFO    |            [filtered] MRR=0.0300 Hit@1=0.0155 Hit@5=0.0302 Hit@10=0.0401 MR=663.2 n=1422
05:55:00 | INFO    |            [multiref] MRR=0.0948 Hit@1=0.0635 Hit@5=0.0921 Hit@10=0.1302 MR=226.1 n=315

JAPE:  88%|████████████████████████████████████████████████▎      | 351/400 [00:33<00:05,  8.93it/s]
JAPE:  88%|████████████████████████████████████████████████▌      | 353/400 [00:33<00:04, 10.10it/s]
JAPE:  89%|████████████████████████████████████████████████▊      | 355/400 [00:33<00:04, 11.10it/s]
JAPE:  89%|█████████████████████████████████████████████████      | 357/400 [00:33<00:03, 11.94it/s]
JAPE:  90%|█████████████████████████████████████████████████▎     | 359/400 [00:33<00:03, 12.60it/s]05:55:01 | INFO    | epoch  360/400 | loss=0.0170
05:55:01 | INFO    |            [filtered] MRR=0.0309 Hit@1=0.0183 Hit@5=0.0331 Hit@10=0.0373 MR=624.8 n=1422
05:55:01 | INFO    |            [multiref] MRR=0.1004 Hit@1=0.0730 Hit@5=0.1079 Hit@10=0.1175 MR=206.1 n=315

JAPE:  90%|█████████████████████████████████████████████████▋     | 361/400 [00:34<00:04,  9.12it/s]
JAPE:  91%|█████████████████████████████████████████████████▉     | 363/400 [00:34<00:03, 10.26it/s]
JAPE:  91%|██████████████████████████████████████████████████▏    | 365/400 [00:34<00:03, 11.24it/s]
JAPE:  92%|██████████████████████████████████████████████████▍    | 367/400 [00:34<00:02, 12.05it/s]
JAPE:  92%|██████████████████████████████████████████████████▋    | 369/400 [00:34<00:02, 12.68it/s]05:55:02 | INFO    | epoch  370/400 | loss=0.0170
05:55:02 | INFO    |            [filtered] MRR=0.0312 Hit@1=0.0169 Hit@5=0.0331 Hit@10=0.0373 MR=626.3 n=1422
05:55:02 | INFO    |            [multiref] MRR=0.0965 Hit@1=0.0698 Hit@5=0.0921 Hit@10=0.1111 MR=214.2 n=315

JAPE:  93%|███████████████████████████████████████████████████    | 371/400 [00:34<00:03,  9.23it/s]
JAPE:  93%|███████████████████████████████████████████████████▎   | 373/400 [00:35<00:02, 10.36it/s]
JAPE:  94%|███████████████████████████████████████████████████▌   | 375/400 [00:35<00:02, 11.32it/s]
JAPE:  94%|███████████████████████████████████████████████████▊   | 377/400 [00:35<00:01, 12.12it/s]
JAPE:  95%|████████████████████████████████████████████████████   | 379/400 [00:35<00:01, 12.73it/s]05:55:02 | INFO    | epoch  380/400 | loss=0.0169
05:55:03 | INFO    |            [filtered] MRR=0.0295 Hit@1=0.0141 Hit@5=0.0309 Hit@10=0.0401 MR=609.4 n=1422
05:55:03 | INFO    |            [multiref] MRR=0.0891 Hit@1=0.0540 Hit@5=0.0952 Hit@10=0.1302 MR=217.9 n=315

JAPE:  95%|████████████████████████████████████████████████████▍  | 381/400 [00:35<00:02,  9.25it/s]
JAPE:  96%|████████████████████████████████████████████████████▋  | 383/400 [00:35<00:01, 10.38it/s]
JAPE:  96%|████████████████████████████████████████████████████▉  | 385/400 [00:36<00:01, 11.35it/s]
JAPE:  97%|█████████████████████████████████████████████████████▏ | 387/400 [00:36<00:01, 12.13it/s]
JAPE:  97%|█████████████████████████████████████████████████████▍ | 389/400 [00:36<00:00, 12.76it/s]05:55:03 | INFO    | epoch  390/400 | loss=0.0169
05:55:03 | INFO    |            [filtered] MRR=0.0287 Hit@1=0.0134 Hit@5=0.0295 Hit@10=0.0366 MR=598.3 n=1422
05:55:03 | INFO    |            [multiref] MRR=0.0888 Hit@1=0.0540 Hit@5=0.0889 Hit@10=0.1143 MR=208.6 n=315

JAPE:  98%|█████████████████████████████████████████████████████▊ | 391/400 [00:36<00:00,  9.15it/s]
JAPE:  98%|██████████████████████████████████████████████████████ | 393/400 [00:36<00:00, 10.28it/s]
JAPE:  99%|██████████████████████████████████████████████████████▎| 395/400 [00:37<00:00, 11.26it/s]
JAPE:  99%|██████████████████████████████████████████████████████▌| 397/400 [00:37<00:00, 12.06it/s]
JAPE: 100%|██████████████████████████████████████████████████████▊| 399/400 [00:37<00:00, 12.70it/s]05:55:04 | INFO    | epoch  400/400 | loss=0.0169
05:55:04 | INFO    |            [filtered] MRR=0.0302 Hit@1=0.0148 Hit@5=0.0338 Hit@10=0.0380 MR=615.4 n=1422
05:55:04 | INFO    |            [multiref] MRR=0.0944 Hit@1=0.0603 Hit@5=0.1048 Hit@10=0.1175 MR=208.1 n=315

JAPE: 100%|███████████████████████████████████████████████████████| 400/400 [00:37<00:00, 10.64it/s]
05:55:05 | INFO    | Done in 0.6 min. Best multiref MRR=0.1054 @ epoch 340.
05:55:05 | INFO    | Final evaluation on the test split, read once
05:55:05 | INFO    |   [cosine] filtMRR=0.0180 H@1=0.0017 H@10=0.0339 n=12578 | mrefMRR=0.0654 H@1=0.0123
05:55:06 | INFO    |   [  csls] filtMRR=0.0117 H@1=0.0007 H@10=0.0188 n=12578 | mrefMRR=0.0572 H@1=0.0086
05:55:07 | INFO    |   [cosine] F1=0.1007 P=0.0774 R=0.1441 (threshold 0.912 from validation, validation F1=0.0703)
05:55:07 | INFO    | Wrote experiments/jape_relatedMatch_20260929-055425/result.json
05:55:07 | INFO    | Finished. Best validation MRR=0.1054 @ epoch 340.
