05:50:09 | INFO    | Model: kecg | seed 2026 | device: cuda:0
05:50:10 | INFO    | Regime relatedMatch | graph: 84,182 nodes, 131,238 triples, 50,435 UCPGx candidates
05:50:10 | INFO    |   broadMatch/pgx   train=  3,744 test=  8,599 (70%) queries= 6,866 by cluster    leakage=0.00%
05:50:10 | INFO    |   closeMatch       train=  2,738 test=  6,296 (70%) queries= 1,490 by cluster    leakage=0.00%
05:50:10 | INFO    |   sameAs           train= 19,942 test= 46,531 (70%) queries=10,883 by cluster    leakage=0.00%
05:50:10 | INFO    |   broadMatch/onco  train= 25,039 test= 47,737 (66%) queries= 2,032 intra-cluster leakage=0.00%
05:50:10 | INFO    |   relatedMatch     train=  2,801 test=  6,289 (69%) queries=   812 intra-cluster leakage=0.00%
05:50:10 | INFO    |   related          train=471,647 test=762,046 (62%) queries=16,977 intra-cluster leakage=0.00%
05:50:10 | INFO    | Data: {'num_entities': 84182, 'num_relations': 13, 'triples': 131238, 'train_pairs': 2090, 'val_pairs': 711, 'candidates': 50435, 'unlabeled_pool': 49739}
05:50:12 | INFO    | Params: 10.78M
05:50:12 | INFO    | Run directory: experiments/kecg_relatedMatch_20260929-055009
05:50:12 | INFO    | KECG | device=cuda:0 | {'num_entities': 84182, 'num_relations': 13, 'triples': 131238, 'train_pairs': 2090, 'val_pairs': 711, 'candidates': 50435, 'unlabeled_pool': 49739} 

KECG:   0%|                                                                | 0/1000 [00:00<?, ?it/s]code/src/models/kecg.py:24: UserWarning: index_reduce() is in beta and the API may change at any time. (Triggered internally at /__w/pytorch/pytorch/aten/src/ATen/native/cuda/Indexing.cu:1512.)
  mx = scores.new_full((n,), float("-inf")).index_reduce_(0, index, scores, "amax", include_self=True)

KECG:   0%|                                                        | 1/1000 [00:00<03:56,  4.22it/s]
KECG:   0%|                                                        | 2/1000 [00:00<02:57,  5.63it/s]
KECG:   1%|▎                                                       | 6/1000 [00:00<01:02, 15.86it/s]
KECG:   1%|▌                                                      | 10/1000 [00:00<00:45, 21.86it/s]
KECG:   1%|▊                                                      | 14/1000 [00:00<00:37, 25.95it/s]
KECG:   2%|▉                                                      | 18/1000 [00:00<00:34, 28.69it/s]
KECG:   2%|█▏                                                     | 22/1000 [00:00<00:32, 30.14it/s]05:50:13 | INFO    | epoch   25/1000 | loss=1.8432
05:50:13 | INFO    |            [filtered] MRR=0.0185 Hit@1=0.0098 Hit@5=0.0190 Hit@10=0.0253 MR=5515.0 n=1422
05:50:13 | INFO    |            [multiref] MRR=0.0626 Hit@1=0.0381 Hit@5=0.0730 Hit@10=0.0952 MR=2880.9 n=315
05:50:13 | INFO    |            -> new best filtered MRR=0.0185 (saved model_best.pt)

KECG:   3%|█▍                                                     | 26/1000 [00:01<00:55, 17.59it/s]
KECG:   3%|█▋                                                     | 30/1000 [00:01<00:46, 20.76it/s]
KECG:   3%|█▊                                                     | 34/1000 [00:01<00:40, 23.77it/s]
KECG:   4%|██                                                     | 38/1000 [00:01<00:36, 26.34it/s]
KECG:   4%|██▎                                                    | 42/1000 [00:01<00:34, 28.15it/s]
KECG:   5%|██▌                                                    | 46/1000 [00:01<00:31, 29.83it/s]05:50:14 | INFO    | epoch   50/1000 | loss=2.9221
05:50:14 | INFO    |            [filtered] MRR=0.0224 Hit@1=0.0155 Hit@5=0.0183 Hit@10=0.0281 MR=4712.6 n=1422
05:50:14 | INFO    |            [multiref] MRR=0.0751 Hit@1=0.0571 Hit@5=0.0698 Hit@10=0.1079 MR=2377.9 n=315
05:50:14 | INFO    |            -> new best filtered MRR=0.0224 (saved model_best.pt)

KECG:   5%|██▊                                                    | 50/1000 [00:02<00:53, 17.73it/s]
KECG:   5%|██▉                                                    | 54/1000 [00:02<00:45, 20.77it/s]
KECG:   6%|███▏                                                   | 58/1000 [00:02<00:39, 23.61it/s]
KECG:   6%|███▍                                                   | 62/1000 [00:02<00:36, 25.87it/s]
KECG:   7%|███▋                                                   | 66/1000 [00:02<00:33, 27.98it/s]
KECG:   7%|███▊                                                   | 70/1000 [00:02<00:31, 29.38it/s]
KECG:   7%|████                                                   | 74/1000 [00:03<00:30, 30.77it/s]05:50:15 | INFO    | epoch   75/1000 | loss=1.2871
05:50:15 | INFO    |            [filtered] MRR=0.0234 Hit@1=0.0162 Hit@5=0.0197 Hit@10=0.0274 MR=3485.7 n=1422
05:50:15 | INFO    |            [multiref] MRR=0.0787 Hit@1=0.0603 Hit@5=0.0762 Hit@10=0.1048 MR=1952.0 n=315
05:50:15 | INFO    |            -> new best filtered MRR=0.0234 (saved model_best.pt)

KECG:   8%|████▎                                                  | 78/1000 [00:03<00:50, 18.20it/s]
KECG:   8%|████▌                                                  | 82/1000 [00:03<00:43, 21.07it/s]
KECG:   9%|████▋                                                  | 86/1000 [00:03<00:38, 23.86it/s]
KECG:   9%|████▉                                                  | 90/1000 [00:03<00:34, 26.06it/s]
KECG:   9%|█████▏                                                 | 94/1000 [00:04<00:32, 28.13it/s]
KECG:  10%|█████▍                                                 | 98/1000 [00:04<00:30, 29.80it/s]05:50:16 | INFO    | epoch  100/1000 | loss=2.8752
05:50:16 | INFO    |            [filtered] MRR=0.0247 Hit@1=0.0176 Hit@5=0.0225 Hit@10=0.0295 MR=2839.5 n=1422
05:50:16 | INFO    |            [multiref] MRR=0.0844 Hit@1=0.0667 Hit@5=0.0889 Hit@10=0.1143 MR=1407.1 n=315
05:50:16 | INFO    |            -> new best filtered MRR=0.0247 (saved model_best.pt)

KECG:  10%|█████▌                                                | 102/1000 [00:04<00:51, 17.60it/s]
KECG:  11%|█████▋                                                | 106/1000 [00:04<00:43, 20.64it/s]
KECG:  11%|█████▉                                                | 110/1000 [00:04<00:38, 23.29it/s]
KECG:  11%|██████▏                                               | 114/1000 [00:04<00:34, 25.82it/s]
KECG:  12%|██████▎                                               | 118/1000 [00:05<00:31, 27.91it/s]
KECG:  12%|██████▌                                               | 122/1000 [00:05<00:29, 29.32it/s]05:50:17 | INFO    | epoch  125/1000 | loss=1.1393
05:50:17 | INFO    |            [filtered] MRR=0.0257 Hit@1=0.0190 Hit@5=0.0211 Hit@10=0.0302 MR=2528.3 n=1422
05:50:17 | INFO    |            [multiref] MRR=0.0885 Hit@1=0.0730 Hit@5=0.0825 Hit@10=0.1175 MR=1023.5 n=315
05:50:17 | INFO    |            -> new best filtered MRR=0.0257 (saved model_best.pt)

KECG:  13%|██████▊                                               | 126/1000 [00:05<00:49, 17.63it/s]
KECG:  13%|███████                                               | 130/1000 [00:05<00:42, 20.53it/s]
KECG:  13%|███████▏                                              | 134/1000 [00:05<00:37, 23.37it/s]
KECG:  14%|███████▍                                              | 138/1000 [00:05<00:33, 25.86it/s]
KECG:  14%|███████▋                                              | 142/1000 [00:06<00:30, 27.72it/s]
KECG:  15%|███████▉                                              | 146/1000 [00:06<00:28, 29.47it/s]05:50:18 | INFO    | epoch  150/1000 | loss=2.8290
05:50:18 | INFO    |            [filtered] MRR=0.0273 Hit@1=0.0204 Hit@5=0.0232 Hit@10=0.0316 MR=2580.4 n=1422
05:50:18 | INFO    |            [multiref] MRR=0.0923 Hit@1=0.0762 Hit@5=0.0889 Hit@10=0.1206 MR=1024.4 n=315
05:50:18 | INFO    |            -> new best filtered MRR=0.0273 (saved model_best.pt)

KECG:  15%|████████                                              | 150/1000 [00:06<00:48, 17.37it/s]
KECG:  15%|████████▎                                             | 154/1000 [00:06<00:41, 20.41it/s]
KECG:  16%|████████▌                                             | 158/1000 [00:06<00:36, 23.25it/s]
KECG:  16%|████████▋                                             | 162/1000 [00:06<00:32, 25.55it/s]
KECG:  17%|████████▉                                             | 166/1000 [00:07<00:30, 27.71it/s]
KECG:  17%|█████████▏                                            | 170/1000 [00:07<00:28, 29.15it/s]
KECG:  17%|█████████▍                                            | 174/1000 [00:07<00:27, 30.57it/s]05:50:19 | INFO    | epoch  175/1000 | loss=1.0178
05:50:19 | INFO    |            [filtered] MRR=0.0288 Hit@1=0.0218 Hit@5=0.0253 Hit@10=0.0331 MR=2591.9 n=1422
05:50:19 | INFO    |            [multiref] MRR=0.0994 Hit@1=0.0825 Hit@5=0.0984 Hit@10=0.1270 MR=1039.6 n=315
05:50:19 | INFO    |            -> new best filtered MRR=0.0288 (saved model_best.pt)

KECG:  18%|█████████▌                                            | 178/1000 [00:07<00:46, 17.74it/s]
KECG:  18%|█████████▊                                            | 182/1000 [00:07<00:39, 20.63it/s]
KECG:  19%|██████████                                            | 186/1000 [00:08<00:34, 23.47it/s]
KECG:  19%|██████████▎                                           | 190/1000 [00:08<00:31, 25.74it/s]
KECG:  19%|██████████▍                                           | 194/1000 [00:08<00:28, 27.87it/s]
KECG:  20%|██████████▋                                           | 198/1000 [00:08<00:27, 29.56it/s]05:50:20 | INFO    | epoch  200/1000 | loss=2.7785
05:50:20 | INFO    |            [filtered] MRR=0.0295 Hit@1=0.0218 Hit@5=0.0281 Hit@10=0.0331 MR=2807.3 n=1422
05:50:20 | INFO    |            [multiref] MRR=0.1016 Hit@1=0.0825 Hit@5=0.1079 Hit@10=0.1270 MR=1108.3 n=315
05:50:20 | INFO    |            -> new best filtered MRR=0.0295 (saved model_best.pt)

KECG:  20%|██████████▉                                           | 202/1000 [00:08<00:45, 17.39it/s]
KECG:  21%|███████████                                           | 206/1000 [00:08<00:38, 20.43it/s]
KECG:  21%|███████████▎                                          | 210/1000 [00:09<00:34, 23.09it/s]
KECG:  21%|███████████▌                                          | 214/1000 [00:09<00:30, 25.63it/s]
KECG:  22%|███████████▊                                          | 218/1000 [00:09<00:28, 27.77it/s]
KECG:  22%|███████████▉                                          | 222/1000 [00:09<00:26, 29.23it/s]05:50:21 | INFO    | epoch  225/1000 | loss=0.8682
05:50:21 | INFO    |            [filtered] MRR=0.0290 Hit@1=0.0218 Hit@5=0.0267 Hit@10=0.0352 MR=3046.8 n=1422
05:50:21 | INFO    |            [multiref] MRR=0.1002 Hit@1=0.0825 Hit@5=0.1048 Hit@10=0.1333 MR=1154.6 n=315

KECG:  23%|████████████▏                                         | 226/1000 [00:09<00:38, 20.15it/s]
KECG:  23%|████████████▍                                         | 230/1000 [00:09<00:33, 22.87it/s]
KECG:  23%|████████████▋                                         | 234/1000 [00:09<00:30, 25.45it/s]
KECG:  24%|████████████▊                                         | 238/1000 [00:10<00:27, 27.63it/s]
KECG:  24%|█████████████                                         | 242/1000 [00:10<00:26, 29.12it/s]
KECG:  25%|█████████████▎                                        | 246/1000 [00:10<00:24, 30.56it/s]05:50:22 | INFO    | epoch  250/1000 | loss=2.7233
05:50:22 | INFO    |            [filtered] MRR=0.0295 Hit@1=0.0218 Hit@5=0.0274 Hit@10=0.0380 MR=3538.5 n=1422
05:50:22 | INFO    |            [multiref] MRR=0.1022 Hit@1=0.0825 Hit@5=0.1079 Hit@10=0.1397 MR=1290.5 n=315

KECG:  25%|█████████████▌                                        | 250/1000 [00:10<00:36, 20.60it/s]
KECG:  25%|█████████████▋                                        | 254/1000 [00:10<00:31, 23.43it/s]
KECG:  26%|█████████████▉                                        | 258/1000 [00:10<00:28, 25.95it/s]
KECG:  26%|██████████████▏                                       | 262/1000 [00:11<00:26, 27.79it/s]
KECG:  27%|██████████████▎                                       | 266/1000 [00:11<00:24, 29.53it/s]
KECG:  27%|██████████████▌                                       | 270/1000 [00:11<00:23, 30.60it/s]
KECG:  27%|██████████████▊                                       | 274/1000 [00:11<00:22, 31.73it/s]05:50:23 | INFO    | epoch  275/1000 | loss=0.6147
05:50:23 | INFO    |            [filtered] MRR=0.0297 Hit@1=0.0211 Hit@5=0.0288 Hit@10=0.0373 MR=4150.6 n=1422
05:50:23 | INFO    |            [multiref] MRR=0.1025 Hit@1=0.0794 Hit@5=0.1111 Hit@10=0.1397 MR=1477.7 n=315
05:50:23 | INFO    |            -> new best filtered MRR=0.0297 (saved model_best.pt)

KECG:  28%|███████████████                                       | 278/1000 [00:11<00:39, 18.32it/s]
KECG:  28%|███████████████▏                                      | 282/1000 [00:11<00:33, 21.17it/s]
KECG:  29%|███████████████▍                                      | 286/1000 [00:12<00:29, 23.95it/s]
KECG:  29%|███████████████▋                                      | 290/1000 [00:12<00:27, 26.16it/s]
KECG:  29%|███████████████▉                                      | 294/1000 [00:12<00:25, 28.21it/s]
KECG:  30%|████████████████                                      | 298/1000 [00:12<00:23, 29.83it/s]05:50:24 | INFO    | epoch  300/1000 | loss=2.6626
05:50:24 | INFO    |            [filtered] MRR=0.0317 Hit@1=0.0239 Hit@5=0.0316 Hit@10=0.0373 MR=4840.5 n=1422
05:50:24 | INFO    |            [multiref] MRR=0.1069 Hit@1=0.0857 Hit@5=0.1175 Hit@10=0.1397 MR=1659.0 n=315
05:50:25 | INFO    |            -> new best filtered MRR=0.0317 (saved model_best.pt)

KECG:  30%|████████████████▎                                     | 302/1000 [00:12<00:39, 17.47it/s]
KECG:  31%|████████████████▌                                     | 306/1000 [00:12<00:33, 20.50it/s]
KECG:  31%|████████████████▋                                     | 310/1000 [00:13<00:29, 23.17it/s]
KECG:  31%|████████████████▉                                     | 314/1000 [00:13<00:26, 25.70it/s]
KECG:  32%|█████████████████▏                                    | 318/1000 [00:13<00:24, 27.82it/s]
KECG:  32%|█████████████████▍                                    | 322/1000 [00:13<00:23, 29.23it/s]05:50:25 | INFO    | epoch  325/1000 | loss=0.3639
05:50:25 | INFO    |            [filtered] MRR=0.0314 Hit@1=0.0239 Hit@5=0.0316 Hit@10=0.0366 MR=5600.3 n=1422
05:50:25 | INFO    |            [multiref] MRR=0.1061 Hit@1=0.0857 Hit@5=0.1175 Hit@10=0.1397 MR=1854.9 n=315

KECG:  33%|█████████████████▌                                    | 326/1000 [00:13<00:33, 20.36it/s]
KECG:  33%|█████████████████▊                                    | 330/1000 [00:13<00:29, 23.04it/s]
KECG:  33%|██████████████████                                    | 334/1000 [00:14<00:26, 25.60it/s]
KECG:  34%|██████████████████▎                                   | 338/1000 [00:14<00:23, 27.74it/s]
KECG:  34%|██████████████████▍                                   | 342/1000 [00:14<00:22, 29.16it/s]
KECG:  35%|██████████████████▋                                   | 346/1000 [00:14<00:21, 30.56it/s]05:50:26 | INFO    | epoch  350/1000 | loss=2.5968
05:50:26 | INFO    |            [filtered] MRR=0.0313 Hit@1=0.0239 Hit@5=0.0309 Hit@10=0.0366 MR=6417.9 n=1422
05:50:26 | INFO    |            [multiref] MRR=0.1074 Hit@1=0.0889 Hit@5=0.1143 Hit@10=0.1397 MR=2090.5 n=315

KECG:  35%|██████████████████▉                                   | 350/1000 [00:14<00:31, 20.62it/s]
KECG:  35%|███████████████████                                   | 354/1000 [00:14<00:27, 23.45it/s]
KECG:  36%|███████████████████▎                                  | 358/1000 [00:14<00:24, 25.96it/s]
KECG:  36%|███████████████████▌                                  | 362/1000 [00:15<00:22, 27.78it/s]
KECG:  37%|███████████████████▊                                  | 366/1000 [00:15<00:21, 29.50it/s]
KECG:  37%|███████████████████▉                                  | 370/1000 [00:15<00:20, 30.53it/s]
KECG:  37%|████████████████████▏                                 | 374/1000 [00:15<00:19, 31.60it/s]05:50:27 | INFO    | epoch  375/1000 | loss=0.2274
05:50:27 | INFO    |            [filtered] MRR=0.0307 Hit@1=0.0232 Hit@5=0.0302 Hit@10=0.0366 MR=7130.5 n=1422
05:50:27 | INFO    |            [multiref] MRR=0.1028 Hit@1=0.0825 Hit@5=0.1111 Hit@10=0.1397 MR=2331.2 n=315

KECG:  38%|████████████████████▍                                 | 378/1000 [00:15<00:29, 21.34it/s]
KECG:  38%|████████████████████▋                                 | 382/1000 [00:15<00:25, 23.91it/s]
KECG:  39%|████████████████████▊                                 | 386/1000 [00:15<00:23, 26.32it/s]
KECG:  39%|█████████████████████                                 | 390/1000 [00:16<00:21, 28.06it/s]
KECG:  39%|█████████████████████▎                                | 394/1000 [00:16<00:20, 29.72it/s]
KECG:  40%|█████████████████████▍                                | 398/1000 [00:16<00:19, 31.02it/s]05:50:28 | INFO    | epoch  400/1000 | loss=2.5283
05:50:28 | INFO    |            [filtered] MRR=0.0306 Hit@1=0.0232 Hit@5=0.0302 Hit@10=0.0366 MR=7695.4 n=1422
05:50:28 | INFO    |            [multiref] MRR=0.1020 Hit@1=0.0825 Hit@5=0.1111 Hit@10=0.1397 MR=2519.6 n=315

KECG:  40%|█████████████████████▋                                | 402/1000 [00:16<00:28, 21.01it/s]
KECG:  41%|█████████████████████▉                                | 406/1000 [00:16<00:24, 23.80it/s]
KECG:  41%|██████████████████████▏                               | 410/1000 [00:16<00:22, 26.02it/s]
KECG:  41%|██████████████████████▎                               | 414/1000 [00:17<00:20, 28.07it/s]
KECG:  42%|██████████████████████▌                               | 418/1000 [00:17<00:19, 29.71it/s]
KECG:  42%|██████████████████████▊                               | 422/1000 [00:17<00:18, 30.64it/s]05:50:29 | INFO    | epoch  425/1000 | loss=0.1474
05:50:29 | INFO    |            [filtered] MRR=0.0304 Hit@1=0.0232 Hit@5=0.0295 Hit@10=0.0366 MR=8158.6 n=1422
05:50:29 | INFO    |            [multiref] MRR=0.1020 Hit@1=0.0825 Hit@5=0.1079 Hit@10=0.1397 MR=2698.4 n=315

KECG:  43%|███████████████████████                               | 426/1000 [00:17<00:27, 21.04it/s]
KECG:  43%|███████████████████████▏                              | 430/1000 [00:17<00:24, 23.64it/s]
KECG:  43%|███████████████████████▍                              | 434/1000 [00:17<00:21, 26.11it/s]
KECG:  44%|███████████████████████▋                              | 438/1000 [00:17<00:19, 28.16it/s]
KECG:  44%|███████████████████████▊                              | 442/1000 [00:18<00:18, 29.52it/s]
KECG:  45%|████████████████████████                              | 446/1000 [00:18<00:17, 30.85it/s]05:50:30 | INFO    | epoch  450/1000 | loss=2.4561
05:50:30 | INFO    |            [filtered] MRR=0.0317 Hit@1=0.0246 Hit@5=0.0295 Hit@10=0.0380 MR=8642.1 n=1422
05:50:30 | INFO    |            [multiref] MRR=0.1067 Hit@1=0.0889 Hit@5=0.1079 Hit@10=0.1429 MR=2889.2 n=315
05:50:30 | INFO    |            -> new best filtered MRR=0.0317 (saved model_best.pt)

KECG:  45%|████████████████████████▎                             | 450/1000 [00:18<00:30, 18.29it/s]
KECG:  45%|████████████████████████▌                             | 454/1000 [00:18<00:25, 21.27it/s]
KECG:  46%|████████████████████████▋                             | 458/1000 [00:18<00:22, 24.06it/s]
KECG:  46%|████████████████████████▉                             | 462/1000 [00:18<00:20, 26.23it/s]
KECG:  47%|█████████████████████████▏                            | 466/1000 [00:19<00:18, 28.26it/s]
KECG:  47%|█████████████████████████▍                            | 470/1000 [00:19<00:17, 29.61it/s]
KECG:  47%|█████████████████████████▌                            | 474/1000 [00:19<00:16, 30.95it/s]05:50:31 | INFO    | epoch  475/1000 | loss=0.0934
05:50:31 | INFO    |            [filtered] MRR=0.0317 Hit@1=0.0246 Hit@5=0.0295 Hit@10=0.0366 MR=9076.4 n=1422
05:50:31 | INFO    |            [multiref] MRR=0.1066 Hit@1=0.0889 Hit@5=0.1079 Hit@10=0.1397 MR=3053.5 n=315

KECG:  48%|█████████████████████████▊                            | 478/1000 [00:19<00:24, 21.11it/s]
KECG:  48%|██████████████████████████                            | 482/1000 [00:19<00:21, 23.71it/s]
KECG:  49%|██████████████████████████▏                           | 486/1000 [00:19<00:19, 26.15it/s]
KECG:  49%|██████████████████████████▍                           | 490/1000 [00:19<00:18, 27.94it/s]
KECG:  49%|██████████████████████████▋                           | 494/1000 [00:20<00:17, 29.65it/s]
KECG:  50%|██████████████████████████▉                           | 498/1000 [00:20<00:16, 30.96it/s]05:50:32 | INFO    | epoch  500/1000 | loss=2.3777
05:50:32 | INFO    |            [filtered] MRR=0.0319 Hit@1=0.0253 Hit@5=0.0295 Hit@10=0.0366 MR=9499.6 n=1422
05:50:32 | INFO    |            [multiref] MRR=0.1082 Hit@1=0.0921 Hit@5=0.1079 Hit@10=0.1397 MR=3247.2 n=315
05:50:32 | INFO    |            -> new best filtered MRR=0.0319 (saved model_best.pt)

KECG:  50%|███████████████████████████                           | 502/1000 [00:20<00:27, 18.26it/s]
KECG:  51%|███████████████████████████▎                          | 506/1000 [00:20<00:23, 21.26it/s]
KECG:  51%|███████████████████████████▌                          | 510/1000 [00:20<00:20, 23.83it/s]
KECG:  51%|███████████████████████████▊                          | 514/1000 [00:21<00:18, 26.26it/s]
KECG:  52%|███████████████████████████▉                          | 518/1000 [00:21<00:17, 27.48it/s]
KECG:  52%|████████████████████████████▏                         | 522/1000 [00:21<00:16, 28.99it/s]05:50:33 | INFO    | epoch  525/1000 | loss=0.0650
05:50:33 | INFO    |            [filtered] MRR=0.0319 Hit@1=0.0253 Hit@5=0.0302 Hit@10=0.0359 MR=9820.0 n=1422
05:50:33 | INFO    |            [multiref] MRR=0.1080 Hit@1=0.0921 Hit@5=0.1111 Hit@10=0.1365 MR=3401.1 n=315

KECG:  53%|████████████████████████████▍                         | 526/1000 [00:21<00:23, 20.02it/s]
KECG:  53%|████████████████████████████▌                         | 530/1000 [00:21<00:20, 22.73it/s]
KECG:  53%|████████████████████████████▊                         | 534/1000 [00:21<00:18, 25.30it/s]
KECG:  54%|█████████████████████████████                         | 538/1000 [00:21<00:16, 27.49it/s]
KECG:  54%|█████████████████████████████▎                        | 542/1000 [00:22<00:15, 28.98it/s]
KECG:  55%|█████████████████████████████▍                        | 546/1000 [00:22<00:14, 30.45it/s]05:50:34 | INFO    | epoch  550/1000 | loss=2.2954
05:50:34 | INFO    |            [filtered] MRR=0.0328 Hit@1=0.0267 Hit@5=0.0302 Hit@10=0.0345 MR=10222.2 n=1422
05:50:34 | INFO    |            [multiref] MRR=0.1102 Hit@1=0.0952 Hit@5=0.1111 Hit@10=0.1302 MR=3661.7 n=315
05:50:34 | INFO    |            -> new best filtered MRR=0.0328 (saved model_best.pt)

KECG:  55%|█████████████████████████████▋                        | 550/1000 [00:22<00:25, 17.95it/s]
KECG:  55%|█████████████████████████████▉                        | 554/1000 [00:22<00:21, 20.97it/s]
KECG:  56%|██████████████████████████████▏                       | 558/1000 [00:22<00:18, 23.78it/s]
KECG:  56%|██████████████████████████████▎                       | 562/1000 [00:22<00:16, 25.99it/s]
KECG:  57%|██████████████████████████████▌                       | 566/1000 [00:23<00:15, 28.08it/s]
KECG:  57%|██████████████████████████████▊                       | 570/1000 [00:23<00:14, 29.45it/s]
KECG:  57%|██████████████████████████████▉                       | 574/1000 [00:23<00:13, 30.79it/s]05:50:35 | INFO    | epoch  575/1000 | loss=0.0532
05:50:35 | INFO    |            [filtered] MRR=0.0319 Hit@1=0.0253 Hit@5=0.0295 Hit@10=0.0359 MR=10538.9 n=1422
05:50:35 | INFO    |            [multiref] MRR=0.1084 Hit@1=0.0921 Hit@5=0.1111 Hit@10=0.1365 MR=3847.4 n=315

KECG:  58%|███████████████████████████████▏                      | 578/1000 [00:23<00:20, 20.80it/s]
KECG:  58%|███████████████████████████████▍                      | 582/1000 [00:23<00:17, 23.42it/s]
KECG:  59%|███████████████████████████████▋                      | 586/1000 [00:23<00:15, 25.92it/s]
KECG:  59%|███████████████████████████████▊                      | 590/1000 [00:24<00:14, 27.75it/s]
KECG:  59%|████████████████████████████████                      | 594/1000 [00:24<00:13, 29.50it/s]
KECG:  60%|████████████████████████████████▎                     | 598/1000 [00:24<00:13, 30.86it/s]05:50:36 | INFO    | epoch  600/1000 | loss=2.2081
05:50:36 | INFO    |            [filtered] MRR=0.0317 Hit@1=0.0253 Hit@5=0.0295 Hit@10=0.0345 MR=10898.5 n=1422
05:50:36 | INFO    |            [multiref] MRR=0.1085 Hit@1=0.0921 Hit@5=0.1111 Hit@10=0.1333 MR=4091.7 n=315

KECG:  60%|████████████████████████████████▌                     | 602/1000 [00:24<00:19, 20.41it/s]
KECG:  61%|████████████████████████████████▋                     | 606/1000 [00:24<00:16, 23.26it/s]
KECG:  61%|████████████████████████████████▉                     | 610/1000 [00:24<00:15, 25.55it/s]
KECG:  61%|█████████████████████████████████▏                    | 614/1000 [00:24<00:13, 27.71it/s]
KECG:  62%|█████████████████████████████████▎                    | 618/1000 [00:25<00:12, 29.43it/s]
KECG:  62%|█████████████████████████████████▌                    | 622/1000 [00:25<00:12, 30.45it/s]05:50:37 | INFO    | epoch  625/1000 | loss=0.0479
05:50:37 | INFO    |            [filtered] MRR=0.0315 Hit@1=0.0253 Hit@5=0.0302 Hit@10=0.0345 MR=11141.2 n=1422
05:50:37 | INFO    |            [multiref] MRR=0.1079 Hit@1=0.0921 Hit@5=0.1143 Hit@10=0.1333 MR=4332.7 n=315

KECG:  63%|█████████████████████████████████▊                    | 626/1000 [00:25<00:18, 20.58it/s]
KECG:  63%|██████████████████████████████████                    | 630/1000 [00:25<00:15, 23.24it/s]
KECG:  63%|██████████████████████████████████▏                   | 634/1000 [00:25<00:14, 25.77it/s]
KECG:  64%|██████████████████████████████████▍                   | 638/1000 [00:25<00:14, 24.25it/s]
KECG:  64%|██████████████████████████████████▋                   | 642/1000 [00:26<00:13, 26.38it/s]
KECG:  65%|██████████████████████████████████▉                   | 646/1000 [00:26<00:12, 28.36it/s]05:50:38 | INFO    | epoch  650/1000 | loss=2.1173
05:50:38 | INFO    |            [filtered] MRR=0.0316 Hit@1=0.0253 Hit@5=0.0295 Hit@10=0.0345 MR=11458.9 n=1422
05:50:38 | INFO    |            [multiref] MRR=0.1078 Hit@1=0.0921 Hit@5=0.1111 Hit@10=0.1333 MR=4639.9 n=315

KECG:  65%|███████████████████████████████████                   | 650/1000 [00:26<00:17, 19.83it/s]
KECG:  65%|███████████████████████████████████▎                  | 654/1000 [00:26<00:15, 22.74it/s]
KECG:  66%|███████████████████████████████████▌                  | 658/1000 [00:26<00:13, 25.34it/s]
KECG:  66%|███████████████████████████████████▋                  | 662/1000 [00:26<00:12, 27.21it/s]
KECG:  67%|███████████████████████████████████▉                  | 666/1000 [00:27<00:11, 29.03it/s]
KECG:  67%|████████████████████████████████████▏                 | 670/1000 [00:27<00:10, 30.14it/s]
KECG:  67%|████████████████████████████████████▍                 | 674/1000 [00:27<00:10, 31.29it/s]05:50:39 | INFO    | epoch  675/1000 | loss=0.0467
05:50:39 | INFO    |            [filtered] MRR=0.0317 Hit@1=0.0253 Hit@5=0.0295 Hit@10=0.0345 MR=11718.5 n=1422
05:50:39 | INFO    |            [multiref] MRR=0.1083 Hit@1=0.0921 Hit@5=0.1111 Hit@10=0.1333 MR=4868.8 n=315

KECG:  68%|████████████████████████████████████▌                 | 678/1000 [00:27<00:15, 20.54it/s]
KECG:  68%|████████████████████████████████████▊                 | 682/1000 [00:27<00:13, 23.19it/s]
KECG:  69%|█████████████████████████████████████                 | 686/1000 [00:27<00:12, 25.69it/s]
KECG:  69%|█████████████████████████████████████▎                | 690/1000 [00:27<00:11, 27.52it/s]
KECG:  69%|█████████████████████████████████████▍                | 694/1000 [00:28<00:10, 29.24it/s]
KECG:  70%|█████████████████████████████████████▋                | 698/1000 [00:28<00:09, 30.59it/s]05:50:40 | INFO    | epoch  700/1000 | loss=2.0206
05:50:40 | INFO    |            [filtered] MRR=0.0316 Hit@1=0.0253 Hit@5=0.0295 Hit@10=0.0345 MR=11954.7 n=1422
05:50:40 | INFO    |            [multiref] MRR=0.1084 Hit@1=0.0921 Hit@5=0.1111 Hit@10=0.1333 MR=5074.5 n=315

KECG:  70%|█████████████████████████████████████▉                | 702/1000 [00:28<00:14, 20.30it/s]
KECG:  71%|██████████████████████████████████████                | 706/1000 [00:28<00:12, 23.14it/s]
KECG:  71%|██████████████████████████████████████▎               | 710/1000 [00:28<00:11, 25.44it/s]
KECG:  71%|██████████████████████████████████████▌               | 714/1000 [00:28<00:10, 27.59it/s]
KECG:  72%|██████████████████████████████████████▊               | 718/1000 [00:29<00:09, 29.38it/s]
KECG:  72%|██████████████████████████████████████▉               | 722/1000 [00:29<00:09, 30.42it/s]05:50:41 | INFO    | epoch  725/1000 | loss=0.0491
05:50:41 | INFO    |            [filtered] MRR=0.0317 Hit@1=0.0253 Hit@5=0.0295 Hit@10=0.0352 MR=12141.7 n=1422
05:50:41 | INFO    |            [multiref] MRR=0.1086 Hit@1=0.0921 Hit@5=0.1111 Hit@10=0.1365 MR=5253.6 n=315

KECG:  73%|███████████████████████████████████████▏              | 726/1000 [00:29<00:13, 20.41it/s]
KECG:  73%|███████████████████████████████████████▍              | 730/1000 [00:29<00:11, 23.05it/s]
KECG:  73%|███████████████████████████████████████▋              | 734/1000 [00:29<00:10, 25.56it/s]
KECG:  74%|███████████████████████████████████████▊              | 738/1000 [00:29<00:09, 27.67it/s]
KECG:  74%|████████████████████████████████████████              | 742/1000 [00:29<00:08, 29.09it/s]
KECG:  75%|████████████████████████████████████████▎             | 746/1000 [00:30<00:08, 30.48it/s]05:50:42 | INFO    | epoch  750/1000 | loss=1.9196
05:50:42 | INFO    |            [filtered] MRR=0.0320 Hit@1=0.0253 Hit@5=0.0302 Hit@10=0.0373 MR=12332.5 n=1422
05:50:42 | INFO    |            [multiref] MRR=0.1093 Hit@1=0.0921 Hit@5=0.1143 Hit@10=0.1460 MR=5494.6 n=315

KECG:  75%|████████████████████████████████████████▌             | 750/1000 [00:30<00:12, 20.08it/s]
KECG:  75%|████████████████████████████████████████▋             | 754/1000 [00:30<00:10, 22.95it/s]
KECG:  76%|████████████████████████████████████████▉             | 758/1000 [00:30<00:09, 25.49it/s]
KECG:  76%|█████████████████████████████████████████▏            | 762/1000 [00:30<00:08, 27.39it/s]
KECG:  77%|█████████████████████████████████████████▎            | 766/1000 [00:30<00:08, 29.19it/s]
KECG:  77%|█████████████████████████████████████████▌            | 770/1000 [00:31<00:07, 30.25it/s]
KECG:  77%|█████████████████████████████████████████▊            | 774/1000 [00:31<00:07, 31.35it/s]05:50:43 | INFO    | epoch  775/1000 | loss=0.0482
05:50:43 | INFO    |            [filtered] MRR=0.0321 Hit@1=0.0253 Hit@5=0.0309 Hit@10=0.0373 MR=12522.7 n=1422
05:50:43 | INFO    |            [multiref] MRR=0.1102 Hit@1=0.0921 Hit@5=0.1175 Hit@10=0.1460 MR=5680.4 n=315

KECG:  78%|██████████████████████████████████████████            | 778/1000 [00:31<00:10, 20.55it/s]
KECG:  78%|██████████████████████████████████████████▏           | 782/1000 [00:31<00:09, 23.21it/s]
KECG:  79%|██████████████████████████████████████████▍           | 786/1000 [00:31<00:08, 25.75it/s]
KECG:  79%|██████████████████████████████████████████▋           | 790/1000 [00:31<00:07, 27.60it/s]
KECG:  79%|██████████████████████████████████████████▉           | 794/1000 [00:31<00:07, 29.30it/s]
KECG:  80%|███████████████████████████████████████████           | 798/1000 [00:32<00:06, 30.63it/s]05:50:44 | INFO    | epoch  800/1000 | loss=1.8120
05:50:44 | INFO    |            [filtered] MRR=0.0320 Hit@1=0.0253 Hit@5=0.0316 Hit@10=0.0387 MR=12682.2 n=1422
05:50:44 | INFO    |            [multiref] MRR=0.1102 Hit@1=0.0921 Hit@5=0.1206 Hit@10=0.1524 MR=5856.2 n=315

KECG:  80%|███████████████████████████████████████████▎          | 802/1000 [00:32<00:09, 20.13it/s]
KECG:  81%|███████████████████████████████████████████▌          | 806/1000 [00:32<00:08, 22.98it/s]
KECG:  81%|███████████████████████████████████████████▋          | 810/1000 [00:32<00:07, 25.31it/s]
KECG:  81%|███████████████████████████████████████████▉          | 814/1000 [00:32<00:06, 27.52it/s]
KECG:  82%|████████████████████████████████████████████▏         | 818/1000 [00:32<00:06, 29.30it/s]
KECG:  82%|████████████████████████████████████████████▍         | 822/1000 [00:33<00:05, 29.78it/s]05:50:45 | INFO    | epoch  825/1000 | loss=0.0514
05:50:45 | INFO    |            [filtered] MRR=0.0320 Hit@1=0.0253 Hit@5=0.0309 Hit@10=0.0387 MR=12851.8 n=1422
05:50:45 | INFO    |            [multiref] MRR=0.1109 Hit@1=0.0921 Hit@5=0.1175 Hit@10=0.1524 MR=6057.9 n=315

KECG:  83%|████████████████████████████████████████████▌         | 826/1000 [00:33<00:08, 20.05it/s]
KECG:  83%|████████████████████████████████████████████▊         | 830/1000 [00:33<00:07, 22.75it/s]
KECG:  83%|█████████████████████████████████████████████         | 834/1000 [00:33<00:06, 25.27it/s]
KECG:  84%|█████████████████████████████████████████████▎        | 838/1000 [00:33<00:05, 27.39it/s]
KECG:  84%|█████████████████████████████████████████████▍        | 842/1000 [00:33<00:05, 28.87it/s]
KECG:  85%|█████████████████████████████████████████████▋        | 846/1000 [00:33<00:05, 30.31it/s]05:50:46 | INFO    | epoch  850/1000 | loss=1.7031
05:50:46 | INFO    |            [filtered] MRR=0.0328 Hit@1=0.0253 Hit@5=0.0331 Hit@10=0.0394 MR=13022.6 n=1422
05:50:46 | INFO    |            [multiref] MRR=0.1146 Hit@1=0.0921 Hit@5=0.1270 Hit@10=0.1524 MR=6284.4 n=315
05:50:46 | INFO    |            early stop (best=0.0328 @ 550).

KECG:  85%|█████████████████████████████████████████████▊        | 849/1000 [00:34<00:06, 24.74it/s]
05:50:46 | INFO    | Done in 0.6 min. Best filtered MRR=0.0328 @ epoch 550.
05:50:46 | INFO    | Final evaluation on the test split, read once
05:50:47 | INFO    |   [cosine] filtMRR=0.0062 H@1=0.0009 H@10=0.0052 n=12578 | mrefMRR=0.0303 H@1=0.0123
05:50:47 | INFO    |   [  csls] filtMRR=0.0045 H@1=0.0008 H@10=0.0041 n=12578 | mrefMRR=0.0285 H@1=0.0111
05:50:49 | INFO    |   [cosine] F1=0.0299 P=0.0233 R=0.0419 (threshold 0.923 from validation, validation F1=0.0661)
05:50:49 | INFO    | Wrote experiments/kecg_relatedMatch_20260929-055009/result.json
05:50:49 | INFO    | Finished. Best validation MRR=0.0328 @ epoch 550.
