05:52:25 | INFO    | Model: mraea | seed 2026 | device: cuda:0
05:52:26 | INFO    | Regime relatedMatch | graph: 84,182 nodes, 131,238 triples, 50,435 UCPGx candidates
05:52:26 | INFO    |   broadMatch/pgx   train=  3,744 test=  8,599 (70%) queries= 6,866 by cluster    leakage=0.00%
05:52:26 | INFO    |   closeMatch       train=  2,738 test=  6,296 (70%) queries= 1,490 by cluster    leakage=0.00%
05:52:26 | INFO    |   sameAs           train= 19,942 test= 46,531 (70%) queries=10,883 by cluster    leakage=0.00%
05:52:26 | INFO    |   broadMatch/onco  train= 25,039 test= 47,737 (66%) queries= 2,032 intra-cluster leakage=0.00%
05:52:26 | INFO    |   relatedMatch     train=  2,801 test=  6,289 (69%) queries=   812 intra-cluster leakage=0.00%
05:52:26 | INFO    |   related          train=471,647 test=762,046 (62%) queries=16,977 intra-cluster leakage=0.00%
05:52:26 | INFO    | Data: {'num_entities': 84182, 'num_relations': 13, 'triples': 131238, 'train_pairs': 2090, 'val_pairs': 711, 'candidates': 50435, 'unlabeled_pool': 49739}
05:52:29 | INFO    | Params: 8.42M
05:52:29 | INFO    | Run directory: experiments/mraea_relatedMatch_20260929-055225
05:52:29 | INFO    | MRAEA | device=cuda:0 | {'num_entities': 84182, 'num_relations': 13, 'triples': 131238, 'train_pairs': 2090, 'val_pairs': 711, 'candidates': 50435, 'unlabeled_pool': 49739} turns=1 x 400

MRAEA:   0%|                                                                | 0/400 [00:00<?, ?it/s]code/src/models/mraea.py:63: UserWarning: Sparse invariant checks are implicitly disabled. Memory errors (e.g. SEGFAULT) will occur when operating on a sparse tensor which violates the invariants, but checks incur performance overhead. To silence this warning, explicitly opt in or out. See `torch.sparse.check_sparse_tensor_invariants.__doc__` for guidance.  (Triggered internally at /__w/pytorch/pytorch/aten/src/ATen/Context.cpp:848.)
  return torch.sparse_coo_tensor(index, val, shape, device=index.device).coalesce()

MRAEA:   0%|▏                                                       | 1/400 [00:00<02:02,  3.26it/s]
MRAEA:   1%|▋                                                       | 5/400 [00:00<00:26, 14.80it/s]
MRAEA:   2%|█▎                                                      | 9/400 [00:00<00:17, 22.44it/s]05:52:29 | INFO    | epoch   10/400 | loss=0.2904
05:52:29 | INFO    |            [filtered] MRR=0.0146 Hit@1=0.0105 Hit@5=0.0141 Hit@10=0.0169 MR=1681.4 n=1422
05:52:29 | INFO    |            [multiref] MRR=0.0514 Hit@1=0.0413 Hit@5=0.0508 Hit@10=0.0603 MR=1207.8 n=315
05:52:30 | INFO    |            -> new best filtered MRR=0.0146 (saved model_best.pt)

MRAEA:   3%|█▊                                                     | 13/400 [00:00<00:29, 13.13it/s]
MRAEA:   4%|██▎                                                    | 17/400 [00:01<00:21, 17.65it/s]05:52:30 | INFO    | epoch   20/400 | loss=0.1978
05:52:30 | INFO    |            [filtered] MRR=0.0176 Hit@1=0.0120 Hit@5=0.0169 Hit@10=0.0204 MR=1425.1 n=1422
05:52:30 | INFO    |            [multiref] MRR=0.0626 Hit@1=0.0476 Hit@5=0.0635 Hit@10=0.0762 MR=995.6 n=315
05:52:30 | INFO    |            -> new best filtered MRR=0.0176 (saved model_best.pt)

MRAEA:   5%|██▊                                                    | 20/400 [00:01<00:31, 12.26it/s]
MRAEA:   6%|███▎                                                   | 24/400 [00:01<00:23, 16.24it/s]
MRAEA:   7%|███▊                                                   | 28/400 [00:01<00:18, 20.24it/s]05:52:30 | INFO    | epoch   30/400 | loss=0.1841
05:52:30 | INFO    |            [filtered] MRR=0.0193 Hit@1=0.0120 Hit@5=0.0183 Hit@10=0.0239 MR=1281.1 n=1422
05:52:30 | INFO    |            [multiref] MRR=0.0657 Hit@1=0.0476 Hit@5=0.0667 Hit@10=0.0889 MR=921.4 n=315
05:52:31 | INFO    |            -> new best filtered MRR=0.0193 (saved model_best.pt)

MRAEA:   8%|████▍                                                  | 32/400 [00:02<00:25, 14.41it/s]
MRAEA:   9%|████▉                                                  | 36/400 [00:02<00:20, 18.02it/s]05:52:31 | INFO    | epoch   40/400 | loss=0.1444
05:52:31 | INFO    |            [filtered] MRR=0.0202 Hit@1=0.0120 Hit@5=0.0190 Hit@10=0.0246 MR=1161.8 n=1422
05:52:31 | INFO    |            [multiref] MRR=0.0669 Hit@1=0.0476 Hit@5=0.0698 Hit@10=0.0921 MR=825.3 n=315
05:52:31 | INFO    |            -> new best filtered MRR=0.0202 (saved model_best.pt)

MRAEA:  10%|█████▌                                                 | 40/400 [00:02<00:26, 13.74it/s]
MRAEA:  11%|██████                                                 | 44/400 [00:02<00:20, 17.17it/s]
MRAEA:  12%|██████▌                                                | 48/400 [00:02<00:16, 20.72it/s]05:52:32 | INFO    | epoch   50/400 | loss=0.1108
05:52:32 | INFO    |            [filtered] MRR=0.0208 Hit@1=0.0120 Hit@5=0.0197 Hit@10=0.0260 MR=993.1 n=1422
05:52:32 | INFO    |            [multiref] MRR=0.0680 Hit@1=0.0476 Hit@5=0.0730 Hit@10=0.0952 MR=698.1 n=315
05:52:32 | INFO    |            -> new best filtered MRR=0.0208 (saved model_best.pt)

MRAEA:  13%|███████▏                                               | 52/400 [00:03<00:23, 15.02it/s]
MRAEA:  14%|███████▋                                               | 56/400 [00:03<00:18, 18.46it/s]05:52:32 | INFO    | epoch   60/400 | loss=0.1016
05:52:32 | INFO    |            [filtered] MRR=0.0214 Hit@1=0.0120 Hit@5=0.0197 Hit@10=0.0260 MR=813.5 n=1422
05:52:32 | INFO    |            [multiref] MRR=0.0689 Hit@1=0.0476 Hit@5=0.0762 Hit@10=0.0921 MR=558.1 n=315
05:52:33 | INFO    |            -> new best filtered MRR=0.0214 (saved model_best.pt)

MRAEA:  15%|████████▎                                              | 60/400 [00:03<00:24, 14.03it/s]
MRAEA:  16%|████████▊                                              | 64/400 [00:03<00:19, 17.37it/s]
MRAEA:  17%|█████████▎                                             | 68/400 [00:04<00:15, 20.86it/s]05:52:33 | INFO    | epoch   70/400 | loss=0.0821
05:52:33 | INFO    |            [filtered] MRR=0.0215 Hit@1=0.0120 Hit@5=0.0197 Hit@10=0.0253 MR=700.6 n=1422
05:52:33 | INFO    |            [multiref] MRR=0.0676 Hit@1=0.0476 Hit@5=0.0730 Hit@10=0.0857 MR=492.7 n=315
05:52:33 | INFO    |            -> new best filtered MRR=0.0215 (saved model_best.pt)

MRAEA:  18%|█████████▉                                             | 72/400 [00:04<00:21, 15.16it/s]
MRAEA:  19%|██████████▍                                            | 76/400 [00:04<00:17, 18.58it/s]05:52:33 | INFO    | epoch   80/400 | loss=0.0507
05:52:33 | INFO    |            [filtered] MRR=0.0217 Hit@1=0.0120 Hit@5=0.0176 Hit@10=0.0260 MR=615.4 n=1422
05:52:33 | INFO    |            [multiref] MRR=0.0662 Hit@1=0.0476 Hit@5=0.0635 Hit@10=0.0889 MR=459.9 n=315
05:52:34 | INFO    |            -> new best filtered MRR=0.0217 (saved model_best.pt)

MRAEA:  20%|███████████                                            | 80/400 [00:05<00:22, 13.97it/s]
MRAEA:  21%|███████████▌                                           | 84/400 [00:05<00:18, 17.30it/s]
MRAEA:  22%|████████████                                           | 88/400 [00:05<00:15, 20.77it/s]05:52:34 | INFO    | epoch   90/400 | loss=0.0587
05:52:34 | INFO    |            [filtered] MRR=0.0217 Hit@1=0.0120 Hit@5=0.0176 Hit@10=0.0260 MR=552.9 n=1422
05:52:34 | INFO    |            [multiref] MRR=0.0661 Hit@1=0.0476 Hit@5=0.0635 Hit@10=0.0857 MR=431.8 n=315

MRAEA:  23%|████████████▋                                          | 92/400 [00:05<00:17, 17.28it/s]
MRAEA:  24%|█████████████▏                                         | 96/400 [00:05<00:14, 20.76it/s]05:52:34 | INFO    | epoch  100/400 | loss=0.0512
05:52:35 | INFO    |            [filtered] MRR=0.0218 Hit@1=0.0120 Hit@5=0.0176 Hit@10=0.0253 MR=510.9 n=1422
05:52:35 | INFO    |            [multiref] MRR=0.0658 Hit@1=0.0476 Hit@5=0.0635 Hit@10=0.0825 MR=413.8 n=315
05:52:35 | INFO    |            -> new best filtered MRR=0.0218 (saved model_best.pt)

MRAEA:  25%|█████████████▌                                        | 100/400 [00:06<00:19, 15.14it/s]
MRAEA:  26%|██████████████                                        | 104/400 [00:06<00:15, 18.53it/s]
MRAEA:  27%|██████████████▌                                       | 108/400 [00:06<00:13, 22.01it/s]05:52:35 | INFO    | epoch  110/400 | loss=0.0368
05:52:35 | INFO    |            [filtered] MRR=0.0222 Hit@1=0.0120 Hit@5=0.0183 Hit@10=0.0260 MR=482.5 n=1422
05:52:35 | INFO    |            [multiref] MRR=0.0669 Hit@1=0.0476 Hit@5=0.0667 Hit@10=0.0857 MR=391.2 n=315
05:52:35 | INFO    |            -> new best filtered MRR=0.0222 (saved model_best.pt)

MRAEA:  28%|███████████████                                       | 112/400 [00:06<00:18, 15.72it/s]
MRAEA:  29%|███████████████▋                                      | 116/400 [00:06<00:14, 19.16it/s]05:52:36 | INFO    | epoch  120/400 | loss=0.0391
05:52:36 | INFO    |            [filtered] MRR=0.0222 Hit@1=0.0120 Hit@5=0.0176 Hit@10=0.0267 MR=462.3 n=1422
05:52:36 | INFO    |            [multiref] MRR=0.0666 Hit@1=0.0476 Hit@5=0.0635 Hit@10=0.0889 MR=365.2 n=315
05:52:36 | INFO    |            -> new best filtered MRR=0.0222 (saved model_best.pt)

MRAEA:  30%|████████████████▏                                     | 120/400 [00:07<00:19, 14.39it/s]
MRAEA:  31%|████████████████▋                                     | 124/400 [00:07<00:15, 17.75it/s]
MRAEA:  32%|█████████████████▎                                    | 128/400 [00:07<00:12, 21.23it/s]05:52:36 | INFO    | epoch  130/400 | loss=0.0327
05:52:36 | INFO    |            [filtered] MRR=0.0218 Hit@1=0.0113 Hit@5=0.0162 Hit@10=0.0288 MR=449.3 n=1422
05:52:36 | INFO    |            [multiref] MRR=0.0650 Hit@1=0.0444 Hit@5=0.0571 Hit@10=0.1016 MR=348.2 n=315

MRAEA:  33%|█████████████████▊                                    | 132/400 [00:07<00:15, 17.49it/s]
MRAEA:  34%|██████████████████▎                                   | 136/400 [00:07<00:12, 20.96it/s]05:52:37 | INFO    | epoch  140/400 | loss=0.0416
05:52:37 | INFO    |            [filtered] MRR=0.0216 Hit@1=0.0105 Hit@5=0.0162 Hit@10=0.0281 MR=433.4 n=1422
05:52:37 | INFO    |            [multiref] MRR=0.0636 Hit@1=0.0413 Hit@5=0.0571 Hit@10=0.0984 MR=330.2 n=315

MRAEA:  35%|██████████████████▉                                   | 140/400 [00:08<00:14, 17.40it/s]
MRAEA:  36%|███████████████████▍                                  | 144/400 [00:08<00:12, 20.87it/s]
MRAEA:  37%|███████████████████▉                                  | 148/400 [00:08<00:10, 24.26it/s]05:52:37 | INFO    | epoch  150/400 | loss=0.0352
05:52:37 | INFO    |            [filtered] MRR=0.0216 Hit@1=0.0105 Hit@5=0.0162 Hit@10=0.0281 MR=428.1 n=1422
05:52:37 | INFO    |            [multiref] MRR=0.0639 Hit@1=0.0413 Hit@5=0.0571 Hit@10=0.0984 MR=318.0 n=315

MRAEA:  38%|████████████████████▌                                 | 152/400 [00:08<00:13, 18.96it/s]
MRAEA:  39%|█████████████████████                                 | 156/400 [00:08<00:10, 22.42it/s]05:52:38 | INFO    | epoch  160/400 | loss=0.0267
05:52:38 | INFO    |            [filtered] MRR=0.0220 Hit@1=0.0113 Hit@5=0.0169 Hit@10=0.0288 MR=433.9 n=1422
05:52:38 | INFO    |            [multiref] MRR=0.0658 Hit@1=0.0444 Hit@5=0.0603 Hit@10=0.1016 MR=309.0 n=315

MRAEA:  40%|█████████████████████▌                                | 160/400 [00:09<00:13, 17.95it/s]
MRAEA:  41%|██████████████████████▏                               | 164/400 [00:09<00:11, 21.40it/s]
MRAEA:  42%|██████████████████████▋                               | 168/400 [00:09<00:09, 24.76it/s]05:52:38 | INFO    | epoch  170/400 | loss=0.0233
05:52:38 | INFO    |            [filtered] MRR=0.0220 Hit@1=0.0113 Hit@5=0.0169 Hit@10=0.0281 MR=440.2 n=1422
05:52:38 | INFO    |            [multiref] MRR=0.0657 Hit@1=0.0444 Hit@5=0.0603 Hit@10=0.0984 MR=305.7 n=315

MRAEA:  43%|███████████████████████▏                              | 172/400 [00:09<00:11, 19.05it/s]
MRAEA:  44%|███████████████████████▊                              | 176/400 [00:09<00:09, 22.51it/s]05:52:39 | INFO    | epoch  180/400 | loss=0.0312
05:52:39 | INFO    |            [filtered] MRR=0.0220 Hit@1=0.0113 Hit@5=0.0169 Hit@10=0.0281 MR=446.8 n=1422
05:52:39 | INFO    |            [multiref] MRR=0.0656 Hit@1=0.0444 Hit@5=0.0603 Hit@10=0.0984 MR=303.0 n=315

MRAEA:  45%|████████████████████████▎                             | 180/400 [00:10<00:12, 18.09it/s]
MRAEA:  46%|████████████████████████▊                             | 184/400 [00:10<00:10, 21.40it/s]
MRAEA:  47%|█████████████████████████▍                            | 188/400 [00:10<00:08, 24.77it/s]05:52:39 | INFO    | epoch  190/400 | loss=0.0437
05:52:39 | INFO    |            [filtered] MRR=0.0220 Hit@1=0.0113 Hit@5=0.0169 Hit@10=0.0274 MR=446.1 n=1422
05:52:39 | INFO    |            [multiref] MRR=0.0657 Hit@1=0.0444 Hit@5=0.0603 Hit@10=0.0984 MR=298.7 n=315

MRAEA:  48%|█████████████████████████▉                            | 192/400 [00:10<00:11, 18.88it/s]
MRAEA:  49%|██████████████████████████▍                           | 196/400 [00:10<00:09, 22.34it/s]05:52:40 | INFO    | epoch  200/400 | loss=0.0230
05:52:40 | INFO    |            [filtered] MRR=0.0220 Hit@1=0.0113 Hit@5=0.0169 Hit@10=0.0274 MR=445.9 n=1422
05:52:40 | INFO    |            [multiref] MRR=0.0659 Hit@1=0.0444 Hit@5=0.0603 Hit@10=0.0984 MR=295.1 n=315

MRAEA:  50%|███████████████████████████                           | 200/400 [00:11<00:11, 17.91it/s]
MRAEA:  51%|███████████████████████████▌                          | 204/400 [00:11<00:09, 21.37it/s]
MRAEA:  52%|████████████████████████████                          | 208/400 [00:11<00:07, 24.72it/s]05:52:40 | INFO    | epoch  210/400 | loss=0.0286
05:52:40 | INFO    |            [filtered] MRR=0.0221 Hit@1=0.0113 Hit@5=0.0169 Hit@10=0.0295 MR=452.8 n=1422
05:52:40 | INFO    |            [multiref] MRR=0.0666 Hit@1=0.0444 Hit@5=0.0603 Hit@10=0.1079 MR=295.0 n=315

MRAEA:  53%|████████████████████████████▌                         | 212/400 [00:11<00:09, 19.14it/s]
MRAEA:  54%|█████████████████████████████▏                        | 216/400 [00:11<00:08, 22.61it/s]05:52:41 | INFO    | epoch  220/400 | loss=0.0280
05:52:41 | INFO    |            [filtered] MRR=0.0224 Hit@1=0.0113 Hit@5=0.0183 Hit@10=0.0288 MR=457.2 n=1422
05:52:41 | INFO    |            [multiref] MRR=0.0683 Hit@1=0.0444 Hit@5=0.0667 Hit@10=0.1048 MR=293.8 n=315
05:52:41 | INFO    |            -> new best filtered MRR=0.0224 (saved model_best.pt)

MRAEA:  55%|█████████████████████████████▋                        | 220/400 [00:12<00:11, 15.46it/s]
MRAEA:  56%|██████████████████████████████▏                       | 224/400 [00:12<00:09, 18.88it/s]
MRAEA:  57%|██████████████████████████████▊                       | 228/400 [00:12<00:07, 22.34it/s]05:52:41 | INFO    | epoch  230/400 | loss=0.0110
05:52:41 | INFO    |            [filtered] MRR=0.0234 Hit@1=0.0127 Hit@5=0.0183 Hit@10=0.0302 MR=461.3 n=1422
05:52:41 | INFO    |            [multiref] MRR=0.0728 Hit@1=0.0508 Hit@5=0.0667 Hit@10=0.1111 MR=292.5 n=315
05:52:41 | INFO    |            -> new best filtered MRR=0.0234 (saved model_best.pt)

MRAEA:  58%|███████████████████████████████▎                      | 232/400 [00:12<00:10, 15.91it/s]
MRAEA:  59%|███████████████████████████████▊                      | 236/400 [00:12<00:08, 19.34it/s]05:52:42 | INFO    | epoch  240/400 | loss=0.0200
05:52:42 | INFO    |            [filtered] MRR=0.0233 Hit@1=0.0127 Hit@5=0.0183 Hit@10=0.0316 MR=467.0 n=1422
05:52:42 | INFO    |            [multiref] MRR=0.0728 Hit@1=0.0508 Hit@5=0.0667 Hit@10=0.1143 MR=291.4 n=315

MRAEA:  60%|████████████████████████████████▍                     | 240/400 [00:13<00:09, 16.86it/s]
MRAEA:  61%|████████████████████████████████▉                     | 244/400 [00:13<00:07, 20.31it/s]
MRAEA:  62%|█████████████████████████████████▍                    | 248/400 [00:13<00:06, 23.73it/s]05:52:42 | INFO    | epoch  250/400 | loss=0.0195
05:52:42 | INFO    |            [filtered] MRR=0.0234 Hit@1=0.0127 Hit@5=0.0183 Hit@10=0.0331 MR=473.7 n=1422
05:52:42 | INFO    |            [multiref] MRR=0.0733 Hit@1=0.0508 Hit@5=0.0667 Hit@10=0.1206 MR=291.9 n=315

MRAEA:  63%|██████████████████████████████████                    | 252/400 [00:13<00:07, 18.92it/s]
MRAEA:  64%|██████████████████████████████████▌                   | 256/400 [00:13<00:06, 22.39it/s]05:52:43 | INFO    | epoch  260/400 | loss=0.0265
05:52:43 | INFO    |            [filtered] MRR=0.0241 Hit@1=0.0134 Hit@5=0.0183 Hit@10=0.0352 MR=479.4 n=1422
05:52:43 | INFO    |            [multiref] MRR=0.0757 Hit@1=0.0540 Hit@5=0.0667 Hit@10=0.1238 MR=291.0 n=315
05:52:43 | INFO    |            -> new best filtered MRR=0.0241 (saved model_best.pt)

MRAEA:  65%|███████████████████████████████████                   | 260/400 [00:14<00:08, 15.91it/s]
MRAEA:  66%|███████████████████████████████████▋                  | 264/400 [00:14<00:07, 19.33it/s]
MRAEA:  67%|████████████████████████████████████▏                 | 268/400 [00:14<00:05, 22.79it/s]05:52:43 | INFO    | epoch  270/400 | loss=0.0189
05:52:43 | INFO    |            [filtered] MRR=0.0247 Hit@1=0.0141 Hit@5=0.0211 Hit@10=0.0345 MR=487.2 n=1422
05:52:43 | INFO    |            [multiref] MRR=0.0789 Hit@1=0.0571 Hit@5=0.0794 Hit@10=0.1238 MR=291.1 n=315
05:52:43 | INFO    |            -> new best filtered MRR=0.0247 (saved model_best.pt)

MRAEA:  68%|████████████████████████████████████▋                 | 272/400 [00:14<00:07, 16.18it/s]
MRAEA:  69%|█████████████████████████████████████▎                | 276/400 [00:15<00:06, 19.63it/s]05:52:44 | INFO    | epoch  280/400 | loss=0.0108
05:52:44 | INFO    |            [filtered] MRR=0.0253 Hit@1=0.0148 Hit@5=0.0211 Hit@10=0.0352 MR=482.4 n=1422
05:52:44 | INFO    |            [multiref] MRR=0.0775 Hit@1=0.0540 Hit@5=0.0794 Hit@10=0.1238 MR=287.2 n=315
05:52:44 | INFO    |            -> new best filtered MRR=0.0253 (saved model_best.pt)

MRAEA:  70%|█████████████████████████████████████▊                | 280/400 [00:15<00:08, 14.86it/s]
MRAEA:  71%|██████████████████████████████████████▎               | 284/400 [00:15<00:06, 18.24it/s]
MRAEA:  72%|██████████████████████████████████████▉               | 288/400 [00:15<00:05, 21.70it/s]05:52:44 | INFO    | epoch  290/400 | loss=0.0251
05:52:44 | INFO    |            [filtered] MRR=0.0251 Hit@1=0.0148 Hit@5=0.0204 Hit@10=0.0352 MR=485.2 n=1422
05:52:44 | INFO    |            [multiref] MRR=0.0772 Hit@1=0.0540 Hit@5=0.0762 Hit@10=0.1238 MR=285.6 n=315

MRAEA:  73%|███████████████████████████████████████▍              | 292/400 [00:15<00:06, 17.81it/s]
MRAEA:  74%|███████████████████████████████████████▉              | 296/400 [00:16<00:04, 21.28it/s]05:52:45 | INFO    | epoch  300/400 | loss=0.0090
05:52:45 | INFO    |            [filtered] MRR=0.0256 Hit@1=0.0155 Hit@5=0.0225 Hit@10=0.0345 MR=493.9 n=1422
05:52:45 | INFO    |            [multiref] MRR=0.0796 Hit@1=0.0571 Hit@5=0.0794 Hit@10=0.1206 MR=287.3 n=315
05:52:45 | INFO    |            -> new best filtered MRR=0.0256 (saved model_best.pt)

MRAEA:  75%|████████████████████████████████████████▌             | 300/400 [00:16<00:06, 15.12it/s]
MRAEA:  76%|█████████████████████████████████████████             | 304/400 [00:16<00:05, 18.52it/s]
MRAEA:  77%|█████████████████████████████████████████▌            | 308/400 [00:16<00:04, 21.99it/s]05:52:45 | INFO    | epoch  310/400 | loss=0.0131
05:52:45 | INFO    |            [filtered] MRR=0.0251 Hit@1=0.0141 Hit@5=0.0232 Hit@10=0.0338 MR=502.9 n=1422
05:52:45 | INFO    |            [multiref] MRR=0.0803 Hit@1=0.0571 Hit@5=0.0889 Hit@10=0.1175 MR=288.6 n=315

MRAEA:  78%|██████████████████████████████████████████            | 312/400 [00:17<00:04, 18.12it/s]
MRAEA:  79%|██████████████████████████████████████████▋           | 316/400 [00:17<00:03, 21.59it/s]05:52:46 | INFO    | epoch  320/400 | loss=0.0198
05:52:46 | INFO    |            [filtered] MRR=0.0255 Hit@1=0.0148 Hit@5=0.0232 Hit@10=0.0338 MR=516.1 n=1422
05:52:46 | INFO    |            [multiref] MRR=0.0822 Hit@1=0.0603 Hit@5=0.0889 Hit@10=0.1175 MR=289.0 n=315

MRAEA:  80%|███████████████████████████████████████████▏          | 320/400 [00:17<00:04, 17.74it/s]
MRAEA:  81%|███████████████████████████████████████████▋          | 324/400 [00:17<00:03, 21.19it/s]
MRAEA:  82%|████████████████████████████████████████████▎         | 328/400 [00:17<00:02, 24.56it/s]05:52:46 | INFO    | epoch  330/400 | loss=0.0137
05:52:46 | INFO    |            [filtered] MRR=0.0251 Hit@1=0.0141 Hit@5=0.0225 Hit@10=0.0345 MR=528.4 n=1422
05:52:46 | INFO    |            [multiref] MRR=0.0807 Hit@1=0.0571 Hit@5=0.0889 Hit@10=0.1175 MR=288.9 n=315

MRAEA:  83%|████████████████████████████████████████████▊         | 332/400 [00:17<00:03, 19.24it/s]
MRAEA:  84%|█████████████████████████████████████████████▎        | 336/400 [00:18<00:02, 22.69it/s]05:52:47 | INFO    | epoch  340/400 | loss=0.0128
05:52:47 | INFO    |            [filtered] MRR=0.0248 Hit@1=0.0134 Hit@5=0.0225 Hit@10=0.0345 MR=540.4 n=1422
05:52:47 | INFO    |            [multiref] MRR=0.0793 Hit@1=0.0540 Hit@5=0.0889 Hit@10=0.1175 MR=289.4 n=315

MRAEA:  85%|█████████████████████████████████████████████▉        | 340/400 [00:18<00:03, 18.32it/s]
MRAEA:  86%|██████████████████████████████████████████████▍       | 344/400 [00:18<00:02, 21.77it/s]
MRAEA:  87%|██████████████████████████████████████████████▉       | 348/400 [00:18<00:02, 25.11it/s]05:52:47 | INFO    | epoch  350/400 | loss=0.0081
05:52:47 | INFO    |            [filtered] MRR=0.0249 Hit@1=0.0134 Hit@5=0.0211 Hit@10=0.0352 MR=551.0 n=1422
05:52:47 | INFO    |            [multiref] MRR=0.0797 Hit@1=0.0540 Hit@5=0.0825 Hit@10=0.1175 MR=289.8 n=315

MRAEA:  88%|███████████████████████████████████████████████▌      | 352/400 [00:18<00:02, 19.29it/s]
MRAEA:  89%|████████████████████████████████████████████████      | 356/400 [00:19<00:01, 22.75it/s]05:52:48 | INFO    | epoch  360/400 | loss=0.0102
05:52:48 | INFO    |            [filtered] MRR=0.0266 Hit@1=0.0162 Hit@5=0.0211 Hit@10=0.0359 MR=559.3 n=1422
05:52:48 | INFO    |            [multiref] MRR=0.0842 Hit@1=0.0603 Hit@5=0.0825 Hit@10=0.1206 MR=290.4 n=315
05:52:48 | INFO    |            -> new best filtered MRR=0.0266 (saved model_best.pt)

MRAEA:  90%|████████████████████████████████████████████████▌     | 360/400 [00:19<00:02, 15.86it/s]
MRAEA:  91%|█████████████████████████████████████████████████▏    | 364/400 [00:19<00:01, 19.29it/s]
MRAEA:  92%|█████████████████████████████████████████████████▋    | 368/400 [00:19<00:01, 22.74it/s]05:52:48 | INFO    | epoch  370/400 | loss=0.0082
05:52:48 | INFO    |            [filtered] MRR=0.0267 Hit@1=0.0162 Hit@5=0.0211 Hit@10=0.0373 MR=564.6 n=1422
05:52:48 | INFO    |            [multiref] MRR=0.0844 Hit@1=0.0603 Hit@5=0.0825 Hit@10=0.1270 MR=288.6 n=315
05:52:49 | INFO    |            -> new best filtered MRR=0.0267 (saved model_best.pt)

MRAEA:  93%|██████████████████████████████████████████████████▏   | 372/400 [00:20<00:01, 15.53it/s]
MRAEA:  94%|██████████████████████████████████████████████████▊   | 376/400 [00:20<00:01, 18.96it/s]05:52:49 | INFO    | epoch  380/400 | loss=0.0177
05:52:49 | INFO    |            [filtered] MRR=0.0267 Hit@1=0.0162 Hit@5=0.0211 Hit@10=0.0373 MR=570.0 n=1422
05:52:49 | INFO    |            [multiref] MRR=0.0843 Hit@1=0.0603 Hit@5=0.0825 Hit@10=0.1270 MR=287.5 n=315

MRAEA:  95%|███████████████████████████████████████████████████▎  | 380/400 [00:20<00:01, 16.41it/s]
MRAEA:  96%|███████████████████████████████████████████████████▊  | 384/400 [00:20<00:00, 19.85it/s]
MRAEA:  97%|████████████████████████████████████████████████████▍ | 388/400 [00:20<00:00, 23.28it/s]05:52:49 | INFO    | epoch  390/400 | loss=0.0176
05:52:50 | INFO    |            [filtered] MRR=0.0270 Hit@1=0.0162 Hit@5=0.0218 Hit@10=0.0373 MR=559.9 n=1422
05:52:50 | INFO    |            [multiref] MRR=0.0853 Hit@1=0.0603 Hit@5=0.0857 Hit@10=0.1270 MR=284.3 n=315
05:52:50 | INFO    |            -> new best filtered MRR=0.0270 (saved model_best.pt)

MRAEA:  98%|████████████████████████████████████████████████████▉ | 392/400 [00:21<00:00, 15.98it/s]
MRAEA:  99%|█████████████████████████████████████████████████████▍| 396/400 [00:21<00:00, 19.42it/s]05:52:50 | INFO    | epoch  400/400 | loss=0.0192
05:52:50 | INFO    |            [filtered] MRR=0.0271 Hit@1=0.0162 Hit@5=0.0232 Hit@10=0.0380 MR=561.5 n=1422
05:52:50 | INFO    |            [multiref] MRR=0.0859 Hit@1=0.0603 Hit@5=0.0889 Hit@10=0.1302 MR=286.0 n=315
05:52:50 | INFO    |            -> new best filtered MRR=0.0271 (saved model_best.pt)

MRAEA: 100%|██████████████████████████████████████████████████████| 400/400 [00:21<00:00, 14.43it/s]
MRAEA: 100%|██████████████████████████████████████████████████████| 400/400 [00:21<00:00, 18.44it/s]
05:52:51 | INFO    | Done in 0.4 min. Best filtered MRR=0.0271 @ epoch 400.
05:52:51 | INFO    | Final evaluation on the test split, read once
05:52:51 | INFO    |   [cosine] filtMRR=0.0241 H@1=0.0039 H@10=0.0414 n=12578 | mrefMRR=0.0548 H@1=0.0111
05:52:52 | INFO    |   [  csls] filtMRR=0.0129 H@1=0.0003 H@10=0.0116 n=12578 | mrefMRR=0.0427 H@1=0.0025
05:52:53 | INFO    |   [cosine] F1=0.0898 P=0.0675 R=0.1342 (threshold 0.937 from validation, validation F1=0.1079)
05:52:53 | INFO    | Wrote experiments/mraea_relatedMatch_20260929-055225/result.json
05:52:53 | INFO    | Finished. Best validation MRR=0.0271 @ epoch 400.
