05:55:10 | INFO    | Model: naea | seed 2026 | device: cuda:0
05:55:10 | INFO    | Regime relatedMatch | graph: 84,182 nodes, 131,238 triples, 50,435 UCPGx candidates
05:55:10 | INFO    |   broadMatch/pgx   train=  3,744 test=  8,599 (70%) queries= 6,866 by cluster    leakage=0.00%
05:55:10 | INFO    |   closeMatch       train=  2,738 test=  6,296 (70%) queries= 1,490 by cluster    leakage=0.00%
05:55:10 | INFO    |   sameAs           train= 19,942 test= 46,531 (70%) queries=10,883 by cluster    leakage=0.00%
05:55:10 | INFO    |   broadMatch/onco  train= 25,039 test= 47,737 (66%) queries= 2,032 intra-cluster leakage=0.00%
05:55:10 | INFO    |   relatedMatch     train=  2,801 test=  6,289 (69%) queries=   812 intra-cluster leakage=0.00%
05:55:10 | INFO    |   related          train=471,647 test=762,046 (62%) queries=16,977 intra-cluster leakage=0.00%
05:55:10 | INFO    | Data: {'num_entities': 84182, 'num_relations': 13, 'triples': 131238, 'train_pairs': 2090, 'val_pairs': 711, 'candidates': 50435, 'unlabeled_pool': 49739}
05:55:12 | INFO    | Params: 16.88M
05:55:12 | INFO    | Run directory: experiments/naea_relatedMatch_20260929-055510
05:55:12 | INFO    | NAEA | device=cuda:0 | {'num_entities': 84182, 'num_relations': 13, 'triples': 131238, 'train_pairs': 2090, 'val_pairs': 711, 'candidates': 50435, 'unlabeled_pool': 49739} 

NAEA:   0%|                                                                 | 0/400 [00:00<?, ?it/s]
NAEA:   0%|▏                                                        | 1/400 [00:01<10:19,  1.55s/it]
NAEA:   0%|▎                                                        | 2/400 [00:02<09:18,  1.40s/it]
NAEA:   1%|▍                                                        | 3/400 [00:04<08:59,  1.36s/it]
NAEA:   1%|▌                                                        | 4/400 [00:05<08:48,  1.33s/it]
NAEA:   1%|▋                                                        | 5/400 [00:06<08:41,  1.32s/it]
NAEA:   2%|▊                                                        | 6/400 [00:08<08:36,  1.31s/it]
NAEA:   2%|▉                                                        | 7/400 [00:09<08:34,  1.31s/it]
NAEA:   2%|█▏                                                       | 8/400 [00:10<08:32,  1.31s/it]
NAEA:   2%|█▎                                                       | 9/400 [00:11<08:29,  1.30s/it]05:55:25 | INFO    | epoch   10/400 | loss=0.2163 kge=0.0792 align=0.0274 pseudo=0.0000
05:55:25 | INFO    |            [filtered] MRR=0.0282 Hit@1=0.0084 Hit@5=0.0436 Hit@10=0.0823 MR=3133.5 n=1422
05:55:25 | INFO    |            [multiref] MRR=0.0711 Hit@1=0.0349 Hit@5=0.0984 Hit@10=0.1460 MR=1498.5 n=315
05:55:26 | INFO    |            -> new best multiref MRR=0.0711 (saved model_best.pt)

NAEA:   2%|█▍                                                      | 10/400 [00:13<09:37,  1.48s/it]
NAEA:   3%|█▌                                                      | 11/400 [00:15<09:14,  1.43s/it]
NAEA:   3%|█▋                                                      | 12/400 [00:16<08:58,  1.39s/it]
NAEA:   3%|█▊                                                      | 13/400 [00:17<08:47,  1.36s/it]
NAEA:   4%|█▉                                                      | 14/400 [00:19<08:38,  1.34s/it]
NAEA:   4%|██                                                      | 15/400 [00:20<08:32,  1.33s/it]
NAEA:   4%|██▏                                                     | 16/400 [00:21<08:27,  1.32s/it]
NAEA:   4%|██▍                                                     | 17/400 [00:22<08:24,  1.32s/it]
NAEA:   4%|██▌                                                     | 18/400 [00:24<08:21,  1.31s/it]
NAEA:   5%|██▋                                                     | 19/400 [00:25<08:19,  1.31s/it]05:55:39 | INFO    | epoch   20/400 | loss=0.1392 kge=0.0543 align=0.0170 pseudo=0.0000
05:55:39 | INFO    |            [filtered] MRR=0.0282 Hit@1=0.0141 Hit@5=0.0309 Hit@10=0.0619 MR=2680.2 n=1422
05:55:39 | INFO    |            [multiref] MRR=0.0856 Hit@1=0.0603 Hit@5=0.1079 Hit@10=0.1460 MR=1407.3 n=315
05:55:39 | INFO    |            -> new best multiref MRR=0.0856 (saved model_best.pt)

NAEA:   5%|██▊                                                     | 20/400 [00:27<09:19,  1.47s/it]
NAEA:   5%|██▉                                                     | 21/400 [00:28<08:58,  1.42s/it]
NAEA:   6%|███                                                     | 22/400 [00:30<08:43,  1.39s/it]
NAEA:   6%|███▏                                                    | 23/400 [00:31<08:33,  1.36s/it]
NAEA:   6%|███▎                                                    | 24/400 [00:32<08:25,  1.34s/it]
NAEA:   6%|███▌                                                    | 25/400 [00:33<08:19,  1.33s/it]
NAEA:   6%|███▋                                                    | 26/400 [00:35<08:14,  1.32s/it]
NAEA:   7%|███▊                                                    | 27/400 [00:36<08:10,  1.32s/it]
NAEA:   7%|███▉                                                    | 28/400 [00:37<08:07,  1.31s/it]
NAEA:   7%|████                                                    | 29/400 [00:39<08:05,  1.31s/it]05:55:53 | INFO    | epoch   30/400 | loss=0.1328 kge=0.0465 align=0.0173 pseudo=0.0000 | bootstrap: 9000 pseudo-pairs (beta=1.0)
05:55:53 | INFO    |            [filtered] MRR=0.0318 Hit@1=0.0176 Hit@5=0.0338 Hit@10=0.0619 MR=3173.5 n=1422
05:55:53 | INFO    |            [multiref] MRR=0.0999 Hit@1=0.0698 Hit@5=0.1175 Hit@10=0.1429 MR=1279.7 n=315
05:55:53 | INFO    |            -> new best multiref MRR=0.0999 (saved model_best.pt)

NAEA:   8%|████▏                                                   | 30/400 [00:41<09:31,  1.55s/it]
NAEA:   8%|████▎                                                   | 31/400 [00:44<12:42,  2.07s/it]
NAEA:   8%|████▍                                                   | 32/400 [00:47<14:54,  2.43s/it]
NAEA:   8%|████▌                                                   | 33/400 [00:51<16:27,  2.69s/it]
NAEA:   8%|████▊                                                   | 34/400 [00:54<17:28,  2.87s/it]05:56:10 | INFO    | epoch   35/400 | loss=0.1570 kge=0.0455 align=0.0106 pseudo=0.0587 | bootstrap: 9000 pseudo-pairs (beta=1.0)

NAEA:   9%|████▉                                                   | 35/400 [00:57<18:41,  3.07s/it]
NAEA:   9%|█████                                                   | 36/400 [01:01<19:01,  3.14s/it]
NAEA:   9%|█████▏                                                  | 37/400 [01:04<19:12,  3.18s/it]
NAEA:  10%|█████▎                                                  | 38/400 [01:07<19:20,  3.21s/it]
NAEA:  10%|█████▍                                                  | 39/400 [01:11<19:24,  3.23s/it]05:56:27 | INFO    | epoch   40/400 | loss=0.1375 kge=0.0435 align=0.0103 pseudo=0.0425 | bootstrap: 9000 pseudo-pairs (beta=1.0)
05:56:27 | INFO    |            [filtered] MRR=0.0309 Hit@1=0.0169 Hit@5=0.0359 Hit@10=0.0619 MR=5292.4 n=1422
05:56:27 | INFO    |            [multiref] MRR=0.0955 Hit@1=0.0667 Hit@5=0.1175 Hit@10=0.1651 MR=1842.0 n=315

NAEA:  10%|█████▌                                                  | 40/400 [01:14<20:24,  3.40s/it]
NAEA:  10%|█████▋                                                  | 41/400 [01:18<20:09,  3.37s/it]
NAEA:  10%|█████▉                                                  | 42/400 [01:21<19:57,  3.34s/it]
NAEA:  11%|██████                                                  | 43/400 [01:24<19:45,  3.32s/it]
NAEA:  11%|██████▏                                                 | 44/400 [01:27<19:37,  3.31s/it]05:56:44 | INFO    | epoch   45/400 | loss=0.1253 kge=0.0405 align=0.0100 pseudo=0.0348 | bootstrap: 9000 pseudo-pairs (beta=1.0)

NAEA:  11%|██████▎                                                 | 45/400 [01:31<19:59,  3.38s/it]
NAEA:  12%|██████▍                                                 | 46/400 [01:34<19:44,  3.35s/it]
NAEA:  12%|██████▌                                                 | 47/400 [01:38<19:33,  3.32s/it]
NAEA:  12%|██████▋                                                 | 48/400 [01:41<19:24,  3.31s/it]
NAEA:  12%|██████▊                                                 | 49/400 [01:44<19:17,  3.30s/it]05:57:00 | INFO    | epoch   50/400 | loss=0.1184 kge=0.0388 align=0.0096 pseudo=0.0317 | bootstrap: 9000 pseudo-pairs (beta=1.0)
05:57:00 | INFO    |            [filtered] MRR=0.0431 Hit@1=0.0260 Hit@5=0.0513 Hit@10=0.0774 MR=6088.6 n=1422
05:57:00 | INFO    |            [multiref] MRR=0.1180 Hit@1=0.0889 Hit@5=0.1333 Hit@10=0.1746 MR=2780.6 n=315
05:57:01 | INFO    |            -> new best multiref MRR=0.1180 (saved model_best.pt)

NAEA:  12%|███████                                                 | 50/400 [01:48<20:32,  3.52s/it]
NAEA:  13%|███████▏                                                | 51/400 [01:51<20:06,  3.46s/it]
NAEA:  13%|███████▎                                                | 52/400 [01:55<19:45,  3.41s/it]
NAEA:  13%|███████▍                                                | 53/400 [01:58<19:27,  3.37s/it]
NAEA:  14%|███████▌                                                | 54/400 [02:01<19:14,  3.34s/it]05:57:17 | INFO    | epoch   55/400 | loss=0.1115 kge=0.0377 align=0.0089 pseudo=0.0294 | bootstrap: 9000 pseudo-pairs (beta=1.0)

NAEA:  14%|███████▋                                                | 55/400 [02:05<19:33,  3.40s/it]
NAEA:  14%|███████▊                                                | 56/400 [02:08<19:16,  3.36s/it]
NAEA:  14%|███████▉                                                | 57/400 [02:11<19:04,  3.34s/it]
NAEA:  14%|████████                                                | 58/400 [02:15<18:54,  3.32s/it]
NAEA:  15%|████████▎                                               | 59/400 [02:18<18:46,  3.30s/it]05:57:34 | INFO    | epoch   60/400 | loss=0.1068 kge=0.0367 align=0.0087 pseudo=0.0264 | bootstrap: 9000 pseudo-pairs (beta=1.0)
05:57:34 | INFO    |            [filtered] MRR=0.0327 Hit@1=0.0211 Hit@5=0.0338 Hit@10=0.0429 MR=5985.6 n=1422
05:57:34 | INFO    |            [multiref] MRR=0.1063 Hit@1=0.0825 Hit@5=0.1175 Hit@10=0.1429 MR=2396.9 n=315

NAEA:  15%|████████▍                                               | 60/400 [02:22<19:35,  3.46s/it]
NAEA:  15%|████████▌                                               | 61/400 [02:25<19:15,  3.41s/it]
NAEA:  16%|████████▋                                               | 62/400 [02:28<19:00,  3.37s/it]
NAEA:  16%|████████▊                                               | 63/400 [02:32<18:46,  3.34s/it]
NAEA:  16%|████████▉                                               | 64/400 [02:35<18:37,  3.32s/it]05:57:51 | INFO    | epoch   65/400 | loss=0.1103 kge=0.0364 align=0.0100 pseudo=0.0240 | bootstrap: 9000 pseudo-pairs (beta=1.0)

NAEA:  16%|█████████                                               | 65/400 [02:38<18:56,  3.39s/it]
NAEA:  16%|█████████▏                                              | 66/400 [02:42<18:40,  3.36s/it]
NAEA:  17%|█████████▍                                              | 67/400 [02:45<18:29,  3.33s/it]
NAEA:  17%|█████████▌                                              | 68/400 [02:48<18:20,  3.31s/it]
NAEA:  17%|█████████▋                                              | 69/400 [02:51<18:13,  3.30s/it]05:58:08 | INFO    | epoch   70/400 | loss=0.0906 kge=0.0351 align=0.0067 pseudo=0.0222 | bootstrap: 9000 pseudo-pairs (beta=1.0)
05:58:08 | INFO    |            [filtered] MRR=0.0378 Hit@1=0.0211 Hit@5=0.0464 Hit@10=0.0731 MR=5330.1 n=1422
05:58:08 | INFO    |            [multiref] MRR=0.1159 Hit@1=0.0825 Hit@5=0.1333 Hit@10=0.1841 MR=2186.0 n=315

NAEA:  18%|█████████▊                                              | 70/400 [02:55<18:59,  3.45s/it]
NAEA:  18%|█████████▉                                              | 71/400 [02:59<18:41,  3.41s/it]
NAEA:  18%|██████████                                              | 72/400 [03:02<18:26,  3.37s/it]
NAEA:  18%|██████████▏                                             | 73/400 [03:05<18:13,  3.34s/it]
NAEA:  18%|██████████▎                                             | 74/400 [03:08<18:03,  3.32s/it]05:58:25 | INFO    | epoch   75/400 | loss=0.1004 kge=0.0346 align=0.0090 pseudo=0.0209 | bootstrap: 9000 pseudo-pairs (beta=1.0)

NAEA:  19%|██████████▌                                             | 75/400 [03:12<18:22,  3.39s/it]
NAEA:  19%|██████████▋                                             | 76/400 [03:15<18:07,  3.36s/it]
NAEA:  19%|██████████▊                                             | 77/400 [03:19<17:56,  3.33s/it]
NAEA:  20%|██████████▉                                             | 78/400 [03:22<17:47,  3.31s/it]
NAEA:  20%|███████████                                             | 79/400 [03:25<17:40,  3.30s/it]05:58:41 | INFO    | epoch   80/400 | loss=0.0905 kge=0.0343 align=0.0074 pseudo=0.0193 | bootstrap: 9000 pseudo-pairs (beta=1.0)
05:58:41 | INFO    |            [filtered] MRR=0.0367 Hit@1=0.0218 Hit@5=0.0387 Hit@10=0.0661 MR=5869.7 n=1422
05:58:41 | INFO    |            [multiref] MRR=0.1138 Hit@1=0.0825 Hit@5=0.1397 Hit@10=0.1651 MR=2386.5 n=315

NAEA:  20%|███████████▏                                            | 80/400 [03:29<18:27,  3.46s/it]
NAEA:  20%|███████████▎                                            | 81/400 [03:32<18:08,  3.41s/it]
NAEA:  20%|███████████▍                                            | 82/400 [03:36<17:53,  3.38s/it]
NAEA:  21%|███████████▌                                            | 83/400 [03:39<17:40,  3.35s/it]
NAEA:  21%|███████████▊                                            | 84/400 [03:42<17:31,  3.33s/it]05:58:58 | INFO    | epoch   85/400 | loss=0.1024 kge=0.0326 align=0.0103 pseudo=0.0183 | bootstrap: 9000 pseudo-pairs (beta=1.0)

NAEA:  21%|███████████▉                                            | 85/400 [03:46<17:49,  3.39s/it]
NAEA:  22%|████████████                                            | 86/400 [03:49<17:34,  3.36s/it]
NAEA:  22%|████████████▏                                           | 87/400 [03:52<17:23,  3.33s/it]
NAEA:  22%|████████████▎                                           | 88/400 [03:55<17:14,  3.32s/it]
NAEA:  22%|████████████▍                                           | 89/400 [03:59<17:07,  3.30s/it]05:59:15 | INFO    | epoch   90/400 | loss=0.0849 kge=0.0329 align=0.0070 pseudo=0.0172 | bootstrap: 9000 pseudo-pairs (beta=1.0)
05:59:15 | INFO    |            [filtered] MRR=0.0392 Hit@1=0.0197 Hit@5=0.0471 Hit@10=0.0942 MR=5443.4 n=1422
05:59:15 | INFO    |            [multiref] MRR=0.1106 Hit@1=0.0762 Hit@5=0.1397 Hit@10=0.1714 MR=2248.9 n=315

NAEA:  22%|████████████▌                                           | 90/400 [04:03<17:51,  3.46s/it]
NAEA:  23%|████████████▋                                           | 91/400 [04:06<17:33,  3.41s/it]
NAEA:  23%|████████████▉                                           | 92/400 [04:09<17:19,  3.37s/it]
NAEA:  23%|█████████████                                           | 93/400 [04:12<17:06,  3.35s/it]
NAEA:  24%|█████████████▏                                          | 94/400 [04:16<16:57,  3.33s/it]05:59:32 | INFO    | epoch   95/400 | loss=0.0865 kge=0.0315 align=0.0078 pseudo=0.0161 | bootstrap: 9000 pseudo-pairs (beta=1.0)

NAEA:  24%|█████████████▎                                          | 95/400 [04:19<17:14,  3.39s/it]
NAEA:  24%|█████████████▍                                          | 96/400 [04:23<17:01,  3.36s/it]
NAEA:  24%|█████████████▌                                          | 97/400 [04:26<16:50,  3.34s/it]
NAEA:  24%|█████████████▋                                          | 98/400 [04:29<16:42,  3.32s/it]
NAEA:  25%|█████████████▊                                          | 99/400 [04:32<16:35,  3.31s/it]05:59:48 | INFO    | epoch  100/400 | loss=0.0876 kge=0.0311 align=0.0083 pseudo=0.0151 | bootstrap: 9000 pseudo-pairs (beta=1.0)
05:59:49 | INFO    |            [filtered] MRR=0.0463 Hit@1=0.0253 Hit@5=0.0563 Hit@10=0.0837 MR=6058.3 n=1422
05:59:49 | INFO    |            [multiref] MRR=0.1313 Hit@1=0.0889 Hit@5=0.1651 Hit@10=0.1905 MR=2553.5 n=315
05:59:49 | INFO    |            -> new best multiref MRR=0.1313 (saved model_best.pt)

NAEA:  25%|█████████████▊                                         | 100/400 [04:36<17:41,  3.54s/it]
NAEA:  25%|█████████████▉                                         | 101/400 [04:40<17:17,  3.47s/it]
NAEA:  26%|██████████████                                         | 102/400 [04:43<16:58,  3.42s/it]
NAEA:  26%|██████████████▏                                        | 103/400 [04:46<16:42,  3.37s/it]
NAEA:  26%|██████████████▎                                        | 104/400 [04:50<16:30,  3.35s/it]06:00:06 | INFO    | epoch  105/400 | loss=0.0834 kge=0.0305 align=0.0077 pseudo=0.0144 | bootstrap: 9000 pseudo-pairs (beta=1.0)

NAEA:  26%|██████████████▍                                        | 105/400 [04:53<16:45,  3.41s/it]
NAEA:  26%|██████████████▌                                        | 106/400 [04:56<16:30,  3.37s/it]
NAEA:  27%|██████████████▋                                        | 107/400 [05:00<16:19,  3.34s/it]
NAEA:  27%|██████████████▊                                        | 108/400 [05:03<16:10,  3.32s/it]
NAEA:  27%|██████████████▉                                        | 109/400 [05:06<16:03,  3.31s/it]06:00:22 | INFO    | epoch  110/400 | loss=0.0756 kge=0.0309 align=0.0062 pseudo=0.0137 | bootstrap: 9000 pseudo-pairs (beta=1.0)
06:00:22 | INFO    |            [filtered] MRR=0.0437 Hit@1=0.0253 Hit@5=0.0471 Hit@10=0.0767 MR=6376.0 n=1422
06:00:22 | INFO    |            [multiref] MRR=0.1311 Hit@1=0.0984 Hit@5=0.1492 Hit@10=0.1746 MR=2656.0 n=315

NAEA:  28%|███████████████▏                                       | 110/400 [05:10<16:42,  3.46s/it]
NAEA:  28%|███████████████▎                                       | 111/400 [05:13<16:25,  3.41s/it]
NAEA:  28%|███████████████▍                                       | 112/400 [05:17<16:12,  3.38s/it]
NAEA:  28%|███████████████▌                                       | 113/400 [05:20<16:00,  3.35s/it]
NAEA:  28%|███████████████▋                                       | 114/400 [05:23<15:51,  3.33s/it]06:00:39 | INFO    | epoch  115/400 | loss=0.0874 kge=0.0307 align=0.0086 pseudo=0.0137 | bootstrap: 9000 pseudo-pairs (beta=1.0)

NAEA:  29%|███████████████▊                                       | 115/400 [05:27<16:07,  3.40s/it]
NAEA:  29%|███████████████▉                                       | 116/400 [05:30<15:54,  3.36s/it]
NAEA:  29%|████████████████                                       | 117/400 [05:33<15:44,  3.34s/it]
NAEA:  30%|████████████████▏                                      | 118/400 [05:37<15:36,  3.32s/it]
NAEA:  30%|████████████████▎                                      | 119/400 [05:40<15:29,  3.31s/it]06:00:56 | INFO    | epoch  120/400 | loss=0.0744 kge=0.0297 align=0.0064 pseudo=0.0127 | bootstrap: 9000 pseudo-pairs (beta=1.0)
06:00:56 | INFO    |            [filtered] MRR=0.0507 Hit@1=0.0288 Hit@5=0.0703 Hit@10=0.1006 MR=5401.5 n=1422
06:00:56 | INFO    |            [multiref] MRR=0.1476 Hit@1=0.1079 Hit@5=0.1778 Hit@10=0.2127 MR=2102.2 n=315
06:00:57 | INFO    |            -> new best multiref MRR=0.1476 (saved model_best.pt)

NAEA:  30%|████████████████▌                                      | 120/400 [05:44<16:31,  3.54s/it]
NAEA:  30%|████████████████▋                                      | 121/400 [05:47<16:08,  3.47s/it]
NAEA:  30%|████████████████▊                                      | 122/400 [05:51<15:50,  3.42s/it]
NAEA:  31%|████████████████▉                                      | 123/400 [05:54<15:35,  3.38s/it]
NAEA:  31%|█████████████████                                      | 124/400 [05:57<15:24,  3.35s/it]06:01:13 | INFO    | epoch  125/400 | loss=0.0735 kge=0.0296 align=0.0064 pseudo=0.0121 | bootstrap: 9000 pseudo-pairs (beta=1.0)

NAEA:  31%|█████████████████▏                                     | 125/400 [06:01<15:38,  3.41s/it]
NAEA:  32%|█████████████████▎                                     | 126/400 [06:04<15:24,  3.37s/it]
NAEA:  32%|█████████████████▍                                     | 127/400 [06:07<15:13,  3.34s/it]
NAEA:  32%|█████████████████▌                                     | 128/400 [06:11<15:04,  3.33s/it]
NAEA:  32%|█████████████████▋                                     | 129/400 [06:14<14:57,  3.31s/it]06:01:30 | INFO    | epoch  130/400 | loss=0.0731 kge=0.0288 align=0.0065 pseudo=0.0116 | bootstrap: 9000 pseudo-pairs (beta=1.0)
06:01:30 | INFO    |            [filtered] MRR=0.0448 Hit@1=0.0267 Hit@5=0.0577 Hit@10=0.0802 MR=6627.6 n=1422
06:01:30 | INFO    |            [multiref] MRR=0.1350 Hit@1=0.1048 Hit@5=0.1651 Hit@10=0.1841 MR=2547.9 n=315

NAEA:  32%|█████████████████▉                                     | 130/400 [06:18<15:34,  3.46s/it]
NAEA:  33%|██████████████████                                     | 131/400 [06:21<15:18,  3.41s/it]
NAEA:  33%|██████████████████▏                                    | 132/400 [06:24<15:06,  3.38s/it]
NAEA:  33%|██████████████████▎                                    | 133/400 [06:28<14:55,  3.35s/it]
NAEA:  34%|██████████████████▍                                    | 134/400 [06:31<14:46,  3.33s/it]06:01:47 | INFO    | epoch  135/400 | loss=0.0723 kge=0.0289 align=0.0064 pseudo=0.0113 | bootstrap: 9000 pseudo-pairs (beta=1.0)

NAEA:  34%|██████████████████▌                                    | 135/400 [06:34<15:01,  3.40s/it]
NAEA:  34%|██████████████████▋                                    | 136/400 [06:38<14:48,  3.37s/it]
NAEA:  34%|██████████████████▊                                    | 137/400 [06:41<14:38,  3.34s/it]
NAEA:  34%|██████████████████▉                                    | 138/400 [06:44<14:30,  3.32s/it]
NAEA:  35%|███████████████████                                    | 139/400 [06:48<14:24,  3.31s/it]06:02:04 | INFO    | epoch  140/400 | loss=0.0705 kge=0.0289 align=0.0061 pseudo=0.0109 | bootstrap: 9000 pseudo-pairs (beta=1.0)
06:02:04 | INFO    |            [filtered] MRR=0.0458 Hit@1=0.0316 Hit@5=0.0485 Hit@10=0.0752 MR=6165.6 n=1422
06:02:04 | INFO    |            [multiref] MRR=0.1200 Hit@1=0.0921 Hit@5=0.1460 Hit@10=0.1778 MR=2565.6 n=315

NAEA:  35%|███████████████████▎                                   | 140/400 [06:51<15:00,  3.46s/it]
NAEA:  35%|███████████████████▍                                   | 141/400 [06:55<14:45,  3.42s/it]
NAEA:  36%|███████████████████▌                                   | 142/400 [06:58<14:32,  3.38s/it]
NAEA:  36%|███████████████████▋                                   | 143/400 [07:01<14:21,  3.35s/it]
NAEA:  36%|███████████████████▊                                   | 144/400 [07:05<14:13,  3.33s/it]06:02:21 | INFO    | epoch  145/400 | loss=0.0765 kge=0.0279 align=0.0076 pseudo=0.0106 | bootstrap: 9000 pseudo-pairs (beta=1.0)

NAEA:  36%|███████████████████▉                                   | 145/400 [07:08<14:27,  3.40s/it]
NAEA:  36%|████████████████████                                   | 146/400 [07:11<14:14,  3.37s/it]
NAEA:  37%|████████████████████▏                                  | 147/400 [07:15<14:05,  3.34s/it]
NAEA:  37%|████████████████████▎                                  | 148/400 [07:18<13:57,  3.32s/it]
NAEA:  37%|████████████████████▍                                  | 149/400 [07:21<13:51,  3.31s/it]06:02:37 | INFO    | epoch  150/400 | loss=0.0674 kge=0.0274 align=0.0060 pseudo=0.0098 | bootstrap: 9000 pseudo-pairs (beta=1.0)
06:02:37 | INFO    |            [filtered] MRR=0.0462 Hit@1=0.0274 Hit@5=0.0499 Hit@10=0.0844 MR=6853.4 n=1422
06:02:37 | INFO    |            [multiref] MRR=0.1387 Hit@1=0.1048 Hit@5=0.1492 Hit@10=0.1937 MR=3519.6 n=315

NAEA:  38%|████████████████████▋                                  | 150/400 [07:25<14:26,  3.46s/it]
NAEA:  38%|████████████████████▊                                  | 151/400 [07:28<14:10,  3.42s/it]
NAEA:  38%|████████████████████▉                                  | 152/400 [07:32<13:58,  3.38s/it]
NAEA:  38%|█████████████████████                                  | 153/400 [07:35<13:47,  3.35s/it]
NAEA:  38%|█████████████████████▏                                 | 154/400 [07:38<13:39,  3.33s/it]06:02:54 | INFO    | epoch  155/400 | loss=0.0712 kge=0.0277 align=0.0067 pseudo=0.0101 | bootstrap: 9000 pseudo-pairs (beta=1.0)

NAEA:  39%|█████████████████████▎                                 | 155/400 [07:42<13:52,  3.40s/it]
NAEA:  39%|█████████████████████▍                                 | 156/400 [07:45<13:40,  3.36s/it]
NAEA:  39%|█████████████████████▌                                 | 157/400 [07:48<13:31,  3.34s/it]
NAEA:  40%|█████████████████████▋                                 | 158/400 [07:52<13:23,  3.32s/it]
NAEA:  40%|█████████████████████▊                                 | 159/400 [07:55<13:17,  3.31s/it]06:03:11 | INFO    | epoch  160/400 | loss=0.0634 kge=0.0278 align=0.0052 pseudo=0.0095 | bootstrap: 9000 pseudo-pairs (beta=1.0)
06:03:11 | INFO    |            [filtered] MRR=0.0475 Hit@1=0.0274 Hit@5=0.0577 Hit@10=0.0921 MR=6557.1 n=1422
06:03:11 | INFO    |            [multiref] MRR=0.1356 Hit@1=0.1016 Hit@5=0.1651 Hit@10=0.1841 MR=3328.5 n=315

NAEA:  40%|██████████████████████                                 | 160/400 [07:59<13:49,  3.46s/it]
NAEA:  40%|██████████████████████▏                                | 161/400 [08:02<13:35,  3.41s/it]
NAEA:  40%|██████████████████████▎                                | 162/400 [08:05<13:23,  3.38s/it]
NAEA:  41%|██████████████████████▍                                | 163/400 [08:09<13:12,  3.35s/it]
NAEA:  41%|██████████████████████▌                                | 164/400 [08:12<13:04,  3.32s/it]06:03:28 | INFO    | epoch  165/400 | loss=0.0677 kge=0.0273 align=0.0062 pseudo=0.0093 | bootstrap: 9000 pseudo-pairs (beta=1.0)

NAEA:  41%|██████████████████████▋                                | 165/400 [08:15<13:17,  3.39s/it]
NAEA:  42%|██████████████████████▊                                | 166/400 [08:19<13:05,  3.36s/it]
NAEA:  42%|██████████████████████▉                                | 167/400 [08:22<12:56,  3.33s/it]
NAEA:  42%|███████████████████████                                | 168/400 [08:25<12:49,  3.32s/it]
NAEA:  42%|███████████████████████▏                               | 169/400 [08:28<12:43,  3.30s/it]06:03:45 | INFO    | epoch  170/400 | loss=0.0661 kge=0.0270 align=0.0060 pseudo=0.0089 | bootstrap: 9000 pseudo-pairs (beta=1.0)
06:03:45 | INFO    |            [filtered] MRR=0.0447 Hit@1=0.0260 Hit@5=0.0520 Hit@10=0.0851 MR=6131.5 n=1422
06:03:45 | INFO    |            [multiref] MRR=0.1363 Hit@1=0.1016 Hit@5=0.1619 Hit@10=0.1968 MR=3223.1 n=315

NAEA:  42%|███████████████████████▍                               | 170/400 [08:33<13:43,  3.58s/it]
NAEA:  43%|███████████████████████▌                               | 171/400 [08:36<13:20,  3.50s/it]
NAEA:  43%|███████████████████████▋                               | 172/400 [08:39<13:03,  3.44s/it]
NAEA:  43%|███████████████████████▊                               | 173/400 [08:43<12:48,  3.39s/it]
NAEA:  44%|███████████████████████▉                               | 174/400 [08:46<12:38,  3.35s/it]06:04:02 | INFO    | epoch  175/400 | loss=0.0640 kge=0.0264 align=0.0057 pseudo=0.0091 | bootstrap: 9000 pseudo-pairs (beta=1.0)

NAEA:  44%|████████████████████████                               | 175/400 [08:49<12:47,  3.41s/it]
NAEA:  44%|████████████████████████▏                              | 176/400 [08:53<12:35,  3.37s/it]
NAEA:  44%|████████████████████████▎                              | 177/400 [08:56<12:25,  3.34s/it]
NAEA:  44%|████████████████████████▍                              | 178/400 [08:59<12:17,  3.32s/it]
NAEA:  45%|████████████████████████▌                              | 179/400 [09:03<12:11,  3.31s/it]06:04:19 | INFO    | epoch  180/400 | loss=0.0670 kge=0.0260 align=0.0065 pseudo=0.0086 | bootstrap: 9000 pseudo-pairs (beta=1.0)
06:04:19 | INFO    |            [filtered] MRR=0.0458 Hit@1=0.0267 Hit@5=0.0506 Hit@10=0.0921 MR=6430.4 n=1422
06:04:19 | INFO    |            [multiref] MRR=0.1364 Hit@1=0.1048 Hit@5=0.1587 Hit@10=0.1841 MR=3244.5 n=315

NAEA:  45%|████████████████████████▊                              | 180/400 [09:06<12:40,  3.46s/it]
NAEA:  45%|████████████████████████▉                              | 181/400 [09:10<12:26,  3.41s/it]
NAEA:  46%|█████████████████████████                              | 182/400 [09:13<12:15,  3.38s/it]
NAEA:  46%|█████████████████████████▏                             | 183/400 [09:16<12:06,  3.35s/it]
NAEA:  46%|█████████████████████████▎                             | 184/400 [09:19<11:58,  3.33s/it]06:04:36 | INFO    | epoch  185/400 | loss=0.0657 kge=0.0265 align=0.0062 pseudo=0.0083 | bootstrap: 9000 pseudo-pairs (beta=1.0)

NAEA:  46%|█████████████████████████▍                             | 185/400 [09:23<12:09,  3.40s/it]
NAEA:  46%|█████████████████████████▌                             | 186/400 [09:26<11:59,  3.36s/it]
NAEA:  47%|█████████████████████████▋                             | 187/400 [09:30<11:51,  3.34s/it]
NAEA:  47%|█████████████████████████▊                             | 188/400 [09:33<11:44,  3.32s/it]
NAEA:  47%|█████████████████████████▉                             | 189/400 [09:36<11:39,  3.32s/it]06:04:52 | INFO    | epoch  190/400 | loss=0.0631 kge=0.0258 align=0.0058 pseudo=0.0081 | bootstrap: 9000 pseudo-pairs (beta=1.0)
06:04:52 | INFO    |            [filtered] MRR=0.0399 Hit@1=0.0246 Hit@5=0.0422 Hit@10=0.0675 MR=6515.9 n=1422
06:04:52 | INFO    |            [multiref] MRR=0.1257 Hit@1=0.0952 Hit@5=0.1333 Hit@10=0.1619 MR=3254.1 n=315

NAEA:  48%|██████████████████████████▏                            | 190/400 [09:40<12:09,  3.47s/it]
NAEA:  48%|██████████████████████████▎                            | 191/400 [09:43<11:56,  3.43s/it]
NAEA:  48%|██████████████████████████▍                            | 192/400 [09:47<11:46,  3.40s/it]
NAEA:  48%|██████████████████████████▌                            | 193/400 [09:50<11:37,  3.37s/it]
NAEA:  48%|██████████████████████████▋                            | 194/400 [09:53<11:29,  3.35s/it]06:05:09 | INFO    | epoch  195/400 | loss=0.0630 kge=0.0258 align=0.0059 pseudo=0.0079 | bootstrap: 9000 pseudo-pairs (beta=1.0)

NAEA:  49%|██████████████████████████▊                            | 195/400 [09:57<11:44,  3.44s/it]
NAEA:  49%|██████████████████████████▉                            | 196/400 [10:00<11:33,  3.40s/it]
NAEA:  49%|███████████████████████████                            | 197/400 [10:04<11:23,  3.37s/it]
NAEA:  50%|███████████████████████████▏                           | 198/400 [10:07<11:16,  3.35s/it]
NAEA:  50%|███████████████████████████▎                           | 199/400 [10:10<11:10,  3.33s/it]06:05:26 | INFO    | epoch  200/400 | loss=0.0663 kge=0.0257 align=0.0066 pseudo=0.0076 | bootstrap: 9000 pseudo-pairs (beta=1.0)
06:05:26 | INFO    |            [filtered] MRR=0.0414 Hit@1=0.0253 Hit@5=0.0464 Hit@10=0.0703 MR=6039.7 n=1422
06:05:26 | INFO    |            [multiref] MRR=0.1299 Hit@1=0.0984 Hit@5=0.1524 Hit@10=0.1683 MR=3047.5 n=315

NAEA:  50%|███████████████████████████▌                           | 200/400 [10:14<11:37,  3.49s/it]
NAEA:  50%|███████████████████████████▋                           | 201/400 [10:17<11:24,  3.44s/it]
NAEA:  50%|███████████████████████████▊                           | 202/400 [10:21<11:13,  3.40s/it]
NAEA:  51%|███████████████████████████▉                           | 203/400 [10:24<11:04,  3.37s/it]
NAEA:  51%|████████████████████████████                           | 204/400 [10:27<10:56,  3.35s/it]06:05:43 | INFO    | epoch  205/400 | loss=0.0639 kge=0.0258 align=0.0061 pseudo=0.0078 | bootstrap: 9000 pseudo-pairs (beta=1.0)

NAEA:  51%|████████████████████████████▏                          | 205/400 [10:31<11:06,  3.42s/it]
NAEA:  52%|████████████████████████████▎                          | 206/400 [10:34<10:56,  3.38s/it]
NAEA:  52%|████████████████████████████▍                          | 207/400 [10:37<10:48,  3.36s/it]
NAEA:  52%|████████████████████████████▌                          | 208/400 [10:41<10:41,  3.34s/it]
NAEA:  52%|████████████████████████████▋                          | 209/400 [10:44<10:35,  3.33s/it]06:06:00 | INFO    | epoch  210/400 | loss=0.0602 kge=0.0255 align=0.0054 pseudo=0.0077 | bootstrap: 9000 pseudo-pairs (beta=1.0)
06:06:00 | INFO    |            [filtered] MRR=0.0415 Hit@1=0.0253 Hit@5=0.0478 Hit@10=0.0731 MR=6770.7 n=1422
06:06:00 | INFO    |            [multiref] MRR=0.1251 Hit@1=0.0984 Hit@5=0.1492 Hit@10=0.1651 MR=3184.0 n=315

NAEA:  52%|████████████████████████████▉                          | 210/400 [10:48<11:01,  3.48s/it]
NAEA:  53%|█████████████████████████████                          | 211/400 [10:51<10:48,  3.43s/it]
NAEA:  53%|█████████████████████████████▏                         | 212/400 [10:54<10:38,  3.40s/it]
NAEA:  53%|█████████████████████████████▎                         | 213/400 [10:58<10:30,  3.37s/it]
NAEA:  54%|█████████████████████████████▍                         | 214/400 [11:01<10:22,  3.35s/it]06:06:17 | INFO    | epoch  215/400 | loss=0.0584 kge=0.0255 align=0.0051 pseudo=0.0073 | bootstrap: 9000 pseudo-pairs (beta=1.0)

NAEA:  54%|█████████████████████████████▌                         | 215/400 [11:05<10:32,  3.42s/it]
NAEA:  54%|█████████████████████████████▋                         | 216/400 [11:08<10:22,  3.38s/it]
NAEA:  54%|█████████████████████████████▊                         | 217/400 [11:11<10:14,  3.36s/it]
NAEA:  55%|█████████████████████████████▉                         | 218/400 [11:15<10:07,  3.34s/it]
NAEA:  55%|██████████████████████████████                         | 219/400 [11:18<10:02,  3.33s/it]06:06:34 | INFO    | epoch  220/400 | loss=0.0580 kge=0.0246 align=0.0053 pseudo=0.0070 | bootstrap: 9000 pseudo-pairs (beta=1.0)
06:06:34 | INFO    |            [filtered] MRR=0.0440 Hit@1=0.0288 Hit@5=0.0492 Hit@10=0.0682 MR=5904.6 n=1422
06:06:34 | INFO    |            [multiref] MRR=0.1357 Hit@1=0.1143 Hit@5=0.1429 Hit@10=0.1556 MR=3094.4 n=315

NAEA:  55%|██████████████████████████████▎                        | 220/400 [11:22<10:25,  3.48s/it]
NAEA:  55%|██████████████████████████████▍                        | 221/400 [11:25<10:13,  3.43s/it]
NAEA:  56%|██████████████████████████████▌                        | 222/400 [11:28<10:03,  3.39s/it]
NAEA:  56%|██████████████████████████████▋                        | 223/400 [11:32<09:55,  3.36s/it]
NAEA:  56%|██████████████████████████████▊                        | 224/400 [11:35<09:48,  3.34s/it]06:06:51 | INFO    | epoch  225/400 | loss=0.0648 kge=0.0251 align=0.0065 pseudo=0.0071 | bootstrap: 9000 pseudo-pairs (beta=1.0)

NAEA:  56%|██████████████████████████████▉                        | 225/400 [11:38<09:56,  3.41s/it]
NAEA:  56%|███████████████████████████████                        | 226/400 [11:42<09:47,  3.37s/it]
NAEA:  57%|███████████████████████████████▏                       | 227/400 [11:45<09:39,  3.35s/it]
NAEA:  57%|███████████████████████████████▎                       | 228/400 [11:48<09:32,  3.33s/it]
NAEA:  57%|███████████████████████████████▍                       | 229/400 [11:52<09:26,  3.32s/it]06:07:08 | INFO    | epoch  230/400 | loss=0.0714 kge=0.0249 align=0.0079 pseudo=0.0069 | bootstrap: 9000 pseudo-pairs (beta=1.0)
06:07:08 | INFO    |            [filtered] MRR=0.0392 Hit@1=0.0253 Hit@5=0.0422 Hit@10=0.0591 MR=6541.2 n=1422
06:07:08 | INFO    |            [multiref] MRR=0.1214 Hit@1=0.0952 Hit@5=0.1365 Hit@10=0.1460 MR=3306.8 n=315

NAEA:  57%|███████████████████████████████▌                       | 230/400 [11:55<09:48,  3.46s/it]
NAEA:  58%|███████████████████████████████▊                       | 231/400 [11:59<09:37,  3.42s/it]
NAEA:  58%|███████████████████████████████▉                       | 232/400 [12:02<09:27,  3.38s/it]
NAEA:  58%|████████████████████████████████                       | 233/400 [12:05<09:19,  3.35s/it]
NAEA:  58%|████████████████████████████████▏                      | 234/400 [12:09<09:12,  3.33s/it]06:07:25 | INFO    | epoch  235/400 | loss=0.0565 kge=0.0249 align=0.0050 pseudo=0.0068 | bootstrap: 9000 pseudo-pairs (beta=1.0)

NAEA:  59%|████████████████████████████████▎                      | 235/400 [12:12<09:20,  3.39s/it]
NAEA:  59%|████████████████████████████████▍                      | 236/400 [12:15<09:10,  3.36s/it]
NAEA:  59%|████████████████████████████████▌                      | 237/400 [12:19<09:03,  3.33s/it]
NAEA:  60%|████████████████████████████████▋                      | 238/400 [12:22<08:56,  3.31s/it]
NAEA:  60%|████████████████████████████████▊                      | 239/400 [12:25<08:51,  3.30s/it]06:07:41 | INFO    | epoch  240/400 | loss=0.0610 kge=0.0247 align=0.0059 pseudo=0.0067 | bootstrap: 9000 pseudo-pairs (beta=1.0)
06:07:41 | INFO    |            [filtered] MRR=0.0433 Hit@1=0.0295 Hit@5=0.0499 Hit@10=0.0654 MR=7005.6 n=1422
06:07:41 | INFO    |            [multiref] MRR=0.1242 Hit@1=0.1016 Hit@5=0.1460 Hit@10=0.1492 MR=3408.6 n=315

NAEA:  60%|█████████████████████████████████                      | 240/400 [12:29<09:11,  3.45s/it]
NAEA:  60%|█████████████████████████████████▏                     | 241/400 [12:32<09:01,  3.40s/it]
NAEA:  60%|█████████████████████████████████▎                     | 242/400 [12:36<08:51,  3.37s/it]
NAEA:  61%|█████████████████████████████████▍                     | 243/400 [12:39<08:43,  3.34s/it]
NAEA:  61%|█████████████████████████████████▌                     | 244/400 [12:42<08:37,  3.32s/it]06:07:58 | INFO    | epoch  245/400 | loss=0.0687 kge=0.0245 align=0.0075 pseudo=0.0067 | bootstrap: 9000 pseudo-pairs (beta=1.0)

NAEA:  61%|█████████████████████████████████▋                     | 245/400 [12:46<08:44,  3.38s/it]
NAEA:  62%|█████████████████████████████████▊                     | 246/400 [12:49<08:35,  3.35s/it]
NAEA:  62%|█████████████████████████████████▉                     | 247/400 [12:52<08:28,  3.32s/it]
NAEA:  62%|██████████████████████████████████                     | 248/400 [12:55<08:22,  3.30s/it]
NAEA:  62%|██████████████████████████████████▏                    | 249/400 [12:59<08:17,  3.29s/it]06:08:15 | INFO    | epoch  250/400 | loss=0.0659 kge=0.0243 align=0.0070 pseudo=0.0066 | bootstrap: 9000 pseudo-pairs (beta=1.0)
06:08:15 | INFO    |            [filtered] MRR=0.0409 Hit@1=0.0239 Hit@5=0.0506 Hit@10=0.0731 MR=5863.6 n=1422
06:08:15 | INFO    |            [multiref] MRR=0.1254 Hit@1=0.0921 Hit@5=0.1492 Hit@10=0.1778 MR=2844.0 n=315

NAEA:  62%|██████████████████████████████████▍                    | 250/400 [13:02<08:36,  3.44s/it]
NAEA:  63%|██████████████████████████████████▌                    | 251/400 [13:06<08:25,  3.39s/it]
NAEA:  63%|██████████████████████████████████▋                    | 252/400 [13:09<08:17,  3.36s/it]
NAEA:  63%|██████████████████████████████████▊                    | 253/400 [13:12<08:09,  3.33s/it]
NAEA:  64%|██████████████████████████████████▉                    | 254/400 [13:16<08:03,  3.31s/it]06:08:32 | INFO    | epoch  255/400 | loss=0.0550 kge=0.0241 align=0.0049 pseudo=0.0065 | bootstrap: 9000 pseudo-pairs (beta=1.0)

NAEA:  64%|███████████████████████████████████                    | 255/400 [13:19<08:09,  3.38s/it]
NAEA:  64%|███████████████████████████████████▏                   | 256/400 [13:22<08:01,  3.34s/it]
NAEA:  64%|███████████████████████████████████▎                   | 257/400 [13:26<07:54,  3.32s/it]
NAEA:  64%|███████████████████████████████████▍                   | 258/400 [13:29<07:48,  3.30s/it]
NAEA:  65%|███████████████████████████████████▌                   | 259/400 [13:32<07:43,  3.29s/it]06:08:48 | INFO    | epoch  260/400 | loss=0.0589 kge=0.0245 align=0.0056 pseudo=0.0063 | bootstrap: 9000 pseudo-pairs (beta=1.0)
06:08:48 | INFO    |            [filtered] MRR=0.0409 Hit@1=0.0260 Hit@5=0.0401 Hit@10=0.0759 MR=6403.0 n=1422
06:08:48 | INFO    |            [multiref] MRR=0.1179 Hit@1=0.0984 Hit@5=0.1238 Hit@10=0.1333 MR=3084.1 n=315

NAEA:  65%|███████████████████████████████████▊                   | 260/400 [13:36<08:01,  3.44s/it]
NAEA:  65%|███████████████████████████████████▉                   | 261/400 [13:39<07:51,  3.39s/it]
NAEA:  66%|████████████████████████████████████                   | 262/400 [13:42<07:43,  3.36s/it]
NAEA:  66%|████████████████████████████████████▏                  | 263/400 [13:46<07:35,  3.33s/it]
NAEA:  66%|████████████████████████████████████▎                  | 264/400 [13:49<07:29,  3.31s/it]06:09:05 | INFO    | epoch  265/400 | loss=0.0567 kge=0.0237 align=0.0054 pseudo=0.0061 | bootstrap: 9000 pseudo-pairs (beta=1.0)

NAEA:  66%|████████████████████████████████████▍                  | 265/400 [13:53<07:35,  3.37s/it]
NAEA:  66%|████████████████████████████████████▌                  | 266/400 [13:56<07:27,  3.34s/it]
NAEA:  67%|████████████████████████████████████▋                  | 267/400 [13:59<07:20,  3.31s/it]
NAEA:  67%|████████████████████████████████████▊                  | 268/400 [14:02<07:15,  3.30s/it]
NAEA:  67%|████████████████████████████████████▉                  | 269/400 [14:06<07:10,  3.29s/it]06:09:22 | INFO    | epoch  270/400 | loss=0.0534 kge=0.0238 align=0.0047 pseudo=0.0062 | bootstrap: 9000 pseudo-pairs (beta=1.0)
06:09:22 | INFO    |            [filtered] MRR=0.0391 Hit@1=0.0232 Hit@5=0.0401 Hit@10=0.0752 MR=6493.4 n=1422
06:09:22 | INFO    |            [multiref] MRR=0.1163 Hit@1=0.0889 Hit@5=0.1206 Hit@10=0.1556 MR=3244.5 n=315
06:09:22 | INFO    |            early stop (best=0.1476 @ 120).

NAEA:  67%|████████████████████████████████████▉                  | 269/400 [14:09<06:53,  3.16s/it]
06:09:22 | INFO    | Done in 14.2 min. Best multiref MRR=0.1476 @ epoch 120.
06:09:22 | INFO    | Final evaluation on the test split, read once
06:09:23 | INFO    |   [cosine] filtMRR=0.0221 H@1=0.0039 H@10=0.0367 n=12578 | mrefMRR=0.0669 H@1=0.0271
06:09:23 | INFO    |   [  csls] filtMRR=0.0209 H@1=0.0036 H@10=0.0372 n=12578 | mrefMRR=0.0715 H@1=0.0246
06:09:24 | INFO    |   [cosine] F1=0.0914 P=0.0942 R=0.0887 (threshold 0.995 from validation, validation F1=0.1503)
06:09:24 | INFO    | Wrote experiments/naea_relatedMatch_20260929-055510/result.json
06:09:24 | INFO    | Finished. Best validation MRR=0.1476 @ epoch 120.
