05:52:56 | INFO    | Model: rrea | seed 2026 | device: cuda:0
05:52:56 | INFO    | Regime relatedMatch | graph: 84,182 nodes, 131,238 triples, 50,435 UCPGx candidates
05:52:56 | INFO    |   broadMatch/pgx   train=  3,744 test=  8,599 (70%) queries= 6,866 by cluster    leakage=0.00%
05:52:56 | INFO    |   closeMatch       train=  2,738 test=  6,296 (70%) queries= 1,490 by cluster    leakage=0.00%
05:52:56 | INFO    |   sameAs           train= 19,942 test= 46,531 (70%) queries=10,883 by cluster    leakage=0.00%
05:52:56 | INFO    |   broadMatch/onco  train= 25,039 test= 47,737 (66%) queries= 2,032 intra-cluster leakage=0.00%
05:52:56 | INFO    |   relatedMatch     train=  2,801 test=  6,289 (69%) queries=   812 intra-cluster leakage=0.00%
05:52:56 | INFO    |   related          train=471,647 test=762,046 (62%) queries=16,977 intra-cluster leakage=0.00%
05:52:56 | INFO    | Data: {'num_entities': 84182, 'num_relations': 13, 'triples': 131238, 'train_pairs': 2090, 'val_pairs': 711, 'candidates': 50435, 'unlabeled_pool': 49739}
05:52:59 | INFO    | Params: 8.42M
05:52:59 | INFO    | Run directory: experiments/rrea_relatedMatch_20260929-055256
05:52:59 | INFO    | RREA | device=cuda:0 | {'num_entities': 84182, 'num_relations': 13, 'triples': 131238, 'train_pairs': 2090, 'val_pairs': 711, 'candidates': 50435, 'unlabeled_pool': 49739} turns=1 x 400

RREA:   0%|                                                                 | 0/400 [00:00<?, ?it/s]code/src/models/rrea.py:61: UserWarning: Sparse invariant checks are implicitly disabled. Memory errors (e.g. SEGFAULT) will occur when operating on a sparse tensor which violates the invariants, but checks incur performance overhead. To silence this warning, explicitly opt in or out. See `torch.sparse.check_sparse_tensor_invariants.__doc__` for guidance.  (Triggered internally at /__w/pytorch/pytorch/aten/src/ATen/Context.cpp:848.)
  return torch.sparse_coo_tensor(index, val, shape, device=index.device).coalesce()

RREA:   0%|▏                                                        | 1/400 [00:00<02:12,  3.02it/s]
RREA:   1%|▌                                                        | 4/400 [00:00<00:39, 10.15it/s]
RREA:   2%|▉                                                        | 7/400 [00:00<00:27, 14.43it/s]05:53:00 | INFO    | epoch   10/400 | loss=0.0613
05:53:00 | INFO    |            [filtered] MRR=0.0226 Hit@1=0.0113 Hit@5=0.0197 Hit@10=0.0239 MR=452.2 n=1422
05:53:00 | INFO    |            [multiref] MRR=0.0694 Hit@1=0.0444 Hit@5=0.0730 Hit@10=0.0857 MR=384.6 n=315
05:53:00 | INFO    |            -> new best filtered MRR=0.0226 (saved model_best.pt)

RREA:   2%|█▍                                                      | 10/400 [00:01<00:42,  9.28it/s]
RREA:   3%|█▊                                                      | 13/400 [00:01<00:32, 11.99it/s]
RREA:   4%|██▏                                                     | 16/400 [00:01<00:26, 14.39it/s]
RREA:   5%|██▋                                                     | 19/400 [00:01<00:23, 16.41it/s]05:53:01 | INFO    | epoch   20/400 | loss=0.0508
05:53:01 | INFO    |            [filtered] MRR=0.0245 Hit@1=0.0134 Hit@5=0.0211 Hit@10=0.0274 MR=325.8 n=1422
05:53:01 | INFO    |            [multiref] MRR=0.0734 Hit@1=0.0508 Hit@5=0.0730 Hit@10=0.0952 MR=281.8 n=315
05:53:01 | INFO    |            -> new best filtered MRR=0.0245 (saved model_best.pt)

RREA:   6%|███                                                     | 22/400 [00:01<00:35, 10.75it/s]
RREA:   6%|███▌                                                    | 25/400 [00:02<00:29, 12.89it/s]
RREA:   7%|███▉                                                    | 28/400 [00:02<00:24, 14.90it/s]05:53:01 | INFO    | epoch   30/400 | loss=0.0378
05:53:02 | INFO    |            [filtered] MRR=0.0264 Hit@1=0.0148 Hit@5=0.0246 Hit@10=0.0295 MR=327.3 n=1422
05:53:02 | INFO    |            [multiref] MRR=0.0817 Hit@1=0.0571 Hit@5=0.0889 Hit@10=0.1079 MR=254.3 n=315
05:53:02 | INFO    |            -> new best filtered MRR=0.0264 (saved model_best.pt)

RREA:   8%|████▏                                                   | 30/400 [00:02<00:37,  9.95it/s]
RREA:   8%|████▌                                                   | 33/400 [00:02<00:30, 12.20it/s]
RREA:   9%|█████                                                   | 36/400 [00:02<00:25, 14.32it/s]
RREA:  10%|█████▍                                                  | 39/400 [00:03<00:22, 16.20it/s]05:53:02 | INFO    | epoch   40/400 | loss=0.0230
05:53:02 | INFO    |            [filtered] MRR=0.0262 Hit@1=0.0148 Hit@5=0.0232 Hit@10=0.0288 MR=359.1 n=1422
05:53:02 | INFO    |            [multiref] MRR=0.0819 Hit@1=0.0571 Hit@5=0.0857 Hit@10=0.1048 MR=246.7 n=315

RREA:  10%|█████▉                                                  | 42/400 [00:03<00:28, 12.66it/s]
RREA:  11%|██████▎                                                 | 45/400 [00:03<00:24, 14.65it/s]
RREA:  12%|██████▋                                                 | 48/400 [00:03<00:21, 16.43it/s]05:53:03 | INFO    | epoch   50/400 | loss=0.0197
05:53:03 | INFO    |            [filtered] MRR=0.0260 Hit@1=0.0148 Hit@5=0.0232 Hit@10=0.0295 MR=393.6 n=1422
05:53:03 | INFO    |            [multiref] MRR=0.0828 Hit@1=0.0571 Hit@5=0.0857 Hit@10=0.1016 MR=233.7 n=315

RREA:  12%|███████                                                 | 50/400 [00:03<00:28, 12.19it/s]
RREA:  13%|███████▍                                                | 53/400 [00:04<00:24, 14.34it/s]
RREA:  14%|███████▊                                                | 56/400 [00:04<00:21, 16.24it/s]
RREA:  15%|████████▎                                               | 59/400 [00:04<00:19, 17.82it/s]05:53:04 | INFO    | epoch   60/400 | loss=0.0218
05:53:04 | INFO    |            [filtered] MRR=0.0260 Hit@1=0.0141 Hit@5=0.0232 Hit@10=0.0331 MR=431.9 n=1422
05:53:04 | INFO    |            [multiref] MRR=0.0839 Hit@1=0.0571 Hit@5=0.0857 Hit@10=0.1079 MR=239.8 n=315

RREA:  16%|████████▋                                               | 62/400 [00:04<00:25, 13.46it/s]
RREA:  16%|█████████                                               | 65/400 [00:04<00:21, 15.37it/s]
RREA:  17%|█████████▌                                              | 68/400 [00:04<00:19, 17.05it/s]05:53:04 | INFO    | epoch   70/400 | loss=0.0179
05:53:04 | INFO    |            [filtered] MRR=0.0271 Hit@1=0.0155 Hit@5=0.0239 Hit@10=0.0323 MR=454.8 n=1422
05:53:04 | INFO    |            [multiref] MRR=0.0871 Hit@1=0.0603 Hit@5=0.0889 Hit@10=0.1079 MR=228.4 n=315
05:53:04 | INFO    |            -> new best filtered MRR=0.0271 (saved model_best.pt)

RREA:  18%|█████████▊                                              | 70/400 [00:05<00:30, 10.83it/s]
RREA:  18%|██████████▏                                             | 73/400 [00:05<00:25, 13.04it/s]
RREA:  19%|██████████▋                                             | 76/400 [00:05<00:21, 15.07it/s]
RREA:  20%|███████████                                             | 79/400 [00:05<00:19, 16.84it/s]05:53:05 | INFO    | epoch   80/400 | loss=0.0128
05:53:05 | INFO    |            [filtered] MRR=0.0283 Hit@1=0.0183 Hit@5=0.0253 Hit@10=0.0316 MR=475.8 n=1422
05:53:05 | INFO    |            [multiref] MRR=0.0902 Hit@1=0.0667 Hit@5=0.0889 Hit@10=0.1079 MR=221.1 n=315
05:53:05 | INFO    |            -> new best filtered MRR=0.0283 (saved model_best.pt)

RREA:  20%|███████████▍                                            | 82/400 [00:06<00:28, 11.08it/s]
RREA:  21%|███████████▉                                            | 85/400 [00:06<00:23, 13.14it/s]
RREA:  22%|████████████▎                                           | 88/400 [00:06<00:20, 15.07it/s]05:53:06 | INFO    | epoch   90/400 | loss=0.0109
05:53:06 | INFO    |            [filtered] MRR=0.0289 Hit@1=0.0176 Hit@5=0.0253 Hit@10=0.0316 MR=485.0 n=1422
05:53:06 | INFO    |            [multiref] MRR=0.0960 Hit@1=0.0698 Hit@5=0.0952 Hit@10=0.1079 MR=222.8 n=315
05:53:06 | INFO    |            -> new best filtered MRR=0.0289 (saved model_best.pt)

RREA:  22%|████████████▌                                           | 90/400 [00:06<00:30, 10.02it/s]
RREA:  23%|█████████████                                           | 93/400 [00:07<00:25, 12.24it/s]
RREA:  24%|█████████████▍                                          | 96/400 [00:07<00:21, 14.34it/s]
RREA:  25%|█████████████▊                                          | 99/400 [00:07<00:18, 16.20it/s]05:53:07 | INFO    | epoch  100/400 | loss=0.0115
05:53:07 | INFO    |            [filtered] MRR=0.0303 Hit@1=0.0183 Hit@5=0.0295 Hit@10=0.0380 MR=535.7 n=1422
05:53:07 | INFO    |            [multiref] MRR=0.0980 Hit@1=0.0698 Hit@5=0.1079 Hit@10=0.1238 MR=245.6 n=315
05:53:07 | INFO    |            -> new best filtered MRR=0.0303 (saved model_best.pt)

RREA:  26%|██████████████                                         | 102/400 [00:07<00:26, 11.33it/s]
RREA:  26%|██████████████▍                                        | 105/400 [00:07<00:22, 13.38it/s]
RREA:  27%|██████████████▊                                        | 108/400 [00:08<00:19, 15.29it/s]05:53:07 | INFO    | epoch  110/400 | loss=0.0103
05:53:07 | INFO    |            [filtered] MRR=0.0314 Hit@1=0.0218 Hit@5=0.0274 Hit@10=0.0331 MR=562.3 n=1422
05:53:07 | INFO    |            [multiref] MRR=0.1037 Hit@1=0.0825 Hit@5=0.1016 Hit@10=0.1143 MR=231.0 n=315
05:53:08 | INFO    |            -> new best filtered MRR=0.0314 (saved model_best.pt)

RREA:  28%|███████████████▏                                       | 110/400 [00:08<00:28, 10.21it/s]
RREA:  28%|███████████████▌                                       | 113/400 [00:08<00:23, 12.43it/s]
RREA:  29%|███████████████▉                                       | 116/400 [00:08<00:19, 14.51it/s]
RREA:  30%|████████████████▎                                      | 119/400 [00:08<00:17, 16.35it/s]05:53:08 | INFO    | epoch  120/400 | loss=0.0076
05:53:08 | INFO    |            [filtered] MRR=0.0320 Hit@1=0.0211 Hit@5=0.0309 Hit@10=0.0359 MR=579.6 n=1422
05:53:08 | INFO    |            [multiref] MRR=0.1053 Hit@1=0.0794 Hit@5=0.1111 Hit@10=0.1238 MR=237.6 n=315
05:53:08 | INFO    |            -> new best filtered MRR=0.0320 (saved model_best.pt)

RREA:  30%|████████████████▊                                      | 122/400 [00:09<00:24, 11.31it/s]
RREA:  31%|█████████████████▏                                     | 125/400 [00:09<00:20, 13.35it/s]
RREA:  32%|█████████████████▌                                     | 128/400 [00:09<00:17, 15.27it/s]05:53:09 | INFO    | epoch  130/400 | loss=0.0072
05:53:09 | INFO    |            [filtered] MRR=0.0324 Hit@1=0.0218 Hit@5=0.0295 Hit@10=0.0352 MR=575.0 n=1422
05:53:09 | INFO    |            [multiref] MRR=0.1057 Hit@1=0.0825 Hit@5=0.1048 Hit@10=0.1206 MR=232.1 n=315
05:53:09 | INFO    |            -> new best filtered MRR=0.0324 (saved model_best.pt)

RREA:  32%|█████████████████▉                                     | 130/400 [00:10<00:26, 10.30it/s]
RREA:  33%|██████████████████▎                                    | 133/400 [00:10<00:21, 12.52it/s]
RREA:  34%|██████████████████▋                                    | 136/400 [00:10<00:18, 14.60it/s]
RREA:  35%|███████████████████                                    | 139/400 [00:10<00:15, 16.43it/s]05:53:10 | INFO    | epoch  140/400 | loss=0.0105
05:53:10 | INFO    |            [filtered] MRR=0.0329 Hit@1=0.0218 Hit@5=0.0295 Hit@10=0.0380 MR=675.1 n=1422
05:53:10 | INFO    |            [multiref] MRR=0.1079 Hit@1=0.0825 Hit@5=0.1079 Hit@10=0.1270 MR=245.4 n=315
05:53:10 | INFO    |            -> new best filtered MRR=0.0329 (saved model_best.pt)

RREA:  36%|███████████████████▌                                   | 142/400 [00:10<00:23, 11.16it/s]
RREA:  36%|███████████████████▉                                   | 145/400 [00:10<00:19, 13.22it/s]
RREA:  37%|████████████████████▎                                  | 148/400 [00:11<00:16, 15.14it/s]05:53:10 | INFO    | epoch  150/400 | loss=0.0129
05:53:10 | INFO    |            [filtered] MRR=0.0335 Hit@1=0.0218 Hit@5=0.0295 Hit@10=0.0373 MR=725.9 n=1422
05:53:10 | INFO    |            [multiref] MRR=0.1094 Hit@1=0.0825 Hit@5=0.1048 Hit@10=0.1238 MR=240.2 n=315
05:53:11 | INFO    |            -> new best filtered MRR=0.0335 (saved model_best.pt)

RREA:  38%|████████████████████▋                                  | 150/400 [00:11<00:24, 10.30it/s]
RREA:  38%|█████████████████████                                  | 153/400 [00:11<00:19, 12.51it/s]
RREA:  39%|█████████████████████▍                                 | 156/400 [00:11<00:16, 14.58it/s]
RREA:  40%|█████████████████████▊                                 | 159/400 [00:11<00:14, 16.41it/s]05:53:11 | INFO    | epoch  160/400 | loss=0.0069
05:53:11 | INFO    |            [filtered] MRR=0.0332 Hit@1=0.0218 Hit@5=0.0302 Hit@10=0.0373 MR=681.4 n=1422
05:53:11 | INFO    |            [multiref] MRR=0.1071 Hit@1=0.0794 Hit@5=0.1079 Hit@10=0.1270 MR=240.8 n=315

RREA:  40%|██████████████████████▎                                | 162/400 [00:12<00:18, 12.78it/s]
RREA:  41%|██████████████████████▋                                | 165/400 [00:12<00:15, 14.75it/s]
RREA:  42%|███████████████████████                                | 168/400 [00:12<00:14, 16.51it/s]05:53:12 | INFO    | epoch  170/400 | loss=0.0020
05:53:12 | INFO    |            [filtered] MRR=0.0335 Hit@1=0.0232 Hit@5=0.0288 Hit@10=0.0359 MR=669.2 n=1422
05:53:12 | INFO    |            [multiref] MRR=0.1071 Hit@1=0.0825 Hit@5=0.1048 Hit@10=0.1206 MR=247.1 n=315

RREA:  42%|███████████████████████▍                               | 170/400 [00:12<00:18, 12.21it/s]
RREA:  43%|███████████████████████▊                               | 173/400 [00:12<00:15, 14.36it/s]
RREA:  44%|████████████████████████▏                              | 176/400 [00:13<00:13, 16.25it/s]
RREA:  45%|████████████████████████▌                              | 179/400 [00:13<00:12, 17.83it/s]05:53:12 | INFO    | epoch  180/400 | loss=0.0160
05:53:13 | INFO    |            [filtered] MRR=0.0340 Hit@1=0.0232 Hit@5=0.0309 Hit@10=0.0366 MR=677.1 n=1422
05:53:13 | INFO    |            [multiref] MRR=0.1098 Hit@1=0.0857 Hit@5=0.1111 Hit@10=0.1206 MR=233.6 n=315
05:53:13 | INFO    |            -> new best filtered MRR=0.0340 (saved model_best.pt)

RREA:  46%|█████████████████████████                              | 182/400 [00:13<00:18, 11.67it/s]
RREA:  46%|█████████████████████████▍                             | 185/400 [00:13<00:15, 13.71it/s]
RREA:  47%|█████████████████████████▊                             | 188/400 [00:13<00:13, 15.59it/s]05:53:13 | INFO    | epoch  190/400 | loss=0.0196
05:53:13 | INFO    |            [filtered] MRR=0.0335 Hit@1=0.0232 Hit@5=0.0295 Hit@10=0.0373 MR=679.4 n=1422
05:53:13 | INFO    |            [multiref] MRR=0.1066 Hit@1=0.0825 Hit@5=0.1079 Hit@10=0.1270 MR=241.2 n=315

RREA:  48%|██████████████████████████▏                            | 190/400 [00:14<00:17, 11.92it/s]
RREA:  48%|██████████████████████████▌                            | 193/400 [00:14<00:14, 14.09it/s]
RREA:  49%|██████████████████████████▉                            | 196/400 [00:14<00:12, 16.02it/s]
RREA:  50%|███████████████████████████▎                           | 199/400 [00:14<00:11, 17.64it/s]05:53:14 | INFO    | epoch  200/400 | loss=0.0048
05:53:14 | INFO    |            [filtered] MRR=0.0340 Hit@1=0.0232 Hit@5=0.0331 Hit@10=0.0401 MR=775.5 n=1422
05:53:14 | INFO    |            [multiref] MRR=0.1074 Hit@1=0.0825 Hit@5=0.1143 Hit@10=0.1302 MR=275.6 n=315

RREA:  50%|███████████████████████████▊                           | 202/400 [00:15<00:15, 13.13it/s]
RREA:  51%|████████████████████████████▏                          | 205/400 [00:15<00:12, 15.07it/s]
RREA:  52%|████████████████████████████▌                          | 208/400 [00:15<00:11, 16.79it/s]05:53:14 | INFO    | epoch  210/400 | loss=0.0162
05:53:15 | INFO    |            [filtered] MRR=0.0338 Hit@1=0.0232 Hit@5=0.0302 Hit@10=0.0366 MR=694.8 n=1422
05:53:15 | INFO    |            [multiref] MRR=0.1074 Hit@1=0.0825 Hit@5=0.1079 Hit@10=0.1238 MR=248.3 n=315

RREA:  52%|████████████████████████████▉                          | 210/400 [00:15<00:15, 12.47it/s]
RREA:  53%|█████████████████████████████▎                         | 213/400 [00:15<00:12, 14.60it/s]
RREA:  54%|█████████████████████████████▋                         | 216/400 [00:15<00:11, 16.47it/s]
RREA:  55%|██████████████████████████████                         | 219/400 [00:15<00:10, 18.01it/s]05:53:15 | INFO    | epoch  220/400 | loss=0.0117
05:53:15 | INFO    |            [filtered] MRR=0.0346 Hit@1=0.0225 Hit@5=0.0316 Hit@10=0.0422 MR=689.1 n=1422
05:53:15 | INFO    |            [multiref] MRR=0.1084 Hit@1=0.0794 Hit@5=0.1143 Hit@10=0.1397 MR=243.4 n=315
05:53:15 | INFO    |            -> new best filtered MRR=0.0346 (saved model_best.pt)

RREA:  56%|██████████████████████████████▌                        | 222/400 [00:16<00:15, 11.78it/s]
RREA:  56%|██████████████████████████████▉                        | 225/400 [00:16<00:12, 13.81it/s]
RREA:  57%|███████████████████████████████▎                       | 228/400 [00:16<00:10, 15.68it/s]05:53:16 | INFO    | epoch  230/400 | loss=0.0030
05:53:16 | INFO    |            [filtered] MRR=0.0334 Hit@1=0.0225 Hit@5=0.0316 Hit@10=0.0373 MR=689.6 n=1422
05:53:16 | INFO    |            [multiref] MRR=0.1061 Hit@1=0.0794 Hit@5=0.1143 Hit@10=0.1333 MR=256.4 n=315

RREA:  57%|███████████████████████████████▌                       | 230/400 [00:17<00:14, 11.97it/s]
RREA:  58%|████████████████████████████████                       | 233/400 [00:17<00:11, 14.14it/s]
RREA:  59%|████████████████████████████████▍                      | 236/400 [00:17<00:10, 16.06it/s]
RREA:  60%|████████████████████████████████▊                      | 239/400 [00:17<00:09, 17.67it/s]05:53:17 | INFO    | epoch  240/400 | loss=0.0076
05:53:17 | INFO    |            [filtered] MRR=0.0340 Hit@1=0.0232 Hit@5=0.0323 Hit@10=0.0387 MR=831.0 n=1422
05:53:17 | INFO    |            [multiref] MRR=0.1088 Hit@1=0.0825 Hit@5=0.1143 Hit@10=0.1333 MR=287.4 n=315

RREA:  60%|█████████████████████████████████▎                     | 242/400 [00:17<00:11, 13.40it/s]
RREA:  61%|█████████████████████████████████▋                     | 245/400 [00:17<00:10, 15.32it/s]
RREA:  62%|██████████████████████████████████                     | 248/400 [00:18<00:08, 16.99it/s]05:53:17 | INFO    | epoch  250/400 | loss=0.0047
05:53:17 | INFO    |            [filtered] MRR=0.0345 Hit@1=0.0232 Hit@5=0.0338 Hit@10=0.0415 MR=764.3 n=1422
05:53:17 | INFO    |            [multiref] MRR=0.1093 Hit@1=0.0825 Hit@5=0.1238 Hit@10=0.1397 MR=270.0 n=315

RREA:  62%|██████████████████████████████████▍                    | 250/400 [00:18<00:11, 12.61it/s]
RREA:  63%|██████████████████████████████████▊                    | 253/400 [00:18<00:09, 14.73it/s]
RREA:  64%|███████████████████████████████████▏                   | 256/400 [00:18<00:08, 16.57it/s]
RREA:  65%|███████████████████████████████████▌                   | 259/400 [00:18<00:07, 18.09it/s]05:53:18 | INFO    | epoch  260/400 | loss=0.0203
05:53:18 | INFO    |            [filtered] MRR=0.0339 Hit@1=0.0232 Hit@5=0.0316 Hit@10=0.0366 MR=765.4 n=1422
05:53:18 | INFO    |            [multiref] MRR=0.1063 Hit@1=0.0794 Hit@5=0.1143 Hit@10=0.1270 MR=269.7 n=315

RREA:  66%|████████████████████████████████████                   | 262/400 [00:19<00:10, 13.52it/s]
RREA:  66%|████████████████████████████████████▍                  | 265/400 [00:19<00:08, 15.43it/s]
RREA:  67%|████████████████████████████████████▊                  | 268/400 [00:19<00:07, 17.08it/s]05:53:19 | INFO    | epoch  270/400 | loss=0.0051
05:53:19 | INFO    |            [filtered] MRR=0.0351 Hit@1=0.0239 Hit@5=0.0338 Hit@10=0.0394 MR=843.0 n=1422
05:53:19 | INFO    |            [multiref] MRR=0.1096 Hit@1=0.0825 Hit@5=0.1143 Hit@10=0.1365 MR=290.9 n=315
05:53:19 | INFO    |            -> new best filtered MRR=0.0351 (saved model_best.pt)

RREA:  68%|█████████████████████████████████████▏                 | 270/400 [00:19<00:12, 10.70it/s]
RREA:  68%|█████████████████████████████████████▌                 | 273/400 [00:19<00:09, 12.92it/s]
RREA:  69%|█████████████████████████████████████▉                 | 276/400 [00:20<00:08, 14.96it/s]
RREA:  70%|██████████████████████████████████████▎                | 279/400 [00:20<00:07, 16.74it/s]05:53:19 | INFO    | epoch  280/400 | loss=0.0037
05:53:19 | INFO    |            [filtered] MRR=0.0342 Hit@1=0.0239 Hit@5=0.0316 Hit@10=0.0408 MR=824.1 n=1422
05:53:19 | INFO    |            [multiref] MRR=0.1076 Hit@1=0.0825 Hit@5=0.1143 Hit@10=0.1365 MR=290.0 n=315

RREA:  70%|██████████████████████████████████████▊                | 282/400 [00:20<00:09, 13.04it/s]
RREA:  71%|███████████████████████████████████████▏               | 285/400 [00:20<00:07, 14.99it/s]
RREA:  72%|███████████████████████████████████████▌               | 288/400 [00:20<00:06, 16.71it/s]05:53:20 | INFO    | epoch  290/400 | loss=0.0111
05:53:20 | INFO    |            [filtered] MRR=0.0341 Hit@1=0.0232 Hit@5=0.0323 Hit@10=0.0387 MR=845.8 n=1422
05:53:20 | INFO    |            [multiref] MRR=0.1083 Hit@1=0.0825 Hit@5=0.1143 Hit@10=0.1302 MR=300.7 n=315

RREA:  72%|███████████████████████████████████████▉               | 290/400 [00:21<00:08, 12.44it/s]
RREA:  73%|████████████████████████████████████████▎              | 293/400 [00:21<00:07, 14.57it/s]
RREA:  74%|████████████████████████████████████████▋              | 296/400 [00:21<00:06, 16.44it/s]
RREA:  75%|█████████████████████████████████████████              | 299/400 [00:21<00:05, 17.99it/s]05:53:21 | INFO    | epoch  300/400 | loss=0.0067
05:53:21 | INFO    |            [filtered] MRR=0.0356 Hit@1=0.0239 Hit@5=0.0380 Hit@10=0.0499 MR=972.5 n=1422
05:53:21 | INFO    |            [multiref] MRR=0.1100 Hit@1=0.0825 Hit@5=0.1302 Hit@10=0.1460 MR=329.5 n=315
05:53:21 | INFO    |            -> new best filtered MRR=0.0356 (saved model_best.pt)

RREA:  76%|█████████████████████████████████████████▌             | 302/400 [00:21<00:08, 11.58it/s]
RREA:  76%|█████████████████████████████████████████▉             | 305/400 [00:22<00:06, 13.60it/s]
RREA:  77%|██████████████████████████████████████████▎            | 308/400 [00:22<00:05, 15.49it/s]05:53:21 | INFO    | epoch  310/400 | loss=0.0057
05:53:21 | INFO    |            [filtered] MRR=0.0343 Hit@1=0.0239 Hit@5=0.0309 Hit@10=0.0387 MR=1156.5 n=1422
05:53:21 | INFO    |            [multiref] MRR=0.1080 Hit@1=0.0825 Hit@5=0.1143 Hit@10=0.1302 MR=369.8 n=315

RREA:  78%|██████████████████████████████████████████▋            | 310/400 [00:22<00:07, 11.83it/s]
RREA:  78%|███████████████████████████████████████████            | 313/400 [00:22<00:06, 14.00it/s]
RREA:  79%|███████████████████████████████████████████▍           | 316/400 [00:22<00:05, 15.94it/s]
RREA:  80%|███████████████████████████████████████████▊           | 319/400 [00:22<00:04, 17.57it/s]05:53:22 | INFO    | epoch  320/400 | loss=0.0118
05:53:22 | INFO    |            [filtered] MRR=0.0353 Hit@1=0.0239 Hit@5=0.0309 Hit@10=0.0415 MR=1015.8 n=1422
05:53:22 | INFO    |            [multiref] MRR=0.1100 Hit@1=0.0825 Hit@5=0.1143 Hit@10=0.1333 MR=332.4 n=315

RREA:  80%|████████████████████████████████████████████▎          | 322/400 [00:23<00:05, 13.26it/s]
RREA:  81%|████████████████████████████████████████████▋          | 325/400 [00:23<00:04, 15.19it/s]
RREA:  82%|█████████████████████████████████████████████          | 328/400 [00:23<00:04, 16.89it/s]05:53:23 | INFO    | epoch  330/400 | loss=0.0047
05:53:23 | INFO    |            [filtered] MRR=0.0353 Hit@1=0.0239 Hit@5=0.0323 Hit@10=0.0394 MR=1029.7 n=1422
05:53:23 | INFO    |            [multiref] MRR=0.1105 Hit@1=0.0825 Hit@5=0.1143 Hit@10=0.1302 MR=348.2 n=315

RREA:  82%|█████████████████████████████████████████████▍         | 330/400 [00:23<00:05, 12.37it/s]
RREA:  83%|█████████████████████████████████████████████▊         | 333/400 [00:23<00:04, 14.51it/s]
RREA:  84%|██████████████████████████████████████████████▏        | 336/400 [00:24<00:03, 16.39it/s]
RREA:  85%|██████████████████████████████████████████████▌        | 339/400 [00:24<00:03, 17.94it/s]05:53:23 | INFO    | epoch  340/400 | loss=0.0027
05:53:23 | INFO    |            [filtered] MRR=0.0340 Hit@1=0.0239 Hit@5=0.0309 Hit@10=0.0373 MR=896.5 n=1422
05:53:23 | INFO    |            [multiref] MRR=0.1079 Hit@1=0.0825 Hit@5=0.1111 Hit@10=0.1302 MR=301.8 n=315

RREA:  86%|███████████████████████████████████████████████        | 342/400 [00:24<00:04, 13.35it/s]
RREA:  86%|███████████████████████████████████████████████▍       | 345/400 [00:24<00:03, 15.28it/s]
RREA:  87%|███████████████████████████████████████████████▊       | 348/400 [00:24<00:03, 16.97it/s]05:53:24 | INFO    | epoch  350/400 | loss=0.0019
05:53:24 | INFO    |            [filtered] MRR=0.0344 Hit@1=0.0239 Hit@5=0.0323 Hit@10=0.0380 MR=1000.3 n=1422
05:53:24 | INFO    |            [multiref] MRR=0.1082 Hit@1=0.0825 Hit@5=0.1143 Hit@10=0.1302 MR=346.5 n=315

RREA:  88%|████████████████████████████████████████████████▏      | 350/400 [00:25<00:04, 12.49it/s]
RREA:  88%|████████████████████████████████████████████████▌      | 353/400 [00:25<00:03, 14.62it/s]
RREA:  89%|████████████████████████████████████████████████▉      | 356/400 [00:25<00:02, 16.44it/s]
RREA:  90%|█████████████████████████████████████████████████▎     | 359/400 [00:25<00:02, 18.00it/s]05:53:25 | INFO    | epoch  360/400 | loss=0.0034
05:53:25 | INFO    |            [filtered] MRR=0.0346 Hit@1=0.0232 Hit@5=0.0338 Hit@10=0.0394 MR=1079.0 n=1422
05:53:25 | INFO    |            [multiref] MRR=0.1092 Hit@1=0.0794 Hit@5=0.1206 Hit@10=0.1365 MR=362.9 n=315

RREA:  90%|█████████████████████████████████████████████████▊     | 362/400 [00:25<00:02, 13.25it/s]
RREA:  91%|██████████████████████████████████████████████████▏    | 365/400 [00:26<00:02, 15.18it/s]
RREA:  92%|██████████████████████████████████████████████████▌    | 368/400 [00:26<00:01, 16.88it/s]05:53:25 | INFO    | epoch  370/400 | loss=0.0049
05:53:25 | INFO    |            [filtered] MRR=0.0368 Hit@1=0.0246 Hit@5=0.0366 Hit@10=0.0471 MR=1062.7 n=1422
05:53:25 | INFO    |            [multiref] MRR=0.1155 Hit@1=0.0857 Hit@5=0.1302 Hit@10=0.1460 MR=383.6 n=315
05:53:26 | INFO    |            -> new best filtered MRR=0.0368 (saved model_best.pt)

RREA:  92%|██████████████████████████████████████████████████▉    | 370/400 [00:26<00:02, 10.75it/s]
RREA:  93%|███████████████████████████████████████████████████▎   | 373/400 [00:26<00:02, 12.96it/s]
RREA:  94%|███████████████████████████████████████████████████▋   | 376/400 [00:26<00:01, 15.00it/s]
RREA:  95%|████████████████████████████████████████████████████   | 379/400 [00:26<00:01, 16.78it/s]05:53:26 | INFO    | epoch  380/400 | loss=0.0096
05:53:26 | INFO    |            [filtered] MRR=0.0373 Hit@1=0.0246 Hit@5=0.0422 Hit@10=0.0471 MR=968.4 n=1422
05:53:26 | INFO    |            [multiref] MRR=0.1161 Hit@1=0.0857 Hit@5=0.1333 Hit@10=0.1460 MR=377.3 n=315
05:53:26 | INFO    |            -> new best filtered MRR=0.0373 (saved model_best.pt)

RREA:  96%|████████████████████████████████████████████████████▌  | 382/400 [00:27<00:01, 11.14it/s]
RREA:  96%|████████████████████████████████████████████████████▉  | 385/400 [00:27<00:01, 13.20it/s]
RREA:  97%|█████████████████████████████████████████████████████▎ | 388/400 [00:27<00:00, 15.12it/s]05:53:27 | INFO    | epoch  390/400 | loss=0.0080
05:53:27 | INFO    |            [filtered] MRR=0.0371 Hit@1=0.0232 Hit@5=0.0422 Hit@10=0.0485 MR=952.0 n=1422
05:53:27 | INFO    |            [multiref] MRR=0.1132 Hit@1=0.0794 Hit@5=0.1365 Hit@10=0.1460 MR=359.1 n=315

RREA:  98%|█████████████████████████████████████████████████████▋ | 390/400 [00:28<00:00, 11.54it/s]
RREA:  98%|██████████████████████████████████████████████████████ | 393/400 [00:28<00:00, 13.73it/s]
RREA:  99%|██████████████████████████████████████████████████████▍| 396/400 [00:28<00:00, 15.70it/s]
RREA: 100%|██████████████████████████████████████████████████████▊| 399/400 [00:28<00:00, 17.37it/s]05:53:28 | INFO    | epoch  400/400 | loss=0.0130
05:53:28 | INFO    |            [filtered] MRR=0.0405 Hit@1=0.0239 Hit@5=0.0485 Hit@10=0.0598 MR=990.5 n=1422
05:53:28 | INFO    |            [multiref] MRR=0.1192 Hit@1=0.0825 Hit@5=0.1397 Hit@10=0.1556 MR=353.3 n=315
05:53:28 | INFO    |            -> new best filtered MRR=0.0405 (saved model_best.pt)

RREA: 100%|███████████████████████████████████████████████████████| 400/400 [00:28<00:00, 13.88it/s]
05:53:29 | INFO    | Done in 0.5 min. Best filtered MRR=0.0405 @ epoch 400.
05:53:29 | INFO    | Final evaluation on the test split, read once
05:53:29 | INFO    |   [cosine] filtMRR=0.0136 H@1=0.0008 H@10=0.0188 n=12578 | mrefMRR=0.0511 H@1=0.0123
05:53:30 | INFO    |   [  csls] filtMRR=0.0086 H@1=0.0003 H@10=0.0075 n=12578 | mrefMRR=0.0442 H@1=0.0049
05:53:31 | INFO    |   [cosine] F1=0.0710 P=0.0533 R=0.1059 (threshold 0.878 from validation, validation F1=0.1062)
05:53:31 | INFO    | Wrote experiments/rrea_relatedMatch_20260929-055256/result.json
05:53:31 | INFO    | Finished. Best validation MRR=0.0405 @ epoch 400.
