05:42:11 | INFO    | Model: alinet | seed 2026 | device: cuda:0
05:42:11 | INFO    | Regime broadMatch/onco | graph: 84,182 nodes, 131,238 triples, 50,435 UCPGx candidates
05:42:11 | INFO    |   broadMatch/pgx   train=  3,744 test=  8,599 (70%) queries= 6,866 by cluster    leakage=0.00%
05:42:11 | INFO    |   closeMatch       train=  2,738 test=  6,296 (70%) queries= 1,490 by cluster    leakage=0.00%
05:42:11 | INFO    |   sameAs           train= 19,942 test= 46,531 (70%) queries=10,883 by cluster    leakage=0.00%
05:42:11 | INFO    |   broadMatch/onco  train= 25,039 test= 47,737 (66%) queries= 2,032 intra-cluster leakage=0.00%
05:42:11 | INFO    |   relatedMatch     train=  2,801 test=  6,289 (69%) queries=   812 intra-cluster leakage=0.00%
05:42:11 | INFO    |   related          train=471,647 test=762,046 (62%) queries=16,977 intra-cluster leakage=0.00%
05:42:12 | INFO    | Data: {'num_entities': 84182, 'num_relations': 13, 'triples': 131238, 'train_pairs': 18624, 'val_pairs': 6415, 'candidates': 50435, 'unlabeled_pool': 47179}
code/src/data.py:154: UserWarning: Sparse invariant checks are implicitly disabled. Memory errors (e.g. SEGFAULT) will occur when operating on a sparse tensor which violates the invariants, but checks incur performance overhead. To silence this warning, explicitly opt in or out. See `torch.sparse.check_sparse_tensor_invariants.__doc__` for guidance.  (Triggered internally at /__w/pytorch/pytorch/aten/src/ATen/Context.cpp:848.)
  adj1 = torch.sparse_coo_tensor(
05:42:14 | INFO    | Params: 25.80M
05:42:14 | INFO    | Run directory: experiments/alinet_broadMatch-onco_20260929-054211
05:42:14 | INFO    | AliNet | device=cuda:0 | {'num_entities': 84182, 'num_relations': 13, 'triples': 131238, 'train_pairs': 18624, 'val_pairs': 6415, 'candidates': 50435, 'unlabeled_pool': 47179} 2hop_edges=803225

AliNet:   0%|                                                              | 0/1200 [00:00<?, ?it/s]code/src/models/alinet.py:22: UserWarning: index_reduce() is in beta and the API may change at any time. (Triggered internally at /__w/pytorch/pytorch/aten/src/ATen/native/cuda/Indexing.cu:1512.)
  mx = scores.new_full((n,), float("-inf")).index_reduce_(0, index, scores, "amax", include_self=True)

AliNet:   0%|                                                      | 1/1200 [00:00<06:58,  2.87it/s]
AliNet:   0%|▏                                                     | 3/1200 [00:00<02:54,  6.87it/s]
AliNet:   0%|▏                                                     | 5/1200 [00:00<02:10,  9.16it/s]
AliNet:   1%|▎                                                     | 7/1200 [00:00<01:52, 10.57it/s]
AliNet:   1%|▍                                                     | 9/1200 [00:00<01:43, 11.47it/s]
AliNet:   1%|▍                                                    | 11/1200 [00:01<01:38, 12.07it/s]
AliNet:   1%|▌                                                    | 13/1200 [00:01<01:35, 12.45it/s]
AliNet:   1%|▋                                                    | 15/1200 [00:01<01:33, 12.62it/s]
AliNet:   1%|▊                                                    | 17/1200 [00:01<01:32, 12.79it/s]
AliNet:   2%|▊                                                    | 19/1200 [00:01<01:31, 12.97it/s]
AliNet:   2%|▉                                                    | 21/1200 [00:01<01:29, 13.10it/s]
AliNet:   2%|█                                                    | 23/1200 [00:01<01:29, 13.20it/s]05:42:16 | INFO    | epoch   25/1200 | loss=0.3809 align=0.0739 rel=0.3070
05:42:17 | INFO    |            [filtered] MRR=0.0426 Hit@1=0.0229 Hit@5=0.0547 Hit@10=0.0737 MR=884.8 n=6415
05:42:17 | INFO    |            [multiref] MRR=0.2923 Hit@1=0.1827 Hit@5=0.4197 Hit@10=0.5040 MR=369.1 n=498
05:42:17 | INFO    |            -> new best filtered MRR=0.0426 (saved model_best.pt)

AliNet:   2%|█                                                    | 25/1200 [00:02<03:26,  5.70it/s]
AliNet:   2%|█▏                                                   | 27/1200 [00:02<02:49,  6.90it/s]
AliNet:   2%|█▎                                                   | 29/1200 [00:03<02:24,  8.09it/s]
AliNet:   3%|█▎                                                   | 31/1200 [00:03<02:07,  9.19it/s]
AliNet:   3%|█▍                                                   | 33/1200 [00:03<01:54, 10.15it/s]
AliNet:   3%|█▌                                                   | 35/1200 [00:03<01:46, 10.94it/s]
AliNet:   3%|█▋                                                   | 37/1200 [00:03<01:40, 11.59it/s]
AliNet:   3%|█▋                                                   | 39/1200 [00:03<01:36, 12.01it/s]
AliNet:   3%|█▊                                                   | 41/1200 [00:04<01:33, 12.37it/s]
AliNet:   4%|█▉                                                   | 43/1200 [00:04<01:31, 12.63it/s]
AliNet:   4%|█▉                                                   | 45/1200 [00:04<01:29, 12.83it/s]
AliNet:   4%|██                                                   | 47/1200 [00:04<01:28, 12.99it/s]
AliNet:   4%|██▏                                                  | 49/1200 [00:04<01:27, 13.09it/s]05:42:19 | INFO    | epoch   50/1200 | loss=0.1931 align=0.0422 rel=0.1510
05:42:19 | INFO    |            [filtered] MRR=0.0483 Hit@1=0.0302 Hit@5=0.0574 Hit@10=0.0786 MR=701.1 n=6415
05:42:19 | INFO    |            [multiref] MRR=0.2891 Hit@1=0.2068 Hit@5=0.3554 Hit@10=0.4639 MR=297.9 n=498
05:42:19 | INFO    |            -> new best filtered MRR=0.0483 (saved model_best.pt)

AliNet:   4%|██▎                                                  | 51/1200 [00:05<03:20,  5.72it/s]
AliNet:   4%|██▎                                                  | 53/1200 [00:05<02:46,  6.91it/s]
AliNet:   5%|██▍                                                  | 55/1200 [00:05<02:21,  8.08it/s]
AliNet:   5%|██▌                                                  | 57/1200 [00:05<02:04,  9.18it/s]
AliNet:   5%|██▌                                                  | 59/1200 [00:06<01:52, 10.13it/s]
AliNet:   5%|██▋                                                  | 61/1200 [00:06<01:44, 10.94it/s]
AliNet:   5%|██▊                                                  | 63/1200 [00:06<01:38, 11.52it/s]
AliNet:   5%|██▊                                                  | 65/1200 [00:06<01:34, 12.01it/s]
AliNet:   6%|██▉                                                  | 67/1200 [00:06<01:31, 12.35it/s]
AliNet:   6%|███                                                  | 69/1200 [00:06<01:29, 12.65it/s]
AliNet:   6%|███▏                                                 | 71/1200 [00:06<01:27, 12.84it/s]
AliNet:   6%|███▏                                                 | 73/1200 [00:07<01:26, 12.99it/s]05:42:21 | INFO    | epoch   75/1200 | loss=0.1237 align=0.0311 rel=0.0925
05:42:22 | INFO    |            [filtered] MRR=0.0487 Hit@1=0.0277 Hit@5=0.0572 Hit@10=0.0770 MR=429.0 n=6415
05:42:22 | INFO    |            [multiref] MRR=0.2550 Hit@1=0.1747 Hit@5=0.3213 Hit@10=0.4096 MR=193.1 n=498
05:42:22 | INFO    |            -> new best filtered MRR=0.0487 (saved model_best.pt)

AliNet:   6%|███▎                                                 | 75/1200 [00:07<03:16,  5.72it/s]
AliNet:   6%|███▍                                                 | 77/1200 [00:08<02:42,  6.92it/s]
AliNet:   7%|███▍                                                 | 79/1200 [00:08<02:18,  8.10it/s]
AliNet:   7%|███▌                                                 | 81/1200 [00:08<02:01,  9.19it/s]
AliNet:   7%|███▋                                                 | 83/1200 [00:08<01:50, 10.15it/s]
AliNet:   7%|███▊                                                 | 85/1200 [00:08<01:41, 10.95it/s]
AliNet:   7%|███▊                                                 | 87/1200 [00:08<01:36, 11.59it/s]
AliNet:   7%|███▉                                                 | 89/1200 [00:08<01:32, 12.01it/s]
AliNet:   8%|████                                                 | 91/1200 [00:09<01:29, 12.39it/s]
AliNet:   8%|████                                                 | 93/1200 [00:09<01:27, 12.64it/s]
AliNet:   8%|████▏                                                | 95/1200 [00:09<01:25, 12.87it/s]
AliNet:   8%|████▎                                                | 97/1200 [00:09<01:24, 13.01it/s]
AliNet:   8%|████▎                                                | 99/1200 [00:09<01:23, 13.13it/s]05:42:24 | INFO    | epoch  100/1200 | loss=0.0882 align=0.0229 rel=0.0653
05:42:24 | INFO    |            [filtered] MRR=0.0465 Hit@1=0.0249 Hit@5=0.0566 Hit@10=0.0728 MR=361.5 n=6415
05:42:24 | INFO    |            [multiref] MRR=0.2382 Hit@1=0.1486 Hit@5=0.3253 Hit@10=0.4016 MR=122.3 n=498

AliNet:   8%|████▍                                               | 101/1200 [00:10<02:34,  7.13it/s]
AliNet:   9%|████▍                                               | 103/1200 [00:10<02:12,  8.30it/s]
AliNet:   9%|████▌                                               | 105/1200 [00:10<01:56,  9.37it/s]
AliNet:   9%|████▋                                               | 107/1200 [00:10<01:46, 10.30it/s]
AliNet:   9%|████▋                                               | 109/1200 [00:10<01:38, 11.07it/s]
AliNet:   9%|████▊                                               | 111/1200 [00:10<01:33, 11.69it/s]
AliNet:   9%|████▉                                               | 113/1200 [00:11<01:29, 12.12it/s]
AliNet:  10%|████▉                                               | 115/1200 [00:11<01:27, 12.41it/s]
AliNet:  10%|█████                                               | 117/1200 [00:11<01:25, 12.69it/s]
AliNet:  10%|█████▏                                              | 119/1200 [00:11<01:23, 12.89it/s]
AliNet:  10%|█████▏                                              | 121/1200 [00:11<01:22, 13.04it/s]
AliNet:  10%|█████▎                                              | 123/1200 [00:11<01:22, 13.12it/s]05:42:26 | INFO    | epoch  125/1200 | loss=0.0719 align=0.0192 rel=0.0527
05:42:26 | INFO    |            [filtered] MRR=0.0480 Hit@1=0.0243 Hit@5=0.0571 Hit@10=0.0772 MR=310.1 n=6415
05:42:26 | INFO    |            [multiref] MRR=0.2472 Hit@1=0.1627 Hit@5=0.3092 Hit@10=0.4217 MR=86.8 n=498

AliNet:  10%|█████▍                                              | 125/1200 [00:12<02:32,  7.06it/s]
AliNet:  11%|█████▌                                              | 127/1200 [00:12<02:10,  8.24it/s]
AliNet:  11%|█████▌                                              | 129/1200 [00:12<01:54,  9.32it/s]
AliNet:  11%|█████▋                                              | 131/1200 [00:12<01:44, 10.26it/s]
AliNet:  11%|█████▊                                              | 133/1200 [00:13<01:36, 11.04it/s]
AliNet:  11%|█████▊                                              | 135/1200 [00:13<01:31, 11.67it/s]
AliNet:  11%|█████▉                                              | 137/1200 [00:13<01:27, 12.14it/s]
AliNet:  12%|██████                                              | 139/1200 [00:13<01:25, 12.41it/s]
AliNet:  12%|██████                                              | 141/1200 [00:13<01:23, 12.62it/s]
AliNet:  12%|██████▏                                             | 143/1200 [00:13<01:22, 12.82it/s]
AliNet:  12%|██████▎                                             | 145/1200 [00:13<01:21, 13.00it/s]
AliNet:  12%|██████▎                                             | 147/1200 [00:14<01:20, 13.12it/s]
AliNet:  12%|██████▍                                             | 149/1200 [00:14<01:19, 13.20it/s]05:42:28 | INFO    | epoch  150/1200 | loss=0.0607 align=0.0161 rel=0.0446
05:42:29 | INFO    |            [filtered] MRR=0.0499 Hit@1=0.0228 Hit@5=0.0603 Hit@10=0.0832 MR=293.7 n=6415
05:42:29 | INFO    |            [multiref] MRR=0.2515 Hit@1=0.1526 Hit@5=0.3293 Hit@10=0.4297 MR=74.0 n=498
05:42:29 | INFO    |            -> new best filtered MRR=0.0499 (saved model_best.pt)

AliNet:  13%|██████▌                                             | 151/1200 [00:15<03:01,  5.77it/s]
AliNet:  13%|██████▋                                             | 153/1200 [00:15<02:30,  6.97it/s]
AliNet:  13%|██████▋                                             | 155/1200 [00:15<02:08,  8.14it/s]
AliNet:  13%|██████▊                                             | 157/1200 [00:15<01:52,  9.24it/s]
AliNet:  13%|██████▉                                             | 159/1200 [00:15<01:42, 10.18it/s]
AliNet:  13%|██████▉                                             | 161/1200 [00:15<01:34, 10.98it/s]
AliNet:  14%|███████                                             | 163/1200 [00:15<01:29, 11.58it/s]
AliNet:  14%|███████▏                                            | 165/1200 [00:16<01:25, 12.05it/s]
AliNet:  14%|███████▏                                            | 167/1200 [00:16<01:23, 12.39it/s]
AliNet:  14%|███████▎                                            | 169/1200 [00:16<01:21, 12.67it/s]
AliNet:  14%|███████▍                                            | 171/1200 [00:16<01:19, 12.86it/s]
AliNet:  14%|███████▍                                            | 173/1200 [00:16<01:18, 13.03it/s]05:42:31 | INFO    | epoch  175/1200 | loss=0.0545 align=0.0135 rel=0.0411
05:42:31 | INFO    |            [filtered] MRR=0.0531 Hit@1=0.0246 Hit@5=0.0652 Hit@10=0.0898 MR=307.0 n=6415
05:42:31 | INFO    |            [multiref] MRR=0.2597 Hit@1=0.1526 Hit@5=0.3635 Hit@10=0.4538 MR=62.5 n=498
05:42:32 | INFO    |            -> new best filtered MRR=0.0531 (saved model_best.pt)

AliNet:  15%|███████▌                                            | 175/1200 [00:17<03:00,  5.69it/s]
AliNet:  15%|███████▋                                            | 177/1200 [00:17<02:28,  6.89it/s]
AliNet:  15%|███████▊                                            | 179/1200 [00:17<02:06,  8.06it/s]
AliNet:  15%|███████▊                                            | 181/1200 [00:17<01:51,  9.16it/s]
AliNet:  15%|███████▉                                            | 183/1200 [00:18<01:40, 10.12it/s]
AliNet:  15%|████████                                            | 185/1200 [00:18<01:32, 10.93it/s]
AliNet:  16%|████████                                            | 187/1200 [00:18<01:27, 11.57it/s]
AliNet:  16%|████████▏                                           | 189/1200 [00:18<01:24, 12.00it/s]
AliNet:  16%|████████▎                                           | 191/1200 [00:18<01:21, 12.36it/s]
AliNet:  16%|████████▎                                           | 193/1200 [00:18<01:19, 12.65it/s]
AliNet:  16%|████████▍                                           | 195/1200 [00:19<01:18, 12.82it/s]
AliNet:  16%|████████▌                                           | 197/1200 [00:19<01:17, 12.99it/s]
AliNet:  17%|████████▌                                           | 199/1200 [00:19<01:16, 13.10it/s]05:42:33 | INFO    | epoch  200/1200 | loss=0.0475 align=0.0120 rel=0.0355
05:42:34 | INFO    |            [filtered] MRR=0.0542 Hit@1=0.0251 Hit@5=0.0666 Hit@10=0.0923 MR=337.1 n=6415
05:42:34 | INFO    |            [multiref] MRR=0.2558 Hit@1=0.1446 Hit@5=0.3675 Hit@10=0.4799 MR=56.0 n=498
05:42:34 | INFO    |            -> new best filtered MRR=0.0542 (saved model_best.pt)

AliNet:  17%|████████▋                                           | 201/1200 [00:20<02:53,  5.75it/s]
AliNet:  17%|████████▊                                           | 203/1200 [00:20<02:23,  6.94it/s]
AliNet:  17%|████████▉                                           | 205/1200 [00:20<02:02,  8.11it/s]
AliNet:  17%|████████▉                                           | 207/1200 [00:20<01:47,  9.21it/s]
AliNet:  17%|█████████                                           | 209/1200 [00:20<01:37, 10.15it/s]
AliNet:  18%|█████████▏                                          | 211/1200 [00:20<01:30, 10.96it/s]
AliNet:  18%|█████████▏                                          | 213/1200 [00:21<01:25, 11.59it/s]
AliNet:  18%|█████████▎                                          | 215/1200 [00:21<01:21, 12.03it/s]
AliNet:  18%|█████████▍                                          | 217/1200 [00:21<01:19, 12.42it/s]
AliNet:  18%|█████████▍                                          | 219/1200 [00:21<01:17, 12.68it/s]
AliNet:  18%|█████████▌                                          | 221/1200 [00:21<01:16, 12.88it/s]
AliNet:  19%|█████████▋                                          | 223/1200 [00:21<01:15, 13.02it/s]05:42:36 | INFO    | epoch  225/1200 | loss=0.0453 align=0.0107 rel=0.0345
05:42:36 | INFO    |            [filtered] MRR=0.0539 Hit@1=0.0248 Hit@5=0.0683 Hit@10=0.0912 MR=400.4 n=6415
05:42:36 | INFO    |            [multiref] MRR=0.2462 Hit@1=0.1305 Hit@5=0.3514 Hit@10=0.4518 MR=56.3 n=498

AliNet:  19%|█████████▊                                          | 225/1200 [00:22<02:16,  7.12it/s]
AliNet:  19%|█████████▊                                          | 227/1200 [00:22<01:57,  8.30it/s]
AliNet:  19%|█████████▉                                          | 229/1200 [00:22<01:43,  9.37it/s]
AliNet:  19%|██████████                                          | 231/1200 [00:22<01:33, 10.31it/s]
AliNet:  19%|██████████                                          | 233/1200 [00:22<01:27, 11.08it/s]
AliNet:  20%|██████████▏                                         | 235/1200 [00:23<01:22, 11.69it/s]
AliNet:  20%|██████████▎                                         | 237/1200 [00:23<01:19, 12.16it/s]
AliNet:  20%|██████████▎                                         | 239/1200 [00:23<01:17, 12.43it/s]
AliNet:  20%|██████████▍                                         | 241/1200 [00:23<01:15, 12.69it/s]
AliNet:  20%|██████████▌                                         | 243/1200 [00:23<01:14, 12.88it/s]
AliNet:  20%|██████████▌                                         | 245/1200 [00:23<01:13, 13.02it/s]
AliNet:  21%|██████████▋                                         | 247/1200 [00:23<01:12, 13.13it/s]
AliNet:  21%|██████████▊                                         | 249/1200 [00:24<01:12, 13.19it/s]05:42:38 | INFO    | epoch  250/1200 | loss=0.0419 align=0.0091 rel=0.0328
05:42:39 | INFO    |            [filtered] MRR=0.0526 Hit@1=0.0237 Hit@5=0.0641 Hit@10=0.0865 MR=498.4 n=6415
05:42:39 | INFO    |            [multiref] MRR=0.2515 Hit@1=0.1426 Hit@5=0.3313 Hit@10=0.4679 MR=58.3 n=498

AliNet:  21%|██████████▉                                         | 251/1200 [00:24<02:12,  7.18it/s]
AliNet:  21%|██████████▉                                         | 253/1200 [00:24<01:53,  8.35it/s]
AliNet:  21%|███████████                                         | 255/1200 [00:25<01:40,  9.42it/s]
AliNet:  21%|███████████▏                                        | 257/1200 [00:25<01:31, 10.34it/s]
AliNet:  22%|███████████▏                                        | 259/1200 [00:25<01:24, 11.11it/s]
AliNet:  22%|███████████▎                                        | 261/1200 [00:25<01:20, 11.71it/s]
AliNet:  22%|███████████▍                                        | 263/1200 [00:25<01:17, 12.12it/s]
AliNet:  22%|███████████▍                                        | 265/1200 [00:25<01:15, 12.42it/s]
AliNet:  22%|███████████▌                                        | 267/1200 [00:25<01:13, 12.69it/s]
AliNet:  22%|███████████▋                                        | 269/1200 [00:26<01:12, 12.87it/s]
AliNet:  23%|███████████▋                                        | 271/1200 [00:26<01:11, 13.02it/s]
AliNet:  23%|███████████▊                                        | 273/1200 [00:26<01:10, 13.13it/s]05:42:41 | INFO    | epoch  275/1200 | loss=0.0383 align=0.0083 rel=0.0301
05:42:41 | INFO    |            [filtered] MRR=0.0521 Hit@1=0.0240 Hit@5=0.0641 Hit@10=0.0859 MR=589.8 n=6415
05:42:41 | INFO    |            [multiref] MRR=0.2427 Hit@1=0.1325 Hit@5=0.3414 Hit@10=0.4398 MR=73.8 n=498

AliNet:  23%|███████████▉                                        | 275/1200 [00:27<03:04,  5.02it/s]
AliNet:  23%|████████████                                        | 277/1200 [00:27<02:29,  6.18it/s]
AliNet:  23%|████████████                                        | 279/1200 [00:27<02:04,  7.38it/s]
AliNet:  23%|████████████▏                                       | 281/1200 [00:27<01:47,  8.53it/s]
AliNet:  24%|████████████▎                                       | 283/1200 [00:27<01:35,  9.57it/s]
AliNet:  24%|████████████▎                                       | 285/1200 [00:28<01:27, 10.47it/s]
AliNet:  24%|████████████▍                                       | 287/1200 [00:28<01:21, 11.20it/s]
AliNet:  24%|████████████▌                                       | 289/1200 [00:28<01:17, 11.72it/s]
AliNet:  24%|████████████▌                                       | 291/1200 [00:28<01:14, 12.15it/s]
AliNet:  24%|████████████▋                                       | 293/1200 [00:28<01:12, 12.45it/s]
AliNet:  25%|████████████▊                                       | 295/1200 [00:28<01:11, 12.72it/s]
AliNet:  25%|████████████▊                                       | 297/1200 [00:28<01:10, 12.90it/s]
AliNet:  25%|████████████▉                                       | 299/1200 [00:29<01:09, 13.04it/s]05:42:43 | INFO    | epoch  300/1200 | loss=0.0370 align=0.0076 rel=0.0294
05:42:44 | INFO    |            [filtered] MRR=0.0511 Hit@1=0.0245 Hit@5=0.0588 Hit@10=0.0857 MR=689.5 n=6415
05:42:44 | INFO    |            [multiref] MRR=0.2362 Hit@1=0.1325 Hit@5=0.3112 Hit@10=0.4197 MR=83.8 n=498

AliNet:  25%|█████████████                                       | 301/1200 [00:29<02:05,  7.15it/s]
AliNet:  25%|█████████████▏                                      | 303/1200 [00:29<01:47,  8.32it/s]
AliNet:  25%|█████████████▏                                      | 305/1200 [00:30<01:35,  9.39it/s]
AliNet:  26%|█████████████▎                                      | 307/1200 [00:30<01:26, 10.32it/s]
AliNet:  26%|█████████████▍                                      | 309/1200 [00:30<01:20, 11.09it/s]
AliNet:  26%|█████████████▍                                      | 311/1200 [00:30<01:15, 11.70it/s]
AliNet:  26%|█████████████▌                                      | 313/1200 [00:30<01:13, 12.09it/s]
AliNet:  26%|█████████████▋                                      | 315/1200 [00:30<01:11, 12.33it/s]
AliNet:  26%|█████████████▋                                      | 317/1200 [00:30<01:09, 12.63it/s]
AliNet:  27%|█████████████▊                                      | 319/1200 [00:31<01:08, 12.85it/s]
AliNet:  27%|█████████████▉                                      | 321/1200 [00:31<01:07, 12.97it/s]
AliNet:  27%|█████████████▉                                      | 323/1200 [00:31<01:06, 13.10it/s]05:42:46 | INFO    | epoch  325/1200 | loss=0.0355 align=0.0074 rel=0.0281
05:42:46 | INFO    |            [filtered] MRR=0.0514 Hit@1=0.0268 Hit@5=0.0567 Hit@10=0.0806 MR=815.6 n=6415
05:42:46 | INFO    |            [multiref] MRR=0.2337 Hit@1=0.1386 Hit@5=0.3092 Hit@10=0.4076 MR=98.9 n=498

AliNet:  27%|██████████████                                      | 325/1200 [00:31<02:03,  7.11it/s]
AliNet:  27%|██████████████▏                                     | 327/1200 [00:32<01:45,  8.29it/s]
AliNet:  27%|██████████████▎                                     | 329/1200 [00:32<01:33,  9.36it/s]
AliNet:  28%|██████████████▎                                     | 331/1200 [00:32<01:24, 10.29it/s]
AliNet:  28%|██████████████▍                                     | 333/1200 [00:32<01:18, 11.07it/s]
AliNet:  28%|██████████████▌                                     | 335/1200 [00:32<01:14, 11.67it/s]
AliNet:  28%|██████████████▌                                     | 337/1200 [00:32<01:11, 12.15it/s]
AliNet:  28%|██████████████▋                                     | 339/1200 [00:32<01:09, 12.36it/s]
AliNet:  28%|██████████████▊                                     | 341/1200 [00:33<01:07, 12.65it/s]
AliNet:  29%|██████████████▊                                     | 343/1200 [00:33<01:06, 12.82it/s]
AliNet:  29%|██████████████▉                                     | 345/1200 [00:33<01:05, 12.99it/s]
AliNet:  29%|███████████████                                     | 347/1200 [00:33<01:05, 13.08it/s]
AliNet:  29%|███████████████                                     | 349/1200 [00:33<01:04, 13.18it/s]05:42:48 | INFO    | epoch  350/1200 | loss=0.0330 align=0.0067 rel=0.0263
05:42:48 | INFO    |            [filtered] MRR=0.0511 Hit@1=0.0274 Hit@5=0.0555 Hit@10=0.0772 MR=887.9 n=6415
05:42:48 | INFO    |            [multiref] MRR=0.2302 Hit@1=0.1365 Hit@5=0.3032 Hit@10=0.3896 MR=113.4 n=498

AliNet:  29%|███████████████▏                                    | 351/1200 [00:34<01:59,  7.08it/s]
AliNet:  29%|███████████████▎                                    | 353/1200 [00:34<01:42,  8.26it/s]
AliNet:  30%|███████████████▍                                    | 355/1200 [00:34<01:30,  9.32it/s]
AliNet:  30%|███████████████▍                                    | 357/1200 [00:34<01:22, 10.26it/s]
AliNet:  30%|███████████████▌                                    | 359/1200 [00:34<01:16, 11.04it/s]
AliNet:  30%|███████████████▋                                    | 361/1200 [00:35<01:11, 11.65it/s]
AliNet:  30%|███████████████▋                                    | 363/1200 [00:35<01:09, 12.10it/s]
AliNet:  30%|███████████████▊                                    | 365/1200 [00:35<01:07, 12.42it/s]
AliNet:  31%|███████████████▉                                    | 367/1200 [00:35<01:06, 12.60it/s]
AliNet:  31%|███████████████▉                                    | 369/1200 [00:35<01:04, 12.83it/s]
AliNet:  31%|████████████████                                    | 371/1200 [00:35<01:03, 12.96it/s]
AliNet:  31%|████████████████▏                                   | 373/1200 [00:35<01:03, 13.10it/s]05:42:50 | INFO    | epoch  375/1200 | loss=0.0324 align=0.0062 rel=0.0262
05:42:50 | INFO    |            [filtered] MRR=0.0516 Hit@1=0.0288 Hit@5=0.0544 Hit@10=0.0761 MR=912.4 n=6415
05:42:50 | INFO    |            [multiref] MRR=0.2297 Hit@1=0.1406 Hit@5=0.2912 Hit@10=0.3916 MR=108.1 n=498

AliNet:  31%|████████████████▎                                   | 375/1200 [00:36<01:55,  7.13it/s]
AliNet:  31%|████████████████▎                                   | 377/1200 [00:36<01:39,  8.31it/s]
AliNet:  32%|████████████████▍                                   | 379/1200 [00:36<01:27,  9.38it/s]
AliNet:  32%|████████████████▌                                   | 381/1200 [00:37<01:19, 10.31it/s]
AliNet:  32%|████████████████▌                                   | 383/1200 [00:37<01:13, 11.07it/s]
AliNet:  32%|████████████████▋                                   | 385/1200 [00:37<01:09, 11.69it/s]
AliNet:  32%|████████████████▊                                   | 387/1200 [00:37<01:07, 12.13it/s]
AliNet:  32%|████████████████▊                                   | 389/1200 [00:37<01:05, 12.44it/s]
AliNet:  33%|████████████████▉                                   | 391/1200 [00:37<01:03, 12.64it/s]
AliNet:  33%|█████████████████                                   | 393/1200 [00:37<01:02, 12.84it/s]
AliNet:  33%|█████████████████                                   | 395/1200 [00:38<01:02, 12.98it/s]
AliNet:  33%|█████████████████▏                                  | 397/1200 [00:38<01:01, 13.10it/s]
AliNet:  33%|█████████████████▎                                  | 399/1200 [00:38<01:00, 13.17it/s]05:42:53 | INFO    | epoch  400/1200 | loss=0.0318 align=0.0062 rel=0.0256
05:42:53 | INFO    |            [filtered] MRR=0.0529 Hit@1=0.0296 Hit@5=0.0560 Hit@10=0.0761 MR=970.2 n=6415
05:42:53 | INFO    |            [multiref] MRR=0.2354 Hit@1=0.1426 Hit@5=0.3012 Hit@10=0.4016 MR=101.2 n=498

AliNet:  33%|█████████████████▍                                  | 401/1200 [00:38<01:52,  7.07it/s]
AliNet:  34%|█████████████████▍                                  | 403/1200 [00:39<01:36,  8.24it/s]
AliNet:  34%|█████████████████▌                                  | 405/1200 [00:39<01:25,  9.32it/s]
AliNet:  34%|█████████████████▋                                  | 407/1200 [00:39<01:17, 10.25it/s]
AliNet:  34%|█████████████████▋                                  | 409/1200 [00:39<01:11, 11.03it/s]
AliNet:  34%|█████████████████▊                                  | 411/1200 [00:39<01:07, 11.65it/s]
AliNet:  34%|█████████████████▉                                  | 413/1200 [00:39<01:05, 12.06it/s]
AliNet:  35%|█████████████████▉                                  | 415/1200 [00:39<01:03, 12.37it/s]
AliNet:  35%|██████████████████                                  | 417/1200 [00:40<01:01, 12.64it/s]
AliNet:  35%|██████████████████▏                                 | 419/1200 [00:40<01:00, 12.82it/s]
AliNet:  35%|██████████████████▏                                 | 421/1200 [00:40<00:59, 12.99it/s]
AliNet:  35%|██████████████████▎                                 | 423/1200 [00:40<00:59, 13.08it/s]05:42:55 | INFO    | epoch  425/1200 | loss=0.0295 align=0.0054 rel=0.0241
05:42:55 | INFO    |            [filtered] MRR=0.0529 Hit@1=0.0293 Hit@5=0.0574 Hit@10=0.0772 MR=1030.6 n=6415
05:42:55 | INFO    |            [multiref] MRR=0.2377 Hit@1=0.1406 Hit@5=0.2972 Hit@10=0.4076 MR=105.0 n=498

AliNet:  35%|██████████████████▍                                 | 425/1200 [00:41<01:49,  7.07it/s]
AliNet:  36%|██████████████████▌                                 | 427/1200 [00:41<01:33,  8.25it/s]
AliNet:  36%|██████████████████▌                                 | 429/1200 [00:41<01:22,  9.33it/s]
AliNet:  36%|██████████████████▋                                 | 431/1200 [00:41<01:14, 10.26it/s]
AliNet:  36%|██████████████████▊                                 | 433/1200 [00:41<01:09, 11.04it/s]
AliNet:  36%|██████████████████▊                                 | 435/1200 [00:41<01:05, 11.66it/s]
AliNet:  36%|██████████████████▉                                 | 437/1200 [00:42<01:02, 12.13it/s]
AliNet:  37%|███████████████████                                 | 439/1200 [00:42<01:01, 12.33it/s]
AliNet:  37%|███████████████████                                 | 441/1200 [00:42<01:00, 12.64it/s]
AliNet:  37%|███████████████████▏                                | 443/1200 [00:42<00:59, 12.79it/s]
AliNet:  37%|███████████████████▎                                | 445/1200 [00:42<00:58, 12.97it/s]
AliNet:  37%|███████████████████▎                                | 447/1200 [00:42<00:57, 13.06it/s]
AliNet:  37%|███████████████████▍                                | 449/1200 [00:42<00:57, 13.17it/s]05:42:57 | INFO    | epoch  450/1200 | loss=0.0295 align=0.0056 rel=0.0240
05:42:57 | INFO    |            [filtered] MRR=0.0541 Hit@1=0.0295 Hit@5=0.0605 Hit@10=0.0804 MR=996.7 n=6415
05:42:57 | INFO    |            [multiref] MRR=0.2458 Hit@1=0.1466 Hit@5=0.3293 Hit@10=0.4217 MR=102.2 n=498

AliNet:  38%|███████████████████▌                                | 451/1200 [00:43<01:44,  7.18it/s]
AliNet:  38%|███████████████████▋                                | 453/1200 [00:43<01:29,  8.34it/s]
AliNet:  38%|███████████████████▋                                | 455/1200 [00:43<01:19,  9.40it/s]
AliNet:  38%|███████████████████▊                                | 457/1200 [00:44<01:11, 10.33it/s]
AliNet:  38%|███████████████████▉                                | 459/1200 [00:44<01:06, 11.09it/s]
AliNet:  38%|███████████████████▉                                | 461/1200 [00:44<01:03, 11.71it/s]
AliNet:  39%|████████████████████                                | 463/1200 [00:44<01:01, 12.08it/s]
AliNet:  39%|████████████████████▏                               | 465/1200 [00:44<00:59, 12.38it/s]
AliNet:  39%|████████████████████▏                               | 467/1200 [00:44<00:58, 12.62it/s]
AliNet:  39%|████████████████████▎                               | 469/1200 [00:44<00:57, 12.81it/s]
AliNet:  39%|████████████████████▍                               | 471/1200 [00:45<00:56, 12.97it/s]
AliNet:  39%|████████████████████▍                               | 473/1200 [00:45<00:55, 13.08it/s]05:42:59 | INFO    | epoch  475/1200 | loss=0.0278 align=0.0054 rel=0.0224
05:43:00 | INFO    |            [filtered] MRR=0.0547 Hit@1=0.0298 Hit@5=0.0602 Hit@10=0.0818 MR=1055.1 n=6415
05:43:00 | INFO    |            [multiref] MRR=0.2536 Hit@1=0.1606 Hit@5=0.3213 Hit@10=0.4277 MR=105.4 n=498
05:43:00 | INFO    |            -> new best filtered MRR=0.0547 (saved model_best.pt)

AliNet:  40%|████████████████████▌                               | 475/1200 [00:46<02:05,  5.76it/s]
AliNet:  40%|████████████████████▋                               | 477/1200 [00:46<01:43,  6.95it/s]
AliNet:  40%|████████████████████▊                               | 479/1200 [00:46<01:28,  8.13it/s]
AliNet:  40%|████████████████████▊                               | 481/1200 [00:46<01:18,  9.21it/s]
AliNet:  40%|████████████████████▉                               | 483/1200 [00:46<01:10, 10.17it/s]
AliNet:  40%|█████████████████████                               | 485/1200 [00:46<01:05, 10.95it/s]
AliNet:  41%|█████████████████████                               | 487/1200 [00:46<01:01, 11.59it/s]
AliNet:  41%|█████████████████████▏                              | 489/1200 [00:47<00:59, 12.02it/s]
AliNet:  41%|█████████████████████▎                              | 491/1200 [00:47<00:57, 12.36it/s]
AliNet:  41%|█████████████████████▎                              | 493/1200 [00:47<00:56, 12.61it/s]
AliNet:  41%|█████████████████████▍                              | 495/1200 [00:47<00:55, 12.81it/s]
AliNet:  41%|█████████████████████▌                              | 497/1200 [00:47<00:54, 12.97it/s]
AliNet:  42%|█████████████████████▌                              | 499/1200 [00:47<00:53, 13.07it/s]05:43:02 | INFO    | epoch  500/1200 | loss=0.0279 align=0.0052 rel=0.0227
05:43:02 | INFO    |            [filtered] MRR=0.0566 Hit@1=0.0326 Hit@5=0.0600 Hit@10=0.0854 MR=1020.3 n=6415
05:43:02 | INFO    |            [multiref] MRR=0.2538 Hit@1=0.1586 Hit@5=0.3313 Hit@10=0.4418 MR=107.0 n=498
05:43:03 | INFO    |            -> new best filtered MRR=0.0566 (saved model_best.pt)

AliNet:  42%|█████████████████████▋                              | 501/1200 [00:48<02:03,  5.68it/s]
AliNet:  42%|█████████████████████▊                              | 503/1200 [00:48<01:41,  6.87it/s]
AliNet:  42%|█████████████████████▉                              | 505/1200 [00:48<01:26,  8.05it/s]
AliNet:  42%|█████████████████████▉                              | 507/1200 [00:49<01:15,  9.14it/s]
AliNet:  42%|██████████████████████                              | 509/1200 [00:49<01:08, 10.11it/s]
AliNet:  43%|██████████████████████▏                             | 511/1200 [00:49<01:03, 10.91it/s]
AliNet:  43%|██████████████████████▏                             | 513/1200 [00:49<00:59, 11.53it/s]
AliNet:  43%|██████████████████████▎                             | 515/1200 [00:49<00:57, 11.96it/s]
AliNet:  43%|██████████████████████▍                             | 517/1200 [00:49<00:55, 12.35it/s]
AliNet:  43%|██████████████████████▍                             | 519/1200 [00:49<00:53, 12.61it/s]
AliNet:  43%|██████████████████████▌                             | 521/1200 [00:50<00:52, 12.82it/s]
AliNet:  44%|██████████████████████▋                             | 523/1200 [00:50<00:52, 12.97it/s]05:43:04 | INFO    | epoch  525/1200 | loss=0.0263 align=0.0050 rel=0.0213
05:43:05 | INFO    |            [filtered] MRR=0.0567 Hit@1=0.0323 Hit@5=0.0595 Hit@10=0.0836 MR=1033.8 n=6415
05:43:05 | INFO    |            [multiref] MRR=0.2546 Hit@1=0.1627 Hit@5=0.3193 Hit@10=0.4217 MR=103.8 n=498
05:43:05 | INFO    |            -> new best filtered MRR=0.0567 (saved model_best.pt)

AliNet:  44%|██████████████████████▊                             | 525/1200 [00:51<01:58,  5.71it/s]
AliNet:  44%|██████████████████████▊                             | 527/1200 [00:51<01:37,  6.90it/s]
AliNet:  44%|██████████████████████▉                             | 529/1200 [00:51<01:23,  8.08it/s]
AliNet:  44%|███████████████████████                             | 531/1200 [00:51<01:12,  9.17it/s]
AliNet:  44%|███████████████████████                             | 533/1200 [00:51<01:05, 10.14it/s]
AliNet:  45%|███████████████████████▏                            | 535/1200 [00:51<01:00, 10.93it/s]
AliNet:  45%|███████████████████████▎                            | 537/1200 [00:51<00:57, 11.57it/s]
AliNet:  45%|███████████████████████▎                            | 539/1200 [00:52<00:55, 11.91it/s]
AliNet:  45%|███████████████████████▍                            | 541/1200 [00:52<00:53, 12.31it/s]
AliNet:  45%|███████████████████████▌                            | 543/1200 [00:52<00:52, 12.57it/s]
AliNet:  45%|███████████████████████▌                            | 545/1200 [00:52<00:51, 12.81it/s]
AliNet:  46%|███████████████████████▋                            | 547/1200 [00:52<00:50, 12.95it/s]
AliNet:  46%|███████████████████████▊                            | 549/1200 [00:52<00:49, 13.08it/s]05:43:07 | INFO    | epoch  550/1200 | loss=0.0259 align=0.0049 rel=0.0209
05:43:07 | INFO    |            [filtered] MRR=0.0578 Hit@1=0.0329 Hit@5=0.0644 Hit@10=0.0853 MR=1048.1 n=6415
05:43:07 | INFO    |            [multiref] MRR=0.2611 Hit@1=0.1667 Hit@5=0.3414 Hit@10=0.4177 MR=100.7 n=498
05:43:08 | INFO    |            -> new best filtered MRR=0.0578 (saved model_best.pt)

AliNet:  46%|███████████████████████▉                            | 551/1200 [00:53<01:52,  5.77it/s]
AliNet:  46%|███████████████████████▉                            | 553/1200 [00:53<01:33,  6.95it/s]
AliNet:  46%|████████████████████████                            | 555/1200 [00:53<01:19,  8.13it/s]
AliNet:  46%|████████████████████████▏                           | 557/1200 [00:54<01:09,  9.21it/s]
AliNet:  47%|████████████████████████▏                           | 559/1200 [00:54<01:03, 10.17it/s]
AliNet:  47%|████████████████████████▎                           | 561/1200 [00:54<00:58, 10.95it/s]
AliNet:  47%|████████████████████████▍                           | 563/1200 [00:54<00:55, 11.54it/s]
AliNet:  47%|████████████████████████▍                           | 565/1200 [00:54<00:53, 11.93it/s]
AliNet:  47%|████████████████████████▌                           | 567/1200 [00:54<00:51, 12.30it/s]
AliNet:  47%|████████████████████████▋                           | 569/1200 [00:55<00:50, 12.58it/s]
AliNet:  48%|████████████████████████▋                           | 571/1200 [00:55<00:49, 12.80it/s]
AliNet:  48%|████████████████████████▊                           | 573/1200 [00:55<00:48, 12.95it/s]05:43:10 | INFO    | epoch  575/1200 | loss=0.0259 align=0.0049 rel=0.0210
05:43:10 | INFO    |            [filtered] MRR=0.0558 Hit@1=0.0304 Hit@5=0.0613 Hit@10=0.0845 MR=1024.3 n=6415
05:43:10 | INFO    |            [multiref] MRR=0.2520 Hit@1=0.1566 Hit@5=0.3233 Hit@10=0.4137 MR=91.6 n=498

AliNet:  48%|████████████████████████▉                           | 575/1200 [00:55<01:28,  7.04it/s]
AliNet:  48%|█████████████████████████                           | 577/1200 [00:56<01:15,  8.22it/s]
AliNet:  48%|█████████████████████████                           | 579/1200 [00:56<01:06,  9.30it/s]
AliNet:  48%|█████████████████████████▏                          | 581/1200 [00:56<01:00, 10.23it/s]
AliNet:  49%|█████████████████████████▎                          | 583/1200 [00:56<00:56, 11.01it/s]
AliNet:  49%|█████████████████████████▎                          | 585/1200 [00:56<00:52, 11.63it/s]
AliNet:  49%|█████████████████████████▍                          | 587/1200 [00:56<00:50, 12.10it/s]
AliNet:  49%|█████████████████████████▌                          | 589/1200 [00:56<00:49, 12.32it/s]
AliNet:  49%|█████████████████████████▌                          | 591/1200 [00:57<00:48, 12.58it/s]
AliNet:  49%|█████████████████████████▋                          | 593/1200 [00:57<00:47, 12.78it/s]
AliNet:  50%|█████████████████████████▊                          | 595/1200 [00:57<00:46, 12.94it/s]
AliNet:  50%|█████████████████████████▊                          | 597/1200 [00:57<00:46, 13.06it/s]
AliNet:  50%|█████████████████████████▉                          | 599/1200 [00:57<00:45, 13.16it/s]05:43:12 | INFO    | epoch  600/1200 | loss=0.0250 align=0.0049 rel=0.0201
05:43:12 | INFO    |            [filtered] MRR=0.0568 Hit@1=0.0312 Hit@5=0.0616 Hit@10=0.0837 MR=973.7 n=6415
05:43:12 | INFO    |            [multiref] MRR=0.2576 Hit@1=0.1546 Hit@5=0.3273 Hit@10=0.4277 MR=85.7 n=498

AliNet:  50%|██████████████████████████                          | 601/1200 [00:58<01:24,  7.11it/s]
AliNet:  50%|██████████████████████████▏                         | 603/1200 [00:58<01:12,  8.28it/s]
AliNet:  50%|██████████████████████████▏                         | 605/1200 [00:58<01:03,  9.33it/s]
AliNet:  51%|██████████████████████████▎                         | 607/1200 [00:58<00:57, 10.27it/s]
AliNet:  51%|██████████████████████████▍                         | 609/1200 [00:58<00:53, 11.04it/s]
AliNet:  51%|██████████████████████████▍                         | 611/1200 [00:59<00:50, 11.65it/s]
AliNet:  51%|██████████████████████████▌                         | 613/1200 [00:59<00:48, 12.09it/s]
AliNet:  51%|██████████████████████████▋                         | 615/1200 [00:59<00:47, 12.42it/s]
AliNet:  51%|██████████████████████████▋                         | 617/1200 [00:59<00:46, 12.61it/s]
AliNet:  52%|██████████████████████████▊                         | 619/1200 [00:59<00:45, 12.82it/s]
AliNet:  52%|██████████████████████████▉                         | 621/1200 [00:59<00:44, 12.94it/s]
AliNet:  52%|██████████████████████████▉                         | 623/1200 [00:59<00:44, 13.07it/s]05:43:14 | INFO    | epoch  625/1200 | loss=0.0257 align=0.0046 rel=0.0212
05:43:14 | INFO    |            [filtered] MRR=0.0588 Hit@1=0.0329 Hit@5=0.0648 Hit@10=0.0887 MR=1010.9 n=6415
05:43:14 | INFO    |            [multiref] MRR=0.2692 Hit@1=0.1687 Hit@5=0.3514 Hit@10=0.4538 MR=96.8 n=498
05:43:15 | INFO    |            -> new best filtered MRR=0.0588 (saved model_best.pt)

AliNet:  52%|███████████████████████████                         | 625/1200 [01:00<01:41,  5.68it/s]
AliNet:  52%|███████████████████████████▏                        | 627/1200 [01:00<01:23,  6.87it/s]
AliNet:  52%|███████████████████████████▎                        | 629/1200 [01:01<01:10,  8.05it/s]
AliNet:  53%|███████████████████████████▎                        | 631/1200 [01:01<01:02,  9.15it/s]
AliNet:  53%|███████████████████████████▍                        | 633/1200 [01:01<00:56, 10.10it/s]
AliNet:  53%|███████████████████████████▌                        | 635/1200 [01:01<00:51, 10.91it/s]
AliNet:  53%|███████████████████████████▌                        | 637/1200 [01:01<00:48, 11.52it/s]
AliNet:  53%|███████████████████████████▋                        | 639/1200 [01:01<00:47, 11.93it/s]
AliNet:  53%|███████████████████████████▊                        | 641/1200 [01:01<00:45, 12.30it/s]
AliNet:  54%|███████████████████████████▊                        | 643/1200 [01:02<00:44, 12.53it/s]
AliNet:  54%|███████████████████████████▉                        | 645/1200 [01:02<00:43, 12.78it/s]
AliNet:  54%|████████████████████████████                        | 647/1200 [01:02<00:42, 12.91it/s]
AliNet:  54%|████████████████████████████                        | 649/1200 [01:02<00:42, 13.06it/s]05:43:17 | INFO    | epoch  650/1200 | loss=0.0240 align=0.0046 rel=0.0194
05:43:17 | INFO    |            [filtered] MRR=0.0579 Hit@1=0.0320 Hit@5=0.0625 Hit@10=0.0884 MR=1020.3 n=6415
05:43:17 | INFO    |            [multiref] MRR=0.2639 Hit@1=0.1606 Hit@5=0.3434 Hit@10=0.4398 MR=90.1 n=498

AliNet:  54%|████████████████████████████▏                       | 651/1200 [01:03<01:17,  7.07it/s]
AliNet:  54%|████████████████████████████▎                       | 653/1200 [01:03<01:06,  8.24it/s]
AliNet:  55%|████████████████████████████▍                       | 655/1200 [01:03<00:58,  9.31it/s]
AliNet:  55%|████████████████████████████▍                       | 657/1200 [01:03<00:52, 10.25it/s]
AliNet:  55%|████████████████████████████▌                       | 659/1200 [01:03<00:49, 11.03it/s]
AliNet:  55%|████████████████████████████▋                       | 661/1200 [01:03<00:46, 11.64it/s]
AliNet:  55%|████████████████████████████▋                       | 663/1200 [01:04<00:44, 12.05it/s]
AliNet:  55%|████████████████████████████▊                       | 665/1200 [01:04<00:43, 12.34it/s]
AliNet:  56%|████████████████████████████▉                       | 667/1200 [01:04<00:42, 12.59it/s]
AliNet:  56%|████████████████████████████▉                       | 669/1200 [01:04<00:41, 12.82it/s]
AliNet:  56%|█████████████████████████████                       | 671/1200 [01:04<00:40, 12.98it/s]
AliNet:  56%|█████████████████████████████▏                      | 673/1200 [01:04<00:40, 13.09it/s]05:43:19 | INFO    | epoch  675/1200 | loss=0.0249 align=0.0045 rel=0.0204
05:43:19 | INFO    |            [filtered] MRR=0.0576 Hit@1=0.0312 Hit@5=0.0633 Hit@10=0.0896 MR=1008.6 n=6415
05:43:19 | INFO    |            [multiref] MRR=0.2718 Hit@1=0.1647 Hit@5=0.3534 Hit@10=0.4498 MR=88.3 n=498

AliNet:  56%|█████████████████████████████▎                      | 675/1200 [01:05<01:14,  7.06it/s]
AliNet:  56%|█████████████████████████████▎                      | 677/1200 [01:05<01:03,  8.24it/s]
AliNet:  57%|█████████████████████████████▍                      | 679/1200 [01:05<00:55,  9.32it/s]
AliNet:  57%|█████████████████████████████▌                      | 681/1200 [01:05<00:50, 10.25it/s]
AliNet:  57%|█████████████████████████████▌                      | 683/1200 [01:06<00:46, 11.03it/s]
AliNet:  57%|█████████████████████████████▋                      | 685/1200 [01:06<00:44, 11.63it/s]
AliNet:  57%|█████████████████████████████▊                      | 687/1200 [01:06<00:42, 12.10it/s]
AliNet:  57%|█████████████████████████████▊                      | 689/1200 [01:06<00:41, 12.31it/s]
AliNet:  58%|█████████████████████████████▉                      | 691/1200 [01:06<00:40, 12.55it/s]
AliNet:  58%|██████████████████████████████                      | 693/1200 [01:06<00:39, 12.78it/s]
AliNet:  58%|██████████████████████████████                      | 695/1200 [01:06<00:39, 12.92it/s]
AliNet:  58%|██████████████████████████████▏                     | 697/1200 [01:07<00:38, 13.05it/s]
AliNet:  58%|██████████████████████████████▎                     | 699/1200 [01:07<00:38, 13.12it/s]05:43:21 | INFO    | epoch  700/1200 | loss=0.0241 align=0.0045 rel=0.0196
05:43:22 | INFO    |            [filtered] MRR=0.0572 Hit@1=0.0304 Hit@5=0.0630 Hit@10=0.0898 MR=1003.5 n=6415
05:43:22 | INFO    |            [multiref] MRR=0.2710 Hit@1=0.1546 Hit@5=0.3775 Hit@10=0.4819 MR=85.9 n=498

AliNet:  58%|██████████████████████████████▍                     | 701/1200 [01:07<01:10,  7.08it/s]
AliNet:  59%|██████████████████████████████▍                     | 703/1200 [01:07<01:00,  8.25it/s]
AliNet:  59%|██████████████████████████████▌                     | 705/1200 [01:08<00:53,  9.32it/s]
AliNet:  59%|██████████████████████████████▋                     | 707/1200 [01:08<00:48, 10.26it/s]
AliNet:  59%|██████████████████████████████▋                     | 709/1200 [01:08<00:44, 11.02it/s]
AliNet:  59%|██████████████████████████████▊                     | 711/1200 [01:08<00:42, 11.64it/s]
AliNet:  59%|██████████████████████████████▉                     | 713/1200 [01:08<00:40, 12.04it/s]
AliNet:  60%|██████████████████████████████▉                     | 715/1200 [01:08<00:39, 12.36it/s]
AliNet:  60%|███████████████████████████████                     | 717/1200 [01:08<00:38, 12.61it/s]
AliNet:  60%|███████████████████████████████▏                    | 719/1200 [01:09<00:37, 12.78it/s]
AliNet:  60%|███████████████████████████████▏                    | 721/1200 [01:09<00:37, 12.94it/s]
AliNet:  60%|███████████████████████████████▎                    | 723/1200 [01:09<00:36, 13.04it/s]05:43:24 | INFO    | epoch  725/1200 | loss=0.0228 align=0.0046 rel=0.0182
05:43:24 | INFO    |            [filtered] MRR=0.0606 Hit@1=0.0330 Hit@5=0.0680 Hit@10=0.0976 MR=980.7 n=6415
05:43:24 | INFO    |            [multiref] MRR=0.2951 Hit@1=0.1767 Hit@5=0.4036 Hit@10=0.5382 MR=89.0 n=498
05:43:24 | INFO    |            -> new best filtered MRR=0.0606 (saved model_best.pt)

AliNet:  60%|███████████████████████████████▍                    | 725/1200 [01:10<01:23,  5.72it/s]
AliNet:  61%|███████████████████████████████▌                    | 727/1200 [01:10<01:08,  6.92it/s]
AliNet:  61%|███████████████████████████████▌                    | 729/1200 [01:10<00:58,  8.09it/s]
AliNet:  61%|███████████████████████████████▋                    | 731/1200 [01:10<00:51,  9.18it/s]
AliNet:  61%|███████████████████████████████▊                    | 733/1200 [01:10<00:46, 10.13it/s]
AliNet:  61%|███████████████████████████████▊                    | 735/1200 [01:11<00:42, 10.93it/s]
AliNet:  61%|███████████████████████████████▉                    | 737/1200 [01:11<00:40, 11.54it/s]
AliNet:  62%|████████████████████████████████                    | 739/1200 [01:11<00:38, 11.97it/s]
AliNet:  62%|████████████████████████████████                    | 741/1200 [01:11<00:37, 12.33it/s]
AliNet:  62%|████████████████████████████████▏                   | 743/1200 [01:11<00:36, 12.58it/s]
AliNet:  62%|████████████████████████████████▎                   | 745/1200 [01:11<00:35, 12.80it/s]
AliNet:  62%|████████████████████████████████▎                   | 747/1200 [01:11<00:35, 12.93it/s]
AliNet:  62%|████████████████████████████████▍                   | 749/1200 [01:12<00:34, 13.07it/s]05:43:26 | INFO    | epoch  750/1200 | loss=0.0237 align=0.0044 rel=0.0193
05:43:27 | INFO    |            [filtered] MRR=0.0612 Hit@1=0.0324 Hit@5=0.0709 Hit@10=0.0940 MR=1008.7 n=6415
05:43:27 | INFO    |            [multiref] MRR=0.2997 Hit@1=0.1727 Hit@5=0.4217 Hit@10=0.5241 MR=100.5 n=498
05:43:27 | INFO    |            -> new best filtered MRR=0.0612 (saved model_best.pt)

AliNet:  63%|████████████████████████████████▌                   | 751/1200 [01:12<01:18,  5.73it/s]
AliNet:  63%|████████████████████████████████▋                   | 753/1200 [01:13<01:04,  6.92it/s]
AliNet:  63%|████████████████████████████████▋                   | 755/1200 [01:13<00:54,  8.10it/s]
AliNet:  63%|████████████████████████████████▊                   | 757/1200 [01:13<00:48,  9.19it/s]
AliNet:  63%|████████████████████████████████▉                   | 759/1200 [01:13<00:43, 10.15it/s]
AliNet:  63%|████████████████████████████████▉                   | 761/1200 [01:13<00:40, 10.93it/s]
AliNet:  64%|█████████████████████████████████                   | 763/1200 [01:13<00:37, 11.53it/s]
AliNet:  64%|█████████████████████████████████▏                  | 765/1200 [01:13<00:36, 11.99it/s]
AliNet:  64%|█████████████████████████████████▏                  | 767/1200 [01:14<00:35, 12.36it/s]
AliNet:  64%|█████████████████████████████████▎                  | 769/1200 [01:14<00:34, 12.62it/s]
AliNet:  64%|█████████████████████████████████▍                  | 771/1200 [01:14<00:33, 12.81it/s]
AliNet:  64%|█████████████████████████████████▍                  | 773/1200 [01:14<00:32, 12.97it/s]05:43:29 | INFO    | epoch  775/1200 | loss=0.0227 align=0.0043 rel=0.0184
05:43:29 | INFO    |            [filtered] MRR=0.0634 Hit@1=0.0348 Hit@5=0.0745 Hit@10=0.0971 MR=994.3 n=6415
05:43:29 | INFO    |            [multiref] MRR=0.3164 Hit@1=0.1948 Hit@5=0.4357 Hit@10=0.5502 MR=87.5 n=498
05:43:29 | INFO    |            -> new best filtered MRR=0.0634 (saved model_best.pt)

AliNet:  65%|█████████████████████████████████▌                  | 775/1200 [01:15<01:15,  5.61it/s]
AliNet:  65%|█████████████████████████████████▋                  | 777/1200 [01:15<01:17,  5.47it/s]
AliNet:  65%|█████████████████████████████████▊                  | 779/1200 [01:15<01:03,  6.65it/s]
AliNet:  65%|█████████████████████████████████▊                  | 781/1200 [01:16<00:53,  7.83it/s]
AliNet:  65%|█████████████████████████████████▉                  | 783/1200 [01:16<00:46,  8.95it/s]
AliNet:  65%|██████████████████████████████████                  | 785/1200 [01:16<00:41,  9.92it/s]
AliNet:  66%|██████████████████████████████████                  | 787/1200 [01:16<00:38, 10.77it/s]
AliNet:  66%|██████████████████████████████████▏                 | 789/1200 [01:16<00:35, 11.42it/s]
AliNet:  66%|██████████████████████████████████▎                 | 791/1200 [01:16<00:34, 11.87it/s]
AliNet:  66%|██████████████████████████████████▎                 | 793/1200 [01:16<00:33, 12.22it/s]
AliNet:  66%|██████████████████████████████████▍                 | 795/1200 [01:17<00:32, 12.53it/s]
AliNet:  66%|██████████████████████████████████▌                 | 797/1200 [01:17<00:31, 12.73it/s]
AliNet:  67%|██████████████████████████████████▌                 | 799/1200 [01:17<00:31, 12.89it/s]05:43:32 | INFO    | epoch  800/1200 | loss=0.0230 align=0.0041 rel=0.0189
05:43:32 | INFO    |            [filtered] MRR=0.0612 Hit@1=0.0334 Hit@5=0.0698 Hit@10=0.0945 MR=922.8 n=6415
05:43:32 | INFO    |            [multiref] MRR=0.3041 Hit@1=0.1807 Hit@5=0.4357 Hit@10=0.5422 MR=87.5 n=498

AliNet:  67%|██████████████████████████████████▋                 | 801/1200 [01:17<00:57,  7.00it/s]
AliNet:  67%|██████████████████████████████████▊                 | 803/1200 [01:18<00:48,  8.16it/s]
AliNet:  67%|██████████████████████████████████▉                 | 805/1200 [01:18<00:42,  9.25it/s]
AliNet:  67%|██████████████████████████████████▉                 | 807/1200 [01:18<00:38, 10.19it/s]
AliNet:  67%|███████████████████████████████████                 | 809/1200 [01:18<00:35, 10.98it/s]
AliNet:  68%|███████████████████████████████████▏                | 811/1200 [01:18<00:33, 11.61it/s]
AliNet:  68%|███████████████████████████████████▏                | 813/1200 [01:18<00:32, 12.00it/s]
AliNet:  68%|███████████████████████████████████▎                | 815/1200 [01:19<00:31, 12.28it/s]
AliNet:  68%|███████████████████████████████████▍                | 817/1200 [01:19<00:30, 12.59it/s]
AliNet:  68%|███████████████████████████████████▍                | 819/1200 [01:19<00:29, 12.75it/s]
AliNet:  68%|███████████████████████████████████▌                | 821/1200 [01:19<00:29, 12.94it/s]
AliNet:  69%|███████████████████████████████████▋                | 823/1200 [01:19<00:28, 13.03it/s]05:43:34 | INFO    | epoch  825/1200 | loss=0.0220 align=0.0041 rel=0.0179
05:43:34 | INFO    |            [filtered] MRR=0.0612 Hit@1=0.0338 Hit@5=0.0701 Hit@10=0.0931 MR=895.2 n=6415
05:43:34 | INFO    |            [multiref] MRR=0.3180 Hit@1=0.1948 Hit@5=0.4538 Hit@10=0.5622 MR=81.8 n=498

AliNet:  69%|███████████████████████████████████▊                | 825/1200 [01:20<00:52,  7.08it/s]
AliNet:  69%|███████████████████████████████████▊                | 827/1200 [01:20<00:45,  8.26it/s]
AliNet:  69%|███████████████████████████████████▉                | 829/1200 [01:20<00:39,  9.33it/s]
AliNet:  69%|████████████████████████████████████                | 831/1200 [01:20<00:35, 10.26it/s]
AliNet:  69%|████████████████████████████████████                | 833/1200 [01:20<00:33, 11.03it/s]
AliNet:  70%|████████████████████████████████████▏               | 835/1200 [01:20<00:31, 11.64it/s]
AliNet:  70%|████████████████████████████████████▎               | 837/1200 [01:21<00:30, 12.08it/s]
AliNet:  70%|████████████████████████████████████▎               | 839/1200 [01:21<00:29, 12.34it/s]
AliNet:  70%|████████████████████████████████████▍               | 841/1200 [01:21<00:28, 12.62it/s]
AliNet:  70%|████████████████████████████████████▌               | 843/1200 [01:21<00:27, 12.80it/s]
AliNet:  70%|████████████████████████████████████▌               | 845/1200 [01:21<00:27, 12.97it/s]
AliNet:  71%|████████████████████████████████████▋               | 847/1200 [01:21<00:27, 13.06it/s]
AliNet:  71%|████████████████████████████████████▊               | 849/1200 [01:22<00:26, 13.15it/s]05:43:36 | INFO    | epoch  850/1200 | loss=0.0214 align=0.0041 rel=0.0173
05:43:36 | INFO    |            [filtered] MRR=0.0621 Hit@1=0.0349 Hit@5=0.0697 Hit@10=0.0946 MR=977.6 n=6415
05:43:36 | INFO    |            [multiref] MRR=0.3180 Hit@1=0.1968 Hit@5=0.4418 Hit@10=0.5502 MR=90.7 n=498

AliNet:  71%|████████████████████████████████████▉               | 851/1200 [01:22<00:49,  7.11it/s]
AliNet:  71%|████████████████████████████████████▉               | 853/1200 [01:22<00:41,  8.28it/s]
AliNet:  71%|█████████████████████████████████████               | 855/1200 [01:22<00:36,  9.35it/s]
AliNet:  71%|█████████████████████████████████████▏              | 857/1200 [01:23<00:33, 10.27it/s]
AliNet:  72%|█████████████████████████████████████▏              | 859/1200 [01:23<00:30, 11.05it/s]
AliNet:  72%|█████████████████████████████████████▎              | 861/1200 [01:23<00:29, 11.65it/s]
AliNet:  72%|█████████████████████████████████████▍              | 863/1200 [01:23<00:27, 12.06it/s]
AliNet:  72%|█████████████████████████████████████▍              | 865/1200 [01:23<00:27, 12.33it/s]
AliNet:  72%|█████████████████████████████████████▌              | 867/1200 [01:23<00:26, 12.61it/s]
AliNet:  72%|█████████████████████████████████████▋              | 869/1200 [01:23<00:25, 12.80it/s]
AliNet:  73%|█████████████████████████████████████▋              | 871/1200 [01:24<00:25, 12.95it/s]
AliNet:  73%|█████████████████████████████████████▊              | 873/1200 [01:24<00:25, 13.06it/s]05:43:38 | INFO    | epoch  875/1200 | loss=0.0220 align=0.0039 rel=0.0181
05:43:39 | INFO    |            [filtered] MRR=0.0616 Hit@1=0.0345 Hit@5=0.0701 Hit@10=0.0937 MR=940.7 n=6415
05:43:39 | INFO    |            [multiref] MRR=0.3170 Hit@1=0.2008 Hit@5=0.4337 Hit@10=0.5462 MR=93.9 n=498

AliNet:  73%|█████████████████████████████████████▉              | 875/1200 [01:24<00:45,  7.10it/s]
AliNet:  73%|██████████████████████████████████████              | 877/1200 [01:24<00:39,  8.28it/s]
AliNet:  73%|██████████████████████████████████████              | 879/1200 [01:25<00:34,  9.34it/s]
AliNet:  73%|██████████████████████████████████████▏             | 881/1200 [01:25<00:31, 10.27it/s]
AliNet:  74%|██████████████████████████████████████▎             | 883/1200 [01:25<00:28, 11.03it/s]
AliNet:  74%|██████████████████████████████████████▎             | 885/1200 [01:25<00:27, 11.65it/s]
AliNet:  74%|██████████████████████████████████████▍             | 887/1200 [01:25<00:25, 12.09it/s]
AliNet:  74%|██████████████████████████████████████▌             | 889/1200 [01:25<00:25, 12.34it/s]
AliNet:  74%|██████████████████████████████████████▌             | 891/1200 [01:26<00:24, 12.62it/s]
AliNet:  74%|██████████████████████████████████████▋             | 893/1200 [01:26<00:23, 12.80it/s]
AliNet:  75%|██████████████████████████████████████▊             | 895/1200 [01:26<00:23, 12.97it/s]
AliNet:  75%|██████████████████████████████████████▊             | 897/1200 [01:26<00:23, 13.04it/s]
AliNet:  75%|██████████████████████████████████████▉             | 899/1200 [01:26<00:22, 13.13it/s]05:43:41 | INFO    | epoch  900/1200 | loss=0.0213 align=0.0040 rel=0.0173
05:43:41 | INFO    |            [filtered] MRR=0.0600 Hit@1=0.0326 Hit@5=0.0687 Hit@10=0.0915 MR=965.6 n=6415
05:43:41 | INFO    |            [multiref] MRR=0.3054 Hit@1=0.1867 Hit@5=0.4277 Hit@10=0.5201 MR=97.5 n=498

AliNet:  75%|███████████████████████████████████████             | 901/1200 [01:27<00:41,  7.16it/s]
AliNet:  75%|███████████████████████████████████████▏            | 903/1200 [01:27<00:35,  8.32it/s]
AliNet:  75%|███████████████████████████████████████▏            | 905/1200 [01:27<00:31,  9.38it/s]
AliNet:  76%|███████████████████████████████████████▎            | 907/1200 [01:27<00:28, 10.30it/s]
AliNet:  76%|███████████████████████████████████████▍            | 909/1200 [01:27<00:26, 11.06it/s]
AliNet:  76%|███████████████████████████████████████▍            | 911/1200 [01:27<00:24, 11.66it/s]
AliNet:  76%|███████████████████████████████████████▌            | 913/1200 [01:28<00:23, 12.02it/s]
AliNet:  76%|███████████████████████████████████████▋            | 915/1200 [01:28<00:23, 12.32it/s]
AliNet:  76%|███████████████████████████████████████▋            | 917/1200 [01:28<00:22, 12.61it/s]
AliNet:  77%|███████████████████████████████████████▊            | 919/1200 [01:28<00:21, 12.79it/s]
AliNet:  77%|███████████████████████████████████████▉            | 921/1200 [01:28<00:21, 12.96it/s]
AliNet:  77%|███████████████████████████████████████▉            | 923/1200 [01:28<00:21, 13.06it/s]05:43:43 | INFO    | epoch  925/1200 | loss=0.0207 align=0.0039 rel=0.0168
05:43:43 | INFO    |            [filtered] MRR=0.0617 Hit@1=0.0329 Hit@5=0.0723 Hit@10=0.0949 MR=963.3 n=6415
05:43:43 | INFO    |            [multiref] MRR=0.3213 Hit@1=0.1988 Hit@5=0.4518 Hit@10=0.5542 MR=84.5 n=498

AliNet:  77%|████████████████████████████████████████            | 925/1200 [01:29<00:38,  7.09it/s]
AliNet:  77%|████████████████████████████████████████▏           | 927/1200 [01:29<00:33,  8.27it/s]
AliNet:  77%|████████████████████████████████████████▎           | 929/1200 [01:29<00:29,  9.33it/s]
AliNet:  78%|████████████████████████████████████████▎           | 931/1200 [01:29<00:26, 10.26it/s]
AliNet:  78%|████████████████████████████████████████▍           | 933/1200 [01:30<00:24, 11.02it/s]
AliNet:  78%|████████████████████████████████████████▌           | 935/1200 [01:30<00:23, 11.51it/s]
AliNet:  78%|████████████████████████████████████████▌           | 937/1200 [01:30<00:21, 12.03it/s]
AliNet:  78%|████████████████████████████████████████▋           | 939/1200 [01:30<00:21, 12.28it/s]
AliNet:  78%|████████████████████████████████████████▊           | 941/1200 [01:30<00:20, 12.56it/s]
AliNet:  79%|████████████████████████████████████████▊           | 943/1200 [01:30<00:20, 12.74it/s]
AliNet:  79%|████████████████████████████████████████▉           | 945/1200 [01:30<00:19, 12.86it/s]
AliNet:  79%|█████████████████████████████████████████           | 947/1200 [01:31<00:19, 13.00it/s]
AliNet:  79%|█████████████████████████████████████████           | 949/1200 [01:31<00:19, 13.07it/s]05:43:45 | INFO    | epoch  950/1200 | loss=0.0199 align=0.0037 rel=0.0162
05:43:46 | INFO    |            [filtered] MRR=0.0634 Hit@1=0.0368 Hit@5=0.0695 Hit@10=0.0940 MR=934.1 n=6415
05:43:46 | INFO    |            [multiref] MRR=0.3184 Hit@1=0.2068 Hit@5=0.4237 Hit@10=0.5402 MR=81.2 n=498

AliNet:  79%|█████████████████████████████████████████▏          | 951/1200 [01:31<00:34,  7.17it/s]
AliNet:  79%|█████████████████████████████████████████▎          | 953/1200 [01:31<00:29,  8.32it/s]
AliNet:  80%|█████████████████████████████████████████▍          | 955/1200 [01:32<00:26,  9.39it/s]
AliNet:  80%|█████████████████████████████████████████▍          | 957/1200 [01:32<00:23, 10.30it/s]
AliNet:  80%|█████████████████████████████████████████▌          | 959/1200 [01:32<00:21, 11.07it/s]
AliNet:  80%|█████████████████████████████████████████▋          | 961/1200 [01:32<00:20, 11.65it/s]
AliNet:  80%|█████████████████████████████████████████▋          | 963/1200 [01:32<00:19, 12.01it/s]
AliNet:  80%|█████████████████████████████████████████▊          | 965/1200 [01:32<00:19, 12.30it/s]
AliNet:  81%|█████████████████████████████████████████▉          | 967/1200 [01:33<00:18, 12.53it/s]
AliNet:  81%|█████████████████████████████████████████▉          | 969/1200 [01:33<00:18, 12.74it/s]
AliNet:  81%|██████████████████████████████████████████          | 971/1200 [01:33<00:17, 12.88it/s]
AliNet:  81%|██████████████████████████████████████████▏         | 973/1200 [01:33<00:17, 13.02it/s]05:43:48 | INFO    | epoch  975/1200 | loss=0.0198 align=0.0037 rel=0.0161
05:43:48 | INFO    |            [filtered] MRR=0.0654 Hit@1=0.0369 Hit@5=0.0754 Hit@10=0.0985 MR=883.6 n=6415
05:43:48 | INFO    |            [multiref] MRR=0.3367 Hit@1=0.2249 Hit@5=0.4478 Hit@10=0.5602 MR=75.7 n=498
05:43:48 | INFO    |            -> new best filtered MRR=0.0654 (saved model_best.pt)

AliNet:  81%|██████████████████████████████████████████▎         | 975/1200 [01:34<00:39,  5.74it/s]
AliNet:  81%|██████████████████████████████████████████▎         | 977/1200 [01:34<00:32,  6.93it/s]
AliNet:  82%|██████████████████████████████████████████▍         | 979/1200 [01:34<00:27,  8.10it/s]
AliNet:  82%|██████████████████████████████████████████▌         | 981/1200 [01:34<00:23,  9.19it/s]
AliNet:  82%|██████████████████████████████████████████▌         | 983/1200 [01:34<00:21, 10.14it/s]
AliNet:  82%|██████████████████████████████████████████▋         | 985/1200 [01:35<00:19, 10.92it/s]
AliNet:  82%|██████████████████████████████████████████▊         | 987/1200 [01:35<00:18, 11.53it/s]
AliNet:  82%|██████████████████████████████████████████▊         | 989/1200 [01:35<00:17, 11.91it/s]
AliNet:  83%|██████████████████████████████████████████▉         | 991/1200 [01:35<00:17, 12.26it/s]
AliNet:  83%|███████████████████████████████████████████         | 993/1200 [01:35<00:16, 12.56it/s]
AliNet:  83%|███████████████████████████████████████████         | 995/1200 [01:35<00:16, 12.75it/s]
AliNet:  83%|███████████████████████████████████████████▏        | 997/1200 [01:35<00:15, 12.92it/s]
AliNet:  83%|███████████████████████████████████████████▎        | 999/1200 [01:36<00:15, 13.01it/s]05:43:50 | INFO    | epoch 1000/1200 | loss=0.0200 align=0.0038 rel=0.0161
05:43:51 | INFO    |            [filtered] MRR=0.0679 Hit@1=0.0398 Hit@5=0.0809 Hit@10=0.1048 MR=823.9 n=6415
05:43:51 | INFO    |            [multiref] MRR=0.3543 Hit@1=0.2450 Hit@5=0.4819 Hit@10=0.5723 MR=68.3 n=498
05:43:51 | INFO    |            -> new best filtered MRR=0.0679 (saved model_best.pt)

AliNet:  83%|██████████████████████████████████████████▌        | 1001/1200 [01:36<00:35,  5.68it/s]
AliNet:  84%|██████████████████████████████████████████▋        | 1003/1200 [01:37<00:28,  6.87it/s]
AliNet:  84%|██████████████████████████████████████████▋        | 1005/1200 [01:37<00:24,  8.03it/s]
AliNet:  84%|██████████████████████████████████████████▊        | 1007/1200 [01:37<00:21,  9.13it/s]
AliNet:  84%|██████████████████████████████████████████▉        | 1009/1200 [01:37<00:18, 10.08it/s]
AliNet:  84%|██████████████████████████████████████████▉        | 1011/1200 [01:37<00:17, 10.89it/s]
AliNet:  84%|███████████████████████████████████████████        | 1013/1200 [01:37<00:16, 11.40it/s]
AliNet:  85%|███████████████████████████████████████████▏       | 1015/1200 [01:37<00:15, 11.88it/s]
AliNet:  85%|███████████████████████████████████████████▏       | 1017/1200 [01:38<00:14, 12.27it/s]
AliNet:  85%|███████████████████████████████████████████▎       | 1019/1200 [01:38<00:14, 12.53it/s]
AliNet:  85%|███████████████████████████████████████████▍       | 1021/1200 [01:38<00:14, 12.76it/s]
AliNet:  85%|███████████████████████████████████████████▍       | 1023/1200 [01:38<00:13, 12.91it/s]05:43:53 | INFO    | epoch 1025/1200 | loss=0.0204 align=0.0039 rel=0.0165
05:43:53 | INFO    |            [filtered] MRR=0.0667 Hit@1=0.0387 Hit@5=0.0765 Hit@10=0.1016 MR=811.9 n=6415
05:43:53 | INFO    |            [multiref] MRR=0.3439 Hit@1=0.2309 Hit@5=0.4618 Hit@10=0.5622 MR=76.3 n=498

AliNet:  85%|███████████████████████████████████████████▌       | 1025/1200 [01:39<00:24,  7.05it/s]
AliNet:  86%|███████████████████████████████████████████▋       | 1027/1200 [01:39<00:21,  8.23it/s]
AliNet:  86%|███████████████████████████████████████████▋       | 1029/1200 [01:39<00:18,  9.30it/s]
AliNet:  86%|███████████████████████████████████████████▊       | 1031/1200 [01:39<00:16, 10.24it/s]
AliNet:  86%|███████████████████████████████████████████▉       | 1033/1200 [01:39<00:15, 11.00it/s]
AliNet:  86%|███████████████████████████████████████████▉       | 1035/1200 [01:39<00:14, 11.63it/s]
AliNet:  86%|████████████████████████████████████████████       | 1037/1200 [01:40<00:13, 12.09it/s]
AliNet:  87%|████████████████████████████████████████████▏      | 1039/1200 [01:40<00:13, 12.36it/s]
AliNet:  87%|████████████████████████████████████████████▏      | 1041/1200 [01:40<00:12, 12.61it/s]
AliNet:  87%|████████████████████████████████████████████▎      | 1043/1200 [01:40<00:12, 12.79it/s]
AliNet:  87%|████████████████████████████████████████████▍      | 1045/1200 [01:40<00:11, 12.95it/s]
AliNet:  87%|████████████████████████████████████████████▍      | 1047/1200 [01:40<00:11, 13.04it/s]
AliNet:  87%|████████████████████████████████████████████▌      | 1049/1200 [01:40<00:11, 13.13it/s]05:43:55 | INFO    | epoch 1050/1200 | loss=0.0205 align=0.0037 rel=0.0169
05:43:55 | INFO    |            [filtered] MRR=0.0633 Hit@1=0.0360 Hit@5=0.0706 Hit@10=0.0937 MR=778.8 n=6415
05:43:55 | INFO    |            [multiref] MRR=0.3275 Hit@1=0.2149 Hit@5=0.4478 Hit@10=0.5402 MR=71.2 n=498

AliNet:  88%|████████████████████████████████████████████▋      | 1051/1200 [01:41<00:20,  7.11it/s]
AliNet:  88%|████████████████████████████████████████████▊      | 1053/1200 [01:41<00:17,  8.26it/s]
AliNet:  88%|████████████████████████████████████████████▊      | 1055/1200 [01:41<00:15,  9.34it/s]
AliNet:  88%|████████████████████████████████████████████▉      | 1057/1200 [01:42<00:13, 10.25it/s]
AliNet:  88%|█████████████████████████████████████████████      | 1059/1200 [01:42<00:12, 11.02it/s]
AliNet:  88%|█████████████████████████████████████████████      | 1061/1200 [01:42<00:11, 11.62it/s]
AliNet:  89%|█████████████████████████████████████████████▏     | 1063/1200 [01:42<00:11, 12.04it/s]
AliNet:  89%|█████████████████████████████████████████████▎     | 1065/1200 [01:42<00:10, 12.32it/s]
AliNet:  89%|█████████████████████████████████████████████▎     | 1067/1200 [01:42<00:10, 12.57it/s]
AliNet:  89%|█████████████████████████████████████████████▍     | 1069/1200 [01:42<00:10, 12.79it/s]
AliNet:  89%|█████████████████████████████████████████████▌     | 1071/1200 [01:43<00:09, 12.93it/s]
AliNet:  89%|█████████████████████████████████████████████▌     | 1073/1200 [01:43<00:09, 13.04it/s]05:43:57 | INFO    | epoch 1075/1200 | loss=0.0198 align=0.0037 rel=0.0162
05:43:58 | INFO    |            [filtered] MRR=0.0642 Hit@1=0.0365 Hit@5=0.0712 Hit@10=0.0959 MR=812.4 n=6415
05:43:58 | INFO    |            [multiref] MRR=0.3307 Hit@1=0.2149 Hit@5=0.4438 Hit@10=0.5703 MR=70.9 n=498

AliNet:  90%|█████████████████████████████████████████████▋     | 1075/1200 [01:43<00:17,  7.04it/s]
AliNet:  90%|█████████████████████████████████████████████▊     | 1077/1200 [01:43<00:14,  8.21it/s]
AliNet:  90%|█████████████████████████████████████████████▊     | 1079/1200 [01:44<00:13,  9.29it/s]
AliNet:  90%|█████████████████████████████████████████████▉     | 1081/1200 [01:44<00:11, 10.22it/s]
AliNet:  90%|██████████████████████████████████████████████     | 1083/1200 [01:44<00:10, 11.01it/s]
AliNet:  90%|██████████████████████████████████████████████     | 1085/1200 [01:44<00:09, 11.61it/s]
AliNet:  91%|██████████████████████████████████████████████▏    | 1087/1200 [01:44<00:09, 12.05it/s]
AliNet:  91%|██████████████████████████████████████████████▎    | 1089/1200 [01:44<00:09, 12.31it/s]
AliNet:  91%|██████████████████████████████████████████████▎    | 1091/1200 [01:45<00:08, 12.52it/s]
AliNet:  91%|██████████████████████████████████████████████▍    | 1093/1200 [01:45<00:08, 12.75it/s]
AliNet:  91%|██████████████████████████████████████████████▌    | 1095/1200 [01:45<00:08, 12.89it/s]
AliNet:  91%|██████████████████████████████████████████████▌    | 1097/1200 [01:45<00:07, 13.01it/s]
AliNet:  92%|██████████████████████████████████████████████▋    | 1099/1200 [01:45<00:07, 13.09it/s]05:44:00 | INFO    | epoch 1100/1200 | loss=0.0191 align=0.0036 rel=0.0156
05:44:00 | INFO    |            [filtered] MRR=0.0678 Hit@1=0.0387 Hit@5=0.0783 Hit@10=0.1072 MR=797.8 n=6415
05:44:00 | INFO    |            [multiref] MRR=0.3399 Hit@1=0.2289 Hit@5=0.4518 Hit@10=0.5763 MR=58.3 n=498

AliNet:  92%|██████████████████████████████████████████████▊    | 1101/1200 [01:46<00:13,  7.08it/s]
AliNet:  92%|██████████████████████████████████████████████▉    | 1103/1200 [01:46<00:11,  8.23it/s]
AliNet:  92%|██████████████████████████████████████████████▉    | 1105/1200 [01:46<00:10,  9.31it/s]
AliNet:  92%|███████████████████████████████████████████████    | 1107/1200 [01:46<00:09, 10.23it/s]
AliNet:  92%|███████████████████████████████████████████████▏   | 1109/1200 [01:46<00:08, 11.01it/s]
AliNet:  93%|███████████████████████████████████████████████▏   | 1111/1200 [01:46<00:07, 11.60it/s]
AliNet:  93%|███████████████████████████████████████████████▎   | 1113/1200 [01:47<00:07, 12.00it/s]
AliNet:  93%|███████████████████████████████████████████████▍   | 1115/1200 [01:47<00:06, 12.32it/s]
AliNet:  93%|███████████████████████████████████████████████▍   | 1117/1200 [01:47<00:06, 12.51it/s]
AliNet:  93%|███████████████████████████████████████████████▌   | 1119/1200 [01:47<00:06, 12.76it/s]
AliNet:  93%|███████████████████████████████████████████████▋   | 1121/1200 [01:47<00:06, 12.88it/s]
AliNet:  94%|███████████████████████████████████████████████▋   | 1123/1200 [01:47<00:05, 13.03it/s]05:44:02 | INFO    | epoch 1125/1200 | loss=0.0191 align=0.0036 rel=0.0155
05:44:02 | INFO    |            [filtered] MRR=0.0692 Hit@1=0.0377 Hit@5=0.0806 Hit@10=0.1157 MR=748.4 n=6415
05:44:02 | INFO    |            [multiref] MRR=0.3361 Hit@1=0.2129 Hit@5=0.4538 Hit@10=0.5984 MR=60.1 n=498
05:44:03 | INFO    |            -> new best filtered MRR=0.0692 (saved model_best.pt)

AliNet:  94%|███████████████████████████████████████████████▊   | 1125/1200 [01:48<00:13,  5.64it/s]
AliNet:  94%|███████████████████████████████████████████████▉   | 1127/1200 [01:48<00:10,  6.83it/s]
AliNet:  94%|███████████████████████████████████████████████▉   | 1129/1200 [01:48<00:08,  8.01it/s]
AliNet:  94%|████████████████████████████████████████████████   | 1131/1200 [01:49<00:07,  9.09it/s]
AliNet:  94%|████████████████████████████████████████████████▏  | 1133/1200 [01:49<00:06, 10.06it/s]
AliNet:  95%|████████████████████████████████████████████████▏  | 1135/1200 [01:49<00:05, 10.85it/s]
AliNet:  95%|████████████████████████████████████████████████▎  | 1137/1200 [01:49<00:05, 11.48it/s]
AliNet:  95%|████████████████████████████████████████████████▍  | 1139/1200 [01:49<00:05, 11.85it/s]
AliNet:  95%|████████████████████████████████████████████████▍  | 1141/1200 [01:49<00:04, 12.19it/s]
AliNet:  95%|████████████████████████████████████████████████▌  | 1143/1200 [01:50<00:04, 12.51it/s]
AliNet:  95%|████████████████████████████████████████████████▋  | 1145/1200 [01:50<00:04, 12.73it/s]
AliNet:  96%|████████████████████████████████████████████████▋  | 1147/1200 [01:50<00:04, 12.90it/s]
AliNet:  96%|████████████████████████████████████████████████▊  | 1149/1200 [01:50<00:03, 13.01it/s]05:44:05 | INFO    | epoch 1150/1200 | loss=0.0189 align=0.0035 rel=0.0154
05:44:05 | INFO    |            [filtered] MRR=0.0653 Hit@1=0.0349 Hit@5=0.0753 Hit@10=0.1072 MR=760.9 n=6415
05:44:05 | INFO    |            [multiref] MRR=0.3206 Hit@1=0.2108 Hit@5=0.4157 Hit@10=0.5622 MR=55.1 n=498

AliNet:  96%|████████████████████████████████████████████████▉  | 1151/1200 [01:51<00:06,  7.04it/s]
AliNet:  96%|█████████████████████████████████████████████████  | 1153/1200 [01:51<00:05,  8.20it/s]
AliNet:  96%|█████████████████████████████████████████████████  | 1155/1200 [01:51<00:04,  9.27it/s]
AliNet:  96%|█████████████████████████████████████████████████▏ | 1157/1200 [01:51<00:04, 10.19it/s]
AliNet:  97%|█████████████████████████████████████████████████▎ | 1159/1200 [01:51<00:03, 10.98it/s]
AliNet:  97%|█████████████████████████████████████████████████▎ | 1161/1200 [01:51<00:03, 11.58it/s]
AliNet:  97%|█████████████████████████████████████████████████▍ | 1163/1200 [01:51<00:03, 12.00it/s]
AliNet:  97%|█████████████████████████████████████████████████▌ | 1165/1200 [01:52<00:02, 12.33it/s]
AliNet:  97%|█████████████████████████████████████████████████▌ | 1167/1200 [01:52<00:02, 12.57it/s]
AliNet:  97%|█████████████████████████████████████████████████▋ | 1169/1200 [01:52<00:02, 12.79it/s]
AliNet:  98%|█████████████████████████████████████████████████▊ | 1171/1200 [01:52<00:02, 12.94it/s]
AliNet:  98%|█████████████████████████████████████████████████▊ | 1173/1200 [01:52<00:02, 13.06it/s]05:44:07 | INFO    | epoch 1175/1200 | loss=0.0190 align=0.0037 rel=0.0153
05:44:07 | INFO    |            [filtered] MRR=0.0694 Hit@1=0.0371 Hit@5=0.0818 Hit@10=0.1150 MR=809.5 n=6415
05:44:07 | INFO    |            [multiref] MRR=0.3366 Hit@1=0.2249 Hit@5=0.4478 Hit@10=0.5663 MR=63.1 n=498
05:44:08 | INFO    |            -> new best filtered MRR=0.0694 (saved model_best.pt)

AliNet:  98%|█████████████████████████████████████████████████▉ | 1175/1200 [01:53<00:04,  5.60it/s]
AliNet:  98%|██████████████████████████████████████████████████ | 1177/1200 [01:53<00:03,  6.79it/s]
AliNet:  98%|██████████████████████████████████████████████████ | 1179/1200 [01:53<00:02,  7.96it/s]
AliNet:  98%|██████████████████████████████████████████████████▏| 1181/1200 [01:54<00:02,  9.06it/s]
AliNet:  99%|██████████████████████████████████████████████████▎| 1183/1200 [01:54<00:01, 10.02it/s]
AliNet:  99%|██████████████████████████████████████████████████▎| 1185/1200 [01:54<00:01, 10.83it/s]
AliNet:  99%|██████████████████████████████████████████████████▍| 1187/1200 [01:54<00:01, 11.44it/s]
AliNet:  99%|██████████████████████████████████████████████████▌| 1189/1200 [01:54<00:00, 11.81it/s]
AliNet:  99%|██████████████████████████████████████████████████▌| 1191/1200 [01:54<00:00, 12.21it/s]
AliNet:  99%|██████████████████████████████████████████████████▋| 1193/1200 [01:54<00:00, 12.47it/s]
AliNet: 100%|██████████████████████████████████████████████████▊| 1195/1200 [01:55<00:00, 12.69it/s]
AliNet: 100%|██████████████████████████████████████████████████▊| 1197/1200 [01:55<00:00, 12.83it/s]
AliNet: 100%|██████████████████████████████████████████████████▉| 1199/1200 [01:55<00:00, 12.92it/s]05:44:10 | INFO    | epoch 1200/1200 | loss=0.0186 align=0.0034 rel=0.0152
05:44:10 | INFO    |            [filtered] MRR=0.0640 Hit@1=0.0343 Hit@5=0.0722 Hit@10=0.1018 MR=852.6 n=6415
05:44:10 | INFO    |            [multiref] MRR=0.3106 Hit@1=0.1948 Hit@5=0.4096 Hit@10=0.5442 MR=73.7 n=498

AliNet: 100%|███████████████████████████████████████████████████| 1200/1200 [01:55<00:00, 10.35it/s]
05:44:11 | INFO    | Done in 1.9 min. Best filtered MRR=0.0694 @ epoch 1175.
05:44:11 | INFO    | Final evaluation on the test split, read once
05:44:13 | INFO    |   [cosine] filtMRR=0.1232 H@1=0.0877 H@10=0.1806 n=47737 | mrefMRR=0.4402 H@1=0.3656
05:44:15 | INFO    |   [  csls] filtMRR=0.0860 H@1=0.0537 H@10=0.1350 n=47737 | mrefMRR=0.4111 H@1=0.3214
05:44:17 | INFO    |   [cosine] F1=0.3984 P=0.3081 R=0.5635 (threshold 0.856 from validation, validation F1=0.4131)
05:44:17 | INFO    | Wrote experiments/alinet_broadMatch-onco_20260929-054211/result.json
05:44:17 | INFO    | Finished. Best validation MRR=0.0694 @ epoch 1175.
