05:46:19 | INFO    | Model: bootea | seed 2026 | device: cuda:1
05:46:20 | INFO    | Regime broadMatch/onco | graph: 84,182 nodes, 131,238 triples, 50,435 UCPGx candidates
05:46:20 | INFO    |   broadMatch/pgx   train=  3,744 test=  8,599 (70%) queries= 6,866 by cluster    leakage=0.00%
05:46:20 | INFO    |   closeMatch       train=  2,738 test=  6,296 (70%) queries= 1,490 by cluster    leakage=0.00%
05:46:20 | INFO    |   sameAs           train= 19,942 test= 46,531 (70%) queries=10,883 by cluster    leakage=0.00%
05:46:20 | INFO    |   broadMatch/onco  train= 25,039 test= 47,737 (66%) queries= 2,032 intra-cluster leakage=0.00%
05:46:20 | INFO    |   relatedMatch     train=  2,801 test=  6,289 (69%) queries=   812 intra-cluster leakage=0.00%
05:46:20 | INFO    |   related          train=471,647 test=762,046 (62%) queries=16,977 intra-cluster leakage=0.00%
05:46:20 | INFO    | Data: {'num_entities': 84182, 'num_relations': 13, 'triples': 131238, 'train_pairs': 18624, 'val_pairs': 6415, 'candidates': 50435, 'unlabeled_pool': 47179}
05:46:22 | INFO    | Params: 25.26M
05:46:22 | INFO    | Run directory: experiments/bootea_broadMatch-onco_20260929-054619
05:46:22 | INFO    | BootEA | device=cuda:1 | {'num_entities': 84182, 'num_relations': 13, 'triples': 131238, 'train_pairs': 18624, 'val_pairs': 6415, 'candidates': 50435, 'unlabeled_pool': 47179} triples(+swap)=214842

BootEA:   0%|                                                              | 0/1000 [00:00<?, ?it/s]
BootEA:   0%|                                                      | 1/1000 [00:00<07:54,  2.11it/s]
BootEA:   0%|                                                      | 2/1000 [00:00<06:01,  2.76it/s]
BootEA:   0%|▏                                                     | 3/1000 [00:01<05:24,  3.07it/s]
BootEA:   0%|▏                                                     | 4/1000 [00:01<05:09,  3.22it/s]
BootEA:   0%|▎                                                     | 5/1000 [00:01<04:59,  3.32it/s]
BootEA:   1%|▎                                                     | 6/1000 [00:01<04:53,  3.39it/s]
BootEA:   1%|▍                                                     | 7/1000 [00:02<04:49,  3.43it/s]
BootEA:   1%|▍                                                     | 8/1000 [00:02<04:47,  3.45it/s]
BootEA:   1%|▍                                                     | 9/1000 [00:02<04:45,  3.47it/s]
BootEA:   1%|▌                                                    | 10/1000 [00:03<04:44,  3.49it/s]
BootEA:   1%|▌                                                    | 11/1000 [00:03<04:42,  3.49it/s]
BootEA:   1%|▋                                                    | 12/1000 [00:03<04:42,  3.50it/s]
BootEA:   1%|▋                                                    | 13/1000 [00:03<04:41,  3.50it/s]
BootEA:   1%|▋                                                    | 14/1000 [00:04<04:41,  3.51it/s]
BootEA:   2%|▊                                                    | 15/1000 [00:04<04:40,  3.51it/s]
BootEA:   2%|▊                                                    | 16/1000 [00:04<04:40,  3.51it/s]
BootEA:   2%|▉                                                    | 17/1000 [00:05<04:39,  3.51it/s]
BootEA:   2%|▉                                                    | 18/1000 [00:05<04:39,  3.51it/s]
BootEA:   2%|█                                                    | 19/1000 [00:05<04:39,  3.51it/s]05:46:28 | INFO    | epoch   20/1000 | loss=2865.6249 kge=2864.4403 align=0.1185 pseudo=0.0000 | eps-trunc refreshed
05:46:28 | INFO    |            [filtered] MRR=0.0659 Hit@1=0.0402 Hit@5=0.0828 Hit@10=0.1088 MR=2639.9 n=6415
05:46:28 | INFO    |            [multiref] MRR=0.4093 Hit@1=0.2892 Hit@5=0.5622 Hit@10=0.6124 MR=1244.2 n=498
05:46:29 | INFO    |            -> new best multiref MRR=0.4093 (saved model_best.pt)

BootEA:   2%|█                                                    | 20/1000 [00:06<09:22,  1.74it/s]
BootEA:   2%|█                                                    | 21/1000 [00:07<07:57,  2.05it/s]
BootEA:   2%|█▏                                                   | 22/1000 [00:07<06:56,  2.35it/s]
BootEA:   2%|█▏                                                   | 23/1000 [00:07<06:15,  2.60it/s]
BootEA:   2%|█▎                                                   | 24/1000 [00:07<05:49,  2.80it/s]
BootEA:   2%|█▎                                                   | 25/1000 [00:08<05:29,  2.96it/s]
BootEA:   3%|█▍                                                   | 26/1000 [00:08<05:13,  3.10it/s]
BootEA:   3%|█▍                                                   | 27/1000 [00:08<05:04,  3.20it/s]
BootEA:   3%|█▍                                                   | 28/1000 [00:09<04:58,  3.26it/s]
BootEA:   3%|█▌                                                   | 29/1000 [00:09<04:52,  3.32it/s]05:46:32 | INFO    | epoch   30/1000 | loss=6543.4872 kge=6538.7287 align=0.4759 pseudo=0.0000 | eps-trunc refreshed | bootstrap: 6929 pseudo-pairs (beta=1.0)

BootEA:   3%|█▌                                                   | 30/1000 [00:10<07:17,  2.22it/s]
BootEA:   3%|█▋                                                   | 31/1000 [00:10<07:02,  2.29it/s]
BootEA:   3%|█▋                                                   | 32/1000 [00:11<06:52,  2.35it/s]
BootEA:   3%|█▋                                                   | 33/1000 [00:11<06:44,  2.39it/s]
BootEA:   3%|█▊                                                   | 34/1000 [00:11<06:38,  2.42it/s]05:46:34 | INFO    | epoch   35/1000 | loss=6248.7568 kge=6244.0893 align=0.4270 pseudo=0.3978 | bootstrap: 8358 pseudo-pairs (beta=1.0)

BootEA:   4%|█▊                                                   | 35/1000 [00:12<07:43,  2.08it/s]
BootEA:   4%|█▉                                                   | 36/1000 [00:12<07:16,  2.21it/s]
BootEA:   4%|█▉                                                   | 37/1000 [00:13<06:57,  2.31it/s]
BootEA:   4%|██                                                   | 38/1000 [00:13<06:43,  2.38it/s]
BootEA:   4%|██                                                   | 39/1000 [00:14<06:34,  2.44it/s]05:46:37 | INFO    | epoch   40/1000 | loss=5954.5477 kge=5950.0883 align=0.4038 pseudo=0.4210 | eps-trunc refreshed | bootstrap: 9000 pseudo-pairs (beta=1.0)
05:46:37 | INFO    |            [filtered] MRR=0.1070 Hit@1=0.0645 Hit@5=0.1258 Hit@10=0.1694 MR=4638.9 n=6415
05:46:37 | INFO    |            [multiref] MRR=0.4937 Hit@1=0.3996 Hit@5=0.6124 Hit@10=0.6586 MR=1727.6 n=498
05:46:37 | INFO    |            -> new best multiref MRR=0.4937 (saved model_best.pt)

BootEA:   4%|██                                                   | 40/1000 [00:15<11:55,  1.34it/s]
BootEA:   4%|██▏                                                  | 41/1000 [00:15<10:11,  1.57it/s]
BootEA:   4%|██▏                                                  | 42/1000 [00:16<08:58,  1.78it/s]
BootEA:   4%|██▎                                                  | 43/1000 [00:16<08:09,  1.95it/s]
BootEA:   4%|██▎                                                  | 44/1000 [00:17<07:33,  2.11it/s]05:46:40 | INFO    | epoch   45/1000 | loss=6397.5919 kge=6392.8710 align=0.4306 pseudo=0.4146 | bootstrap: 9000 pseudo-pairs (beta=1.0)

BootEA:   4%|██▍                                                  | 45/1000 [00:17<08:16,  1.92it/s]
BootEA:   5%|██▍                                                  | 46/1000 [00:18<07:38,  2.08it/s]
BootEA:   5%|██▍                                                  | 47/1000 [00:18<07:12,  2.21it/s]
BootEA:   5%|██▌                                                  | 48/1000 [00:18<06:54,  2.30it/s]
BootEA:   5%|██▌                                                  | 49/1000 [00:19<06:40,  2.37it/s]05:46:42 | INFO    | epoch   50/1000 | loss=6253.1048 kge=6248.3524 align=0.4363 pseudo=0.3895 | eps-trunc refreshed | bootstrap: 9000 pseudo-pairs (beta=1.0)

BootEA:   5%|██▋                                                  | 50/1000 [00:20<08:55,  1.77it/s]
BootEA:   5%|██▋                                                  | 51/1000 [00:20<08:05,  1.95it/s]
BootEA:   5%|██▊                                                  | 52/1000 [00:20<07:31,  2.10it/s]
BootEA:   5%|██▊                                                  | 53/1000 [00:21<07:06,  2.22it/s]
BootEA:   5%|██▊                                                  | 54/1000 [00:21<06:49,  2.31it/s]05:46:44 | INFO    | epoch   55/1000 | loss=6042.5987 kge=6037.9834 align=0.4252 pseudo=0.3632 | bootstrap: 9000 pseudo-pairs (beta=1.0)

BootEA:   6%|██▉                                                  | 55/1000 [00:22<07:44,  2.04it/s]
BootEA:   6%|██▉                                                  | 56/1000 [00:22<07:15,  2.17it/s]
BootEA:   6%|███                                                  | 57/1000 [00:23<06:55,  2.27it/s]
BootEA:   6%|███                                                  | 58/1000 [00:23<06:41,  2.35it/s]
BootEA:   6%|███▏                                                 | 59/1000 [00:23<06:30,  2.41it/s]05:46:47 | INFO    | epoch   60/1000 | loss=5913.6313 kge=5909.1050 align=0.4178 pseudo=0.3479 | eps-trunc refreshed | bootstrap: 9000 pseudo-pairs (beta=1.0)
05:46:47 | INFO    |            [filtered] MRR=0.1134 Hit@1=0.0569 Hit@5=0.1472 Hit@10=0.1997 MR=3335.3 n=6415
05:46:47 | INFO    |            [multiref] MRR=0.4708 Hit@1=0.3614 Hit@5=0.6064 Hit@10=0.6667 MR=1091.6 n=498

BootEA:   6%|███▏                                                 | 60/1000 [00:25<10:46,  1.45it/s]
BootEA:   6%|███▏                                                 | 61/1000 [00:25<09:21,  1.67it/s]
BootEA:   6%|███▎                                                 | 62/1000 [00:26<08:21,  1.87it/s]
BootEA:   6%|███▎                                                 | 63/1000 [00:26<07:42,  2.03it/s]
BootEA:   6%|███▍                                                 | 64/1000 [00:26<07:12,  2.16it/s]05:46:49 | INFO    | epoch   65/1000 | loss=6193.9598 kge=6189.2974 align=0.4330 pseudo=0.3319 | bootstrap: 9000 pseudo-pairs (beta=1.0)

BootEA:   6%|███▍                                                 | 65/1000 [00:27<07:58,  1.95it/s]
BootEA:   7%|███▍                                                 | 66/1000 [00:27<07:24,  2.10it/s]
BootEA:   7%|███▌                                                 | 67/1000 [00:28<06:59,  2.22it/s]
BootEA:   7%|███▌                                                 | 68/1000 [00:28<06:43,  2.31it/s]
BootEA:   7%|███▋                                                 | 69/1000 [00:29<06:31,  2.38it/s]05:46:52 | INFO    | epoch   70/1000 | loss=6095.3194 kge=6090.6793 align=0.4328 pseudo=0.3124 | eps-trunc refreshed | bootstrap: 9000 pseudo-pairs (beta=1.0)

BootEA:   7%|███▋                                                 | 70/1000 [00:29<08:42,  1.78it/s]
BootEA:   7%|███▊                                                 | 71/1000 [00:30<07:54,  1.96it/s]
BootEA:   7%|███▊                                                 | 72/1000 [00:30<07:21,  2.10it/s]
BootEA:   7%|███▊                                                 | 73/1000 [00:31<06:57,  2.22it/s]
BootEA:   7%|███▉                                                 | 74/1000 [00:31<06:40,  2.31it/s]05:46:54 | INFO    | epoch   75/1000 | loss=5971.0359 kge=5966.5467 align=0.4192 pseudo=0.2968 | bootstrap: 9000 pseudo-pairs (beta=1.0)

BootEA:   8%|███▉                                                 | 75/1000 [00:32<07:33,  2.04it/s]
BootEA:   8%|████                                                 | 76/1000 [00:32<07:05,  2.17it/s]
BootEA:   8%|████                                                 | 77/1000 [00:32<06:45,  2.27it/s]
BootEA:   8%|████▏                                                | 78/1000 [00:33<06:32,  2.35it/s]
BootEA:   8%|████▏                                                | 79/1000 [00:33<06:22,  2.41it/s]05:46:56 | INFO    | epoch   80/1000 | loss=5878.4705 kge=5874.0561 align=0.4128 pseudo=0.2865 | eps-trunc refreshed | bootstrap: 9000 pseudo-pairs (beta=1.0)
05:46:57 | INFO    |            [filtered] MRR=0.1208 Hit@1=0.0567 Hit@5=0.1475 Hit@10=0.2234 MR=2891.4 n=6415
05:46:57 | INFO    |            [multiref] MRR=0.4650 Hit@1=0.3534 Hit@5=0.5884 Hit@10=0.6647 MR=954.6 n=498

BootEA:   8%|████▏                                                | 80/1000 [00:35<10:32,  1.45it/s]
BootEA:   8%|████▎                                                | 81/1000 [00:35<09:08,  1.67it/s]
BootEA:   8%|████▎                                                | 82/1000 [00:35<08:10,  1.87it/s]
BootEA:   8%|████▍                                                | 83/1000 [00:36<07:32,  2.03it/s]
BootEA:   8%|████▍                                                | 84/1000 [00:36<07:03,  2.17it/s]05:46:59 | INFO    | epoch   85/1000 | loss=6097.9136 kge=6093.3594 align=0.4280 pseudo=0.2743 | bootstrap: 9000 pseudo-pairs (beta=1.0)

BootEA:   8%|████▌                                                | 85/1000 [00:37<07:47,  1.96it/s]
BootEA:   9%|████▌                                                | 86/1000 [00:37<07:14,  2.11it/s]
BootEA:   9%|████▌                                                | 87/1000 [00:37<06:50,  2.23it/s]
BootEA:   9%|████▋                                                | 88/1000 [00:38<06:34,  2.31it/s]
BootEA:   9%|████▋                                                | 89/1000 [00:38<06:22,  2.38it/s]05:47:02 | INFO    | epoch   90/1000 | loss=6025.4814 kge=6020.9324 align=0.4282 pseudo=0.2666 | eps-trunc refreshed | bootstrap: 9000 pseudo-pairs (beta=1.0)

BootEA:   9%|████▊                                                | 90/1000 [00:39<08:31,  1.78it/s]
BootEA:   9%|████▊                                                | 91/1000 [00:40<07:44,  1.96it/s]
BootEA:   9%|████▉                                                | 92/1000 [00:40<07:12,  2.10it/s]
BootEA:   9%|████▉                                                | 93/1000 [00:40<06:48,  2.22it/s]
BootEA:   9%|████▉                                                | 94/1000 [00:41<06:31,  2.31it/s]05:47:04 | INFO    | epoch   95/1000 | loss=5895.3309 kge=5890.8969 align=0.4177 pseudo=0.2566 | bootstrap: 9000 pseudo-pairs (beta=1.0)

BootEA:  10%|█████                                                | 95/1000 [00:41<07:23,  2.04it/s]
BootEA:  10%|█████                                                | 96/1000 [00:42<06:56,  2.17it/s]
BootEA:  10%|█████▏                                               | 97/1000 [00:42<06:37,  2.27it/s]
BootEA:  10%|█████▏                                               | 98/1000 [00:43<06:23,  2.35it/s]
BootEA:  10%|█████▏                                               | 99/1000 [00:43<06:14,  2.41it/s]05:47:06 | INFO    | epoch  100/1000 | loss=5815.2810 kge=5810.9081 align=0.4125 pseudo=0.2475 | eps-trunc refreshed | bootstrap: 9000 pseudo-pairs (beta=1.0)
05:47:06 | INFO    |            [filtered] MRR=0.1322 Hit@1=0.0633 Hit@5=0.1537 Hit@10=0.2712 MR=2651.3 n=6415
05:47:06 | INFO    |            [multiref] MRR=0.4644 Hit@1=0.3574 Hit@5=0.5843 Hit@10=0.6466 MR=862.7 n=498

BootEA:  10%|█████▏                                              | 100/1000 [00:44<10:17,  1.46it/s]
BootEA:  10%|█████▎                                              | 101/1000 [00:45<08:56,  1.68it/s]
BootEA:  10%|█████▎                                              | 102/1000 [00:45<07:58,  1.88it/s]
BootEA:  10%|█████▎                                              | 103/1000 [00:45<07:22,  2.03it/s]
BootEA:  10%|█████▍                                              | 104/1000 [00:46<06:53,  2.16it/s]05:47:09 | INFO    | epoch  105/1000 | loss=6037.6147 kge=6033.1114 align=0.4263 pseudo=0.2404 | bootstrap: 9000 pseudo-pairs (beta=1.0)

BootEA:  10%|█████▍                                              | 105/1000 [00:46<07:38,  1.95it/s]
BootEA:  11%|█████▌                                              | 106/1000 [00:47<07:05,  2.10it/s]
BootEA:  11%|█████▌                                              | 107/1000 [00:47<06:41,  2.22it/s]
BootEA:  11%|█████▌                                              | 108/1000 [00:48<06:26,  2.31it/s]
BootEA:  11%|█████▋                                              | 109/1000 [00:48<06:14,  2.38it/s]05:47:11 | INFO    | epoch  110/1000 | loss=5973.1020 kge=5968.6075 align=0.4266 pseudo=0.2283 | eps-trunc refreshed | bootstrap: 9000 pseudo-pairs (beta=1.0)

BootEA:  11%|█████▋                                              | 110/1000 [00:49<08:20,  1.78it/s]
BootEA:  11%|█████▊                                              | 111/1000 [00:49<07:34,  1.95it/s]
BootEA:  11%|█████▊                                              | 112/1000 [00:50<07:02,  2.10it/s]
BootEA:  11%|█████▉                                              | 113/1000 [00:50<06:39,  2.22it/s]
BootEA:  11%|█████▉                                              | 114/1000 [00:50<06:22,  2.31it/s]05:47:13 | INFO    | epoch  115/1000 | loss=5856.1995 kge=5851.8430 align=0.4136 pseudo=0.2203 | bootstrap: 9000 pseudo-pairs (beta=1.0)

BootEA:  12%|█████▉                                              | 115/1000 [00:51<07:13,  2.04it/s]
BootEA:  12%|██████                                              | 116/1000 [00:51<06:47,  2.17it/s]
BootEA:  12%|██████                                              | 117/1000 [00:52<06:28,  2.27it/s]
BootEA:  12%|██████▏                                             | 118/1000 [00:52<06:15,  2.35it/s]
BootEA:  12%|██████▏                                             | 119/1000 [00:53<06:05,  2.41it/s]05:47:16 | INFO    | epoch  120/1000 | loss=5790.4911 kge=5786.1963 align=0.4079 pseudo=0.2161 | eps-trunc refreshed | bootstrap: 9000 pseudo-pairs (beta=1.0)
05:47:16 | INFO    |            [filtered] MRR=0.1415 Hit@1=0.0622 Hit@5=0.1693 Hit@10=0.3414 MR=2393.7 n=6415
05:47:16 | INFO    |            [multiref] MRR=0.4600 Hit@1=0.3534 Hit@5=0.5823 Hit@10=0.6486 MR=711.1 n=498

BootEA:  12%|██████▏                                             | 120/1000 [00:54<10:03,  1.46it/s]
BootEA:  12%|██████▎                                             | 121/1000 [00:54<08:43,  1.68it/s]
BootEA:  12%|██████▎                                             | 122/1000 [00:55<07:47,  1.88it/s]
BootEA:  12%|██████▍                                             | 123/1000 [00:55<07:11,  2.03it/s]
BootEA:  12%|██████▍                                             | 124/1000 [00:56<06:43,  2.17it/s]05:47:19 | INFO    | epoch  125/1000 | loss=6004.4803 kge=6000.0618 align=0.4209 pseudo=0.2093 | bootstrap: 9000 pseudo-pairs (beta=1.0)

BootEA:  12%|██████▌                                             | 125/1000 [00:56<07:26,  1.96it/s]
BootEA:  13%|██████▌                                             | 126/1000 [00:57<06:55,  2.10it/s]
BootEA:  13%|██████▌                                             | 127/1000 [00:57<06:32,  2.23it/s]
BootEA:  13%|██████▋                                             | 128/1000 [00:57<06:17,  2.31it/s]
BootEA:  13%|██████▋                                             | 129/1000 [00:58<06:05,  2.38it/s]05:47:21 | INFO    | epoch  130/1000 | loss=5950.3746 kge=5945.9418 align=0.4229 pseudo=0.2041 | eps-trunc refreshed | bootstrap: 9000 pseudo-pairs (beta=1.0)

BootEA:  13%|██████▊                                             | 130/1000 [00:59<08:08,  1.78it/s]
BootEA:  13%|██████▊                                             | 131/1000 [00:59<07:23,  1.96it/s]
BootEA:  13%|██████▊                                             | 132/1000 [00:59<06:51,  2.11it/s]
BootEA:  13%|██████▉                                             | 133/1000 [01:00<06:29,  2.23it/s]
BootEA:  13%|██████▉                                             | 134/1000 [01:00<06:13,  2.32it/s]05:47:23 | INFO    | epoch  135/1000 | loss=5827.0868 kge=5822.7826 align=0.4108 pseudo=0.1958 | bootstrap: 9000 pseudo-pairs (beta=1.0)

BootEA:  14%|███████                                             | 135/1000 [01:01<07:03,  2.04it/s]
BootEA:  14%|███████                                             | 136/1000 [01:01<06:37,  2.17it/s]
BootEA:  14%|███████                                             | 137/1000 [01:02<06:18,  2.28it/s]
BootEA:  14%|███████▏                                            | 138/1000 [01:02<06:06,  2.35it/s]
BootEA:  14%|███████▏                                            | 139/1000 [01:02<05:56,  2.41it/s]05:47:26 | INFO    | epoch  140/1000 | loss=5762.9979 kge=5758.7325 align=0.4074 pseudo=0.1916 | eps-trunc refreshed | bootstrap: 9000 pseudo-pairs (beta=1.0)
05:47:26 | INFO    |            [filtered] MRR=0.1507 Hit@1=0.0591 Hit@5=0.1978 Hit@10=0.4469 MR=2508.7 n=6415
05:47:26 | INFO    |            [multiref] MRR=0.4586 Hit@1=0.3554 Hit@5=0.5743 Hit@10=0.6486 MR=816.3 n=498

BootEA:  14%|███████▎                                            | 140/1000 [01:04<09:48,  1.46it/s]
BootEA:  14%|███████▎                                            | 141/1000 [01:04<08:31,  1.68it/s]
BootEA:  14%|███████▍                                            | 142/1000 [01:04<07:36,  1.88it/s]
BootEA:  14%|███████▍                                            | 143/1000 [01:05<07:01,  2.03it/s]
BootEA:  14%|███████▍                                            | 144/1000 [01:05<06:34,  2.17it/s]05:47:28 | INFO    | epoch  145/1000 | loss=5968.2658 kge=5963.8963 align=0.4183 pseudo=0.1869 | bootstrap: 9000 pseudo-pairs (beta=1.0)

BootEA:  14%|███████▌                                            | 145/1000 [01:06<07:16,  1.96it/s]
BootEA:  15%|███████▌                                            | 146/1000 [01:06<06:45,  2.11it/s]
BootEA:  15%|███████▋                                            | 147/1000 [01:07<06:22,  2.23it/s]
BootEA:  15%|███████▋                                            | 148/1000 [01:07<06:08,  2.31it/s]
BootEA:  15%|███████▋                                            | 149/1000 [01:07<05:56,  2.39it/s]05:47:31 | INFO    | epoch  150/1000 | loss=5916.1185 kge=5911.7243 align=0.4212 pseudo=0.1822 | eps-trunc refreshed | bootstrap: 9000 pseudo-pairs (beta=1.0)

BootEA:  15%|███████▊                                            | 150/1000 [01:08<07:57,  1.78it/s]
BootEA:  15%|███████▊                                            | 151/1000 [01:09<07:13,  1.96it/s]
BootEA:  15%|███████▉                                            | 152/1000 [01:09<06:42,  2.10it/s]
BootEA:  15%|███████▉                                            | 153/1000 [01:09<06:20,  2.22it/s]
BootEA:  15%|████████                                            | 154/1000 [01:10<06:05,  2.32it/s]05:47:33 | INFO    | epoch  155/1000 | loss=5800.5356 kge=5796.2784 align=0.4079 pseudo=0.1779 | bootstrap: 9000 pseudo-pairs (beta=1.0)

BootEA:  16%|████████                                            | 155/1000 [01:10<06:53,  2.04it/s]
BootEA:  16%|████████                                            | 156/1000 [01:11<06:28,  2.17it/s]
BootEA:  16%|████████▏                                           | 157/1000 [01:11<06:10,  2.28it/s]
BootEA:  16%|████████▏                                           | 158/1000 [01:12<05:57,  2.35it/s]
BootEA:  16%|████████▎                                           | 159/1000 [01:12<05:48,  2.41it/s]05:47:35 | INFO    | epoch  160/1000 | loss=5747.9194 kge=5743.7059 align=0.4040 pseudo=0.1736 | eps-trunc refreshed | bootstrap: 9000 pseudo-pairs (beta=1.0)
05:47:36 | INFO    |            [filtered] MRR=0.1545 Hit@1=0.0560 Hit@5=0.2284 Hit@10=0.4831 MR=2354.5 n=6415
05:47:36 | INFO    |            [multiref] MRR=0.4475 Hit@1=0.3414 Hit@5=0.5723 Hit@10=0.6386 MR=727.3 n=498

BootEA:  16%|████████▎                                           | 160/1000 [01:13<09:36,  1.46it/s]
BootEA:  16%|████████▎                                           | 161/1000 [01:14<08:20,  1.68it/s]
BootEA:  16%|████████▍                                           | 162/1000 [01:14<07:27,  1.87it/s]
BootEA:  16%|████████▍                                           | 163/1000 [01:15<06:52,  2.03it/s]
BootEA:  16%|████████▌                                           | 164/1000 [01:15<06:25,  2.17it/s]05:47:38 | INFO    | epoch  165/1000 | loss=5945.7331 kge=5941.4175 align=0.4146 pseudo=0.1696 | bootstrap: 9000 pseudo-pairs (beta=1.0)

BootEA:  16%|████████▌                                           | 165/1000 [01:16<07:06,  1.96it/s]
BootEA:  17%|████████▋                                           | 166/1000 [01:16<06:36,  2.10it/s]
BootEA:  17%|████████▋                                           | 167/1000 [01:16<06:14,  2.23it/s]
BootEA:  17%|████████▋                                           | 168/1000 [01:17<05:59,  2.31it/s]
BootEA:  17%|████████▊                                           | 169/1000 [01:17<05:48,  2.38it/s]05:47:40 | INFO    | epoch  170/1000 | loss=5896.5103 kge=5892.1428 align=0.4200 pseudo=0.1674 | eps-trunc refreshed | bootstrap: 9000 pseudo-pairs (beta=1.0)

BootEA:  17%|████████▊                                           | 170/1000 [01:18<07:45,  1.78it/s]
BootEA:  17%|████████▉                                           | 171/1000 [01:18<07:03,  1.96it/s]
BootEA:  17%|████████▉                                           | 172/1000 [01:19<06:33,  2.10it/s]
BootEA:  17%|████████▉                                           | 173/1000 [01:19<06:12,  2.22it/s]
BootEA:  17%|█████████                                           | 174/1000 [01:20<05:56,  2.32it/s]05:47:43 | INFO    | epoch  175/1000 | loss=5783.5685 kge=5779.3297 align=0.4078 pseudo=0.1612 | bootstrap: 9000 pseudo-pairs (beta=1.0)

BootEA:  18%|█████████                                           | 175/1000 [01:20<06:44,  2.04it/s]
BootEA:  18%|█████████▏                                          | 176/1000 [01:21<06:19,  2.17it/s]
BootEA:  18%|█████████▏                                          | 177/1000 [01:21<06:01,  2.27it/s]
BootEA:  18%|█████████▎                                          | 178/1000 [01:21<05:49,  2.35it/s]
BootEA:  18%|█████████▎                                          | 179/1000 [01:22<05:40,  2.41it/s]05:47:45 | INFO    | epoch  180/1000 | loss=5726.2524 kge=5722.0539 align=0.4038 pseudo=0.1610 | eps-trunc refreshed | bootstrap: 9000 pseudo-pairs (beta=1.0)
05:47:45 | INFO    |            [filtered] MRR=0.1475 Hit@1=0.0536 Hit@5=0.2064 Hit@10=0.4535 MR=2443.2 n=6415
05:47:45 | INFO    |            [multiref] MRR=0.4387 Hit@1=0.3293 Hit@5=0.5723 Hit@10=0.6526 MR=730.2 n=498

BootEA:  18%|█████████▎                                          | 180/1000 [01:23<09:25,  1.45it/s]
BootEA:  18%|█████████▍                                          | 181/1000 [01:23<08:10,  1.67it/s]
BootEA:  18%|█████████▍                                          | 182/1000 [01:24<07:17,  1.87it/s]
BootEA:  18%|█████████▌                                          | 183/1000 [01:24<06:43,  2.03it/s]
BootEA:  18%|█████████▌                                          | 184/1000 [01:25<06:17,  2.16it/s]05:47:48 | INFO    | epoch  185/1000 | loss=5928.6995 kge=5924.4140 align=0.4130 pseudo=0.1560 | bootstrap: 9000 pseudo-pairs (beta=1.0)

BootEA:  18%|█████████▌                                          | 185/1000 [01:25<06:57,  1.95it/s]
BootEA:  19%|█████████▋                                          | 186/1000 [01:26<06:27,  2.10it/s]
BootEA:  19%|█████████▋                                          | 187/1000 [01:26<06:05,  2.22it/s]
BootEA:  19%|█████████▊                                          | 188/1000 [01:26<05:51,  2.31it/s]
BootEA:  19%|█████████▊                                          | 189/1000 [01:27<05:40,  2.38it/s]05:47:50 | INFO    | epoch  190/1000 | loss=5874.9228 kge=5870.6152 align=0.4155 pseudo=0.1524 | eps-trunc refreshed | bootstrap: 9000 pseudo-pairs (beta=1.0)

BootEA:  19%|█████████▉                                          | 190/1000 [01:28<07:35,  1.78it/s]
BootEA:  19%|█████████▉                                          | 191/1000 [01:28<06:53,  1.96it/s]
BootEA:  19%|█████████▉                                          | 192/1000 [01:29<06:23,  2.10it/s]
BootEA:  19%|██████████                                          | 193/1000 [01:29<06:02,  2.23it/s]
BootEA:  19%|██████████                                          | 194/1000 [01:29<05:48,  2.31it/s]05:47:52 | INFO    | epoch  195/1000 | loss=5768.7076 kge=5764.5033 align=0.4055 pseudo=0.1494 | bootstrap: 9000 pseudo-pairs (beta=1.0)

BootEA:  20%|██████████▏                                         | 195/1000 [01:30<06:34,  2.04it/s]
BootEA:  20%|██████████▏                                         | 196/1000 [01:30<06:10,  2.17it/s]
BootEA:  20%|██████████▏                                         | 197/1000 [01:31<05:52,  2.28it/s]
BootEA:  20%|██████████▎                                         | 198/1000 [01:31<05:40,  2.35it/s]
BootEA:  20%|██████████▎                                         | 199/1000 [01:31<05:32,  2.41it/s]05:47:55 | INFO    | epoch  200/1000 | loss=5716.9479 kge=5712.7839 align=0.4019 pseudo=0.1453 | eps-trunc refreshed | bootstrap: 9000 pseudo-pairs (beta=1.0)
05:47:55 | INFO    |            [filtered] MRR=0.1491 Hit@1=0.0525 Hit@5=0.2087 Hit@10=0.4937 MR=2469.3 n=6415
05:47:55 | INFO    |            [multiref] MRR=0.4376 Hit@1=0.3253 Hit@5=0.5683 Hit@10=0.6466 MR=721.1 n=498

BootEA:  20%|██████████▍                                         | 200/1000 [01:33<09:11,  1.45it/s]
BootEA:  20%|██████████▍                                         | 201/1000 [01:33<07:58,  1.67it/s]
BootEA:  20%|██████████▌                                         | 202/1000 [01:34<07:06,  1.87it/s]
BootEA:  20%|██████████▌                                         | 203/1000 [01:34<06:33,  2.03it/s]
BootEA:  20%|██████████▌                                         | 204/1000 [01:34<06:07,  2.16it/s]05:47:57 | INFO    | epoch  205/1000 | loss=5920.7095 kge=5916.4605 align=0.4107 pseudo=0.1419 | bootstrap: 9000 pseudo-pairs (beta=1.0)

BootEA:  20%|██████████▋                                         | 205/1000 [01:35<06:47,  1.95it/s]
BootEA:  21%|██████████▋                                         | 206/1000 [01:35<06:17,  2.10it/s]
BootEA:  21%|██████████▊                                         | 207/1000 [01:36<05:56,  2.22it/s]
BootEA:  21%|██████████▊                                         | 208/1000 [01:36<05:42,  2.31it/s]
BootEA:  21%|██████████▊                                         | 209/1000 [01:37<05:31,  2.38it/s]05:48:00 | INFO    | epoch  210/1000 | loss=5873.2496 kge=5868.9641 align=0.4143 pseudo=0.1427 | eps-trunc refreshed | bootstrap: 9000 pseudo-pairs (beta=1.0)

BootEA:  21%|██████████▉                                         | 210/1000 [01:37<07:23,  1.78it/s]
BootEA:  21%|██████████▉                                         | 211/1000 [01:38<06:42,  1.96it/s]
BootEA:  21%|███████████                                         | 212/1000 [01:38<06:14,  2.11it/s]
BootEA:  21%|███████████                                         | 213/1000 [01:39<05:53,  2.23it/s]
BootEA:  21%|███████████▏                                        | 214/1000 [01:39<05:39,  2.32it/s]05:48:02 | INFO    | epoch  215/1000 | loss=5767.9763 kge=5763.7932 align=0.4046 pseudo=0.1368 | bootstrap: 9000 pseudo-pairs (beta=1.0)

BootEA:  22%|███████████▏                                        | 215/1000 [01:40<06:23,  2.04it/s]
BootEA:  22%|███████████▏                                        | 216/1000 [01:40<06:00,  2.18it/s]
BootEA:  22%|███████████▎                                        | 217/1000 [01:40<05:43,  2.28it/s]
BootEA:  22%|███████████▎                                        | 218/1000 [01:41<05:32,  2.35it/s]
BootEA:  22%|███████████▍                                        | 219/1000 [01:41<05:23,  2.41it/s]05:48:04 | INFO    | epoch  220/1000 | loss=5713.4399 kge=5709.2876 align=0.4016 pseudo=0.1366 | eps-trunc refreshed | bootstrap: 9000 pseudo-pairs (beta=1.0)
05:48:05 | INFO    |            [filtered] MRR=0.1471 Hit@1=0.0485 Hit@5=0.2064 Hit@10=0.5096 MR=2416.4 n=6415
05:48:05 | INFO    |            [multiref] MRR=0.4217 Hit@1=0.3092 Hit@5=0.5542 Hit@10=0.6426 MR=703.5 n=498

BootEA:  22%|███████████▍                                        | 220/1000 [01:43<08:56,  1.45it/s]
BootEA:  22%|███████████▍                                        | 221/1000 [01:43<07:45,  1.67it/s]
BootEA:  22%|███████████▌                                        | 222/1000 [01:43<06:55,  1.87it/s]
BootEA:  22%|███████████▌                                        | 223/1000 [01:44<06:23,  2.03it/s]
BootEA:  22%|███████████▋                                        | 224/1000 [01:44<05:58,  2.17it/s]05:48:07 | INFO    | epoch  225/1000 | loss=5903.6657 kge=5899.4421 align=0.4091 pseudo=0.1321 | bootstrap: 9000 pseudo-pairs (beta=1.0)

BootEA:  22%|███████████▋                                        | 225/1000 [01:45<06:36,  1.96it/s]
BootEA:  23%|███████████▊                                        | 226/1000 [01:45<06:07,  2.10it/s]
BootEA:  23%|███████████▊                                        | 227/1000 [01:46<05:47,  2.23it/s]
BootEA:  23%|███████████▊                                        | 228/1000 [01:46<05:33,  2.31it/s]
BootEA:  23%|███████████▉                                        | 229/1000 [01:46<05:23,  2.39it/s]05:48:10 | INFO    | epoch  230/1000 | loss=5858.2426 kge=5853.9950 align=0.4114 pseudo=0.1337 | eps-trunc refreshed | bootstrap: 9000 pseudo-pairs (beta=1.0)

BootEA:  23%|███████████▉                                        | 230/1000 [01:47<07:11,  1.78it/s]
BootEA:  23%|████████████                                        | 231/1000 [01:48<06:32,  1.96it/s]
BootEA:  23%|████████████                                        | 232/1000 [01:48<06:04,  2.11it/s]
BootEA:  23%|████████████                                        | 233/1000 [01:48<05:44,  2.23it/s]
BootEA:  23%|████████████▏                                       | 234/1000 [01:49<05:30,  2.32it/s]05:48:12 | INFO    | epoch  235/1000 | loss=5751.6862 kge=5747.5366 align=0.4021 pseudo=0.1286 | bootstrap: 9000 pseudo-pairs (beta=1.0)

BootEA:  24%|████████████▏                                       | 235/1000 [01:49<06:13,  2.05it/s]
BootEA:  24%|████████████▎                                       | 236/1000 [01:50<05:51,  2.18it/s]
BootEA:  24%|████████████▎                                       | 237/1000 [01:50<05:34,  2.28it/s]
BootEA:  24%|████████████▍                                       | 238/1000 [01:51<05:23,  2.36it/s]
BootEA:  24%|████████████▍                                       | 239/1000 [01:51<05:15,  2.42it/s]05:48:14 | INFO    | epoch  240/1000 | loss=5701.7465 kge=5697.6281 align=0.3993 pseudo=0.1257 | eps-trunc refreshed | bootstrap: 9000 pseudo-pairs (beta=1.0)
05:48:14 | INFO    |            [filtered] MRR=0.1438 Hit@1=0.0447 Hit@5=0.2047 Hit@10=0.5026 MR=2379.7 n=6415
05:48:14 | INFO    |            [multiref] MRR=0.4144 Hit@1=0.2912 Hit@5=0.5643 Hit@10=0.6426 MR=655.4 n=498

BootEA:  24%|████████████▍                                       | 240/1000 [01:52<08:40,  1.46it/s]
BootEA:  24%|████████████▌                                       | 241/1000 [01:53<07:32,  1.68it/s]
BootEA:  24%|████████████▌                                       | 242/1000 [01:53<06:43,  1.88it/s]
BootEA:  24%|████████████▋                                       | 243/1000 [01:53<06:12,  2.03it/s]
BootEA:  24%|████████████▋                                       | 244/1000 [01:54<05:48,  2.17it/s]05:48:17 | INFO    | epoch  245/1000 | loss=5892.0893 kge=5887.8815 align=0.4081 pseudo=0.1265 | bootstrap: 9000 pseudo-pairs (beta=1.0)

BootEA:  24%|████████████▋                                       | 245/1000 [01:54<06:25,  1.96it/s]
BootEA:  25%|████████████▊                                       | 246/1000 [01:55<05:57,  2.11it/s]
BootEA:  25%|████████████▊                                       | 247/1000 [01:55<05:37,  2.23it/s]
BootEA:  25%|████████████▉                                       | 248/1000 [01:56<05:25,  2.31it/s]
BootEA:  25%|████████████▉                                       | 249/1000 [01:56<05:14,  2.39it/s]05:48:19 | INFO    | epoch  250/1000 | loss=5849.0296 kge=5844.7895 align=0.4117 pseudo=0.1226 | eps-trunc refreshed | bootstrap: 9000 pseudo-pairs (beta=1.0)

BootEA:  25%|█████████████                                       | 250/1000 [01:57<07:00,  1.78it/s]
BootEA:  25%|█████████████                                       | 251/1000 [01:57<06:21,  1.96it/s]
BootEA:  25%|█████████████                                       | 252/1000 [01:58<05:54,  2.11it/s]
BootEA:  25%|█████████████▏                                      | 253/1000 [01:58<05:35,  2.23it/s]
BootEA:  25%|█████████████▏                                      | 254/1000 [01:58<05:21,  2.32it/s]05:48:21 | INFO    | epoch  255/1000 | loss=5739.9577 kge=5735.8154 align=0.4021 pseudo=0.1212 | bootstrap: 9000 pseudo-pairs (beta=1.0)

BootEA:  26%|█████████████▎                                      | 255/1000 [01:59<06:04,  2.04it/s]
BootEA:  26%|█████████████▎                                      | 256/1000 [01:59<05:42,  2.17it/s]
BootEA:  26%|█████████████▎                                      | 257/1000 [02:00<05:26,  2.28it/s]
BootEA:  26%|█████████████▍                                      | 258/1000 [02:00<05:14,  2.36it/s]
BootEA:  26%|█████████████▍                                      | 259/1000 [02:01<05:06,  2.42it/s]05:48:24 | INFO    | epoch  260/1000 | loss=5697.7572 kge=5693.6412 align=0.3997 pseudo=0.1188 | eps-trunc refreshed | bootstrap: 9000 pseudo-pairs (beta=1.0)
05:48:24 | INFO    |            [filtered] MRR=0.1452 Hit@1=0.0452 Hit@5=0.2114 Hit@10=0.5194 MR=2424.7 n=6415
05:48:24 | INFO    |            [multiref] MRR=0.4162 Hit@1=0.2992 Hit@5=0.5622 Hit@10=0.6426 MR=684.0 n=498

BootEA:  26%|█████████████▌                                      | 260/1000 [02:02<08:25,  1.46it/s]
BootEA:  26%|█████████████▌                                      | 261/1000 [02:02<07:18,  1.69it/s]
BootEA:  26%|█████████████▌                                      | 262/1000 [02:03<06:31,  1.88it/s]
BootEA:  26%|█████████████▋                                      | 263/1000 [02:03<06:00,  2.04it/s]
BootEA:  26%|█████████████▋                                      | 264/1000 [02:03<05:37,  2.18it/s]05:48:26 | INFO    | epoch  265/1000 | loss=5879.6808 kge=5875.5156 align=0.4047 pseudo=0.1181 | bootstrap: 9000 pseudo-pairs (beta=1.0)

BootEA:  26%|█████████████▊                                      | 265/1000 [02:04<06:14,  1.96it/s]
BootEA:  27%|█████████████▊                                      | 266/1000 [02:05<05:46,  2.12it/s]
BootEA:  27%|█████████████▉                                      | 267/1000 [02:05<05:27,  2.24it/s]
BootEA:  27%|█████████████▉                                      | 268/1000 [02:05<05:14,  2.33it/s]
BootEA:  27%|█████████████▉                                      | 269/1000 [02:06<05:04,  2.40it/s]05:48:29 | INFO    | epoch  270/1000 | loss=5842.2148 kge=5838.0218 align=0.4078 pseudo=0.1152 | eps-trunc refreshed | bootstrap: 9000 pseudo-pairs (beta=1.0)

BootEA:  27%|██████████████                                      | 270/1000 [02:07<06:52,  1.77it/s]
BootEA:  27%|██████████████                                      | 271/1000 [02:07<06:13,  1.95it/s]
BootEA:  27%|██████████████▏                                     | 272/1000 [02:07<05:46,  2.10it/s]
BootEA:  27%|██████████████▏                                     | 273/1000 [02:08<05:26,  2.23it/s]
BootEA:  27%|██████████████▏                                     | 274/1000 [02:08<05:13,  2.32it/s]05:48:31 | INFO    | epoch  275/1000 | loss=5733.1640 kge=5729.0568 align=0.3993 pseudo=0.1146 | bootstrap: 9000 pseudo-pairs (beta=1.0)

BootEA:  28%|██████████████▎                                     | 275/1000 [02:09<05:53,  2.05it/s]
BootEA:  28%|██████████████▎                                     | 276/1000 [02:09<05:32,  2.18it/s]
BootEA:  28%|██████████████▍                                     | 277/1000 [02:10<05:16,  2.29it/s]
BootEA:  28%|██████████████▍                                     | 278/1000 [02:10<05:05,  2.37it/s]
BootEA:  28%|██████████████▌                                     | 279/1000 [02:10<04:57,  2.42it/s]05:48:34 | INFO    | epoch  280/1000 | loss=5687.5383 kge=5683.4603 align=0.3966 pseudo=0.1123 | eps-trunc refreshed | bootstrap: 9000 pseudo-pairs (beta=1.0)
05:48:34 | INFO    |            [filtered] MRR=0.1458 Hit@1=0.0449 Hit@5=0.2106 Hit@10=0.5267 MR=2357.3 n=6415
05:48:34 | INFO    |            [multiref] MRR=0.4098 Hit@1=0.2912 Hit@5=0.5622 Hit@10=0.6325 MR=651.3 n=498
05:48:34 | INFO    |            early stop (best=0.4937 @ 40).

BootEA:  28%|██████████████▌                                     | 279/1000 [02:12<05:41,  2.11it/s]
05:48:34 | INFO    | Done in 2.2 min. Best multiref MRR=0.4937 @ epoch 40.
05:48:34 | INFO    | Final evaluation on the test split, read once
05:48:36 | INFO    |   [cosine] filtMRR=0.1134 H@1=0.0661 H@10=0.2006 n=47737 | mrefMRR=0.4645 H@1=0.3607
05:48:38 | INFO    |   [  csls] filtMRR=0.0636 H@1=0.0297 H@10=0.1295 n=47737 | mrefMRR=0.3815 H@1=0.2662
05:48:41 | INFO    |   [cosine] F1=0.4187 P=0.3309 R=0.5699 (threshold 0.466 from validation, validation F1=0.4743)
05:48:41 | INFO    | Wrote experiments/bootea_broadMatch-onco_20260929-054619/result.json
05:48:41 | INFO    | Finished. Best validation MRR=0.4937 @ epoch 40.
