05:48:24 | INFO    | Model: jape | seed 2026 | device: cuda:0
05:48:24 | INFO    | Regime broadMatch/onco | graph: 84,182 nodes, 131,238 triples, 50,435 UCPGx candidates
05:48:24 | INFO    |   broadMatch/pgx   train=  3,744 test=  8,599 (70%) queries= 6,866 by cluster    leakage=0.00%
05:48:24 | INFO    |   closeMatch       train=  2,738 test=  6,296 (70%) queries= 1,490 by cluster    leakage=0.00%
05:48:24 | INFO    |   sameAs           train= 19,942 test= 46,531 (70%) queries=10,883 by cluster    leakage=0.00%
05:48:24 | INFO    |   broadMatch/onco  train= 25,039 test= 47,737 (66%) queries= 2,032 intra-cluster leakage=0.00%
05:48:24 | INFO    |   relatedMatch     train=  2,801 test=  6,289 (69%) queries=   812 intra-cluster leakage=0.00%
05:48:24 | INFO    |   related          train=471,647 test=762,046 (62%) queries=16,977 intra-cluster leakage=0.00%
05:48:25 | INFO    | Data: {'num_entities': 84182, 'num_relations': 13, 'triples': 131238, 'train_pairs': 18624, 'val_pairs': 6415, 'candidates': 50435, 'unlabeled_pool': 47179}
05:48:26 | INFO    | Params: 33.68M
05:48:26 | INFO    | Run directory: experiments/jape_broadMatch-onco_20260929-054824
05:48:26 | INFO    | JAPE | device=cuda:0 | {'num_entities': 84182, 'num_relations': 13, 'triples': 131238, 'train_pairs': 18624, 'val_pairs': 6415, 'candidates': 50435, 'unlabeled_pool': 47179} merge=link loss=margin canonical=84182

JAPE:   0%|                                                                 | 0/400 [00:00<?, ?it/s]
JAPE:   0%|▏                                                        | 1/400 [00:00<02:14,  2.96it/s]
JAPE:   0%|▎                                                        | 2/400 [00:00<01:31,  4.33it/s]
JAPE:   1%|▍                                                        | 3/400 [00:00<01:18,  5.07it/s]
JAPE:   1%|▌                                                        | 4/400 [00:00<01:11,  5.52it/s]
JAPE:   1%|▋                                                        | 5/400 [00:00<01:08,  5.80it/s]
JAPE:   2%|▊                                                        | 6/400 [00:01<01:05,  5.98it/s]
JAPE:   2%|▉                                                        | 7/400 [00:01<01:04,  6.11it/s]
JAPE:   2%|█▏                                                       | 8/400 [00:01<01:03,  6.19it/s]
JAPE:   2%|█▎                                                       | 9/400 [00:01<01:02,  6.24it/s]05:48:28 | INFO    | epoch   10/400 | loss=0.0038
05:48:28 | INFO    |            [filtered] MRR=0.0870 Hit@1=0.0513 Hit@5=0.1135 Hit@10=0.1489 MR=1091.3 n=6415
05:48:28 | INFO    |            [multiref] MRR=0.4034 Hit@1=0.3012 Hit@5=0.5040 Hit@10=0.5803 MR=200.5 n=498
05:48:29 | INFO    |            -> new best multiref MRR=0.4034 (saved model_best.pt)

JAPE:   2%|█▍                                                      | 10/400 [00:02<02:32,  2.56it/s]
JAPE:   3%|█▌                                                      | 11/400 [00:02<02:04,  3.13it/s]
JAPE:   3%|█▋                                                      | 12/400 [00:02<01:44,  3.70it/s]
JAPE:   3%|█▊                                                      | 13/400 [00:02<01:31,  4.24it/s]
JAPE:   4%|█▉                                                      | 14/400 [00:03<01:21,  4.71it/s]
JAPE:   4%|██                                                      | 15/400 [00:03<01:15,  5.11it/s]
JAPE:   4%|██▏                                                     | 16/400 [00:03<01:10,  5.43it/s]
JAPE:   4%|██▍                                                     | 17/400 [00:03<01:07,  5.69it/s]
JAPE:   4%|██▌                                                     | 18/400 [00:03<01:05,  5.87it/s]
JAPE:   5%|██▋                                                     | 19/400 [00:03<01:03,  6.01it/s]05:48:30 | INFO    | epoch   20/400 | loss=0.0018
05:48:30 | INFO    |            [filtered] MRR=0.1293 Hit@1=0.0906 Hit@5=0.1620 Hit@10=0.2005 MR=867.5 n=6415
05:48:30 | INFO    |            [multiref] MRR=0.4678 Hit@1=0.3855 Hit@5=0.5522 Hit@10=0.6165 MR=136.8 n=498
05:48:31 | INFO    |            -> new best multiref MRR=0.4678 (saved model_best.pt)

JAPE:   5%|██▊                                                     | 20/400 [00:04<02:28,  2.55it/s]
JAPE:   5%|██▉                                                     | 21/400 [00:04<02:01,  3.11it/s]
JAPE:   6%|███                                                     | 22/400 [00:05<01:42,  3.67it/s]
JAPE:   6%|███▏                                                    | 23/400 [00:05<01:29,  4.21it/s]
JAPE:   6%|███▎                                                    | 24/400 [00:05<01:20,  4.68it/s]
JAPE:   6%|███▌                                                    | 25/400 [00:05<01:13,  5.09it/s]
JAPE:   6%|███▋                                                    | 26/400 [00:05<01:09,  5.42it/s]
JAPE:   7%|███▊                                                    | 27/400 [00:05<01:05,  5.67it/s]
JAPE:   7%|███▉                                                    | 28/400 [00:06<01:03,  5.86it/s]
JAPE:   7%|████                                                    | 29/400 [00:06<01:01,  6.01it/s]05:48:32 | INFO    | epoch   30/400 | loss=0.0015
05:48:33 | INFO    |            [filtered] MRR=0.1448 Hit@1=0.1066 Hit@5=0.1769 Hit@10=0.2192 MR=728.9 n=6415
05:48:33 | INFO    |            [multiref] MRR=0.4977 Hit@1=0.4378 Hit@5=0.5542 Hit@10=0.6165 MR=118.4 n=498
05:48:33 | INFO    |            -> new best multiref MRR=0.4977 (saved model_best.pt)

JAPE:   8%|████▏                                                   | 30/400 [00:07<02:24,  2.56it/s]
JAPE:   8%|████▎                                                   | 31/400 [00:07<01:58,  3.11it/s]
JAPE:   8%|████▍                                                   | 32/400 [00:07<01:40,  3.68it/s]
JAPE:   8%|████▌                                                   | 33/400 [00:07<01:27,  4.21it/s]
JAPE:   8%|████▊                                                   | 34/400 [00:07<01:18,  4.69it/s]
JAPE:   9%|████▉                                                   | 35/400 [00:07<01:11,  5.09it/s]
JAPE:   9%|█████                                                   | 36/400 [00:08<01:07,  5.42it/s]
JAPE:   9%|█████▏                                                  | 37/400 [00:08<01:05,  5.55it/s]
JAPE:  10%|█████▎                                                  | 38/400 [00:08<01:02,  5.78it/s]
JAPE:  10%|█████▍                                                  | 39/400 [00:08<01:00,  5.94it/s]05:48:35 | INFO    | epoch   40/400 | loss=0.0013
05:48:35 | INFO    |            [filtered] MRR=0.1454 Hit@1=0.1099 Hit@5=0.1800 Hit@10=0.2133 MR=726.3 n=6415
05:48:35 | INFO    |            [multiref] MRR=0.4852 Hit@1=0.4157 Hit@5=0.5683 Hit@10=0.6104 MR=58.6 n=498

JAPE:  10%|█████▌                                                  | 40/400 [00:09<01:44,  3.44it/s]
JAPE:  10%|█████▋                                                  | 41/400 [00:09<01:30,  3.99it/s]
JAPE:  10%|█████▉                                                  | 42/400 [00:09<01:19,  4.49it/s]
JAPE:  11%|██████                                                  | 43/400 [00:09<01:12,  4.93it/s]
JAPE:  11%|██████▏                                                 | 44/400 [00:09<01:07,  5.29it/s]
JAPE:  11%|██████▎                                                 | 45/400 [00:09<01:04,  5.54it/s]
JAPE:  12%|██████▍                                                 | 46/400 [00:10<01:01,  5.77it/s]
JAPE:  12%|██████▌                                                 | 47/400 [00:10<00:59,  5.93it/s]
JAPE:  12%|██████▋                                                 | 48/400 [00:10<00:58,  6.06it/s]
JAPE:  12%|██████▊                                                 | 49/400 [00:10<00:57,  6.15it/s]05:48:37 | INFO    | epoch   50/400 | loss=0.0013
05:48:37 | INFO    |            [filtered] MRR=0.1397 Hit@1=0.1023 Hit@5=0.1758 Hit@10=0.2087 MR=742.8 n=6415
05:48:37 | INFO    |            [multiref] MRR=0.4786 Hit@1=0.3996 Hit@5=0.5683 Hit@10=0.6225 MR=69.3 n=498

JAPE:  12%|███████                                                 | 50/400 [00:11<01:40,  3.50it/s]
JAPE:  13%|███████▏                                                | 51/400 [00:11<01:26,  4.04it/s]
JAPE:  13%|███████▎                                                | 52/400 [00:11<01:16,  4.54it/s]
JAPE:  13%|███████▍                                                | 53/400 [00:11<01:09,  4.97it/s]
JAPE:  14%|███████▌                                                | 54/400 [00:11<01:05,  5.32it/s]
JAPE:  14%|███████▋                                                | 55/400 [00:11<01:01,  5.60it/s]
JAPE:  14%|███████▊                                                | 56/400 [00:12<00:59,  5.81it/s]
JAPE:  14%|███████▉                                                | 57/400 [00:12<00:57,  5.96it/s]
JAPE:  14%|████████                                                | 58/400 [00:12<00:56,  6.08it/s]
JAPE:  15%|████████▎                                               | 59/400 [00:12<00:55,  6.16it/s]05:48:39 | INFO    | epoch   60/400 | loss=0.0012
05:48:39 | INFO    |            [filtered] MRR=0.1407 Hit@1=0.1063 Hit@5=0.1704 Hit@10=0.2061 MR=825.1 n=6415
05:48:39 | INFO    |            [multiref] MRR=0.4727 Hit@1=0.3936 Hit@5=0.5562 Hit@10=0.6124 MR=50.7 n=498

JAPE:  15%|████████▍                                               | 60/400 [00:13<01:36,  3.51it/s]
JAPE:  15%|████████▌                                               | 61/400 [00:13<01:23,  4.05it/s]
JAPE:  16%|████████▋                                               | 62/400 [00:13<01:14,  4.55it/s]
JAPE:  16%|████████▊                                               | 63/400 [00:13<01:07,  4.98it/s]
JAPE:  16%|████████▉                                               | 64/400 [00:13<01:03,  5.33it/s]
JAPE:  16%|█████████                                               | 65/400 [00:13<00:59,  5.60it/s]
JAPE:  16%|█████████▏                                              | 66/400 [00:14<00:57,  5.81it/s]
JAPE:  17%|█████████▍                                              | 67/400 [00:14<00:55,  5.97it/s]
JAPE:  17%|█████████▌                                              | 68/400 [00:14<00:54,  6.08it/s]
JAPE:  17%|█████████▋                                              | 69/400 [00:14<00:53,  6.15it/s]05:48:41 | INFO    | epoch   70/400 | loss=0.0012
05:48:41 | INFO    |            [filtered] MRR=0.1394 Hit@1=0.1052 Hit@5=0.1674 Hit@10=0.2002 MR=731.0 n=6415
05:48:41 | INFO    |            [multiref] MRR=0.4918 Hit@1=0.4197 Hit@5=0.5723 Hit@10=0.6325 MR=58.6 n=498

JAPE:  18%|█████████▊                                              | 70/400 [00:15<01:34,  3.49it/s]
JAPE:  18%|█████████▉                                              | 71/400 [00:15<01:21,  4.04it/s]
JAPE:  18%|██████████                                              | 72/400 [00:15<01:12,  4.54it/s]
JAPE:  18%|██████████▏                                             | 73/400 [00:15<01:05,  4.96it/s]
JAPE:  18%|██████████▎                                             | 74/400 [00:15<01:01,  5.32it/s]
JAPE:  19%|██████████▌                                             | 75/400 [00:15<00:58,  5.59it/s]
JAPE:  19%|██████████▋                                             | 76/400 [00:16<00:55,  5.80it/s]
JAPE:  19%|██████████▊                                             | 77/400 [00:16<00:54,  5.97it/s]
JAPE:  20%|██████████▉                                             | 78/400 [00:16<00:52,  6.09it/s]
JAPE:  20%|███████████                                             | 79/400 [00:16<00:51,  6.18it/s]05:48:43 | INFO    | epoch   80/400 | loss=0.0012
05:48:43 | INFO    |            [filtered] MRR=0.1429 Hit@1=0.1101 Hit@5=0.1702 Hit@10=0.1992 MR=825.5 n=6415
05:48:43 | INFO    |            [multiref] MRR=0.5003 Hit@1=0.4277 Hit@5=0.5763 Hit@10=0.6325 MR=63.6 n=498
05:48:43 | INFO    |            -> new best multiref MRR=0.5003 (saved model_best.pt)

JAPE:  20%|███████████▏                                            | 80/400 [00:17<01:57,  2.71it/s]
JAPE:  20%|███████████▎                                            | 81/400 [00:17<01:37,  3.28it/s]
JAPE:  20%|███████████▍                                            | 82/400 [00:17<01:22,  3.84it/s]
JAPE:  21%|███████████▌                                            | 83/400 [00:17<01:12,  4.36it/s]
JAPE:  21%|███████████▊                                            | 84/400 [00:18<01:05,  4.82it/s]
JAPE:  21%|███████████▉                                            | 85/400 [00:18<01:00,  5.20it/s]
JAPE:  22%|████████████                                            | 86/400 [00:18<00:56,  5.51it/s]
JAPE:  22%|████████████▏                                           | 87/400 [00:18<00:54,  5.75it/s]
JAPE:  22%|████████████▎                                           | 88/400 [00:18<00:52,  5.93it/s]
JAPE:  22%|████████████▍                                           | 89/400 [00:18<00:51,  6.06it/s]05:48:45 | INFO    | epoch   90/400 | loss=0.0012
05:48:45 | INFO    |            [filtered] MRR=0.1459 Hit@1=0.1082 Hit@5=0.1763 Hit@10=0.2109 MR=721.1 n=6415
05:48:45 | INFO    |            [multiref] MRR=0.4992 Hit@1=0.4277 Hit@5=0.5582 Hit@10=0.6165 MR=48.8 n=498

JAPE:  22%|████████████▌                                           | 90/400 [00:19<01:28,  3.49it/s]
JAPE:  23%|████████████▋                                           | 91/400 [00:19<01:16,  4.03it/s]
JAPE:  23%|████████████▉                                           | 92/400 [00:19<01:07,  4.53it/s]
JAPE:  23%|█████████████                                           | 93/400 [00:19<01:01,  4.96it/s]
JAPE:  24%|█████████████▏                                          | 94/400 [00:20<00:57,  5.30it/s]
JAPE:  24%|█████████████▎                                          | 95/400 [00:20<00:55,  5.48it/s]
JAPE:  24%|█████████████▍                                          | 96/400 [00:20<00:53,  5.72it/s]
JAPE:  24%|█████████████▌                                          | 97/400 [00:20<00:51,  5.91it/s]
JAPE:  24%|█████████████▋                                          | 98/400 [00:20<00:49,  6.05it/s]
JAPE:  25%|█████████████▊                                          | 99/400 [00:20<00:48,  6.15it/s]05:48:47 | INFO    | epoch  100/400 | loss=0.0012
05:48:47 | INFO    |            [filtered] MRR=0.1318 Hit@1=0.0910 Hit@5=0.1666 Hit@10=0.2005 MR=822.2 n=6415
05:48:47 | INFO    |            [multiref] MRR=0.4777 Hit@1=0.3936 Hit@5=0.5643 Hit@10=0.6305 MR=48.9 n=498

JAPE:  25%|█████████████▊                                         | 100/400 [00:21<01:25,  3.50it/s]
JAPE:  25%|█████████████▉                                         | 101/400 [00:21<01:13,  4.05it/s]
JAPE:  26%|██████████████                                         | 102/400 [00:21<01:05,  4.55it/s]
JAPE:  26%|██████████████▏                                        | 103/400 [00:21<00:59,  4.98it/s]
JAPE:  26%|██████████████▎                                        | 104/400 [00:21<00:55,  5.33it/s]
JAPE:  26%|██████████████▍                                        | 105/400 [00:22<00:52,  5.61it/s]
JAPE:  26%|██████████████▌                                        | 106/400 [00:22<00:50,  5.82it/s]
JAPE:  27%|██████████████▋                                        | 107/400 [00:22<00:48,  5.98it/s]
JAPE:  27%|██████████████▊                                        | 108/400 [00:22<00:47,  6.10it/s]
JAPE:  27%|██████████████▉                                        | 109/400 [00:22<00:47,  6.18it/s]05:48:49 | INFO    | epoch  110/400 | loss=0.0012
05:48:49 | INFO    |            [filtered] MRR=0.1558 Hit@1=0.1203 Hit@5=0.1850 Hit@10=0.2148 MR=822.6 n=6415
05:48:49 | INFO    |            [multiref] MRR=0.4994 Hit@1=0.4317 Hit@5=0.5643 Hit@10=0.6165 MR=96.6 n=498

JAPE:  28%|███████████████▏                                       | 110/400 [00:23<01:22,  3.52it/s]
JAPE:  28%|███████████████▎                                       | 111/400 [00:23<01:11,  4.07it/s]
JAPE:  28%|███████████████▍                                       | 112/400 [00:23<01:03,  4.57it/s]
JAPE:  28%|███████████████▌                                       | 113/400 [00:23<00:57,  4.99it/s]
JAPE:  28%|███████████████▋                                       | 114/400 [00:23<00:53,  5.34it/s]
JAPE:  29%|███████████████▊                                       | 115/400 [00:24<00:50,  5.62it/s]
JAPE:  29%|███████████████▉                                       | 116/400 [00:24<00:48,  5.83it/s]
JAPE:  29%|████████████████                                       | 117/400 [00:24<00:47,  5.99it/s]
JAPE:  30%|████████████████▏                                      | 118/400 [00:24<00:46,  6.10it/s]
JAPE:  30%|████████████████▎                                      | 119/400 [00:24<00:45,  6.19it/s]05:48:51 | INFO    | epoch  120/400 | loss=0.0012
05:48:51 | INFO    |            [filtered] MRR=0.1619 Hit@1=0.1281 Hit@5=0.1896 Hit@10=0.2182 MR=960.2 n=6415
05:48:51 | INFO    |            [multiref] MRR=0.4960 Hit@1=0.4297 Hit@5=0.5683 Hit@10=0.6084 MR=65.5 n=498

JAPE:  30%|████████████████▌                                      | 120/400 [00:25<01:19,  3.53it/s]
JAPE:  30%|████████████████▋                                      | 121/400 [00:25<01:08,  4.08it/s]
JAPE:  30%|████████████████▊                                      | 122/400 [00:25<01:00,  4.57it/s]
JAPE:  31%|████████████████▉                                      | 123/400 [00:25<00:55,  5.00it/s]
JAPE:  31%|█████████████████                                      | 124/400 [00:25<00:51,  5.35it/s]
JAPE:  31%|█████████████████▏                                     | 125/400 [00:26<00:48,  5.62it/s]
JAPE:  32%|█████████████████▎                                     | 126/400 [00:26<00:46,  5.83it/s]
JAPE:  32%|█████████████████▍                                     | 127/400 [00:26<00:45,  5.99it/s]
JAPE:  32%|█████████████████▌                                     | 128/400 [00:26<00:44,  6.11it/s]
JAPE:  32%|█████████████████▋                                     | 129/400 [00:26<00:43,  6.19it/s]05:48:53 | INFO    | epoch  130/400 | loss=0.0012
05:48:53 | INFO    |            [filtered] MRR=0.1559 Hit@1=0.1207 Hit@5=0.1841 Hit@10=0.2143 MR=877.8 n=6415
05:48:53 | INFO    |            [multiref] MRR=0.4980 Hit@1=0.4297 Hit@5=0.5643 Hit@10=0.6104 MR=72.9 n=498

JAPE:  32%|█████████████████▉                                     | 130/400 [00:27<01:17,  3.50it/s]
JAPE:  33%|██████████████████                                     | 131/400 [00:27<01:06,  4.05it/s]
JAPE:  33%|██████████████████▏                                    | 132/400 [00:27<00:58,  4.55it/s]
JAPE:  33%|██████████████████▎                                    | 133/400 [00:27<00:53,  4.98it/s]
JAPE:  34%|██████████████████▍                                    | 134/400 [00:27<00:49,  5.33it/s]
JAPE:  34%|██████████████████▌                                    | 135/400 [00:28<00:47,  5.61it/s]
JAPE:  34%|██████████████████▋                                    | 136/400 [00:28<00:45,  5.82it/s]
JAPE:  34%|██████████████████▊                                    | 137/400 [00:28<00:43,  5.98it/s]
JAPE:  34%|██████████████████▉                                    | 138/400 [00:28<00:43,  6.09it/s]
JAPE:  35%|███████████████████                                    | 139/400 [00:28<00:42,  6.18it/s]05:48:55 | INFO    | epoch  140/400 | loss=0.0012
05:48:55 | INFO    |            [filtered] MRR=0.1604 Hit@1=0.1250 Hit@5=0.1882 Hit@10=0.2192 MR=809.3 n=6415
05:48:55 | INFO    |            [multiref] MRR=0.4891 Hit@1=0.4177 Hit@5=0.5562 Hit@10=0.6044 MR=45.0 n=498

JAPE:  35%|███████████████████▎                                   | 140/400 [00:29<01:13,  3.52it/s]
JAPE:  35%|███████████████████▍                                   | 141/400 [00:29<01:03,  4.06it/s]
JAPE:  36%|███████████████████▌                                   | 142/400 [00:29<00:56,  4.56it/s]
JAPE:  36%|███████████████████▋                                   | 143/400 [00:29<00:51,  4.99it/s]
JAPE:  36%|███████████████████▊                                   | 144/400 [00:29<00:47,  5.34it/s]
JAPE:  36%|███████████████████▉                                   | 145/400 [00:30<00:45,  5.62it/s]
JAPE:  36%|████████████████████                                   | 146/400 [00:30<00:43,  5.83it/s]
JAPE:  37%|████████████████████▏                                  | 147/400 [00:30<00:42,  5.99it/s]
JAPE:  37%|████████████████████▎                                  | 148/400 [00:30<00:41,  6.10it/s]
JAPE:  37%|████████████████████▍                                  | 149/400 [00:30<00:40,  6.19it/s]05:48:57 | INFO    | epoch  150/400 | loss=0.0012
05:48:57 | INFO    |            [filtered] MRR=0.1467 Hit@1=0.1019 Hit@5=0.1855 Hit@10=0.2178 MR=958.1 n=6415
05:48:57 | INFO    |            [multiref] MRR=0.4778 Hit@1=0.3976 Hit@5=0.5442 Hit@10=0.6024 MR=72.4 n=498

JAPE:  38%|████████████████████▋                                  | 150/400 [00:31<01:11,  3.51it/s]
JAPE:  38%|████████████████████▊                                  | 151/400 [00:31<01:01,  4.05it/s]
JAPE:  38%|████████████████████▉                                  | 152/400 [00:31<00:54,  4.55it/s]
JAPE:  38%|█████████████████████                                  | 153/400 [00:31<00:49,  4.98it/s]
JAPE:  38%|█████████████████████▏                                 | 154/400 [00:31<00:46,  5.33it/s]
JAPE:  39%|█████████████████████▎                                 | 155/400 [00:32<00:43,  5.61it/s]
JAPE:  39%|█████████████████████▍                                 | 156/400 [00:32<00:41,  5.82it/s]
JAPE:  39%|█████████████████████▌                                 | 157/400 [00:32<00:40,  5.98it/s]
JAPE:  40%|█████████████████████▋                                 | 158/400 [00:32<00:39,  6.10it/s]
JAPE:  40%|█████████████████████▊                                 | 159/400 [00:32<00:38,  6.18it/s]05:48:59 | INFO    | epoch  160/400 | loss=0.0012
05:48:59 | INFO    |            [filtered] MRR=0.1507 Hit@1=0.1121 Hit@5=0.1846 Hit@10=0.2162 MR=901.9 n=6415
05:48:59 | INFO    |            [multiref] MRR=0.4867 Hit@1=0.4036 Hit@5=0.5723 Hit@10=0.6245 MR=38.4 n=498

JAPE:  40%|██████████████████████                                 | 160/400 [00:33<01:08,  3.49it/s]
JAPE:  40%|██████████████████████▏                                | 161/400 [00:33<00:59,  4.03it/s]
JAPE:  40%|██████████████████████▎                                | 162/400 [00:33<00:52,  4.54it/s]
JAPE:  41%|██████████████████████▍                                | 163/400 [00:33<00:47,  4.97it/s]
JAPE:  41%|██████████████████████▌                                | 164/400 [00:33<00:44,  5.32it/s]
JAPE:  41%|██████████████████████▋                                | 165/400 [00:34<00:41,  5.60it/s]
JAPE:  42%|██████████████████████▊                                | 166/400 [00:34<00:40,  5.82it/s]
JAPE:  42%|██████████████████████▉                                | 167/400 [00:34<00:38,  5.98it/s]
JAPE:  42%|███████████████████████                                | 168/400 [00:34<00:38,  6.09it/s]
JAPE:  42%|███████████████████████▏                               | 169/400 [00:34<00:37,  6.18it/s]05:49:01 | INFO    | epoch  170/400 | loss=0.0012
05:49:01 | INFO    |            [filtered] MRR=0.1586 Hit@1=0.1163 Hit@5=0.1959 Hit@10=0.2287 MR=730.2 n=6415
05:49:01 | INFO    |            [multiref] MRR=0.5037 Hit@1=0.4257 Hit@5=0.5843 Hit@10=0.6285 MR=39.3 n=498
05:49:02 | INFO    |            -> new best multiref MRR=0.5037 (saved model_best.pt)

JAPE:  42%|███████████████████████▍                               | 170/400 [00:35<01:24,  2.71it/s]
JAPE:  43%|███████████████████████▌                               | 171/400 [00:35<01:10,  3.27it/s]
JAPE:  43%|███████████████████████▋                               | 172/400 [00:35<00:59,  3.83it/s]
JAPE:  43%|███████████████████████▊                               | 173/400 [00:35<00:52,  4.35it/s]
JAPE:  44%|███████████████████████▉                               | 174/400 [00:36<00:46,  4.81it/s]
JAPE:  44%|████████████████████████                               | 175/400 [00:36<00:43,  5.18it/s]
JAPE:  44%|████████████████████████▏                              | 176/400 [00:36<00:40,  5.49it/s]
JAPE:  44%|████████████████████████▎                              | 177/400 [00:36<00:38,  5.73it/s]
JAPE:  44%|████████████████████████▍                              | 178/400 [00:36<00:37,  5.92it/s]
JAPE:  45%|████████████████████████▌                              | 179/400 [00:36<00:36,  6.05it/s]05:49:03 | INFO    | epoch  180/400 | loss=0.0012
05:49:03 | INFO    |            [filtered] MRR=0.1676 Hit@1=0.1244 Hit@5=0.2080 Hit@10=0.2352 MR=1071.3 n=6415
05:49:03 | INFO    |            [multiref] MRR=0.5201 Hit@1=0.4598 Hit@5=0.5823 Hit@10=0.6245 MR=116.5 n=498
05:49:04 | INFO    |            -> new best multiref MRR=0.5201 (saved model_best.pt)

JAPE:  45%|████████████████████████▊                              | 180/400 [00:37<01:22,  2.66it/s]
JAPE:  45%|████████████████████████▉                              | 181/400 [00:37<01:07,  3.23it/s]
JAPE:  46%|█████████████████████████                              | 182/400 [00:38<00:57,  3.79it/s]
JAPE:  46%|█████████████████████████▏                             | 183/400 [00:38<00:50,  4.32it/s]
JAPE:  46%|█████████████████████████▎                             | 184/400 [00:38<00:45,  4.78it/s]
JAPE:  46%|█████████████████████████▍                             | 185/400 [00:38<00:41,  5.17it/s]
JAPE:  46%|█████████████████████████▌                             | 186/400 [00:38<00:39,  5.48it/s]
JAPE:  47%|█████████████████████████▋                             | 187/400 [00:38<00:37,  5.73it/s]
JAPE:  47%|█████████████████████████▊                             | 188/400 [00:39<00:35,  5.91it/s]
JAPE:  47%|█████████████████████████▉                             | 189/400 [00:39<00:34,  6.04it/s]05:49:05 | INFO    | epoch  190/400 | loss=0.0012
05:49:06 | INFO    |            [filtered] MRR=0.1492 Hit@1=0.1140 Hit@5=0.1791 Hit@10=0.2092 MR=1210.1 n=6415
05:49:06 | INFO    |            [multiref] MRR=0.5067 Hit@1=0.4297 Hit@5=0.5884 Hit@10=0.6365 MR=94.2 n=498

JAPE:  48%|██████████████████████████▏                            | 190/400 [00:39<01:00,  3.45it/s]
JAPE:  48%|██████████████████████████▎                            | 191/400 [00:39<00:52,  4.00it/s]
JAPE:  48%|██████████████████████████▍                            | 192/400 [00:40<00:46,  4.51it/s]
JAPE:  48%|██████████████████████████▌                            | 193/400 [00:40<00:41,  4.94it/s]
JAPE:  48%|██████████████████████████▋                            | 194/400 [00:40<00:38,  5.30it/s]
JAPE:  49%|██████████████████████████▊                            | 195/400 [00:40<00:36,  5.59it/s]
JAPE:  49%|██████████████████████████▉                            | 196/400 [00:40<00:35,  5.81it/s]
JAPE:  49%|███████████████████████████                            | 197/400 [00:40<00:34,  5.97it/s]
JAPE:  50%|███████████████████████████▏                           | 198/400 [00:41<00:33,  6.09it/s]
JAPE:  50%|███████████████████████████▎                           | 199/400 [00:41<00:32,  6.18it/s]05:49:07 | INFO    | epoch  200/400 | loss=0.0012
05:49:08 | INFO    |            [filtered] MRR=0.1582 Hit@1=0.1230 Hit@5=0.1846 Hit@10=0.2179 MR=773.0 n=6415
05:49:08 | INFO    |            [multiref] MRR=0.5204 Hit@1=0.4538 Hit@5=0.5904 Hit@10=0.6406 MR=85.5 n=498
05:49:08 | INFO    |            -> new best multiref MRR=0.5204 (saved model_best.pt)

JAPE:  50%|███████████████████████████▌                           | 200/400 [00:42<01:14,  2.67it/s]
JAPE:  50%|███████████████████████████▋                           | 201/400 [00:42<01:01,  3.23it/s]
JAPE:  50%|███████████████████████████▊                           | 202/400 [00:42<00:52,  3.79it/s]
JAPE:  51%|███████████████████████████▉                           | 203/400 [00:42<00:45,  4.32it/s]
JAPE:  51%|████████████████████████████                           | 204/400 [00:42<00:41,  4.73it/s]
JAPE:  51%|████████████████████████████▏                          | 205/400 [00:42<00:38,  5.13it/s]
JAPE:  52%|████████████████████████████▎                          | 206/400 [00:43<00:35,  5.45it/s]
JAPE:  52%|████████████████████████████▍                          | 207/400 [00:43<00:33,  5.70it/s]
JAPE:  52%|████████████████████████████▌                          | 208/400 [00:43<00:32,  5.89it/s]
JAPE:  52%|████████████████████████████▋                          | 209/400 [00:43<00:31,  6.03it/s]05:49:10 | INFO    | epoch  210/400 | loss=0.0011
05:49:10 | INFO    |            [filtered] MRR=0.1650 Hit@1=0.1284 Hit@5=0.1947 Hit@10=0.2212 MR=863.4 n=6415
05:49:10 | INFO    |            [multiref] MRR=0.5271 Hit@1=0.4618 Hit@5=0.5984 Hit@10=0.6285 MR=53.3 n=498
05:49:10 | INFO    |            -> new best multiref MRR=0.5271 (saved model_best.pt)

JAPE:  52%|████████████████████████████▉                          | 210/400 [00:44<01:11,  2.67it/s]
JAPE:  53%|█████████████████████████████                          | 211/400 [00:44<00:58,  3.24it/s]
JAPE:  53%|█████████████████████████████▏                         | 212/400 [00:44<00:49,  3.80it/s]
JAPE:  53%|█████████████████████████████▎                         | 213/400 [00:44<00:43,  4.32it/s]
JAPE:  54%|█████████████████████████████▍                         | 214/400 [00:44<00:38,  4.78it/s]
JAPE:  54%|█████████████████████████████▌                         | 215/400 [00:45<00:35,  5.17it/s]
JAPE:  54%|█████████████████████████████▋                         | 216/400 [00:45<00:33,  5.49it/s]
JAPE:  54%|█████████████████████████████▊                         | 217/400 [00:45<00:32,  5.71it/s]
JAPE:  55%|█████████████████████████████▉                         | 218/400 [00:45<00:30,  5.90it/s]
JAPE:  55%|██████████████████████████████                         | 219/400 [00:45<00:29,  6.04it/s]05:49:12 | INFO    | epoch  220/400 | loss=0.0011
05:49:12 | INFO    |            [filtered] MRR=0.1481 Hit@1=0.1048 Hit@5=0.1855 Hit@10=0.2200 MR=749.3 n=6415
05:49:12 | INFO    |            [multiref] MRR=0.5084 Hit@1=0.4317 Hit@5=0.5863 Hit@10=0.6426 MR=41.0 n=498

JAPE:  55%|██████████████████████████████▎                        | 220/400 [00:46<00:51,  3.48it/s]
JAPE:  55%|██████████████████████████████▍                        | 221/400 [00:46<00:44,  4.03it/s]
JAPE:  56%|██████████████████████████████▌                        | 222/400 [00:46<00:39,  4.53it/s]
JAPE:  56%|██████████████████████████████▋                        | 223/400 [00:46<00:35,  4.96it/s]
JAPE:  56%|██████████████████████████████▊                        | 224/400 [00:46<00:33,  5.32it/s]
JAPE:  56%|██████████████████████████████▉                        | 225/400 [00:47<00:31,  5.60it/s]
JAPE:  56%|███████████████████████████████                        | 226/400 [00:47<00:29,  5.82it/s]
JAPE:  57%|███████████████████████████████▏                       | 227/400 [00:47<00:28,  5.97it/s]
JAPE:  57%|███████████████████████████████▎                       | 228/400 [00:47<00:28,  6.09it/s]
JAPE:  57%|███████████████████████████████▍                       | 229/400 [00:47<00:27,  6.18it/s]05:49:14 | INFO    | epoch  230/400 | loss=0.0012
05:49:14 | INFO    |            [filtered] MRR=0.1626 Hit@1=0.1231 Hit@5=0.1970 Hit@10=0.2271 MR=962.9 n=6415
05:49:14 | INFO    |            [multiref] MRR=0.4974 Hit@1=0.4157 Hit@5=0.5924 Hit@10=0.6406 MR=124.9 n=498

JAPE:  57%|███████████████████████████████▌                       | 230/400 [00:48<00:48,  3.53it/s]
JAPE:  58%|███████████████████████████████▊                       | 231/400 [00:48<00:41,  4.08it/s]
JAPE:  58%|███████████████████████████████▉                       | 232/400 [00:48<00:36,  4.57it/s]
JAPE:  58%|████████████████████████████████                       | 233/400 [00:48<00:33,  5.00it/s]
JAPE:  58%|████████████████████████████████▏                      | 234/400 [00:48<00:31,  5.34it/s]
JAPE:  59%|████████████████████████████████▎                      | 235/400 [00:49<00:29,  5.62it/s]
JAPE:  59%|████████████████████████████████▍                      | 236/400 [00:49<00:28,  5.83it/s]
JAPE:  59%|████████████████████████████████▌                      | 237/400 [00:49<00:27,  5.98it/s]
JAPE:  60%|████████████████████████████████▋                      | 238/400 [00:49<00:26,  6.10it/s]
JAPE:  60%|████████████████████████████████▊                      | 239/400 [00:49<00:26,  6.18it/s]05:49:16 | INFO    | epoch  240/400 | loss=0.0011
05:49:16 | INFO    |            [filtered] MRR=0.1636 Hit@1=0.1300 Hit@5=0.1903 Hit@10=0.2210 MR=962.7 n=6415
05:49:16 | INFO    |            [multiref] MRR=0.5077 Hit@1=0.4458 Hit@5=0.5783 Hit@10=0.6124 MR=221.0 n=498

JAPE:  60%|█████████████████████████████████                      | 240/400 [00:50<00:45,  3.52it/s]
JAPE:  60%|█████████████████████████████████▏                     | 241/400 [00:50<00:39,  4.06it/s]
JAPE:  60%|█████████████████████████████████▎                     | 242/400 [00:50<00:34,  4.56it/s]
JAPE:  61%|█████████████████████████████████▍                     | 243/400 [00:50<00:31,  4.98it/s]
JAPE:  61%|█████████████████████████████████▌                     | 244/400 [00:50<00:29,  5.34it/s]
JAPE:  61%|█████████████████████████████████▋                     | 245/400 [00:51<00:27,  5.61it/s]
JAPE:  62%|█████████████████████████████████▊                     | 246/400 [00:51<00:26,  5.82it/s]
JAPE:  62%|█████████████████████████████████▉                     | 247/400 [00:51<00:25,  5.98it/s]
JAPE:  62%|██████████████████████████████████                     | 248/400 [00:51<00:24,  6.10it/s]
JAPE:  62%|██████████████████████████████████▏                    | 249/400 [00:51<00:24,  6.18it/s]05:49:18 | INFO    | epoch  250/400 | loss=0.0011
05:49:18 | INFO    |            [filtered] MRR=0.1616 Hit@1=0.1214 Hit@5=0.1910 Hit@10=0.2259 MR=705.3 n=6415
05:49:18 | INFO    |            [multiref] MRR=0.5047 Hit@1=0.4357 Hit@5=0.5723 Hit@10=0.6345 MR=78.3 n=498

JAPE:  62%|██████████████████████████████████▍                    | 250/400 [00:52<00:42,  3.50it/s]
JAPE:  63%|██████████████████████████████████▌                    | 251/400 [00:52<00:36,  4.05it/s]
JAPE:  63%|██████████████████████████████████▋                    | 252/400 [00:52<00:32,  4.54it/s]
JAPE:  63%|██████████████████████████████████▊                    | 253/400 [00:52<00:29,  4.97it/s]
JAPE:  64%|██████████████████████████████████▉                    | 254/400 [00:52<00:27,  5.33it/s]
JAPE:  64%|███████████████████████████████████                    | 255/400 [00:53<00:25,  5.60it/s]
JAPE:  64%|███████████████████████████████████▏                   | 256/400 [00:53<00:24,  5.82it/s]
JAPE:  64%|███████████████████████████████████▎                   | 257/400 [00:53<00:23,  5.97it/s]
JAPE:  64%|███████████████████████████████████▍                   | 258/400 [00:53<00:23,  6.09it/s]
JAPE:  65%|███████████████████████████████████▌                   | 259/400 [00:53<00:22,  6.17it/s]05:49:20 | INFO    | epoch  260/400 | loss=0.0012
05:49:20 | INFO    |            [filtered] MRR=0.1706 Hit@1=0.1350 Hit@5=0.2006 Hit@10=0.2235 MR=1371.0 n=6415
05:49:20 | INFO    |            [multiref] MRR=0.5150 Hit@1=0.4558 Hit@5=0.5763 Hit@10=0.6024 MR=124.2 n=498

JAPE:  65%|███████████████████████████████████▊                   | 260/400 [00:54<00:39,  3.51it/s]
JAPE:  65%|███████████████████████████████████▉                   | 261/400 [00:54<00:34,  4.05it/s]
JAPE:  66%|████████████████████████████████████                   | 262/400 [00:54<00:30,  4.55it/s]
JAPE:  66%|████████████████████████████████████▏                  | 263/400 [00:54<00:27,  4.98it/s]
JAPE:  66%|████████████████████████████████████▎                  | 264/400 [00:54<00:25,  5.33it/s]
JAPE:  66%|████████████████████████████████████▍                  | 265/400 [00:55<00:24,  5.61it/s]
JAPE:  66%|████████████████████████████████████▌                  | 266/400 [00:55<00:23,  5.82it/s]
JAPE:  67%|████████████████████████████████████▋                  | 267/400 [00:55<00:22,  5.97it/s]
JAPE:  67%|████████████████████████████████████▊                  | 268/400 [00:55<00:21,  6.09it/s]
JAPE:  67%|████████████████████████████████████▉                  | 269/400 [00:55<00:21,  6.17it/s]05:49:22 | INFO    | epoch  270/400 | loss=0.0011
05:49:22 | INFO    |            [filtered] MRR=0.1636 Hit@1=0.1278 Hit@5=0.1928 Hit@10=0.2242 MR=1025.1 n=6415
05:49:22 | INFO    |            [multiref] MRR=0.4975 Hit@1=0.4237 Hit@5=0.5723 Hit@10=0.6285 MR=87.2 n=498

JAPE:  68%|█████████████████████████████████████▏                 | 270/400 [00:56<00:37,  3.51it/s]
JAPE:  68%|█████████████████████████████████████▎                 | 271/400 [00:56<00:31,  4.06it/s]
JAPE:  68%|█████████████████████████████████████▍                 | 272/400 [00:56<00:28,  4.55it/s]
JAPE:  68%|█████████████████████████████████████▌                 | 273/400 [00:56<00:25,  4.98it/s]
JAPE:  68%|█████████████████████████████████████▋                 | 274/400 [00:56<00:23,  5.33it/s]
JAPE:  69%|█████████████████████████████████████▊                 | 275/400 [00:57<00:22,  5.61it/s]
JAPE:  69%|█████████████████████████████████████▉                 | 276/400 [00:57<00:21,  5.82it/s]
JAPE:  69%|██████████████████████████████████████                 | 277/400 [00:57<00:20,  5.97it/s]
JAPE:  70%|██████████████████████████████████████▏                | 278/400 [00:57<00:20,  6.09it/s]
JAPE:  70%|██████████████████████████████████████▎                | 279/400 [00:57<00:19,  6.17it/s]05:49:24 | INFO    | epoch  280/400 | loss=0.0012
05:49:24 | INFO    |            [filtered] MRR=0.1752 Hit@1=0.1420 Hit@5=0.2020 Hit@10=0.2307 MR=824.2 n=6415
05:49:24 | INFO    |            [multiref] MRR=0.5217 Hit@1=0.4639 Hit@5=0.5783 Hit@10=0.6205 MR=108.3 n=498

JAPE:  70%|██████████████████████████████████████▌                | 280/400 [00:58<00:34,  3.49it/s]
JAPE:  70%|██████████████████████████████████████▋                | 281/400 [00:58<00:29,  4.04it/s]
JAPE:  70%|██████████████████████████████████████▊                | 282/400 [00:58<00:25,  4.54it/s]
JAPE:  71%|██████████████████████████████████████▉                | 283/400 [00:58<00:23,  4.97it/s]
JAPE:  71%|███████████████████████████████████████                | 284/400 [00:58<00:21,  5.32it/s]
JAPE:  71%|███████████████████████████████████████▏               | 285/400 [00:59<00:20,  5.60it/s]
JAPE:  72%|███████████████████████████████████████▎               | 286/400 [00:59<00:19,  5.75it/s]
JAPE:  72%|███████████████████████████████████████▍               | 287/400 [00:59<00:19,  5.92it/s]
JAPE:  72%|███████████████████████████████████████▌               | 288/400 [00:59<00:18,  6.05it/s]
JAPE:  72%|███████████████████████████████████████▋               | 289/400 [00:59<00:18,  6.14it/s]05:49:26 | INFO    | epoch  290/400 | loss=0.0011
05:49:26 | INFO    |            [filtered] MRR=0.1740 Hit@1=0.1428 Hit@5=0.1983 Hit@10=0.2295 MR=1067.8 n=6415
05:49:26 | INFO    |            [multiref] MRR=0.5141 Hit@1=0.4598 Hit@5=0.5622 Hit@10=0.6205 MR=62.8 n=498

JAPE:  72%|███████████████████████████████████████▉               | 290/400 [01:00<00:31,  3.48it/s]
JAPE:  73%|████████████████████████████████████████               | 291/400 [01:00<00:27,  4.03it/s]
JAPE:  73%|████████████████████████████████████████▏              | 292/400 [01:00<00:23,  4.53it/s]
JAPE:  73%|████████████████████████████████████████▎              | 293/400 [01:00<00:21,  4.96it/s]
JAPE:  74%|████████████████████████████████████████▍              | 294/400 [01:00<00:19,  5.31it/s]
JAPE:  74%|████████████████████████████████████████▌              | 295/400 [01:01<00:18,  5.59it/s]
JAPE:  74%|████████████████████████████████████████▋              | 296/400 [01:01<00:17,  5.80it/s]
JAPE:  74%|████████████████████████████████████████▊              | 297/400 [01:01<00:17,  5.96it/s]
JAPE:  74%|████████████████████████████████████████▉              | 298/400 [01:01<00:16,  6.08it/s]
JAPE:  75%|█████████████████████████████████████████              | 299/400 [01:01<00:16,  6.16it/s]05:49:28 | INFO    | epoch  300/400 | loss=0.0011
05:49:28 | INFO    |            [filtered] MRR=0.1795 Hit@1=0.1503 Hit@5=0.2014 Hit@10=0.2307 MR=789.6 n=6415
05:49:28 | INFO    |            [multiref] MRR=0.5076 Hit@1=0.4558 Hit@5=0.5562 Hit@10=0.6084 MR=55.4 n=498

JAPE:  75%|█████████████████████████████████████████▎             | 300/400 [01:02<00:28,  3.51it/s]
JAPE:  75%|█████████████████████████████████████████▍             | 301/400 [01:02<00:24,  4.05it/s]
JAPE:  76%|█████████████████████████████████████████▌             | 302/400 [01:02<00:21,  4.55it/s]
JAPE:  76%|█████████████████████████████████████████▋             | 303/400 [01:02<00:19,  4.98it/s]
JAPE:  76%|█████████████████████████████████████████▊             | 304/400 [01:02<00:18,  5.33it/s]
JAPE:  76%|█████████████████████████████████████████▉             | 305/400 [01:02<00:16,  5.61it/s]
JAPE:  76%|██████████████████████████████████████████             | 306/400 [01:03<00:16,  5.81it/s]
JAPE:  77%|██████████████████████████████████████████▏            | 307/400 [01:03<00:15,  5.97it/s]
JAPE:  77%|██████████████████████████████████████████▎            | 308/400 [01:03<00:15,  6.08it/s]
JAPE:  77%|██████████████████████████████████████████▍            | 309/400 [01:03<00:14,  6.16it/s]05:49:30 | INFO    | epoch  310/400 | loss=0.0011
05:49:30 | INFO    |            [filtered] MRR=0.1417 Hit@1=0.1119 Hit@5=0.1631 Hit@10=0.1935 MR=813.1 n=6415
05:49:30 | INFO    |            [multiref] MRR=0.4937 Hit@1=0.4317 Hit@5=0.5502 Hit@10=0.6084 MR=100.0 n=498

JAPE:  78%|██████████████████████████████████████████▋            | 310/400 [01:04<00:25,  3.47it/s]
JAPE:  78%|██████████████████████████████████████████▊            | 311/400 [01:04<00:22,  4.02it/s]
JAPE:  78%|██████████████████████████████████████████▉            | 312/400 [01:04<00:19,  4.52it/s]
JAPE:  78%|███████████████████████████████████████████            | 313/400 [01:04<00:17,  4.96it/s]
JAPE:  78%|███████████████████████████████████████████▏           | 314/400 [01:04<00:16,  5.31it/s]
JAPE:  79%|███████████████████████████████████████████▎           | 315/400 [01:04<00:15,  5.59it/s]
JAPE:  79%|███████████████████████████████████████████▍           | 316/400 [01:05<00:14,  5.81it/s]
JAPE:  79%|███████████████████████████████████████████▌           | 317/400 [01:05<00:13,  5.96it/s]
JAPE:  80%|███████████████████████████████████████████▋           | 318/400 [01:05<00:13,  6.08it/s]
JAPE:  80%|███████████████████████████████████████████▊           | 319/400 [01:05<00:13,  6.16it/s]05:49:32 | INFO    | epoch  320/400 | loss=0.0011
05:49:32 | INFO    |            [filtered] MRR=0.1692 Hit@1=0.1386 Hit@5=0.1903 Hit@10=0.2198 MR=706.6 n=6415
05:49:32 | INFO    |            [multiref] MRR=0.5004 Hit@1=0.4357 Hit@5=0.5562 Hit@10=0.6084 MR=51.0 n=498

JAPE:  80%|████████████████████████████████████████████           | 320/400 [01:06<00:22,  3.52it/s]
JAPE:  80%|████████████████████████████████████████████▏          | 321/400 [01:06<00:19,  4.07it/s]
JAPE:  80%|████████████████████████████████████████████▎          | 322/400 [01:06<00:17,  4.57it/s]
JAPE:  81%|████████████████████████████████████████████▍          | 323/400 [01:06<00:15,  4.99it/s]
JAPE:  81%|████████████████████████████████████████████▌          | 324/400 [01:06<00:14,  5.34it/s]
JAPE:  81%|████████████████████████████████████████████▋          | 325/400 [01:06<00:13,  5.62it/s]
JAPE:  82%|████████████████████████████████████████████▊          | 326/400 [01:07<00:12,  5.82it/s]
JAPE:  82%|████████████████████████████████████████████▉          | 327/400 [01:07<00:12,  5.96it/s]
JAPE:  82%|█████████████████████████████████████████████          | 328/400 [01:07<00:11,  6.08it/s]
JAPE:  82%|█████████████████████████████████████████████▏         | 329/400 [01:07<00:11,  6.16it/s]05:49:34 | INFO    | epoch  330/400 | loss=0.0011
05:49:34 | INFO    |            [filtered] MRR=0.1802 Hit@1=0.1507 Hit@5=0.2044 Hit@10=0.2302 MR=1240.6 n=6415
05:49:34 | INFO    |            [multiref] MRR=0.5089 Hit@1=0.4458 Hit@5=0.5643 Hit@10=0.6225 MR=46.7 n=498

JAPE:  82%|█████████████████████████████████████████████▍         | 330/400 [01:08<00:19,  3.50it/s]
JAPE:  83%|█████████████████████████████████████████████▌         | 331/400 [01:08<00:17,  4.05it/s]
JAPE:  83%|█████████████████████████████████████████████▋         | 332/400 [01:08<00:14,  4.55it/s]
JAPE:  83%|█████████████████████████████████████████████▊         | 333/400 [01:08<00:13,  4.97it/s]
JAPE:  84%|█████████████████████████████████████████████▉         | 334/400 [01:08<00:12,  5.33it/s]
JAPE:  84%|██████████████████████████████████████████████         | 335/400 [01:08<00:11,  5.60it/s]
JAPE:  84%|██████████████████████████████████████████████▏        | 336/400 [01:09<00:11,  5.81it/s]
JAPE:  84%|██████████████████████████████████████████████▎        | 337/400 [01:09<00:10,  5.96it/s]
JAPE:  84%|██████████████████████████████████████████████▍        | 338/400 [01:09<00:10,  6.08it/s]
JAPE:  85%|██████████████████████████████████████████████▌        | 339/400 [01:09<00:09,  6.16it/s]05:49:36 | INFO    | epoch  340/400 | loss=0.0011
05:49:36 | INFO    |            [filtered] MRR=0.1726 Hit@1=0.1433 Hit@5=0.1956 Hit@10=0.2224 MR=1187.7 n=6415
05:49:36 | INFO    |            [multiref] MRR=0.5200 Hit@1=0.4618 Hit@5=0.5743 Hit@10=0.6205 MR=52.9 n=498

JAPE:  85%|██████████████████████████████████████████████▊        | 340/400 [01:10<00:17,  3.46it/s]
JAPE:  85%|██████████████████████████████████████████████▉        | 341/400 [01:10<00:14,  4.01it/s]
JAPE:  86%|███████████████████████████████████████████████        | 342/400 [01:10<00:12,  4.52it/s]
JAPE:  86%|███████████████████████████████████████████████▏       | 343/400 [01:10<00:11,  4.95it/s]
JAPE:  86%|███████████████████████████████████████████████▎       | 344/400 [01:10<00:10,  5.31it/s]
JAPE:  86%|███████████████████████████████████████████████▍       | 345/400 [01:10<00:09,  5.59it/s]
JAPE:  86%|███████████████████████████████████████████████▌       | 346/400 [01:11<00:09,  5.79it/s]
JAPE:  87%|███████████████████████████████████████████████▋       | 347/400 [01:11<00:08,  5.95it/s]
JAPE:  87%|███████████████████████████████████████████████▊       | 348/400 [01:11<00:08,  6.07it/s]
JAPE:  87%|███████████████████████████████████████████████▉       | 349/400 [01:11<00:08,  6.15it/s]05:49:38 | INFO    | epoch  350/400 | loss=0.0011
05:49:38 | INFO    |            [filtered] MRR=0.1514 Hit@1=0.1210 Hit@5=0.1755 Hit@10=0.2016 MR=1314.1 n=6415
05:49:38 | INFO    |            [multiref] MRR=0.5098 Hit@1=0.4498 Hit@5=0.5622 Hit@10=0.6165 MR=40.5 n=498

JAPE:  88%|████████████████████████████████████████████████▏      | 350/400 [01:12<00:14,  3.45it/s]
JAPE:  88%|████████████████████████████████████████████████▎      | 351/400 [01:12<00:12,  4.00it/s]
JAPE:  88%|████████████████████████████████████████████████▍      | 352/400 [01:12<00:10,  4.51it/s]
JAPE:  88%|████████████████████████████████████████████████▌      | 353/400 [01:12<00:09,  4.94it/s]
JAPE:  88%|████████████████████████████████████████████████▋      | 354/400 [01:12<00:08,  5.30it/s]
JAPE:  89%|████████████████████████████████████████████████▊      | 355/400 [01:12<00:08,  5.58it/s]
JAPE:  89%|████████████████████████████████████████████████▉      | 356/400 [01:13<00:07,  5.80it/s]
JAPE:  89%|█████████████████████████████████████████████████      | 357/400 [01:13<00:07,  5.95it/s]
JAPE:  90%|█████████████████████████████████████████████████▏     | 358/400 [01:13<00:06,  6.07it/s]
JAPE:  90%|█████████████████████████████████████████████████▎     | 359/400 [01:13<00:06,  6.16it/s]05:49:40 | INFO    | epoch  360/400 | loss=0.0011
05:49:40 | INFO    |            [filtered] MRR=0.1714 Hit@1=0.1389 Hit@5=0.1978 Hit@10=0.2274 MR=1159.5 n=6415
05:49:40 | INFO    |            [multiref] MRR=0.5175 Hit@1=0.4578 Hit@5=0.5643 Hit@10=0.6285 MR=73.9 n=498
05:49:40 | INFO    |            early stop (best=0.5271 @ 210).

JAPE:  90%|█████████████████████████████████████████████████▎     | 359/400 [01:14<00:08,  4.84it/s]
05:49:41 | INFO    | Done in 1.2 min. Best multiref MRR=0.5271 @ epoch 210.
05:49:41 | INFO    | Final evaluation on the test split, read once
05:49:43 | INFO    |   [cosine] filtMRR=0.2434 H@1=0.2044 H@10=0.3066 n=47737 | mrefMRR=0.6092 H@1=0.5625
05:49:45 | INFO    |   [  csls] filtMRR=0.1410 H@1=0.1115 H@10=0.1918 n=47737 | mrefMRR=0.5766 H@1=0.5202
05:49:47 | INFO    |   [cosine] F1=0.6027 P=0.5670 R=0.6432 (threshold 0.669 from validation, validation F1=0.5223)
05:49:47 | INFO    | Wrote experiments/jape_broadMatch-onco_20260929-054824/result.json
05:49:47 | INFO    | Finished. Best validation MRR=0.5271 @ epoch 210.
