05:41:18 | INFO    | Model: kecg | seed 2026 | device: cuda:0
05:41:19 | INFO    | Regime broadMatch/onco | graph: 84,182 nodes, 131,238 triples, 50,435 UCPGx candidates
05:41:19 | INFO    |   broadMatch/pgx   train=  3,744 test=  8,599 (70%) queries= 6,866 by cluster    leakage=0.00%
05:41:19 | INFO    |   closeMatch       train=  2,738 test=  6,296 (70%) queries= 1,490 by cluster    leakage=0.00%
05:41:19 | INFO    |   sameAs           train= 19,942 test= 46,531 (70%) queries=10,883 by cluster    leakage=0.00%
05:41:19 | INFO    |   broadMatch/onco  train= 25,039 test= 47,737 (66%) queries= 2,032 intra-cluster leakage=0.00%
05:41:19 | INFO    |   relatedMatch     train=  2,801 test=  6,289 (69%) queries=   812 intra-cluster leakage=0.00%
05:41:19 | INFO    |   related          train=471,647 test=762,046 (62%) queries=16,977 intra-cluster leakage=0.00%
05:41:19 | INFO    | Data: {'num_entities': 84182, 'num_relations': 13, 'triples': 131238, 'train_pairs': 18624, 'val_pairs': 6415, 'candidates': 50435, 'unlabeled_pool': 47179}
05:41:20 | INFO    | Params: 21.56M
05:41:20 | INFO    | Run directory: experiments/kecg_broadMatch-onco_20260929-054118
05:41:20 | INFO    | KECG | device=cuda:0 | {'num_entities': 84182, 'num_relations': 13, 'triples': 131238, 'train_pairs': 18624, 'val_pairs': 6415, 'candidates': 50435, 'unlabeled_pool': 47179} 

KECG:   0%|                                                                | 0/1000 [00:00<?, ?it/s]code/src/models/kecg.py:24: UserWarning: index_reduce() is in beta and the API may change at any time. (Triggered internally at /__w/pytorch/pytorch/aten/src/ATen/native/cuda/Indexing.cu:1512.)
  mx = scores.new_full((n,), float("-inf")).index_reduce_(0, index, scores, "amax", include_self=True)

KECG:   0%|                                                        | 1/1000 [00:00<04:02,  4.12it/s]
KECG:   0%|                                                        | 2/1000 [00:00<05:25,  3.06it/s]
KECG:   0%|▎                                                       | 5/1000 [00:00<02:03,  8.03it/s]
KECG:   1%|▍                                                       | 8/1000 [00:00<01:26, 11.43it/s]
KECG:   1%|▌                                                      | 10/1000 [00:01<01:14, 13.27it/s]
KECG:   1%|▋                                                      | 13/1000 [00:01<01:01, 16.10it/s]
KECG:   2%|▉                                                      | 16/1000 [00:01<00:56, 17.57it/s]
KECG:   2%|█                                                      | 19/1000 [00:01<00:51, 19.18it/s]
KECG:   2%|█▏                                                     | 22/1000 [00:01<00:51, 19.17it/s]05:41:22 | INFO    | epoch   25/1000 | loss=1.4784
05:41:22 | INFO    |            [filtered] MRR=0.0926 Hit@1=0.0388 Hit@5=0.0846 Hit@10=0.1952 MR=195.9 n=6415
05:41:22 | INFO    |            [multiref] MRR=0.2785 Hit@1=0.1707 Hit@5=0.3695 Hit@10=0.5884 MR=433.8 n=498
05:41:23 | INFO    |            -> new best multiref MRR=0.2785 (saved model_best.pt)

KECG:   2%|█▍                                                     | 25/1000 [00:02<01:49,  8.89it/s]
KECG:   3%|█▌                                                     | 28/1000 [00:02<01:29, 10.80it/s]
KECG:   3%|█▋                                                     | 30/1000 [00:02<01:20, 12.07it/s]
KECG:   3%|█▊                                                     | 33/1000 [00:02<01:07, 14.35it/s]
KECG:   4%|█▉                                                     | 36/1000 [00:02<01:00, 15.92it/s]
KECG:   4%|██▏                                                    | 39/1000 [00:02<00:54, 17.60it/s]
KECG:   4%|██▎                                                    | 42/1000 [00:03<00:52, 18.08it/s]
KECG:   4%|██▍                                                    | 45/1000 [00:03<00:49, 19.36it/s]
KECG:   5%|██▋                                                    | 48/1000 [00:03<00:48, 19.70it/s]05:41:24 | INFO    | epoch   50/1000 | loss=2.8617
05:41:24 | INFO    |            [filtered] MRR=0.1334 Hit@1=0.0284 Hit@5=0.4433 Hit@10=0.4549 MR=118.9 n=6415
05:41:24 | INFO    |            [multiref] MRR=0.2840 Hit@1=0.1647 Hit@5=0.5462 Hit@10=0.5984 MR=163.6 n=498
05:41:24 | INFO    |            -> new best multiref MRR=0.2840 (saved model_best.pt)

KECG:   5%|██▊                                                    | 51/1000 [00:04<01:44,  9.12it/s]
KECG:   5%|██▉                                                    | 54/1000 [00:04<01:26, 10.97it/s]
KECG:   6%|███▏                                                   | 57/1000 [00:04<01:12, 13.05it/s]
KECG:   6%|███▎                                                   | 60/1000 [00:04<01:04, 14.47it/s]
KECG:   6%|███▍                                                   | 63/1000 [00:04<00:57, 16.28it/s]
KECG:   7%|███▋                                                   | 66/1000 [00:04<00:53, 17.35it/s]
KECG:   7%|███▊                                                   | 69/1000 [00:04<00:49, 18.75it/s]
KECG:   7%|███▉                                                   | 72/1000 [00:05<00:49, 18.93it/s]05:41:26 | INFO    | epoch   75/1000 | loss=1.0651
05:41:26 | INFO    |            [filtered] MRR=0.1320 Hit@1=0.0271 Hit@5=0.4488 Hit@10=0.4829 MR=151.8 n=6415
05:41:26 | INFO    |            [multiref] MRR=0.2824 Hit@1=0.1546 Hit@5=0.5723 Hit@10=0.6426 MR=133.4 n=498

KECG:   8%|████▏                                                  | 75/1000 [00:05<01:26, 10.71it/s]
KECG:   8%|████▎                                                  | 78/1000 [00:05<01:13, 12.50it/s]
KECG:   8%|████▍                                                  | 80/1000 [00:05<01:07, 13.60it/s]
KECG:   8%|████▌                                                  | 83/1000 [00:06<00:58, 15.66it/s]
KECG:   9%|████▋                                                  | 86/1000 [00:06<00:54, 16.90it/s]
KECG:   9%|████▉                                                  | 89/1000 [00:06<00:49, 18.42it/s]
KECG:   9%|█████                                                  | 92/1000 [00:06<00:48, 18.57it/s]
KECG:  10%|█████▏                                                 | 95/1000 [00:06<00:45, 19.69it/s]
KECG:  10%|█████▍                                                 | 98/1000 [00:06<00:45, 19.80it/s]05:41:27 | INFO    | epoch  100/1000 | loss=2.7467
05:41:28 | INFO    |            [filtered] MRR=0.1282 Hit@1=0.0282 Hit@5=0.3871 Hit@10=0.4823 MR=181.4 n=6415
05:41:28 | INFO    |            [multiref] MRR=0.2805 Hit@1=0.1586 Hit@5=0.5502 Hit@10=0.6285 MR=128.7 n=498

KECG:  10%|█████▍                                                | 101/1000 [00:07<01:23, 10.80it/s]
KECG:  10%|█████▌                                                | 104/1000 [00:07<01:11, 12.52it/s]
KECG:  11%|█████▊                                                | 107/1000 [00:07<01:01, 14.48it/s]
KECG:  11%|█████▉                                                | 110/1000 [00:07<00:57, 15.56it/s]
KECG:  11%|██████                                                | 113/1000 [00:07<00:51, 17.24it/s]
KECG:  12%|██████▎                                               | 116/1000 [00:08<00:48, 18.05it/s]
KECG:  12%|██████▍                                               | 119/1000 [00:08<00:45, 19.30it/s]
KECG:  12%|██████▌                                               | 122/1000 [00:08<00:45, 19.13it/s]05:41:29 | INFO    | epoch  125/1000 | loss=0.6277
05:41:29 | INFO    |            [filtered] MRR=0.1304 Hit@1=0.0293 Hit@5=0.4133 Hit@10=0.4700 MR=209.0 n=6415
05:41:29 | INFO    |            [multiref] MRR=0.2856 Hit@1=0.1647 Hit@5=0.5502 Hit@10=0.6265 MR=118.7 n=498
05:41:29 | INFO    |            -> new best multiref MRR=0.2856 (saved model_best.pt)

KECG:  12%|██████▊                                               | 125/1000 [00:09<01:36,  9.04it/s]
KECG:  13%|██████▉                                               | 128/1000 [00:09<01:20, 10.82it/s]
KECG:  13%|███████                                               | 130/1000 [00:09<01:12, 12.01it/s]
KECG:  13%|███████▏                                              | 133/1000 [00:09<01:01, 14.19it/s]
KECG:  14%|███████▎                                              | 136/1000 [00:09<00:55, 15.67it/s]
KECG:  14%|███████▌                                              | 139/1000 [00:09<00:49, 17.37it/s]
KECG:  14%|███████▋                                              | 142/1000 [00:09<00:48, 17.86it/s]
KECG:  14%|███████▊                                              | 145/1000 [00:10<00:44, 19.15it/s]
KECG:  15%|███████▉                                              | 148/1000 [00:10<00:43, 19.46it/s]05:41:31 | INFO    | epoch  150/1000 | loss=2.6179
05:41:31 | INFO    |            [filtered] MRR=0.1308 Hit@1=0.0301 Hit@5=0.4108 Hit@10=0.4666 MR=323.9 n=6415
05:41:31 | INFO    |            [multiref] MRR=0.2953 Hit@1=0.1707 Hit@5=0.5663 Hit@10=0.6365 MR=113.7 n=498
05:41:31 | INFO    |            -> new best multiref MRR=0.2953 (saved model_best.pt)

KECG:  15%|████████▏                                             | 151/1000 [00:10<01:35,  8.86it/s]
KECG:  15%|████████▎                                             | 154/1000 [00:11<01:19, 10.65it/s]
KECG:  16%|████████▍                                             | 157/1000 [00:11<01:06, 12.69it/s]
KECG:  16%|████████▋                                             | 160/1000 [00:11<00:59, 14.08it/s]
KECG:  16%|████████▊                                             | 163/1000 [00:11<00:52, 15.92it/s]
KECG:  17%|████████▉                                             | 166/1000 [00:11<00:49, 16.99it/s]
KECG:  17%|█████████▏                                            | 169/1000 [00:11<00:45, 18.41it/s]
KECG:  17%|█████████▎                                            | 172/1000 [00:11<00:45, 18.27it/s]05:41:33 | INFO    | epoch  175/1000 | loss=0.2299
05:41:33 | INFO    |            [filtered] MRR=0.1366 Hit@1=0.0371 Hit@5=0.4561 Hit@10=0.4670 MR=450.7 n=6415
05:41:33 | INFO    |            [multiref] MRR=0.3037 Hit@1=0.1948 Hit@5=0.5622 Hit@10=0.6245 MR=109.5 n=498
05:41:33 | INFO    |            -> new best multiref MRR=0.3037 (saved model_best.pt)

KECG:  18%|█████████▍                                            | 175/1000 [00:12<01:33,  8.79it/s]
KECG:  18%|█████████▌                                            | 178/1000 [00:12<01:17, 10.57it/s]
KECG:  18%|█████████▋                                            | 180/1000 [00:12<01:09, 11.77it/s]
KECG:  18%|█████████▉                                            | 183/1000 [00:13<00:58, 13.97it/s]
KECG:  19%|██████████                                            | 186/1000 [00:13<00:52, 15.51it/s]
KECG:  19%|██████████▏                                           | 189/1000 [00:13<00:46, 17.26it/s]
KECG:  19%|██████████▎                                           | 192/1000 [00:13<00:45, 17.80it/s]
KECG:  20%|██████████▌                                           | 195/1000 [00:13<00:42, 19.13it/s]
KECG:  20%|██████████▋                                           | 198/1000 [00:13<00:41, 19.51it/s]05:41:34 | INFO    | epoch  200/1000 | loss=2.4679
05:41:35 | INFO    |            [filtered] MRR=0.1314 Hit@1=0.0408 Hit@5=0.3205 Hit@10=0.4836 MR=651.3 n=6415
05:41:35 | INFO    |            [multiref] MRR=0.3133 Hit@1=0.2108 Hit@5=0.5663 Hit@10=0.6345 MR=100.9 n=498
05:41:35 | INFO    |            -> new best multiref MRR=0.3133 (saved model_best.pt)

KECG:  20%|██████████▊                                           | 201/1000 [00:14<01:30,  8.84it/s]
KECG:  20%|███████████                                           | 204/1000 [00:14<01:14, 10.66it/s]
KECG:  21%|███████████▏                                          | 207/1000 [00:14<01:02, 12.72it/s]
KECG:  21%|███████████▎                                          | 210/1000 [00:15<00:55, 14.17it/s]
KECG:  21%|███████████▌                                          | 213/1000 [00:15<00:49, 16.02it/s]
KECG:  22%|███████████▋                                          | 216/1000 [00:15<00:45, 17.16it/s]
KECG:  22%|███████████▊                                          | 219/1000 [00:15<00:41, 18.60it/s]
KECG:  22%|███████████▉                                          | 222/1000 [00:15<00:41, 18.78it/s]05:41:36 | INFO    | epoch  225/1000 | loss=0.0711
05:41:36 | INFO    |            [filtered] MRR=0.1289 Hit@1=0.0379 Hit@5=0.2787 Hit@10=0.4845 MR=741.7 n=6415
05:41:36 | INFO    |            [multiref] MRR=0.2968 Hit@1=0.1948 Hit@5=0.4819 Hit@10=0.6084 MR=95.4 n=498

KECG:  22%|████████████▏                                         | 225/1000 [00:16<01:12, 10.62it/s]
KECG:  23%|████████████▎                                         | 228/1000 [00:16<01:02, 12.41it/s]
KECG:  23%|████████████▍                                         | 230/1000 [00:16<00:56, 13.55it/s]
KECG:  23%|████████████▌                                         | 233/1000 [00:16<00:49, 15.65it/s]
KECG:  24%|████████████▋                                         | 236/1000 [00:16<00:45, 16.98it/s]
KECG:  24%|████████████▉                                         | 239/1000 [00:16<00:41, 18.54it/s]
KECG:  24%|█████████████                                         | 242/1000 [00:16<00:40, 18.83it/s]
KECG:  24%|█████████████▏                                        | 245/1000 [00:17<00:37, 19.99it/s]
KECG:  25%|█████████████▍                                        | 248/1000 [00:17<00:37, 20.23it/s]05:41:38 | INFO    | epoch  250/1000 | loss=2.2999
05:41:38 | INFO    |            [filtered] MRR=0.1058 Hit@1=0.0362 Hit@5=0.0714 Hit@10=0.4871 MR=799.3 n=6415
05:41:38 | INFO    |            [multiref] MRR=0.3215 Hit@1=0.1787 Hit@5=0.5040 Hit@10=0.6205 MR=93.4 n=498
05:41:38 | INFO    |            -> new best multiref MRR=0.3215 (saved model_best.pt)

KECG:  25%|█████████████▌                                        | 251/1000 [00:17<01:22,  9.04it/s]
KECG:  25%|█████████████▋                                        | 254/1000 [00:18<01:08, 10.90it/s]
KECG:  26%|█████████████▉                                        | 257/1000 [00:18<00:57, 12.98it/s]
KECG:  26%|██████████████                                        | 260/1000 [00:18<00:51, 14.43it/s]
KECG:  26%|██████████████▏                                       | 263/1000 [00:18<00:45, 16.27it/s]
KECG:  27%|██████████████▎                                       | 266/1000 [00:18<00:42, 17.38it/s]
KECG:  27%|██████████████▌                                       | 269/1000 [00:18<00:38, 18.80it/s]
KECG:  27%|██████████████▋                                       | 272/1000 [00:18<00:38, 19.03it/s]05:41:40 | INFO    | epoch  275/1000 | loss=0.0417
05:41:40 | INFO    |            [filtered] MRR=0.1025 Hit@1=0.0369 Hit@5=0.0745 Hit@10=0.4203 MR=915.0 n=6415
05:41:40 | INFO    |            [multiref] MRR=0.3474 Hit@1=0.1847 Hit@5=0.5422 Hit@10=0.6024 MR=88.7 n=498
05:41:40 | INFO    |            -> new best multiref MRR=0.3474 (saved model_best.pt)

KECG:  28%|██████████████▊                                       | 275/1000 [00:19<01:19,  9.08it/s]
KECG:  28%|███████████████                                       | 278/1000 [00:19<01:06, 10.93it/s]
KECG:  28%|███████████████                                       | 280/1000 [00:19<00:59, 12.14it/s]
KECG:  28%|███████████████▎                                      | 283/1000 [00:20<00:50, 14.33it/s]
KECG:  29%|███████████████▍                                      | 286/1000 [00:20<00:45, 15.86it/s]
KECG:  29%|███████████████▌                                      | 289/1000 [00:20<00:40, 17.61it/s]
KECG:  29%|███████████████▊                                      | 292/1000 [00:20<00:39, 18.11it/s]
KECG:  30%|███████████████▉                                      | 295/1000 [00:20<00:36, 19.40it/s]
KECG:  30%|████████████████                                      | 298/1000 [00:20<00:35, 19.76it/s]05:41:41 | INFO    | epoch  300/1000 | loss=2.1156
05:41:42 | INFO    |            [filtered] MRR=0.1183 Hit@1=0.0373 Hit@5=0.1046 Hit@10=0.4628 MR=1094.4 n=6415
05:41:42 | INFO    |            [multiref] MRR=0.3623 Hit@1=0.1988 Hit@5=0.5422 Hit@10=0.6004 MR=76.7 n=498
05:41:42 | INFO    |            -> new best multiref MRR=0.3623 (saved model_best.pt)

KECG:  30%|████████████████▎                                     | 301/1000 [00:21<01:18,  8.86it/s]
KECG:  30%|████████████████▍                                     | 304/1000 [00:21<01:04, 10.72it/s]
KECG:  31%|████████████████▌                                     | 307/1000 [00:21<00:54, 12.81it/s]
KECG:  31%|████████████████▋                                     | 310/1000 [00:21<00:48, 14.29it/s]
KECG:  31%|████████████████▉                                     | 313/1000 [00:22<00:42, 16.16it/s]
KECG:  32%|█████████████████                                     | 316/1000 [00:22<00:39, 17.30it/s]
KECG:  32%|█████████████████▏                                    | 319/1000 [00:22<00:36, 18.73it/s]
KECG:  32%|█████████████████▍                                    | 322/1000 [00:22<00:35, 18.94it/s]05:41:43 | INFO    | epoch  325/1000 | loss=0.0492
05:41:43 | INFO    |            [filtered] MRR=0.1204 Hit@1=0.0341 Hit@5=0.1323 Hit@10=0.4890 MR=1248.9 n=6415
05:41:43 | INFO    |            [multiref] MRR=0.3351 Hit@1=0.1606 Hit@5=0.5402 Hit@10=0.6305 MR=73.1 n=498

KECG:  32%|█████████████████▌                                    | 325/1000 [00:23<01:02, 10.77it/s]
KECG:  33%|█████████████████▋                                    | 328/1000 [00:23<00:53, 12.58it/s]
KECG:  33%|█████████████████▊                                    | 330/1000 [00:23<00:48, 13.69it/s]
KECG:  33%|█████████████████▉                                    | 333/1000 [00:23<00:42, 15.79it/s]
KECG:  34%|██████████████████▏                                   | 336/1000 [00:23<00:38, 17.07it/s]
KECG:  34%|██████████████████▎                                   | 339/1000 [00:23<00:35, 18.60it/s]
KECG:  34%|██████████████████▍                                   | 342/1000 [00:23<00:34, 18.80it/s]
KECG:  34%|██████████████████▋                                   | 345/1000 [00:24<00:32, 19.93it/s]
KECG:  35%|██████████████████▊                                   | 348/1000 [00:24<00:32, 20.10it/s]05:41:45 | INFO    | epoch  350/1000 | loss=1.9368
05:41:45 | INFO    |            [filtered] MRR=0.1067 Hit@1=0.0345 Hit@5=0.0984 Hit@10=0.4245 MR=1373.8 n=6415
05:41:45 | INFO    |            [multiref] MRR=0.3229 Hit@1=0.1586 Hit@5=0.5422 Hit@10=0.6044 MR=76.1 n=498

KECG:  35%|██████████████████▉                                   | 351/1000 [00:24<00:59, 10.93it/s]
KECG:  35%|███████████████████                                   | 354/1000 [00:24<00:50, 12.74it/s]
KECG:  36%|███████████████████▎                                  | 357/1000 [00:25<00:43, 14.74it/s]
KECG:  36%|███████████████████▍                                  | 360/1000 [00:25<00:40, 15.89it/s]
KECG:  36%|███████████████████▌                                  | 363/1000 [00:25<00:36, 17.57it/s]
KECG:  37%|███████████████████▊                                  | 366/1000 [00:25<00:34, 18.42it/s]
KECG:  37%|███████████████████▉                                  | 369/1000 [00:25<00:32, 19.65it/s]
KECG:  37%|████████████████████                                  | 372/1000 [00:25<00:32, 19.59it/s]05:41:46 | INFO    | epoch  375/1000 | loss=0.0554
05:41:47 | INFO    |            [filtered] MRR=0.1048 Hit@1=0.0363 Hit@5=0.0882 Hit@10=0.4140 MR=1434.5 n=6415
05:41:47 | INFO    |            [multiref] MRR=0.3257 Hit@1=0.1707 Hit@5=0.5522 Hit@10=0.6225 MR=79.7 n=498

KECG:  38%|████████████████████▎                                 | 375/1000 [00:26<00:57, 10.95it/s]
KECG:  38%|████████████████████▍                                 | 378/1000 [00:26<00:48, 12.76it/s]
KECG:  38%|████████████████████▌                                 | 380/1000 [00:26<00:44, 13.86it/s]
KECG:  38%|████████████████████▋                                 | 383/1000 [00:26<00:38, 15.93it/s]
KECG:  39%|████████████████████▊                                 | 386/1000 [00:26<00:35, 17.17it/s]
KECG:  39%|█████████████████████                                 | 389/1000 [00:26<00:32, 18.69it/s]
KECG:  39%|█████████████████████▏                                | 392/1000 [00:27<00:32, 18.91it/s]
KECG:  40%|█████████████████████▎                                | 395/1000 [00:27<00:30, 20.05it/s]
KECG:  40%|█████████████████████▍                                | 398/1000 [00:27<00:29, 20.24it/s]05:41:48 | INFO    | epoch  400/1000 | loss=1.7391
05:41:48 | INFO    |            [filtered] MRR=0.1140 Hit@1=0.0355 Hit@5=0.1029 Hit@10=0.4454 MR=1526.3 n=6415
05:41:48 | INFO    |            [multiref] MRR=0.3305 Hit@1=0.1627 Hit@5=0.5482 Hit@10=0.6245 MR=79.6 n=498

KECG:  40%|█████████████████████▋                                | 401/1000 [00:27<00:54, 10.94it/s]
KECG:  40%|█████████████████████▊                                | 404/1000 [00:28<00:46, 12.74it/s]
KECG:  41%|█████████████████████▉                                | 407/1000 [00:28<00:40, 14.75it/s]
KECG:  41%|██████████████████████▏                               | 410/1000 [00:28<00:37, 15.91it/s]
KECG:  41%|██████████████████████▎                               | 413/1000 [00:28<00:33, 17.59it/s]
KECG:  42%|██████████████████████▍                               | 416/1000 [00:28<00:31, 18.47it/s]
KECG:  42%|██████████████████████▋                               | 419/1000 [00:28<00:29, 19.69it/s]
KECG:  42%|██████████████████████▊                               | 422/1000 [00:28<00:29, 19.44it/s]05:41:49 | INFO    | epoch  425/1000 | loss=0.0672
05:41:50 | INFO    |            [filtered] MRR=0.1080 Hit@1=0.0371 Hit@5=0.0761 Hit@10=0.4310 MR=1567.2 n=6415
05:41:50 | INFO    |            [multiref] MRR=0.3339 Hit@1=0.1787 Hit@5=0.5382 Hit@10=0.6285 MR=78.1 n=498

KECG:  42%|██████████████████████▉                               | 425/1000 [00:29<00:52, 11.01it/s]
KECG:  43%|███████████████████████                               | 428/1000 [00:29<00:44, 12.73it/s]
KECG:  43%|███████████████████████▏                              | 430/1000 [00:29<00:41, 13.82it/s]
KECG:  43%|███████████████████████▍                              | 433/1000 [00:29<00:35, 15.87it/s]
KECG:  44%|███████████████████████▌                              | 436/1000 [00:29<00:33, 17.08it/s]
KECG:  44%|███████████████████████▋                              | 439/1000 [00:30<00:30, 18.58it/s]
KECG:  44%|███████████████████████▊                              | 442/1000 [00:30<00:29, 18.81it/s]
KECG:  44%|████████████████████████                              | 445/1000 [00:30<00:27, 19.95it/s]
KECG:  45%|████████████████████████▏                             | 448/1000 [00:30<00:27, 20.14it/s]05:41:51 | INFO    | epoch  450/1000 | loss=1.5455
05:41:51 | INFO    |            [filtered] MRR=0.0934 Hit@1=0.0334 Hit@5=0.0686 Hit@10=0.2315 MR=1616.1 n=6415
05:41:51 | INFO    |            [multiref] MRR=0.2891 Hit@1=0.1446 Hit@5=0.5141 Hit@10=0.6024 MR=78.9 n=498

KECG:  45%|████████████████████████▎                             | 451/1000 [00:31<00:50, 10.94it/s]
KECG:  45%|████████████████████████▌                             | 454/1000 [00:31<00:42, 12.77it/s]
KECG:  46%|████████████████████████▋                             | 457/1000 [00:31<00:36, 14.78it/s]
KECG:  46%|████████████████████████▊                             | 460/1000 [00:31<00:33, 15.94it/s]
KECG:  46%|█████████████████████████                             | 463/1000 [00:31<00:30, 17.59it/s]
KECG:  47%|█████████████████████████▏                            | 466/1000 [00:31<00:28, 18.42it/s]
KECG:  47%|█████████████████████████▎                            | 469/1000 [00:31<00:27, 19.65it/s]
KECG:  47%|█████████████████████████▍                            | 472/1000 [00:32<00:27, 19.51it/s]05:41:53 | INFO    | epoch  475/1000 | loss=0.0753
05:41:53 | INFO    |            [filtered] MRR=0.0916 Hit@1=0.0326 Hit@5=0.0689 Hit@10=0.2451 MR=1668.8 n=6415
05:41:53 | INFO    |            [multiref] MRR=0.2929 Hit@1=0.1486 Hit@5=0.5221 Hit@10=0.6165 MR=75.9 n=498

KECG:  48%|█████████████████████████▋                            | 475/1000 [00:32<00:48, 10.92it/s]
KECG:  48%|█████████████████████████▊                            | 478/1000 [00:32<00:41, 12.68it/s]
KECG:  48%|█████████████████████████▉                            | 480/1000 [00:32<00:37, 13.78it/s]
KECG:  48%|██████████████████████████                            | 483/1000 [00:33<00:32, 15.84it/s]
KECG:  49%|██████████████████████████▏                           | 486/1000 [00:33<00:30, 17.07it/s]
KECG:  49%|██████████████████████████▍                           | 489/1000 [00:33<00:27, 18.59it/s]
KECG:  49%|██████████████████████████▌                           | 492/1000 [00:33<00:27, 18.80it/s]
KECG:  50%|██████████████████████████▋                           | 495/1000 [00:33<00:25, 19.94it/s]
KECG:  50%|██████████████████████████▉                           | 498/1000 [00:33<00:24, 20.11it/s]05:41:54 | INFO    | epoch  500/1000 | loss=1.3505
05:41:55 | INFO    |            [filtered] MRR=0.0955 Hit@1=0.0345 Hit@5=0.0677 Hit@10=0.3320 MR=1686.1 n=6415
05:41:55 | INFO    |            [multiref] MRR=0.2993 Hit@1=0.1647 Hit@5=0.5301 Hit@10=0.6124 MR=76.5 n=498

KECG:  50%|███████████████████████████                           | 501/1000 [00:34<00:45, 10.95it/s]
KECG:  50%|███████████████████████████▏                          | 504/1000 [00:34<00:38, 12.75it/s]
KECG:  51%|███████████████████████████▍                          | 507/1000 [00:34<00:33, 14.74it/s]
KECG:  51%|███████████████████████████▌                          | 510/1000 [00:34<00:30, 15.89it/s]
KECG:  51%|███████████████████████████▋                          | 513/1000 [00:34<00:27, 17.56it/s]
KECG:  52%|███████████████████████████▊                          | 516/1000 [00:34<00:26, 18.42it/s]
KECG:  52%|████████████████████████████                          | 519/1000 [00:35<00:24, 19.65it/s]
KECG:  52%|████████████████████████████▏                         | 522/1000 [00:35<00:24, 19.56it/s]05:41:56 | INFO    | epoch  525/1000 | loss=0.0805
05:41:56 | INFO    |            [filtered] MRR=0.0955 Hit@1=0.0340 Hit@5=0.0664 Hit@10=0.3337 MR=1723.8 n=6415
05:41:56 | INFO    |            [multiref] MRR=0.2931 Hit@1=0.1687 Hit@5=0.5201 Hit@10=0.5924 MR=72.1 n=498

KECG:  52%|████████████████████████████▎                         | 525/1000 [00:35<00:43, 10.90it/s]
KECG:  53%|████████████████████████████▌                         | 528/1000 [00:35<00:37, 12.69it/s]
KECG:  53%|████████████████████████████▌                         | 530/1000 [00:36<00:34, 13.78it/s]
KECG:  53%|████████████████████████████▊                         | 533/1000 [00:36<00:29, 15.84it/s]
KECG:  54%|████████████████████████████▉                         | 536/1000 [00:36<00:27, 17.04it/s]
KECG:  54%|█████████████████████████████                         | 539/1000 [00:36<00:24, 18.56it/s]
KECG:  54%|█████████████████████████████▎                        | 542/1000 [00:36<00:24, 18.78it/s]
KECG:  55%|█████████████████████████████▍                        | 545/1000 [00:36<00:22, 19.93it/s]
KECG:  55%|█████████████████████████████▌                        | 548/1000 [00:36<00:22, 20.11it/s]05:41:57 | INFO    | epoch  550/1000 | loss=1.1905
05:41:58 | INFO    |            [filtered] MRR=0.0839 Hit@1=0.0321 Hit@5=0.0663 Hit@10=0.0995 MR=1773.1 n=6415
05:41:58 | INFO    |            [multiref] MRR=0.2864 Hit@1=0.1546 Hit@5=0.5181 Hit@10=0.5863 MR=70.2 n=498

KECG:  55%|█████████████████████████████▊                        | 551/1000 [00:37<00:41, 10.85it/s]
KECG:  55%|█████████████████████████████▉                        | 554/1000 [00:37<00:35, 12.63it/s]
KECG:  56%|██████████████████████████████                        | 557/1000 [00:37<00:30, 14.63it/s]
KECG:  56%|██████████████████████████████▏                       | 560/1000 [00:37<00:27, 15.77it/s]
KECG:  56%|██████████████████████████████▍                       | 563/1000 [00:38<00:25, 17.43it/s]
KECG:  57%|██████████████████████████████▌                       | 566/1000 [00:38<00:23, 18.27it/s]
KECG:  57%|██████████████████████████████▋                       | 569/1000 [00:38<00:22, 19.50it/s]
KECG:  57%|██████████████████████████████▉                       | 572/1000 [00:38<00:22, 19.30it/s]05:41:59 | INFO    | epoch  575/1000 | loss=0.0830
05:41:59 | INFO    |            [filtered] MRR=0.0866 Hit@1=0.0316 Hit@5=0.0672 Hit@10=0.1451 MR=1825.1 n=6415
05:41:59 | INFO    |            [multiref] MRR=0.2868 Hit@1=0.1526 Hit@5=0.5141 Hit@10=0.5803 MR=69.8 n=498

KECG:  57%|███████████████████████████████                       | 575/1000 [00:39<00:39, 10.87it/s]
KECG:  58%|███████████████████████████████▏                      | 578/1000 [00:39<00:33, 12.60it/s]
KECG:  58%|███████████████████████████████▎                      | 580/1000 [00:39<00:30, 13.70it/s]
KECG:  58%|███████████████████████████████▍                      | 583/1000 [00:39<00:26, 15.77it/s]
KECG:  59%|███████████████████████████████▋                      | 586/1000 [00:39<00:24, 17.02it/s]
KECG:  59%|███████████████████████████████▊                      | 589/1000 [00:39<00:22, 18.53it/s]
KECG:  59%|███████████████████████████████▉                      | 592/1000 [00:39<00:21, 18.71it/s]
KECG:  60%|████████████████████████████████▏                     | 595/1000 [00:39<00:20, 19.86it/s]
KECG:  60%|████████████████████████████████▎                     | 598/1000 [00:40<00:20, 20.00it/s]05:42:01 | INFO    | epoch  600/1000 | loss=1.0789
05:42:01 | INFO    |            [filtered] MRR=0.0890 Hit@1=0.0320 Hit@5=0.0644 Hit@10=0.2323 MR=1886.9 n=6415
05:42:01 | INFO    |            [multiref] MRR=0.2813 Hit@1=0.1466 Hit@5=0.5000 Hit@10=0.5743 MR=70.5 n=498
05:42:01 | INFO    |            early stop (best=0.3623 @ 300).

KECG:  60%|████████████████████████████████▎                     | 599/1000 [00:40<00:27, 14.73it/s]
05:42:02 | INFO    | Done in 0.7 min. Best multiref MRR=0.3623 @ epoch 300.
05:42:02 | INFO    | Final evaluation on the test split, read once
05:42:04 | INFO    |   [cosine] filtMRR=0.0710 H@1=0.0473 H@10=0.0936 n=47737 | mrefMRR=0.3694 H@1=0.2918
05:42:06 | INFO    |   [  csls] filtMRR=0.0478 H@1=0.0266 H@10=0.0670 n=47737 | mrefMRR=0.2957 H@1=0.2160
05:42:08 | INFO    |   [cosine] F1=0.2143 P=0.2746 R=0.1757 (threshold 0.975 from validation, validation F1=0.5093)
05:42:08 | INFO    | Wrote experiments/kecg_broadMatch-onco_20260929-054118/result.json
05:42:08 | INFO    | Finished. Best validation MRR=0.3623 @ epoch 300.
