05:44:20 | INFO    | Model: mraea | seed 2026 | device: cuda:0
05:44:21 | INFO    | Regime broadMatch/onco | graph: 84,182 nodes, 131,238 triples, 50,435 UCPGx candidates
05:44:21 | INFO    |   broadMatch/pgx   train=  3,744 test=  8,599 (70%) queries= 6,866 by cluster    leakage=0.00%
05:44:21 | INFO    |   closeMatch       train=  2,738 test=  6,296 (70%) queries= 1,490 by cluster    leakage=0.00%
05:44:21 | INFO    |   sameAs           train= 19,942 test= 46,531 (70%) queries=10,883 by cluster    leakage=0.00%
05:44:21 | INFO    |   broadMatch/onco  train= 25,039 test= 47,737 (66%) queries= 2,032 intra-cluster leakage=0.00%
05:44:21 | INFO    |   relatedMatch     train=  2,801 test=  6,289 (69%) queries=   812 intra-cluster leakage=0.00%
05:44:21 | INFO    |   related          train=471,647 test=762,046 (62%) queries=16,977 intra-cluster leakage=0.00%
05:44:21 | INFO    | Data: {'num_entities': 84182, 'num_relations': 13, 'triples': 131238, 'train_pairs': 18624, 'val_pairs': 6415, 'candidates': 50435, 'unlabeled_pool': 47179}
05:44:24 | INFO    | Params: 8.42M
05:44:24 | INFO    | Run directory: experiments/mraea_broadMatch-onco_20260929-054420
05:44:24 | INFO    | MRAEA | device=cuda:0 | {'num_entities': 84182, 'num_relations': 13, 'triples': 131238, 'train_pairs': 18624, 'val_pairs': 6415, 'candidates': 50435, 'unlabeled_pool': 47179} turns=8 x 200

MRAEA:   0%|                                                               | 0/1600 [00:00<?, ?it/s]code/src/models/mraea.py:63: UserWarning: Sparse invariant checks are implicitly disabled. Memory errors (e.g. SEGFAULT) will occur when operating on a sparse tensor which violates the invariants, but checks incur performance overhead. To silence this warning, explicitly opt in or out. See `torch.sparse.check_sparse_tensor_invariants.__doc__` for guidance.  (Triggered internally at /__w/pytorch/pytorch/aten/src/ATen/Context.cpp:848.)
  return torch.sparse_coo_tensor(index, val, shape, device=index.device).coalesce()

MRAEA:   0%|                                                       | 1/1600 [00:00<08:09,  3.27it/s]
MRAEA:   0%|▏                                                      | 5/1600 [00:00<01:49, 14.59it/s]
MRAEA:   1%|▎                                                      | 9/1600 [00:00<01:12, 21.91it/s]
MRAEA:   1%|▍                                                     | 13/1600 [00:00<00:59, 26.76it/s]
MRAEA:   1%|▌                                                     | 17/1600 [00:00<00:52, 30.05it/s]
MRAEA:   1%|▋                                                     | 21/1600 [00:00<00:48, 32.28it/s]05:44:25 | INFO    | epoch   25/1600 | loss=0.0718
05:44:26 | INFO    |            [filtered] MRR=0.1558 Hit@1=0.1353 Hit@5=0.1556 Hit@10=0.1838 MR=332.5 n=6415
05:44:26 | INFO    |            [multiref] MRR=0.4542 Hit@1=0.4157 Hit@5=0.4759 Hit@10=0.5382 MR=969.3 n=498
05:44:26 | INFO    |            -> new best filtered MRR=0.1558 (saved model_best.pt)

MRAEA:   2%|▊                                                     | 25/1600 [00:01<02:04, 12.64it/s]
MRAEA:   2%|▉                                                     | 29/1600 [00:01<01:37, 16.09it/s]
MRAEA:   2%|█                                                     | 33/1600 [00:01<01:19, 19.63it/s]
MRAEA:   2%|█▏                                                    | 37/1600 [00:01<01:07, 23.04it/s]
MRAEA:   3%|█▍                                                    | 41/1600 [00:01<00:59, 26.05it/s]
MRAEA:   3%|█▌                                                    | 45/1600 [00:02<00:54, 28.70it/s]
MRAEA:   3%|█▋                                                    | 49/1600 [00:02<00:50, 30.88it/s]05:44:27 | INFO    | epoch   50/1600 | loss=0.0349
05:44:27 | INFO    |            [filtered] MRR=0.1313 Hit@1=0.0422 Hit@5=0.1539 Hit@10=0.1866 MR=174.4 n=6415
05:44:27 | INFO    |            [multiref] MRR=0.3610 Hit@1=0.2149 Hit@5=0.4839 Hit@10=0.5462 MR=591.7 n=498

MRAEA:   3%|█▊                                                    | 53/1600 [00:02<01:36, 16.01it/s]
MRAEA:   4%|█▉                                                    | 57/1600 [00:02<01:19, 19.35it/s]
MRAEA:   4%|██                                                    | 61/1600 [00:02<01:08, 22.63it/s]
MRAEA:   4%|██▏                                                   | 65/1600 [00:03<00:59, 25.67it/s]
MRAEA:   4%|██▎                                                   | 69/1600 [00:03<00:54, 28.33it/s]
MRAEA:   5%|██▍                                                   | 73/1600 [00:03<00:49, 30.54it/s]05:44:28 | INFO    | epoch   75/1600 | loss=0.0217
05:44:28 | INFO    |            [filtered] MRR=0.0854 Hit@1=0.0302 Hit@5=0.0683 Hit@10=0.1297 MR=146.0 n=6415
05:44:28 | INFO    |            [multiref] MRR=0.2426 Hit@1=0.1526 Hit@5=0.2932 Hit@10=0.4458 MR=440.2 n=498

MRAEA:   5%|██▌                                                   | 77/1600 [00:03<01:35, 15.95it/s]
MRAEA:   5%|██▋                                                   | 81/1600 [00:03<01:18, 19.26it/s]
MRAEA:   5%|██▊                                                   | 85/1600 [00:03<01:07, 22.54it/s]
MRAEA:   6%|███                                                   | 89/1600 [00:04<00:59, 25.58it/s]
MRAEA:   6%|███▏                                                  | 93/1600 [00:04<00:53, 28.23it/s]
MRAEA:   6%|███▎                                                  | 97/1600 [00:04<00:49, 30.45it/s]05:44:29 | INFO    | epoch  100/1600 | loss=0.0143
05:44:29 | INFO    |            [filtered] MRR=0.0817 Hit@1=0.0309 Hit@5=0.0613 Hit@10=0.1066 MR=130.1 n=6415
05:44:29 | INFO    |            [multiref] MRR=0.2306 Hit@1=0.1526 Hit@5=0.2450 Hit@10=0.3835 MR=343.4 n=498

MRAEA:   6%|███▎                                                 | 101/1600 [00:04<01:33, 15.96it/s]
MRAEA:   7%|███▍                                                 | 105/1600 [00:04<01:17, 19.27it/s]
MRAEA:   7%|███▌                                                 | 109/1600 [00:05<01:06, 22.54it/s]
MRAEA:   7%|███▋                                                 | 113/1600 [00:05<00:58, 25.58it/s]
MRAEA:   7%|███▉                                                 | 117/1600 [00:05<00:52, 28.24it/s]
MRAEA:   8%|████                                                 | 121/1600 [00:05<00:48, 30.45it/s]05:44:30 | INFO    | epoch  125/1600 | loss=0.0129
05:44:30 | INFO    |            [filtered] MRR=0.0914 Hit@1=0.0401 Hit@5=0.0779 Hit@10=0.1292 MR=112.8 n=6415
05:44:30 | INFO    |            [multiref] MRR=0.2533 Hit@1=0.1687 Hit@5=0.2912 Hit@10=0.4458 MR=245.7 n=498

MRAEA:   8%|████▏                                                | 125/1600 [00:05<01:32, 15.96it/s]
MRAEA:   8%|████▎                                                | 129/1600 [00:06<01:16, 19.25it/s]
MRAEA:   8%|████▍                                                | 133/1600 [00:06<01:05, 22.51it/s]
MRAEA:   9%|████▌                                                | 137/1600 [00:06<00:57, 25.38it/s]
MRAEA:   9%|████▋                                                | 141/1600 [00:06<00:51, 28.07it/s]
MRAEA:   9%|████▊                                                | 145/1600 [00:06<00:47, 30.32it/s]
MRAEA:   9%|████▉                                                | 149/1600 [00:06<00:45, 32.13it/s]05:44:31 | INFO    | epoch  150/1600 | loss=0.0160
05:44:31 | INFO    |            [filtered] MRR=0.1155 Hit@1=0.0631 Hit@5=0.1158 Hit@10=0.1629 MR=102.0 n=6415
05:44:31 | INFO    |            [multiref] MRR=0.3376 Hit@1=0.2510 Hit@5=0.4056 Hit@10=0.5261 MR=212.9 n=498

MRAEA:  10%|█████                                                | 153/1600 [00:07<01:29, 16.16it/s]
MRAEA:  10%|█████▏                                               | 157/1600 [00:07<01:14, 19.47it/s]
MRAEA:  10%|█████▎                                               | 161/1600 [00:07<01:03, 22.74it/s]
MRAEA:  10%|█████▍                                               | 165/1600 [00:07<00:55, 25.75it/s]
MRAEA:  11%|█████▌                                               | 169/1600 [00:07<00:50, 28.39it/s]
MRAEA:  11%|█████▋                                               | 173/1600 [00:07<00:46, 30.60it/s]05:44:32 | INFO    | epoch  175/1600 | loss=0.0125
05:44:32 | INFO    |            [filtered] MRR=0.1510 Hit@1=0.1034 Hit@5=0.1493 Hit@10=0.1744 MR=95.4 n=6415
05:44:32 | INFO    |            [multiref] MRR=0.4127 Hit@1=0.3414 Hit@5=0.4598 Hit@10=0.5402 MR=188.7 n=498

MRAEA:  11%|█████▊                                               | 177/1600 [00:08<01:29, 15.89it/s]
MRAEA:  11%|█████▉                                               | 181/1600 [00:08<01:13, 19.20it/s]
MRAEA:  12%|██████▏                                              | 185/1600 [00:08<01:02, 22.48it/s]
MRAEA:  12%|██████▎                                              | 189/1600 [00:08<00:55, 25.53it/s]
MRAEA:  12%|██████▍                                              | 193/1600 [00:08<00:49, 28.20it/s]
MRAEA:  12%|██████▌                                              | 197/1600 [00:08<00:46, 30.45it/s]05:44:33 | INFO    | epoch  200/1600 | loss=0.0102 | bootstrap: +109 mutual pairs (train=18733, pool=389)
05:44:33 | INFO    |            [filtered] MRR=0.1547 Hit@1=0.1048 Hit@5=0.1609 Hit@10=0.1790 MR=91.2 n=6415
05:44:33 | INFO    |            [multiref] MRR=0.4230 Hit@1=0.3494 Hit@5=0.4799 Hit@10=0.5482 MR=178.1 n=498

MRAEA:  13%|██████▋                                              | 201/1600 [00:09<01:29, 15.69it/s]
MRAEA:  13%|██████▊                                              | 205/1600 [00:09<01:13, 19.00it/s]
MRAEA:  13%|██████▉                                              | 209/1600 [00:09<01:02, 22.28it/s]
MRAEA:  13%|███████                                              | 213/1600 [00:09<00:54, 25.35it/s]
MRAEA:  14%|███████▏                                             | 217/1600 [00:09<00:49, 28.05it/s]
MRAEA:  14%|███████▎                                             | 221/1600 [00:09<00:45, 30.30it/s]05:44:34 | INFO    | epoch  225/1600 | loss=0.0157
05:44:34 | INFO    |            [filtered] MRR=0.1456 Hit@1=0.0829 Hit@5=0.1640 Hit@10=0.1830 MR=83.1 n=6415
05:44:34 | INFO    |            [multiref] MRR=0.3972 Hit@1=0.2912 Hit@5=0.4859 Hit@10=0.5522 MR=170.8 n=498

MRAEA:  14%|███████▍                                             | 225/1600 [00:10<01:26, 15.93it/s]
MRAEA:  14%|███████▌                                             | 229/1600 [00:10<01:11, 19.22it/s]
MRAEA:  15%|███████▋                                             | 233/1600 [00:10<01:00, 22.49it/s]
MRAEA:  15%|███████▊                                             | 237/1600 [00:10<00:53, 25.53it/s]
MRAEA:  15%|███████▉                                             | 241/1600 [00:10<00:48, 28.19it/s]
MRAEA:  15%|████████                                             | 245/1600 [00:10<00:44, 30.42it/s]
MRAEA:  16%|████████▏                                            | 249/1600 [00:10<00:41, 32.22it/s]05:44:35 | INFO    | epoch  250/1600 | loss=0.0108
05:44:36 | INFO    |            [filtered] MRR=0.1611 Hit@1=0.1058 Hit@5=0.1704 Hit@10=0.1888 MR=85.4 n=6415
05:44:36 | INFO    |            [multiref] MRR=0.4413 Hit@1=0.3554 Hit@5=0.5020 Hit@10=0.5823 MR=162.9 n=498
05:44:36 | INFO    |            -> new best filtered MRR=0.1611 (saved model_best.pt)

MRAEA:  16%|████████▍                                            | 253/1600 [00:11<01:34, 14.19it/s]
MRAEA:  16%|████████▌                                            | 257/1600 [00:11<01:17, 17.43it/s]
MRAEA:  16%|████████▋                                            | 261/1600 [00:11<01:04, 20.75it/s]
MRAEA:  17%|████████▊                                            | 265/1600 [00:11<00:55, 23.93it/s]
MRAEA:  17%|████████▉                                            | 269/1600 [00:12<00:49, 26.81it/s]
MRAEA:  17%|█████████                                            | 273/1600 [00:12<00:45, 29.29it/s]05:44:37 | INFO    | epoch  275/1600 | loss=0.0104
05:44:37 | INFO    |            [filtered] MRR=0.1739 Hit@1=0.1233 Hit@5=0.1788 Hit@10=0.2075 MR=85.6 n=6415
05:44:37 | INFO    |            [multiref] MRR=0.4826 Hit@1=0.4016 Hit@5=0.5522 Hit@10=0.6285 MR=144.8 n=498
05:44:37 | INFO    |            -> new best filtered MRR=0.1739 (saved model_best.pt)

MRAEA:  17%|█████████▏                                           | 277/1600 [00:12<01:34, 13.94it/s]
MRAEA:  18%|█████████▎                                           | 281/1600 [00:12<01:16, 17.17it/s]
MRAEA:  18%|█████████▍                                           | 285/1600 [00:12<01:04, 20.49it/s]
MRAEA:  18%|█████████▌                                           | 289/1600 [00:13<00:55, 23.69it/s]
MRAEA:  18%|█████████▋                                           | 293/1600 [00:13<00:49, 26.60it/s]
MRAEA:  19%|█████████▊                                           | 297/1600 [00:13<00:44, 29.10it/s]05:44:38 | INFO    | epoch  300/1600 | loss=0.0091
05:44:38 | INFO    |            [filtered] MRR=0.1816 Hit@1=0.1300 Hit@5=0.1917 Hit@10=0.2175 MR=81.7 n=6415
05:44:38 | INFO    |            [multiref] MRR=0.5134 Hit@1=0.4418 Hit@5=0.5683 Hit@10=0.6386 MR=134.6 n=498
05:44:38 | INFO    |            -> new best filtered MRR=0.1816 (saved model_best.pt)

MRAEA:  19%|█████████▉                                           | 301/1600 [00:13<01:33, 13.84it/s]
MRAEA:  19%|██████████                                           | 305/1600 [00:14<01:15, 17.06it/s]
MRAEA:  19%|██████████▏                                          | 309/1600 [00:14<01:03, 20.38it/s]
MRAEA:  20%|██████████▎                                          | 313/1600 [00:14<00:54, 23.59it/s]
MRAEA:  20%|██████████▌                                          | 317/1600 [00:14<00:48, 26.51it/s]
MRAEA:  20%|██████████▋                                          | 321/1600 [00:14<00:44, 29.04it/s]05:44:39 | INFO    | epoch  325/1600 | loss=0.0084
05:44:39 | INFO    |            [filtered] MRR=0.1827 Hit@1=0.1227 Hit@5=0.1994 Hit@10=0.2195 MR=77.4 n=6415
05:44:39 | INFO    |            [multiref] MRR=0.5203 Hit@1=0.4498 Hit@5=0.5743 Hit@10=0.6386 MR=124.2 n=498
05:44:39 | INFO    |            -> new best filtered MRR=0.1827 (saved model_best.pt)

MRAEA:  20%|██████████▊                                          | 325/1600 [00:15<01:31, 13.87it/s]
MRAEA:  21%|██████████▉                                          | 329/1600 [00:15<01:14, 17.08it/s]
MRAEA:  21%|███████████                                          | 333/1600 [00:15<01:02, 20.40it/s]
MRAEA:  21%|███████████▏                                         | 337/1600 [00:15<00:53, 23.61it/s]
MRAEA:  21%|███████████▎                                         | 341/1600 [00:15<00:47, 26.55it/s]
MRAEA:  22%|███████████▍                                         | 345/1600 [00:15<00:43, 29.07it/s]
MRAEA:  22%|███████████▌                                         | 349/1600 [00:15<00:40, 31.14it/s]05:44:40 | INFO    | epoch  350/1600 | loss=0.0093
05:44:40 | INFO    |            [filtered] MRR=0.1829 Hit@1=0.1222 Hit@5=0.1994 Hit@10=0.2198 MR=78.3 n=6415
05:44:40 | INFO    |            [multiref] MRR=0.5300 Hit@1=0.4659 Hit@5=0.5763 Hit@10=0.6426 MR=120.4 n=498
05:44:41 | INFO    |            -> new best filtered MRR=0.1829 (saved model_best.pt)

MRAEA:  22%|███████████▋                                         | 353/1600 [00:16<01:28, 14.12it/s]
MRAEA:  22%|███████████▊                                         | 357/1600 [00:16<01:11, 17.35it/s]
MRAEA:  23%|███████████▉                                         | 361/1600 [00:16<00:59, 20.67it/s]
MRAEA:  23%|████████████                                         | 365/1600 [00:16<00:51, 23.86it/s]
MRAEA:  23%|████████████▏                                        | 369/1600 [00:16<00:45, 26.77it/s]
MRAEA:  23%|████████████▎                                        | 373/1600 [00:16<00:41, 29.26it/s]05:44:41 | INFO    | epoch  375/1600 | loss=0.0082
05:44:42 | INFO    |            [filtered] MRR=0.1910 Hit@1=0.1390 Hit@5=0.1981 Hit@10=0.2210 MR=81.2 n=6415
05:44:42 | INFO    |            [multiref] MRR=0.5460 Hit@1=0.4960 Hit@5=0.5803 Hit@10=0.6466 MR=120.9 n=498
05:44:42 | INFO    |            -> new best filtered MRR=0.1910 (saved model_best.pt)

MRAEA:  24%|████████████▍                                        | 377/1600 [00:17<01:28, 13.79it/s]
MRAEA:  24%|████████████▌                                        | 381/1600 [00:17<01:11, 17.01it/s]
MRAEA:  24%|████████████▊                                        | 385/1600 [00:17<00:59, 20.33it/s]
MRAEA:  24%|████████████▉                                        | 389/1600 [00:17<00:51, 23.54it/s]
MRAEA:  25%|█████████████                                        | 393/1600 [00:18<00:45, 26.47it/s]
MRAEA:  25%|█████████████▏                                       | 397/1600 [00:18<00:41, 29.00it/s]05:44:43 | INFO    | epoch  400/1600 | loss=0.0094 | bootstrap: +51 mutual pairs (train=18784, pool=338)
05:44:43 | INFO    |            [filtered] MRR=0.1909 Hit@1=0.1380 Hit@5=0.1991 Hit@10=0.2235 MR=81.8 n=6415
05:44:43 | INFO    |            [multiref] MRR=0.5518 Hit@1=0.5020 Hit@5=0.5904 Hit@10=0.6506 MR=117.0 n=498

MRAEA:  25%|█████████████▎                                       | 401/1600 [00:18<01:17, 15.51it/s]
MRAEA:  25%|█████████████▍                                       | 405/1600 [00:18<01:03, 18.80it/s]
MRAEA:  26%|█████████████▌                                       | 409/1600 [00:18<00:53, 22.09it/s]
MRAEA:  26%|█████████████▋                                       | 413/1600 [00:18<00:47, 25.17it/s]
MRAEA:  26%|█████████████▊                                       | 417/1600 [00:19<00:42, 27.91it/s]
MRAEA:  26%|█████████████▉                                       | 421/1600 [00:19<00:39, 30.20it/s]05:44:44 | INFO    | epoch  425/1600 | loss=0.0048
05:44:44 | INFO    |            [filtered] MRR=0.1923 Hit@1=0.1384 Hit@5=0.2003 Hit@10=0.2262 MR=80.8 n=6415
05:44:44 | INFO    |            [multiref] MRR=0.5534 Hit@1=0.5000 Hit@5=0.5904 Hit@10=0.6627 MR=110.9 n=498
05:44:44 | INFO    |            -> new best filtered MRR=0.1923 (saved model_best.pt)

MRAEA:  27%|██████████████                                       | 425/1600 [00:19<01:25, 13.80it/s]
MRAEA:  27%|██████████████▏                                      | 429/1600 [00:19<01:08, 17.01it/s]
MRAEA:  27%|██████████████▎                                      | 433/1600 [00:20<00:57, 20.33it/s]
MRAEA:  27%|██████████████▍                                      | 437/1600 [00:20<00:49, 23.55it/s]
MRAEA:  28%|██████████████▌                                      | 441/1600 [00:20<00:43, 26.48it/s]
MRAEA:  28%|██████████████▋                                      | 445/1600 [00:20<00:39, 29.01it/s]
MRAEA:  28%|██████████████▊                                      | 449/1600 [00:20<00:37, 31.07it/s]05:44:45 | INFO    | epoch  450/1600 | loss=0.0087
05:44:45 | INFO    |            [filtered] MRR=0.1974 Hit@1=0.1462 Hit@5=0.2045 Hit@10=0.2279 MR=83.0 n=6415
05:44:45 | INFO    |            [multiref] MRR=0.5638 Hit@1=0.5161 Hit@5=0.6044 Hit@10=0.6647 MR=107.5 n=498
05:44:45 | INFO    |            -> new best filtered MRR=0.1974 (saved model_best.pt)

MRAEA:  28%|███████████████                                      | 453/1600 [00:21<01:19, 14.51it/s]
MRAEA:  29%|███████████████▏                                     | 457/1600 [00:21<01:04, 17.77it/s]
MRAEA:  29%|███████████████▎                                     | 461/1600 [00:21<00:54, 21.08it/s]
MRAEA:  29%|███████████████▍                                     | 465/1600 [00:21<00:46, 24.23it/s]
MRAEA:  29%|███████████████▌                                     | 469/1600 [00:21<00:41, 27.08it/s]
MRAEA:  30%|███████████████▋                                     | 473/1600 [00:21<00:38, 29.50it/s]05:44:46 | INFO    | epoch  475/1600 | loss=0.0074
05:44:46 | INFO    |            [filtered] MRR=0.1956 Hit@1=0.1445 Hit@5=0.2056 Hit@10=0.2287 MR=86.8 n=6415
05:44:46 | INFO    |            [multiref] MRR=0.5655 Hit@1=0.5181 Hit@5=0.6044 Hit@10=0.6667 MR=103.4 n=498

MRAEA:  30%|███████████████▊                                     | 477/1600 [00:22<01:10, 15.88it/s]
MRAEA:  30%|███████████████▉                                     | 481/1600 [00:22<00:58, 19.19it/s]
MRAEA:  30%|████████████████                                     | 485/1600 [00:22<00:49, 22.46it/s]
MRAEA:  31%|████████████████▏                                    | 489/1600 [00:22<00:43, 25.50it/s]
MRAEA:  31%|████████████████▎                                    | 493/1600 [00:22<00:39, 28.17it/s]
MRAEA:  31%|████████████████▍                                    | 497/1600 [00:22<00:36, 30.41it/s]05:44:47 | INFO    | epoch  500/1600 | loss=0.0061
05:44:47 | INFO    |            [filtered] MRR=0.1983 Hit@1=0.1489 Hit@5=0.2062 Hit@10=0.2290 MR=85.8 n=6415
05:44:47 | INFO    |            [multiref] MRR=0.5694 Hit@1=0.5201 Hit@5=0.6124 Hit@10=0.6727 MR=97.3 n=498
05:44:48 | INFO    |            -> new best filtered MRR=0.1983 (saved model_best.pt)

MRAEA:  31%|████████████████▌                                    | 501/1600 [00:23<01:17, 14.18it/s]
MRAEA:  32%|████████████████▋                                    | 505/1600 [00:23<01:02, 17.43it/s]
MRAEA:  32%|████████████████▊                                    | 509/1600 [00:23<00:52, 20.74it/s]
MRAEA:  32%|████████████████▉                                    | 513/1600 [00:23<00:45, 23.93it/s]
MRAEA:  32%|█████████████████▏                                   | 517/1600 [00:23<00:40, 26.81it/s]
MRAEA:  33%|█████████████████▎                                   | 521/1600 [00:23<00:36, 29.27it/s]05:44:48 | INFO    | epoch  525/1600 | loss=0.0086
05:44:49 | INFO    |            [filtered] MRR=0.2020 Hit@1=0.1540 Hit@5=0.2087 Hit@10=0.2373 MR=85.3 n=6415
05:44:49 | INFO    |            [multiref] MRR=0.5725 Hit@1=0.5261 Hit@5=0.6124 Hit@10=0.6747 MR=91.4 n=498
05:44:49 | INFO    |            -> new best filtered MRR=0.2020 (saved model_best.pt)

MRAEA:  33%|█████████████████▍                                   | 525/1600 [00:24<01:16, 14.03it/s]
MRAEA:  33%|█████████████████▌                                   | 529/1600 [00:24<01:02, 17.25it/s]
MRAEA:  33%|█████████████████▋                                   | 533/1600 [00:24<00:51, 20.56it/s]
MRAEA:  34%|█████████████████▊                                   | 537/1600 [00:24<00:44, 23.76it/s]
MRAEA:  34%|█████████████████▉                                   | 541/1600 [00:24<00:39, 26.66it/s]
MRAEA:  34%|██████████████████                                   | 545/1600 [00:25<00:36, 29.15it/s]
MRAEA:  34%|██████████████████▏                                  | 549/1600 [00:25<00:33, 31.20it/s]05:44:50 | INFO    | epoch  550/1600 | loss=0.0066
05:44:50 | INFO    |            [filtered] MRR=0.2173 Hit@1=0.1699 Hit@5=0.2390 Hit@10=0.2630 MR=96.6 n=6415
05:44:50 | INFO    |            [multiref] MRR=0.5775 Hit@1=0.5301 Hit@5=0.6124 Hit@10=0.6767 MR=92.6 n=498
05:44:50 | INFO    |            -> new best filtered MRR=0.2173 (saved model_best.pt)

MRAEA:  35%|██████████████████▎                                  | 553/1600 [00:25<01:12, 14.46it/s]
MRAEA:  35%|██████████████████▍                                  | 557/1600 [00:25<00:58, 17.72it/s]
MRAEA:  35%|██████████████████▌                                  | 561/1600 [00:26<00:49, 21.03it/s]
MRAEA:  35%|██████████████████▋                                  | 565/1600 [00:26<00:42, 24.19it/s]
MRAEA:  36%|██████████████████▊                                  | 569/1600 [00:26<00:38, 27.04it/s]
MRAEA:  36%|██████████████████▉                                  | 573/1600 [00:26<00:34, 29.47it/s]05:44:51 | INFO    | epoch  575/1600 | loss=0.0074
05:44:51 | INFO    |            [filtered] MRR=0.2156 Hit@1=0.1659 Hit@5=0.2444 Hit@10=0.2663 MR=96.3 n=6415
05:44:51 | INFO    |            [multiref] MRR=0.5810 Hit@1=0.5301 Hit@5=0.6165 Hit@10=0.6767 MR=87.3 n=498

MRAEA:  36%|███████████████████                                  | 577/1600 [00:26<01:04, 15.84it/s]
MRAEA:  36%|███████████████████▏                                 | 581/1600 [00:26<00:53, 19.15it/s]
MRAEA:  37%|███████████████████▍                                 | 585/1600 [00:27<00:45, 22.42it/s]
MRAEA:  37%|███████████████████▌                                 | 589/1600 [00:27<00:39, 25.47it/s]
MRAEA:  37%|███████████████████▋                                 | 593/1600 [00:27<00:35, 28.15it/s]
MRAEA:  37%|███████████████████▊                                 | 597/1600 [00:27<00:33, 30.38it/s]05:44:52 | INFO    | epoch  600/1600 | loss=0.0080 | bootstrap: +32 mutual pairs (train=18816, pool=306)
05:44:52 | INFO    |            [filtered] MRR=0.2089 Hit@1=0.1514 Hit@5=0.2441 Hit@10=0.2672 MR=90.6 n=6415
05:44:52 | INFO    |            [multiref] MRR=0.5798 Hit@1=0.5301 Hit@5=0.6185 Hit@10=0.6827 MR=82.3 n=498

MRAEA:  38%|███████████████████▉                                 | 601/1600 [00:27<01:03, 15.77it/s]
MRAEA:  38%|████████████████████                                 | 605/1600 [00:28<00:52, 19.08it/s]
MRAEA:  38%|████████████████████▏                                | 609/1600 [00:28<00:44, 22.35it/s]
MRAEA:  38%|████████████████████▎                                | 613/1600 [00:28<00:38, 25.39it/s]
MRAEA:  39%|████████████████████▍                                | 617/1600 [00:28<00:35, 28.07it/s]
MRAEA:  39%|████████████████████▌                                | 621/1600 [00:28<00:32, 30.33it/s]05:44:53 | INFO    | epoch  625/1600 | loss=0.0061
05:44:53 | INFO    |            [filtered] MRR=0.2128 Hit@1=0.1579 Hit@5=0.2449 Hit@10=0.2658 MR=92.6 n=6415
05:44:53 | INFO    |            [multiref] MRR=0.5815 Hit@1=0.5301 Hit@5=0.6285 Hit@10=0.6847 MR=81.0 n=498

MRAEA:  39%|████████████████████▋                                | 625/1600 [00:28<01:01, 15.89it/s]
MRAEA:  39%|████████████████████▊                                | 629/1600 [00:29<00:50, 19.18it/s]
MRAEA:  40%|████████████████████▉                                | 633/1600 [00:29<00:43, 22.44it/s]
MRAEA:  40%|█████████████████████                                | 637/1600 [00:29<00:37, 25.48it/s]
MRAEA:  40%|█████████████████████▏                               | 641/1600 [00:29<00:34, 28.15it/s]
MRAEA:  40%|█████████████████████▎                               | 645/1600 [00:29<00:31, 30.38it/s]
MRAEA:  41%|█████████████████████▍                               | 649/1600 [00:29<00:29, 32.18it/s]05:44:54 | INFO    | epoch  650/1600 | loss=0.0068
05:44:54 | INFO    |            [filtered] MRR=0.2187 Hit@1=0.1631 Hit@5=0.2502 Hit@10=0.2834 MR=94.4 n=6415
05:44:54 | INFO    |            [multiref] MRR=0.5870 Hit@1=0.5341 Hit@5=0.6265 Hit@10=0.6847 MR=78.1 n=498
05:44:55 | INFO    |            -> new best filtered MRR=0.2187 (saved model_best.pt)

MRAEA:  41%|█████████████████████▋                               | 653/1600 [00:30<01:06, 14.17it/s]
MRAEA:  41%|█████████████████████▊                               | 657/1600 [00:30<00:54, 17.41it/s]
MRAEA:  41%|█████████████████████▉                               | 661/1600 [00:30<00:45, 20.72it/s]
MRAEA:  42%|██████████████████████                               | 665/1600 [00:30<00:39, 23.91it/s]
MRAEA:  42%|██████████████████████▏                              | 669/1600 [00:30<00:34, 26.79it/s]
MRAEA:  42%|██████████████████████▎                              | 673/1600 [00:30<00:31, 29.26it/s]05:44:55 | INFO    | epoch  675/1600 | loss=0.0086
05:44:55 | INFO    |            [filtered] MRR=0.2246 Hit@1=0.1708 Hit@5=0.2608 Hit@10=0.2896 MR=102.4 n=6415
05:44:55 | INFO    |            [multiref] MRR=0.5905 Hit@1=0.5361 Hit@5=0.6345 Hit@10=0.6988 MR=75.9 n=498
05:44:56 | INFO    |            -> new best filtered MRR=0.2246 (saved model_best.pt)

MRAEA:  42%|██████████████████████▍                              | 677/1600 [00:31<01:07, 13.77it/s]
MRAEA:  43%|██████████████████████▌                              | 681/1600 [00:31<00:54, 16.98it/s]
MRAEA:  43%|██████████████████████▋                              | 685/1600 [00:31<00:45, 20.29it/s]
MRAEA:  43%|██████████████████████▊                              | 689/1600 [00:31<00:38, 23.50it/s]
MRAEA:  43%|██████████████████████▉                              | 693/1600 [00:31<00:34, 26.43it/s]
MRAEA:  44%|███████████████████████                              | 697/1600 [00:32<00:31, 28.96it/s]05:44:56 | INFO    | epoch  700/1600 | loss=0.0080
05:44:57 | INFO    |            [filtered] MRR=0.2241 Hit@1=0.1713 Hit@5=0.2599 Hit@10=0.2857 MR=108.9 n=6415
05:44:57 | INFO    |            [multiref] MRR=0.5893 Hit@1=0.5301 Hit@5=0.6386 Hit@10=0.7068 MR=76.9 n=498

MRAEA:  44%|███████████████████████▏                             | 701/1600 [00:32<00:57, 15.53it/s]
MRAEA:  44%|███████████████████████▎                             | 705/1600 [00:32<00:47, 18.83it/s]
MRAEA:  44%|███████████████████████▍                             | 709/1600 [00:32<00:40, 22.12it/s]
MRAEA:  45%|███████████████████████▌                             | 713/1600 [00:32<00:35, 25.20it/s]
MRAEA:  45%|███████████████████████▊                             | 717/1600 [00:32<00:31, 27.91it/s]
MRAEA:  45%|███████████████████████▉                             | 721/1600 [00:33<00:29, 30.19it/s]05:44:58 | INFO    | epoch  725/1600 | loss=0.0065
05:44:58 | INFO    |            [filtered] MRR=0.2244 Hit@1=0.1666 Hit@5=0.2634 Hit@10=0.2940 MR=96.4 n=6415
05:44:58 | INFO    |            [multiref] MRR=0.5913 Hit@1=0.5301 Hit@5=0.6466 Hit@10=0.7068 MR=76.2 n=498

MRAEA:  45%|████████████████████████                             | 725/1600 [00:33<00:55, 15.84it/s]
MRAEA:  46%|████████████████████████▏                            | 729/1600 [00:33<00:45, 19.12it/s]
MRAEA:  46%|████████████████████████▎                            | 733/1600 [00:33<00:38, 22.39it/s]
MRAEA:  46%|████████████████████████▍                            | 737/1600 [00:33<00:33, 25.44it/s]
MRAEA:  46%|████████████████████████▌                            | 741/1600 [00:34<00:30, 28.12it/s]
MRAEA:  47%|████████████████████████▋                            | 745/1600 [00:34<00:28, 30.36it/s]
MRAEA:  47%|████████████████████████▊                            | 749/1600 [00:34<00:26, 32.16it/s]05:44:59 | INFO    | epoch  750/1600 | loss=0.0054
05:44:59 | INFO    |            [filtered] MRR=0.2260 Hit@1=0.1688 Hit@5=0.2636 Hit@10=0.2984 MR=99.6 n=6415
05:44:59 | INFO    |            [multiref] MRR=0.5958 Hit@1=0.5361 Hit@5=0.6426 Hit@10=0.7068 MR=75.5 n=498
05:44:59 | INFO    |            -> new best filtered MRR=0.2260 (saved model_best.pt)

MRAEA:  47%|████████████████████████▉                            | 753/1600 [00:34<00:59, 14.27it/s]
MRAEA:  47%|█████████████████████████                            | 757/1600 [00:35<00:48, 17.51it/s]
MRAEA:  48%|█████████████████████████▏                           | 761/1600 [00:35<00:40, 20.82it/s]
MRAEA:  48%|█████████████████████████▎                           | 765/1600 [00:35<00:34, 24.01it/s]
MRAEA:  48%|█████████████████████████▍                           | 769/1600 [00:35<00:30, 26.88it/s]
MRAEA:  48%|█████████████████████████▌                           | 773/1600 [00:35<00:28, 29.33it/s]05:45:00 | INFO    | epoch  775/1600 | loss=0.0079
05:45:00 | INFO    |            [filtered] MRR=0.2282 Hit@1=0.1693 Hit@5=0.2691 Hit@10=0.3097 MR=101.8 n=6415
05:45:00 | INFO    |            [multiref] MRR=0.5995 Hit@1=0.5341 Hit@5=0.6627 Hit@10=0.7028 MR=73.5 n=498
05:45:00 | INFO    |            -> new best filtered MRR=0.2282 (saved model_best.pt)

MRAEA:  49%|█████████████████████████▋                           | 777/1600 [00:36<00:58, 14.05it/s]
MRAEA:  49%|█████████████████████████▊                           | 781/1600 [00:36<00:47, 17.28it/s]
MRAEA:  49%|██████████████████████████                           | 785/1600 [00:36<00:39, 20.59it/s]
MRAEA:  49%|██████████████████████████▏                          | 789/1600 [00:36<00:34, 23.78it/s]
MRAEA:  50%|██████████████████████████▎                          | 793/1600 [00:36<00:30, 26.66it/s]
MRAEA:  50%|██████████████████████████▍                          | 797/1600 [00:36<00:27, 29.14it/s]05:45:01 | INFO    | epoch  800/1600 | loss=0.0084 | bootstrap: +22 mutual pairs (train=18838, pool=284)
05:45:01 | INFO    |            [filtered] MRR=0.2296 Hit@1=0.1716 Hit@5=0.2705 Hit@10=0.3083 MR=101.0 n=6415
05:45:01 | INFO    |            [multiref] MRR=0.6008 Hit@1=0.5382 Hit@5=0.6586 Hit@10=0.7048 MR=72.0 n=498
05:45:02 | INFO    |            -> new best filtered MRR=0.2296 (saved model_best.pt)

MRAEA:  50%|██████████████████████████▌                          | 801/1600 [00:37<00:58, 13.75it/s]
MRAEA:  50%|██████████████████████████▋                          | 805/1600 [00:37<00:46, 16.97it/s]
MRAEA:  51%|██████████████████████████▊                          | 809/1600 [00:37<00:38, 20.29it/s]
MRAEA:  51%|██████████████████████████▉                          | 813/1600 [00:37<00:33, 23.50it/s]
MRAEA:  51%|███████████████████████████                          | 817/1600 [00:37<00:29, 26.44it/s]
MRAEA:  51%|███████████████████████████▏                         | 821/1600 [00:37<00:26, 28.97it/s]05:45:02 | INFO    | epoch  825/1600 | loss=0.0049
05:45:03 | INFO    |            [filtered] MRR=0.2274 Hit@1=0.1727 Hit@5=0.2675 Hit@10=0.2999 MR=109.2 n=6415
05:45:03 | INFO    |            [multiref] MRR=0.5971 Hit@1=0.5361 Hit@5=0.6526 Hit@10=0.7008 MR=70.7 n=498

MRAEA:  52%|███████████████████████████▎                         | 825/1600 [00:38<00:49, 15.60it/s]
MRAEA:  52%|███████████████████████████▍                         | 829/1600 [00:38<00:40, 18.88it/s]
MRAEA:  52%|███████████████████████████▌                         | 833/1600 [00:38<00:34, 22.16it/s]
MRAEA:  52%|███████████████████████████▋                         | 837/1600 [00:38<00:30, 25.23it/s]
MRAEA:  53%|███████████████████████████▊                         | 841/1600 [00:38<00:27, 27.94it/s]
MRAEA:  53%|███████████████████████████▉                         | 845/1600 [00:38<00:24, 30.21it/s]
MRAEA:  53%|████████████████████████████                         | 849/1600 [00:38<00:23, 32.04it/s]05:45:03 | INFO    | epoch  850/1600 | loss=0.0079
05:45:04 | INFO    |            [filtered] MRR=0.2259 Hit@1=0.1705 Hit@5=0.2670 Hit@10=0.3009 MR=110.2 n=6415
05:45:04 | INFO    |            [multiref] MRR=0.6018 Hit@1=0.5422 Hit@5=0.6566 Hit@10=0.7008 MR=68.0 n=498

MRAEA:  53%|████████████████████████████▎                        | 853/1600 [00:39<00:45, 16.52it/s]
MRAEA:  54%|████████████████████████████▍                        | 857/1600 [00:39<00:37, 19.84it/s]
MRAEA:  54%|████████████████████████████▌                        | 861/1600 [00:39<00:32, 23.08it/s]
MRAEA:  54%|████████████████████████████▋                        | 865/1600 [00:39<00:28, 26.06it/s]
MRAEA:  54%|████████████████████████████▊                        | 869/1600 [00:39<00:25, 28.65it/s]
MRAEA:  55%|████████████████████████████▉                        | 873/1600 [00:40<00:23, 30.79it/s]05:45:04 | INFO    | epoch  875/1600 | loss=0.0064
05:45:05 | INFO    |            [filtered] MRR=0.2295 Hit@1=0.1701 Hit@5=0.2740 Hit@10=0.3127 MR=103.2 n=6415
05:45:05 | INFO    |            [multiref] MRR=0.6054 Hit@1=0.5482 Hit@5=0.6546 Hit@10=0.7008 MR=66.7 n=498

MRAEA:  55%|█████████████████████████████                        | 877/1600 [00:40<00:44, 16.23it/s]
MRAEA:  55%|█████████████████████████████▏                       | 881/1600 [00:40<00:36, 19.55it/s]
MRAEA:  55%|█████████████████████████████▎                       | 885/1600 [00:40<00:31, 22.80it/s]
MRAEA:  56%|█████████████████████████████▍                       | 889/1600 [00:40<00:27, 25.82it/s]
MRAEA:  56%|█████████████████████████████▌                       | 893/1600 [00:40<00:24, 28.44it/s]
MRAEA:  56%|█████████████████████████████▋                       | 897/1600 [00:41<00:22, 30.61it/s]05:45:05 | INFO    | epoch  900/1600 | loss=0.0068
05:45:06 | INFO    |            [filtered] MRR=0.2307 Hit@1=0.1726 Hit@5=0.2748 Hit@10=0.3055 MR=109.2 n=6415
05:45:06 | INFO    |            [multiref] MRR=0.6085 Hit@1=0.5522 Hit@5=0.6546 Hit@10=0.7008 MR=70.0 n=498
05:45:06 | INFO    |            -> new best filtered MRR=0.2307 (saved model_best.pt)

MRAEA:  56%|█████████████████████████████▊                       | 901/1600 [00:41<00:49, 14.13it/s]
MRAEA:  57%|█████████████████████████████▉                       | 905/1600 [00:41<00:40, 17.37it/s]
MRAEA:  57%|██████████████████████████████                       | 909/1600 [00:41<00:33, 20.68it/s]
MRAEA:  57%|██████████████████████████████▏                      | 913/1600 [00:42<00:28, 23.86it/s]
MRAEA:  57%|██████████████████████████████▍                      | 917/1600 [00:42<00:25, 26.75it/s]
MRAEA:  58%|██████████████████████████████▌                      | 921/1600 [00:42<00:23, 29.22it/s]05:45:07 | INFO    | epoch  925/1600 | loss=0.0074
05:45:07 | INFO    |            [filtered] MRR=0.2284 Hit@1=0.1732 Hit@5=0.2717 Hit@10=0.2962 MR=125.4 n=6415
05:45:07 | INFO    |            [multiref] MRR=0.6010 Hit@1=0.5422 Hit@5=0.6486 Hit@10=0.7008 MR=72.5 n=498

MRAEA:  58%|██████████████████████████████▋                      | 925/1600 [00:42<00:42, 15.74it/s]
MRAEA:  58%|██████████████████████████████▊                      | 929/1600 [00:42<00:35, 19.03it/s]
MRAEA:  58%|██████████████████████████████▉                      | 933/1600 [00:42<00:29, 22.31it/s]
MRAEA:  59%|███████████████████████████████                      | 937/1600 [00:43<00:26, 25.36it/s]
MRAEA:  59%|███████████████████████████████▏                     | 941/1600 [00:43<00:23, 28.04it/s]
MRAEA:  59%|███████████████████████████████▎                     | 945/1600 [00:43<00:21, 30.29it/s]
MRAEA:  59%|███████████████████████████████▍                     | 949/1600 [00:43<00:20, 32.07it/s]05:45:08 | INFO    | epoch  950/1600 | loss=0.0064
05:45:08 | INFO    |            [filtered] MRR=0.2276 Hit@1=0.1713 Hit@5=0.2723 Hit@10=0.3026 MR=112.8 n=6415
05:45:08 | INFO    |            [multiref] MRR=0.6010 Hit@1=0.5422 Hit@5=0.6586 Hit@10=0.7088 MR=67.9 n=498

MRAEA:  60%|███████████████████████████████▌                     | 953/1600 [00:43<00:39, 16.52it/s]
MRAEA:  60%|███████████████████████████████▋                     | 957/1600 [00:44<00:32, 19.84it/s]
MRAEA:  60%|███████████████████████████████▊                     | 961/1600 [00:44<00:27, 23.08it/s]
MRAEA:  60%|███████████████████████████████▉                     | 965/1600 [00:44<00:24, 26.06it/s]
MRAEA:  61%|████████████████████████████████                     | 969/1600 [00:44<00:22, 28.66it/s]
MRAEA:  61%|████████████████████████████████▏                    | 973/1600 [00:44<00:20, 30.80it/s]05:45:09 | INFO    | epoch  975/1600 | loss=0.0073
05:45:09 | INFO    |            [filtered] MRR=0.2283 Hit@1=0.1707 Hit@5=0.2725 Hit@10=0.3093 MR=106.0 n=6415
05:45:09 | INFO    |            [multiref] MRR=0.6053 Hit@1=0.5522 Hit@5=0.6526 Hit@10=0.7149 MR=68.1 n=498

MRAEA:  61%|████████████████████████████████▎                    | 977/1600 [00:45<00:38, 16.02it/s]
MRAEA:  61%|████████████████████████████████▍                    | 981/1600 [00:45<00:32, 19.32it/s]
MRAEA:  62%|████████████████████████████████▋                    | 985/1600 [00:45<00:27, 22.59it/s]
MRAEA:  62%|████████████████████████████████▊                    | 989/1600 [00:45<00:23, 25.61it/s]
MRAEA:  62%|████████████████████████████████▉                    | 993/1600 [00:45<00:21, 28.26it/s]
MRAEA:  62%|█████████████████████████████████                    | 997/1600 [00:45<00:19, 30.47it/s]05:45:10 | INFO    | epoch 1000/1600 | loss=0.0057 | bootstrap: +18 mutual pairs (train=18856, pool=266)
05:45:10 | INFO    |            [filtered] MRR=0.2275 Hit@1=0.1710 Hit@5=0.2692 Hit@10=0.3015 MR=104.5 n=6415
05:45:10 | INFO    |            [multiref] MRR=0.6074 Hit@1=0.5542 Hit@5=0.6606 Hit@10=0.7129 MR=64.0 n=498

MRAEA:  63%|████████████████████████████████▌                   | 1001/1600 [00:46<00:37, 15.99it/s]
MRAEA:  63%|████████████████████████████████▋                   | 1005/1600 [00:46<00:30, 19.30it/s]
MRAEA:  63%|████████████████████████████████▊                   | 1009/1600 [00:46<00:26, 22.56it/s]
MRAEA:  63%|████████████████████████████████▉                   | 1013/1600 [00:46<00:23, 25.16it/s]
MRAEA:  64%|█████████████████████████████████                   | 1017/1600 [00:46<00:20, 27.88it/s]
MRAEA:  64%|█████████████████████████████████▏                  | 1021/1600 [00:46<00:19, 30.15it/s]05:45:11 | INFO    | epoch 1025/1600 | loss=0.0072
05:45:11 | INFO    |            [filtered] MRR=0.2263 Hit@1=0.1696 Hit@5=0.2675 Hit@10=0.2896 MR=100.0 n=6415
05:45:11 | INFO    |            [multiref] MRR=0.6038 Hit@1=0.5442 Hit@5=0.6647 Hit@10=0.7129 MR=58.8 n=498

MRAEA:  64%|█████████████████████████████████▎                  | 1025/1600 [00:47<00:36, 15.87it/s]
MRAEA:  64%|█████████████████████████████████▍                  | 1029/1600 [00:47<00:29, 19.16it/s]
MRAEA:  65%|█████████████████████████████████▌                  | 1033/1600 [00:47<00:25, 22.43it/s]
MRAEA:  65%|█████████████████████████████████▋                  | 1037/1600 [00:47<00:22, 25.48it/s]
MRAEA:  65%|█████████████████████████████████▊                  | 1041/1600 [00:47<00:19, 28.16it/s]
MRAEA:  65%|█████████████████████████████████▉                  | 1045/1600 [00:47<00:18, 30.38it/s]
MRAEA:  66%|██████████████████████████████████                  | 1049/1600 [00:47<00:17, 32.17it/s]05:45:12 | INFO    | epoch 1050/1600 | loss=0.0061
05:45:12 | INFO    |            [filtered] MRR=0.2246 Hit@1=0.1696 Hit@5=0.2667 Hit@10=0.2895 MR=109.3 n=6415
05:45:12 | INFO    |            [multiref] MRR=0.6048 Hit@1=0.5502 Hit@5=0.6586 Hit@10=0.7169 MR=54.8 n=498

MRAEA:  66%|██████████████████████████████████▏                 | 1053/1600 [00:48<00:33, 16.28it/s]
MRAEA:  66%|██████████████████████████████████▎                 | 1057/1600 [00:48<00:27, 19.60it/s]
MRAEA:  66%|██████████████████████████████████▍                 | 1061/1600 [00:48<00:23, 22.85it/s]
MRAEA:  67%|██████████████████████████████████▌                 | 1065/1600 [00:48<00:20, 25.84it/s]
MRAEA:  67%|██████████████████████████████████▋                 | 1069/1600 [00:48<00:18, 28.46it/s]
MRAEA:  67%|██████████████████████████████████▊                 | 1073/1600 [00:48<00:17, 30.64it/s]05:45:13 | INFO    | epoch 1075/1600 | loss=0.0056
05:45:14 | INFO    |            [filtered] MRR=0.2256 Hit@1=0.1724 Hit@5=0.2667 Hit@10=0.2903 MR=118.4 n=6415
05:45:14 | INFO    |            [multiref] MRR=0.6081 Hit@1=0.5542 Hit@5=0.6627 Hit@10=0.7309 MR=52.8 n=498

MRAEA:  67%|███████████████████████████████████                 | 1077/1600 [00:49<00:32, 15.99it/s]
MRAEA:  68%|███████████████████████████████████▏                | 1081/1600 [00:49<00:26, 19.30it/s]
MRAEA:  68%|███████████████████████████████████▎                | 1085/1600 [00:49<00:22, 22.57it/s]
MRAEA:  68%|███████████████████████████████████▍                | 1089/1600 [00:49<00:19, 25.59it/s]
MRAEA:  68%|███████████████████████████████████▌                | 1093/1600 [00:49<00:17, 28.24it/s]
MRAEA:  69%|███████████████████████████████████▋                | 1097/1600 [00:49<00:16, 30.45it/s]05:45:14 | INFO    | epoch 1100/1600 | loss=0.0074
05:45:15 | INFO    |            [filtered] MRR=0.2279 Hit@1=0.1772 Hit@5=0.2680 Hit@10=0.2873 MR=129.3 n=6415
05:45:15 | INFO    |            [multiref] MRR=0.6114 Hit@1=0.5562 Hit@5=0.6627 Hit@10=0.7249 MR=54.8 n=498

MRAEA:  69%|███████████████████████████████████▊                | 1101/1600 [00:50<00:31, 16.04it/s]
MRAEA:  69%|███████████████████████████████████▉                | 1105/1600 [00:50<00:25, 19.35it/s]
MRAEA:  69%|████████████████████████████████████                | 1109/1600 [00:50<00:21, 22.61it/s]
MRAEA:  70%|████████████████████████████████████▏               | 1113/1600 [00:50<00:18, 25.64it/s]
MRAEA:  70%|████████████████████████████████████▎               | 1117/1600 [00:50<00:17, 28.29it/s]
MRAEA:  70%|████████████████████████████████████▍               | 1121/1600 [00:50<00:15, 30.50it/s]05:45:15 | INFO    | epoch 1125/1600 | loss=0.0066
05:45:16 | INFO    |            [filtered] MRR=0.2277 Hit@1=0.1768 Hit@5=0.2677 Hit@10=0.2873 MR=122.4 n=6415
05:45:16 | INFO    |            [multiref] MRR=0.6161 Hit@1=0.5643 Hit@5=0.6606 Hit@10=0.7269 MR=52.4 n=498

MRAEA:  70%|████████████████████████████████████▌               | 1125/1600 [00:51<00:29, 16.08it/s]
MRAEA:  71%|████████████████████████████████████▋               | 1129/1600 [00:51<00:24, 19.37it/s]
MRAEA:  71%|████████████████████████████████████▊               | 1133/1600 [00:51<00:20, 22.63it/s]
MRAEA:  71%|████████████████████████████████████▉               | 1137/1600 [00:51<00:18, 25.65it/s]
MRAEA:  71%|█████████████████████████████████████               | 1141/1600 [00:51<00:16, 28.29it/s]
MRAEA:  72%|█████████████████████████████████████▏              | 1145/1600 [00:52<00:14, 30.52it/s]
MRAEA:  72%|█████████████████████████████████████▎              | 1149/1600 [00:52<00:13, 32.28it/s]05:45:16 | INFO    | epoch 1150/1600 | loss=0.0076
05:45:17 | INFO    |            [filtered] MRR=0.2281 Hit@1=0.1769 Hit@5=0.2684 Hit@10=0.2926 MR=117.5 n=6415
05:45:17 | INFO    |            [multiref] MRR=0.6168 Hit@1=0.5622 Hit@5=0.6707 Hit@10=0.7289 MR=50.9 n=498

MRAEA:  72%|█████████████████████████████████████▍              | 1153/1600 [00:52<00:27, 16.20it/s]
MRAEA:  72%|█████████████████████████████████████▌              | 1157/1600 [00:52<00:22, 19.51it/s]
MRAEA:  73%|█████████████████████████████████████▋              | 1161/1600 [00:52<00:19, 22.76it/s]
MRAEA:  73%|█████████████████████████████████████▊              | 1165/1600 [00:53<00:16, 25.77it/s]
MRAEA:  73%|█████████████████████████████████████▉              | 1169/1600 [00:53<00:15, 28.40it/s]
MRAEA:  73%|██████████████████████████████████████              | 1173/1600 [00:53<00:13, 30.58it/s]05:45:18 | INFO    | epoch 1175/1600 | loss=0.0052
05:45:18 | INFO    |            [filtered] MRR=0.2264 Hit@1=0.1788 Hit@5=0.2519 Hit@10=0.2851 MR=122.4 n=6415
05:45:18 | INFO    |            [multiref] MRR=0.6159 Hit@1=0.5602 Hit@5=0.6667 Hit@10=0.7229 MR=47.5 n=498

MRAEA:  74%|██████████████████████████████████████▎             | 1177/1600 [00:53<00:26, 15.88it/s]
MRAEA:  74%|██████████████████████████████████████▍             | 1181/1600 [00:53<00:21, 19.18it/s]
MRAEA:  74%|██████████████████████████████████████▌             | 1185/1600 [00:53<00:18, 22.46it/s]
MRAEA:  74%|██████████████████████████████████████▋             | 1189/1600 [00:54<00:16, 25.49it/s]
MRAEA:  75%|██████████████████████████████████████▊             | 1193/1600 [00:54<00:14, 28.16it/s]
MRAEA:  75%|██████████████████████████████████████▉             | 1197/1600 [00:54<00:13, 30.40it/s]05:45:19 | INFO    | epoch 1200/1600 | loss=0.0084 | bootstrap: +12 mutual pairs (train=18868, pool=254)
05:45:19 | INFO    |            [filtered] MRR=0.2250 Hit@1=0.1793 Hit@5=0.2513 Hit@10=0.2736 MR=143.1 n=6415
05:45:19 | INFO    |            [multiref] MRR=0.6171 Hit@1=0.5602 Hit@5=0.6707 Hit@10=0.7209 MR=47.5 n=498

MRAEA:  75%|███████████████████████████████████████             | 1201/1600 [00:54<00:25, 15.91it/s]
MRAEA:  75%|███████████████████████████████████████▏            | 1205/1600 [00:54<00:20, 19.21it/s]
MRAEA:  76%|███████████████████████████████████████▎            | 1209/1600 [00:55<00:17, 22.47it/s]
MRAEA:  76%|███████████████████████████████████████▍            | 1213/1600 [00:55<00:15, 25.51it/s]
MRAEA:  76%|███████████████████████████████████████▌            | 1217/1600 [00:55<00:13, 28.19it/s]
MRAEA:  76%|███████████████████████████████████████▋            | 1221/1600 [00:55<00:12, 30.40it/s]05:45:20 | INFO    | epoch 1225/1600 | loss=0.0056
05:45:20 | INFO    |            [filtered] MRR=0.2247 Hit@1=0.1791 Hit@5=0.2530 Hit@10=0.2726 MR=143.8 n=6415
05:45:20 | INFO    |            [multiref] MRR=0.6063 Hit@1=0.5442 Hit@5=0.6767 Hit@10=0.7269 MR=45.2 n=498

MRAEA:  77%|███████████████████████████████████████▊            | 1225/1600 [00:55<00:23, 15.84it/s]
MRAEA:  77%|███████████████████████████████████████▉            | 1229/1600 [00:56<00:19, 19.11it/s]
MRAEA:  77%|████████████████████████████████████████            | 1233/1600 [00:56<00:16, 22.37it/s]
MRAEA:  77%|████████████████████████████████████████▏           | 1237/1600 [00:56<00:14, 25.42it/s]
MRAEA:  78%|████████████████████████████████████████▎           | 1241/1600 [00:56<00:12, 28.09it/s]
MRAEA:  78%|████████████████████████████████████████▍           | 1245/1600 [00:56<00:11, 30.33it/s]
MRAEA:  78%|████████████████████████████████████████▌           | 1249/1600 [00:56<00:10, 32.12it/s]05:45:21 | INFO    | epoch 1250/1600 | loss=0.0077
05:45:21 | INFO    |            [filtered] MRR=0.2260 Hit@1=0.1814 Hit@5=0.2532 Hit@10=0.2731 MR=139.7 n=6415
05:45:21 | INFO    |            [multiref] MRR=0.6074 Hit@1=0.5462 Hit@5=0.6707 Hit@10=0.7269 MR=44.3 n=498

MRAEA:  78%|████████████████████████████████████████▋           | 1253/1600 [00:57<00:21, 16.13it/s]
MRAEA:  79%|████████████████████████████████████████▊           | 1257/1600 [00:57<00:17, 19.44it/s]
MRAEA:  79%|████████████████████████████████████████▉           | 1261/1600 [00:57<00:14, 22.69it/s]
MRAEA:  79%|█████████████████████████████████████████           | 1265/1600 [00:57<00:13, 25.70it/s]
MRAEA:  79%|█████████████████████████████████████████▏          | 1269/1600 [00:57<00:11, 28.31it/s]
MRAEA:  80%|█████████████████████████████████████████▎          | 1273/1600 [00:57<00:10, 30.53it/s]05:45:22 | INFO    | epoch 1275/1600 | loss=0.0057
05:45:22 | INFO    |            [filtered] MRR=0.2261 Hit@1=0.1829 Hit@5=0.2549 Hit@10=0.2772 MR=158.2 n=6415
05:45:22 | INFO    |            [multiref] MRR=0.6086 Hit@1=0.5502 Hit@5=0.6667 Hit@10=0.7289 MR=45.0 n=498

MRAEA:  80%|█████████████████████████████████████████▌          | 1277/1600 [00:58<00:20, 15.69it/s]
MRAEA:  80%|█████████████████████████████████████████▋          | 1281/1600 [00:58<00:16, 19.00it/s]
MRAEA:  80%|█████████████████████████████████████████▊          | 1285/1600 [00:58<00:14, 22.29it/s]
MRAEA:  81%|█████████████████████████████████████████▉          | 1289/1600 [00:58<00:12, 25.36it/s]
MRAEA:  81%|██████████████████████████████████████████          | 1293/1600 [00:58<00:10, 28.06it/s]
MRAEA:  81%|██████████████████████████████████████████▏         | 1297/1600 [00:58<00:09, 30.32it/s]05:45:23 | INFO    | epoch 1300/1600 | loss=0.0071
05:45:23 | INFO    |            [filtered] MRR=0.2267 Hit@1=0.1833 Hit@5=0.2574 Hit@10=0.2825 MR=162.3 n=6415
05:45:23 | INFO    |            [multiref] MRR=0.6134 Hit@1=0.5562 Hit@5=0.6807 Hit@10=0.7309 MR=47.4 n=498

MRAEA:  81%|██████████████████████████████████████████▎         | 1301/1600 [00:59<00:18, 15.78it/s]
MRAEA:  82%|██████████████████████████████████████████▍         | 1305/1600 [00:59<00:15, 19.08it/s]
MRAEA:  82%|██████████████████████████████████████████▌         | 1309/1600 [00:59<00:13, 22.36it/s]
MRAEA:  82%|██████████████████████████████████████████▋         | 1313/1600 [00:59<00:11, 25.42it/s]
MRAEA:  82%|██████████████████████████████████████████▊         | 1317/1600 [00:59<00:10, 28.10it/s]
MRAEA:  83%|██████████████████████████████████████████▉         | 1321/1600 [00:59<00:09, 30.34it/s]05:45:24 | INFO    | epoch 1325/1600 | loss=0.0062
05:45:24 | INFO    |            [filtered] MRR=0.2277 Hit@1=0.1835 Hit@5=0.2686 Hit@10=0.2884 MR=167.1 n=6415
05:45:24 | INFO    |            [multiref] MRR=0.6176 Hit@1=0.5602 Hit@5=0.6867 Hit@10=0.7309 MR=49.0 n=498

MRAEA:  83%|███████████████████████████████████████████         | 1325/1600 [01:00<00:17, 15.99it/s]
MRAEA:  83%|███████████████████████████████████████████▏        | 1329/1600 [01:00<00:14, 19.28it/s]
MRAEA:  83%|███████████████████████████████████████████▎        | 1333/1600 [01:00<00:11, 22.55it/s]
MRAEA:  84%|███████████████████████████████████████████▍        | 1337/1600 [01:00<00:10, 25.59it/s]
MRAEA:  84%|███████████████████████████████████████████▌        | 1341/1600 [01:00<00:09, 28.26it/s]
MRAEA:  84%|███████████████████████████████████████████▋        | 1345/1600 [01:00<00:08, 30.49it/s]
MRAEA:  84%|███████████████████████████████████████████▊        | 1349/1600 [01:00<00:07, 32.26it/s]05:45:25 | INFO    | epoch 1350/1600 | loss=0.0056
05:45:26 | INFO    |            [filtered] MRR=0.2315 Hit@1=0.1871 Hit@5=0.2705 Hit@10=0.2934 MR=163.0 n=6415
05:45:26 | INFO    |            [multiref] MRR=0.6233 Hit@1=0.5683 Hit@5=0.6847 Hit@10=0.7289 MR=47.3 n=498
05:45:26 | INFO    |            -> new best filtered MRR=0.2315 (saved model_best.pt)

MRAEA:  85%|███████████████████████████████████████████▉        | 1353/1600 [01:01<00:17, 14.00it/s]
MRAEA:  85%|████████████████████████████████████████████        | 1357/1600 [01:01<00:14, 17.23it/s]
MRAEA:  85%|████████████████████████████████████████████▏       | 1361/1600 [01:01<00:11, 20.55it/s]
MRAEA:  85%|████████████████████████████████████████████▎       | 1365/1600 [01:01<00:09, 23.74it/s]
MRAEA:  86%|████████████████████████████████████████████▍       | 1369/1600 [01:02<00:08, 26.65it/s]
MRAEA:  86%|████████████████████████████████████████████▌       | 1373/1600 [01:02<00:07, 29.16it/s]05:45:27 | INFO    | epoch 1375/1600 | loss=0.0066
05:45:27 | INFO    |            [filtered] MRR=0.2295 Hit@1=0.1852 Hit@5=0.2692 Hit@10=0.2904 MR=179.5 n=6415
05:45:27 | INFO    |            [multiref] MRR=0.6137 Hit@1=0.5562 Hit@5=0.6687 Hit@10=0.7269 MR=50.8 n=498

MRAEA:  86%|████████████████████████████████████████████▊       | 1377/1600 [01:02<00:14, 15.45it/s]
MRAEA:  86%|████████████████████████████████████████████▉       | 1381/1600 [01:02<00:11, 18.74it/s]
MRAEA:  87%|█████████████████████████████████████████████       | 1385/1600 [01:02<00:09, 22.03it/s]
MRAEA:  87%|█████████████████████████████████████████████▏      | 1389/1600 [01:02<00:08, 25.11it/s]
MRAEA:  87%|█████████████████████████████████████████████▎      | 1393/1600 [01:03<00:07, 27.83it/s]
MRAEA:  87%|█████████████████████████████████████████████▍      | 1397/1600 [01:03<00:06, 30.12it/s]05:45:28 | INFO    | epoch 1400/1600 | loss=0.0057 | bootstrap: +13 mutual pairs (train=18881, pool=241)
05:45:28 | INFO    |            [filtered] MRR=0.2306 Hit@1=0.1841 Hit@5=0.2731 Hit@10=0.2942 MR=172.1 n=6415
05:45:28 | INFO    |            [multiref] MRR=0.6156 Hit@1=0.5582 Hit@5=0.6687 Hit@10=0.7269 MR=52.7 n=498

MRAEA:  88%|█████████████████████████████████████████████▌      | 1401/1600 [01:03<00:12, 15.79it/s]
MRAEA:  88%|█████████████████████████████████████████████▋      | 1405/1600 [01:03<00:10, 19.10it/s]
MRAEA:  88%|█████████████████████████████████████████████▊      | 1409/1600 [01:03<00:08, 22.38it/s]
MRAEA:  88%|█████████████████████████████████████████████▉      | 1413/1600 [01:04<00:07, 25.43it/s]
MRAEA:  89%|██████████████████████████████████████████████      | 1417/1600 [01:04<00:06, 28.12it/s]
MRAEA:  89%|██████████████████████████████████████████████▏     | 1421/1600 [01:04<00:05, 30.30it/s]05:45:29 | INFO    | epoch 1425/1600 | loss=0.0059
05:45:29 | INFO    |            [filtered] MRR=0.2327 Hit@1=0.1839 Hit@5=0.2781 Hit@10=0.2963 MR=163.0 n=6415
05:45:29 | INFO    |            [multiref] MRR=0.6154 Hit@1=0.5542 Hit@5=0.6747 Hit@10=0.7269 MR=48.9 n=498
05:45:29 | INFO    |            -> new best filtered MRR=0.2327 (saved model_best.pt)

MRAEA:  89%|██████████████████████████████████████████████▎     | 1425/1600 [01:04<00:12, 13.84it/s]
MRAEA:  89%|██████████████████████████████████████████████▍     | 1429/1600 [01:05<00:10, 17.06it/s]
MRAEA:  90%|██████████████████████████████████████████████▌     | 1433/1600 [01:05<00:08, 20.39it/s]
MRAEA:  90%|██████████████████████████████████████████████▋     | 1437/1600 [01:05<00:06, 23.61it/s]
MRAEA:  90%|██████████████████████████████████████████████▊     | 1441/1600 [01:05<00:05, 26.54it/s]
MRAEA:  90%|██████████████████████████████████████████████▉     | 1445/1600 [01:05<00:05, 29.07it/s]
MRAEA:  91%|███████████████████████████████████████████████     | 1449/1600 [01:05<00:05, 29.77it/s]05:45:30 | INFO    | epoch 1450/1600 | loss=0.0059
05:45:30 | INFO    |            [filtered] MRR=0.2348 Hit@1=0.1858 Hit@5=0.2770 Hit@10=0.2965 MR=157.3 n=6415
05:45:30 | INFO    |            [multiref] MRR=0.6154 Hit@1=0.5582 Hit@5=0.6687 Hit@10=0.7249 MR=47.3 n=498
05:45:30 | INFO    |            -> new best filtered MRR=0.2348 (saved model_best.pt)

MRAEA:  91%|███████████████████████████████████████████████▏    | 1453/1600 [01:06<00:10, 13.80it/s]
MRAEA:  91%|███████████████████████████████████████████████▎    | 1457/1600 [01:06<00:08, 17.03it/s]
MRAEA:  91%|███████████████████████████████████████████████▍    | 1461/1600 [01:06<00:06, 20.36it/s]
MRAEA:  92%|███████████████████████████████████████████████▌    | 1465/1600 [01:06<00:05, 23.59it/s]
MRAEA:  92%|███████████████████████████████████████████████▋    | 1469/1600 [01:06<00:04, 26.54it/s]
MRAEA:  92%|███████████████████████████████████████████████▊    | 1473/1600 [01:06<00:04, 29.06it/s]05:45:31 | INFO    | epoch 1475/1600 | loss=0.0061
05:45:31 | INFO    |            [filtered] MRR=0.2349 Hit@1=0.1864 Hit@5=0.2775 Hit@10=0.2963 MR=156.3 n=6415
05:45:31 | INFO    |            [multiref] MRR=0.6161 Hit@1=0.5602 Hit@5=0.6667 Hit@10=0.7249 MR=47.5 n=498
05:45:32 | INFO    |            -> new best filtered MRR=0.2349 (saved model_best.pt)

MRAEA:  92%|████████████████████████████████████████████████    | 1477/1600 [01:07<00:08, 13.93it/s]
MRAEA:  93%|████████████████████████████████████████████████▏   | 1481/1600 [01:07<00:06, 17.17it/s]
MRAEA:  93%|████████████████████████████████████████████████▎   | 1485/1600 [01:07<00:05, 20.49it/s]
MRAEA:  93%|████████████████████████████████████████████████▍   | 1489/1600 [01:07<00:04, 23.72it/s]
MRAEA:  93%|████████████████████████████████████████████████▌   | 1493/1600 [01:07<00:04, 26.64it/s]
MRAEA:  94%|████████████████████████████████████████████████▋   | 1497/1600 [01:07<00:03, 29.16it/s]05:45:32 | INFO    | epoch 1500/1600 | loss=0.0067
05:45:33 | INFO    |            [filtered] MRR=0.2378 Hit@1=0.1866 Hit@5=0.2812 Hit@10=0.2999 MR=153.1 n=6415
05:45:33 | INFO    |            [multiref] MRR=0.6285 Hit@1=0.5723 Hit@5=0.6928 Hit@10=0.7390 MR=45.8 n=498
05:45:33 | INFO    |            -> new best filtered MRR=0.2378 (saved model_best.pt)

MRAEA:  94%|████████████████████████████████████████████████▊   | 1501/1600 [01:08<00:07, 13.65it/s]
MRAEA:  94%|████████████████████████████████████████████████▉   | 1505/1600 [01:08<00:05, 16.87it/s]
MRAEA:  94%|█████████████████████████████████████████████████   | 1509/1600 [01:08<00:04, 20.20it/s]
MRAEA:  95%|█████████████████████████████████████████████████▏  | 1513/1600 [01:08<00:03, 23.44it/s]
MRAEA:  95%|█████████████████████████████████████████████████▎  | 1517/1600 [01:09<00:03, 26.41it/s]
MRAEA:  95%|█████████████████████████████████████████████████▍  | 1521/1600 [01:09<00:02, 28.97it/s]05:45:34 | INFO    | epoch 1525/1600 | loss=0.0071
05:45:34 | INFO    |            [filtered] MRR=0.2384 Hit@1=0.1853 Hit@5=0.2809 Hit@10=0.3051 MR=161.3 n=6415
05:45:34 | INFO    |            [multiref] MRR=0.6314 Hit@1=0.5703 Hit@5=0.6948 Hit@10=0.7390 MR=44.0 n=498
05:45:34 | INFO    |            -> new best filtered MRR=0.2384 (saved model_best.pt)

MRAEA:  95%|█████████████████████████████████████████████████▌  | 1525/1600 [01:09<00:05, 13.82it/s]
MRAEA:  96%|█████████████████████████████████████████████████▋  | 1529/1600 [01:09<00:04, 17.03it/s]
MRAEA:  96%|█████████████████████████████████████████████████▊  | 1533/1600 [01:10<00:03, 20.36it/s]
MRAEA:  96%|█████████████████████████████████████████████████▉  | 1537/1600 [01:10<00:02, 23.59it/s]
MRAEA:  96%|██████████████████████████████████████████████████  | 1541/1600 [01:10<00:02, 26.53it/s]
MRAEA:  97%|██████████████████████████████████████████████████▏ | 1545/1600 [01:10<00:01, 29.06it/s]
MRAEA:  97%|██████████████████████████████████████████████████▎ | 1549/1600 [01:10<00:01, 31.14it/s]05:45:35 | INFO    | epoch 1550/1600 | loss=0.0054
05:45:35 | INFO    |            [filtered] MRR=0.2420 Hit@1=0.1894 Hit@5=0.2832 Hit@10=0.3062 MR=169.2 n=6415
05:45:35 | INFO    |            [multiref] MRR=0.6386 Hit@1=0.5843 Hit@5=0.6968 Hit@10=0.7410 MR=43.6 n=498
05:45:35 | INFO    |            -> new best filtered MRR=0.2420 (saved model_best.pt)

MRAEA:  97%|██████████████████████████████████████████████████▍ | 1553/1600 [01:11<00:03, 13.91it/s]
MRAEA:  97%|██████████████████████████████████████████████████▌ | 1557/1600 [01:11<00:02, 17.15it/s]
MRAEA:  98%|██████████████████████████████████████████████████▋ | 1561/1600 [01:11<00:01, 20.48it/s]
MRAEA:  98%|██████████████████████████████████████████████████▊ | 1565/1600 [01:11<00:01, 23.70it/s]
MRAEA:  98%|██████████████████████████████████████████████████▉ | 1569/1600 [01:11<00:01, 26.63it/s]
MRAEA:  98%|███████████████████████████████████████████████████ | 1573/1600 [01:11<00:00, 29.17it/s]05:45:36 | INFO    | epoch 1575/1600 | loss=0.0055
05:45:36 | INFO    |            [filtered] MRR=0.2439 Hit@1=0.1924 Hit@5=0.2828 Hit@10=0.3048 MR=170.9 n=6415
05:45:36 | INFO    |            [multiref] MRR=0.6437 Hit@1=0.5944 Hit@5=0.6928 Hit@10=0.7430 MR=43.2 n=498
05:45:37 | INFO    |            -> new best filtered MRR=0.2439 (saved model_best.pt)

MRAEA:  99%|███████████████████████████████████████████████████▎| 1577/1600 [01:12<00:01, 13.92it/s]
MRAEA:  99%|███████████████████████████████████████████████████▍| 1581/1600 [01:12<00:01, 17.15it/s]
MRAEA:  99%|███████████████████████████████████████████████████▌| 1585/1600 [01:12<00:00, 20.48it/s]
MRAEA:  99%|███████████████████████████████████████████████████▋| 1589/1600 [01:12<00:00, 23.70it/s]
MRAEA: 100%|███████████████████████████████████████████████████▊| 1593/1600 [01:12<00:00, 26.63it/s]
MRAEA: 100%|███████████████████████████████████████████████████▉| 1597/1600 [01:12<00:00, 29.16it/s]05:45:37 | INFO    | epoch 1600/1600 | loss=0.0060
05:45:37 | INFO    |            [filtered] MRR=0.2421 Hit@1=0.1917 Hit@5=0.2789 Hit@10=0.3032 MR=181.8 n=6415
05:45:37 | INFO    |            [multiref] MRR=0.6392 Hit@1=0.5884 Hit@5=0.6908 Hit@10=0.7430 MR=48.2 n=498

MRAEA: 100%|████████████████████████████████████████████████████| 1600/1600 [01:13<00:00, 21.82it/s]
05:45:38 | INFO    | Done in 1.2 min. Best filtered MRR=0.2439 @ epoch 1575.
05:45:38 | INFO    | Final evaluation on the test split, read once
05:45:40 | INFO    |   [cosine] filtMRR=0.3291 H@1=0.3015 H@10=0.3802 n=47737 | mrefMRR=0.5996 H@1=0.5212
05:45:42 | INFO    |   [  csls] filtMRR=0.2927 H@1=0.2517 H@10=0.3770 n=47737 | mrefMRR=0.5873 H@1=0.4956
05:45:45 | INFO    |   [cosine] F1=0.4837 P=0.3662 R=0.7121 (threshold 0.926 from validation, validation F1=0.5014)
05:45:45 | INFO    | Wrote experiments/mraea_broadMatch-onco_20260929-054420/result.json
05:45:45 | INFO    | Finished. Best validation MRR=0.2439 @ epoch 1575.
