05:48:44 | INFO    | Model: naea | seed 2026 | device: cuda:1
05:48:44 | INFO    | Regime broadMatch/onco | graph: 84,182 nodes, 131,238 triples, 50,435 UCPGx candidates
05:48:44 | INFO    |   broadMatch/pgx   train=  3,744 test=  8,599 (70%) queries= 6,866 by cluster    leakage=0.00%
05:48:44 | INFO    |   closeMatch       train=  2,738 test=  6,296 (70%) queries= 1,490 by cluster    leakage=0.00%
05:48:44 | INFO    |   sameAs           train= 19,942 test= 46,531 (70%) queries=10,883 by cluster    leakage=0.00%
05:48:44 | INFO    |   broadMatch/onco  train= 25,039 test= 47,737 (66%) queries= 2,032 intra-cluster leakage=0.00%
05:48:44 | INFO    |   relatedMatch     train=  2,801 test=  6,289 (69%) queries=   812 intra-cluster leakage=0.00%
05:48:44 | INFO    |   related          train=471,647 test=762,046 (62%) queries=16,977 intra-cluster leakage=0.00%
05:48:44 | INFO    | Data: {'num_entities': 84182, 'num_relations': 13, 'triples': 131238, 'train_pairs': 18624, 'val_pairs': 6415, 'candidates': 50435, 'unlabeled_pool': 47179}
05:48:46 | INFO    | Params: 16.88M
05:48:46 | INFO    | Run directory: experiments/naea_broadMatch-onco_20260929-054843
05:48:46 | INFO    | NAEA | device=cuda:1 | {'num_entities': 84182, 'num_relations': 13, 'triples': 131238, 'train_pairs': 18624, 'val_pairs': 6415, 'candidates': 50435, 'unlabeled_pool': 47179} 

NAEA:   0%|                                                                 | 0/400 [00:00<?, ?it/s]
NAEA:   0%|▏                                                        | 1/400 [00:02<17:14,  2.59s/it]
NAEA:   0%|▎                                                        | 2/400 [00:04<15:37,  2.35s/it]
NAEA:   1%|▍                                                        | 3/400 [00:06<15:05,  2.28s/it]
NAEA:   1%|▌                                                        | 4/400 [00:09<14:49,  2.25s/it]
NAEA:   1%|▋                                                        | 5/400 [00:11<14:39,  2.23s/it]
NAEA:   2%|▊                                                        | 6/400 [00:13<14:33,  2.22s/it]
NAEA:   2%|▉                                                        | 7/400 [00:15<14:36,  2.23s/it]
NAEA:   2%|█▏                                                       | 8/400 [00:18<14:40,  2.25s/it]
NAEA:   2%|█▎                                                       | 9/400 [00:20<14:31,  2.23s/it]05:49:08 | INFO    | epoch   10/400 | loss=0.2101 kge=0.0719 align=0.0276 pseudo=0.0000
05:49:08 | INFO    |            [filtered] MRR=0.0494 Hit@1=0.0229 Hit@5=0.0440 Hit@10=0.0633 MR=266.9 n=6415
05:49:08 | INFO    |            [multiref] MRR=0.1901 Hit@1=0.1325 Hit@5=0.2369 Hit@10=0.2892 MR=688.6 n=498
05:49:09 | INFO    |            -> new best multiref MRR=0.1901 (saved model_best.pt)

NAEA:   2%|█▍                                                      | 10/400 [00:23<15:53,  2.45s/it]
NAEA:   3%|█▌                                                      | 11/400 [00:25<15:20,  2.37s/it]
NAEA:   3%|█▋                                                      | 12/400 [00:27<14:58,  2.32s/it]
NAEA:   3%|█▊                                                      | 13/400 [00:29<14:41,  2.28s/it]
NAEA:   4%|█▉                                                      | 14/400 [00:31<14:30,  2.25s/it]
NAEA:   4%|██                                                      | 15/400 [00:34<14:21,  2.24s/it]
NAEA:   4%|██▏                                                     | 16/400 [00:36<14:15,  2.23s/it]
NAEA:   4%|██▍                                                     | 17/400 [00:38<14:09,  2.22s/it]
NAEA:   4%|██▌                                                     | 18/400 [00:40<14:05,  2.21s/it]
NAEA:   5%|██▋                                                     | 19/400 [00:42<14:01,  2.21s/it]05:49:31 | INFO    | epoch   20/400 | loss=0.1412 kge=0.0498 align=0.0183 pseudo=0.0000
05:49:31 | INFO    |            [filtered] MRR=0.0491 Hit@1=0.0232 Hit@5=0.0485 Hit@10=0.0659 MR=278.5 n=6415
05:49:31 | INFO    |            [multiref] MRR=0.2022 Hit@1=0.1466 Hit@5=0.2490 Hit@10=0.2992 MR=435.4 n=498
05:49:32 | INFO    |            -> new best multiref MRR=0.2022 (saved model_best.pt)

NAEA:   5%|██▊                                                     | 20/400 [00:45<15:22,  2.43s/it]
NAEA:   5%|██▉                                                     | 21/400 [00:48<14:53,  2.36s/it]
NAEA:   6%|███                                                     | 22/400 [00:50<14:33,  2.31s/it]
NAEA:   6%|███▏                                                    | 23/400 [00:52<14:17,  2.28s/it]
NAEA:   6%|███▎                                                    | 24/400 [00:54<14:06,  2.25s/it]
NAEA:   6%|███▌                                                    | 25/400 [00:56<13:57,  2.23s/it]
NAEA:   6%|███▋                                                    | 26/400 [00:59<13:51,  2.22s/it]
NAEA:   7%|███▊                                                    | 27/400 [01:01<13:46,  2.21s/it]
NAEA:   7%|███▉                                                    | 28/400 [01:03<13:41,  2.21s/it]
NAEA:   7%|████                                                    | 29/400 [01:05<13:37,  2.20s/it]05:49:54 | INFO    | epoch   30/400 | loss=0.1150 kge=0.0427 align=0.0145 pseudo=0.0000 | bootstrap: 9000 pseudo-pairs (beta=1.0)
05:49:54 | INFO    |            [filtered] MRR=0.0491 Hit@1=0.0243 Hit@5=0.0488 Hit@10=0.0723 MR=361.1 n=6415
05:49:54 | INFO    |            [multiref] MRR=0.2177 Hit@1=0.1586 Hit@5=0.2651 Hit@10=0.3072 MR=314.2 n=498
05:49:55 | INFO    |            -> new best multiref MRR=0.2177 (saved model_best.pt)

NAEA:   8%|████▏                                                   | 30/400 [01:08<15:29,  2.51s/it]
NAEA:   8%|████▎                                                   | 31/400 [01:13<18:29,  3.01s/it]
NAEA:   8%|████▍                                                   | 32/400 [01:17<20:34,  3.36s/it]
NAEA:   8%|████▌                                                   | 33/400 [01:21<22:01,  3.60s/it]
NAEA:   8%|████▊                                                   | 34/400 [01:25<23:06,  3.79s/it]05:50:16 | INFO    | epoch   35/400 | loss=0.1656 kge=0.0438 align=0.0136 pseudo=0.0540 | bootstrap: 9000 pseudo-pairs (beta=1.0)

NAEA:   9%|████▉                                                   | 35/400 [01:30<24:12,  3.98s/it]
NAEA:   9%|█████                                                   | 36/400 [01:34<24:29,  4.04s/it]
NAEA:   9%|█████▏                                                  | 37/400 [01:38<24:43,  4.09s/it]
NAEA:  10%|█████▎                                                  | 38/400 [01:42<24:53,  4.13s/it]
NAEA:  10%|█████▍                                                  | 39/400 [01:46<24:55,  4.14s/it]05:50:37 | INFO    | epoch   40/400 | loss=0.1424 kge=0.0408 align=0.0127 pseudo=0.0381 | bootstrap: 9000 pseudo-pairs (beta=1.0)
05:50:37 | INFO    |            [filtered] MRR=0.0500 Hit@1=0.0263 Hit@5=0.0566 Hit@10=0.0828 MR=590.1 n=6415
05:50:37 | INFO    |            [multiref] MRR=0.2801 Hit@1=0.2129 Hit@5=0.3434 Hit@10=0.3855 MR=454.2 n=498
05:50:38 | INFO    |            -> new best multiref MRR=0.2801 (saved model_best.pt)

NAEA:  10%|█████▌                                                  | 40/400 [01:52<26:45,  4.46s/it]
NAEA:  10%|█████▋                                                  | 41/400 [01:56<26:09,  4.37s/it]
NAEA:  10%|█████▉                                                  | 42/400 [02:00<25:50,  4.33s/it]
NAEA:  11%|██████                                                  | 43/400 [02:04<25:30,  4.29s/it]
NAEA:  11%|██████▏                                                 | 44/400 [02:08<25:14,  4.25s/it]05:50:59 | INFO    | epoch   45/400 | loss=0.1326 kge=0.0382 align=0.0128 pseudo=0.0303 | bootstrap: 9000 pseudo-pairs (beta=1.0)

NAEA:  11%|██████▎                                                 | 45/400 [02:13<25:30,  4.31s/it]
NAEA:  12%|██████▍                                                 | 46/400 [02:17<25:11,  4.27s/it]
NAEA:  12%|██████▌                                                 | 47/400 [02:21<24:57,  4.24s/it]
NAEA:  12%|██████▋                                                 | 48/400 [02:25<24:51,  4.24s/it]
NAEA:  12%|██████▊                                                 | 49/400 [02:30<24:43,  4.23s/it]05:51:20 | INFO    | epoch   50/400 | loss=0.1210 kge=0.0359 align=0.0119 pseudo=0.0256 | bootstrap: 9000 pseudo-pairs (beta=1.0)
05:51:20 | INFO    |            [filtered] MRR=0.0435 Hit@1=0.0215 Hit@5=0.0497 Hit@10=0.0742 MR=800.1 n=6415
05:51:20 | INFO    |            [multiref] MRR=0.2208 Hit@1=0.1305 Hit@5=0.3333 Hit@10=0.4197 MR=471.6 n=498

NAEA:  12%|███████                                                 | 50/400 [02:34<25:48,  4.42s/it]
NAEA:  13%|███████▏                                                | 51/400 [02:39<25:23,  4.37s/it]
NAEA:  13%|███████▎                                                | 52/400 [02:43<25:01,  4.31s/it]
NAEA:  13%|███████▍                                                | 53/400 [02:47<24:41,  4.27s/it]
NAEA:  14%|███████▌                                                | 54/400 [02:51<24:32,  4.26s/it]05:51:42 | INFO    | epoch   55/400 | loss=0.1160 kge=0.0352 align=0.0117 pseudo=0.0222 | bootstrap: 9000 pseudo-pairs (beta=1.0)

NAEA:  14%|███████▋                                                | 55/400 [02:56<24:45,  4.31s/it]
NAEA:  14%|███████▊                                                | 56/400 [03:00<24:28,  4.27s/it]
NAEA:  14%|███████▉                                                | 57/400 [03:04<24:14,  4.24s/it]
NAEA:  14%|████████                                                | 58/400 [03:08<24:08,  4.23s/it]
NAEA:  15%|████████▎                                               | 59/400 [03:12<23:57,  4.22s/it]05:52:03 | INFO    | epoch   60/400 | loss=0.1117 kge=0.0341 align=0.0115 pseudo=0.0200 | bootstrap: 9000 pseudo-pairs (beta=1.0)
05:52:03 | INFO    |            [filtered] MRR=0.0400 Hit@1=0.0203 Hit@5=0.0472 Hit@10=0.0778 MR=1077.1 n=6415
05:52:03 | INFO    |            [multiref] MRR=0.2049 Hit@1=0.1305 Hit@5=0.2691 Hit@10=0.3534 MR=489.0 n=498

NAEA:  15%|████████▍                                               | 60/400 [03:17<25:04,  4.43s/it]
NAEA:  15%|████████▌                                               | 61/400 [03:21<24:34,  4.35s/it]
NAEA:  16%|████████▋                                               | 62/400 [03:26<24:14,  4.30s/it]
NAEA:  16%|████████▊                                               | 63/400 [03:30<23:57,  4.26s/it]
NAEA:  16%|████████▉                                               | 64/400 [03:34<23:46,  4.24s/it]05:52:25 | INFO    | epoch   65/400 | loss=0.1059 kge=0.0328 align=0.0110 pseudo=0.0180 | bootstrap: 9000 pseudo-pairs (beta=1.0)

NAEA:  16%|█████████                                               | 65/400 [03:38<23:59,  4.30s/it]
NAEA:  16%|█████████▏                                              | 66/400 [03:43<23:45,  4.27s/it]
NAEA:  17%|█████████▍                                              | 67/400 [03:47<23:31,  4.24s/it]
NAEA:  17%|█████████▌                                              | 68/400 [03:51<23:20,  4.22s/it]
NAEA:  17%|█████████▋                                              | 69/400 [03:55<23:11,  4.20s/it]05:52:46 | INFO    | epoch   70/400 | loss=0.1045 kge=0.0332 align=0.0109 pseudo=0.0168 | bootstrap: 9000 pseudo-pairs (beta=1.0)
05:52:46 | INFO    |            [filtered] MRR=0.0356 Hit@1=0.0178 Hit@5=0.0415 Hit@10=0.0633 MR=1251.6 n=6415
05:52:46 | INFO    |            [multiref] MRR=0.1834 Hit@1=0.1145 Hit@5=0.2309 Hit@10=0.3032 MR=454.0 n=498

NAEA:  18%|█████████▊                                              | 70/400 [04:00<24:16,  4.42s/it]
NAEA:  18%|█████████▉                                              | 71/400 [04:04<23:48,  4.34s/it]
NAEA:  18%|██████████                                              | 72/400 [04:08<23:26,  4.29s/it]
NAEA:  18%|██████████▏                                             | 73/400 [04:13<23:15,  4.27s/it]
NAEA:  18%|██████████▎                                             | 74/400 [04:17<23:03,  4.24s/it]05:53:07 | INFO    | epoch   75/400 | loss=0.1025 kge=0.0316 align=0.0111 pseudo=0.0156 | bootstrap: 9000 pseudo-pairs (beta=1.0)

NAEA:  19%|██████████▌                                             | 75/400 [04:21<23:16,  4.30s/it]
NAEA:  19%|██████████▋                                             | 76/400 [04:25<23:02,  4.27s/it]
NAEA:  19%|██████████▊                                             | 77/400 [04:30<22:50,  4.24s/it]
NAEA:  20%|██████████▉                                             | 78/400 [04:34<22:44,  4.24s/it]
NAEA:  20%|███████████                                             | 79/400 [04:38<22:33,  4.22s/it]05:53:29 | INFO    | epoch   80/400 | loss=0.1010 kge=0.0316 align=0.0110 pseudo=0.0144 | bootstrap: 9000 pseudo-pairs (beta=1.0)
05:53:29 | INFO    |            [filtered] MRR=0.0382 Hit@1=0.0204 Hit@5=0.0452 Hit@10=0.0683 MR=1519.7 n=6415
05:53:29 | INFO    |            [multiref] MRR=0.2053 Hit@1=0.1386 Hit@5=0.2590 Hit@10=0.3353 MR=574.9 n=498

NAEA:  20%|███████████▏                                            | 80/400 [04:43<23:36,  4.43s/it]
NAEA:  20%|███████████▎                                            | 81/400 [04:47<23:11,  4.36s/it]
NAEA:  20%|███████████▍                                            | 82/400 [04:51<22:54,  4.32s/it]
NAEA:  21%|███████████▌                                            | 83/400 [04:56<22:36,  4.28s/it]
NAEA:  21%|███████████▊                                            | 84/400 [05:00<22:23,  4.25s/it]05:53:50 | INFO    | epoch   85/400 | loss=0.0989 kge=0.0308 align=0.0109 pseudo=0.0137 | bootstrap: 9000 pseudo-pairs (beta=1.0)

NAEA:  21%|███████████▉                                            | 85/400 [05:04<22:35,  4.30s/it]
NAEA:  22%|████████████                                            | 86/400 [05:08<22:21,  4.27s/it]
NAEA:  22%|████████████▏                                           | 87/400 [05:13<22:07,  4.24s/it]
NAEA:  22%|████████████▎                                           | 88/400 [05:17<21:56,  4.22s/it]
NAEA:  22%|████████████▍                                           | 89/400 [05:21<21:47,  4.20s/it]05:54:12 | INFO    | epoch   90/400 | loss=0.0977 kge=0.0303 align=0.0109 pseudo=0.0130 | bootstrap: 9000 pseudo-pairs (beta=1.0)
05:54:12 | INFO    |            [filtered] MRR=0.0380 Hit@1=0.0209 Hit@5=0.0438 Hit@10=0.0633 MR=1646.3 n=6415
05:54:12 | INFO    |            [multiref] MRR=0.1922 Hit@1=0.1265 Hit@5=0.2369 Hit@10=0.3052 MR=551.3 n=498

NAEA:  22%|████████████▌                                           | 90/400 [05:26<22:48,  4.41s/it]
NAEA:  23%|████████████▋                                           | 91/400 [05:30<22:21,  4.34s/it]
NAEA:  23%|████████████▉                                           | 92/400 [05:34<22:00,  4.29s/it]
NAEA:  23%|█████████████                                           | 93/400 [05:38<21:50,  4.27s/it]
NAEA:  24%|█████████████▏                                          | 94/400 [05:43<21:38,  4.24s/it]05:54:33 | INFO    | epoch   95/400 | loss=0.0934 kge=0.0295 align=0.0103 pseudo=0.0124 | bootstrap: 9000 pseudo-pairs (beta=1.0)

NAEA:  24%|█████████████▎                                          | 95/400 [05:47<21:50,  4.30s/it]
NAEA:  24%|█████████████▍                                          | 96/400 [05:51<21:36,  4.27s/it]
NAEA:  24%|█████████████▌                                          | 97/400 [05:55<21:25,  4.24s/it]
NAEA:  24%|█████████████▋                                          | 98/400 [06:00<21:18,  4.23s/it]
NAEA:  25%|█████████████▊                                          | 99/400 [06:04<21:08,  4.21s/it]05:54:54 | INFO    | epoch  100/400 | loss=0.0922 kge=0.0294 align=0.0102 pseudo=0.0118 | bootstrap: 9000 pseudo-pairs (beta=1.0)
05:54:55 | INFO    |            [filtered] MRR=0.0382 Hit@1=0.0176 Hit@5=0.0489 Hit@10=0.0731 MR=2023.7 n=6415
05:54:55 | INFO    |            [multiref] MRR=0.1981 Hit@1=0.1205 Hit@5=0.2691 Hit@10=0.3394 MR=1021.4 n=498

NAEA:  25%|█████████████▊                                         | 100/400 [06:09<22:06,  4.42s/it]
NAEA:  25%|█████████████▉                                         | 101/400 [06:13<21:43,  4.36s/it]
NAEA:  26%|██████████████                                         | 102/400 [06:17<21:27,  4.32s/it]
NAEA:  26%|██████████████▏                                        | 103/400 [06:21<21:09,  4.28s/it]
NAEA:  26%|██████████████▎                                        | 104/400 [06:25<20:58,  4.25s/it]05:55:16 | INFO    | epoch  105/400 | loss=0.0917 kge=0.0295 align=0.0102 pseudo=0.0112 | bootstrap: 9000 pseudo-pairs (beta=1.0)

NAEA:  26%|██████████████▍                                        | 105/400 [06:30<21:08,  4.30s/it]
NAEA:  26%|██████████████▌                                        | 106/400 [06:34<20:55,  4.27s/it]
NAEA:  27%|██████████████▋                                        | 107/400 [06:38<20:41,  4.24s/it]
NAEA:  27%|██████████████▊                                        | 108/400 [06:42<20:31,  4.22s/it]
NAEA:  27%|██████████████▉                                        | 109/400 [06:47<20:22,  4.20s/it]05:55:37 | INFO    | epoch  110/400 | loss=0.0906 kge=0.0289 align=0.0102 pseudo=0.0108 | bootstrap: 9000 pseudo-pairs (beta=1.0)
05:55:37 | INFO    |            [filtered] MRR=0.0359 Hit@1=0.0168 Hit@5=0.0444 Hit@10=0.0680 MR=2285.5 n=6415
05:55:37 | INFO    |            [multiref] MRR=0.1891 Hit@1=0.1165 Hit@5=0.2570 Hit@10=0.3434 MR=1018.0 n=498

NAEA:  28%|███████████████▏                                       | 110/400 [06:51<21:19,  4.41s/it]
NAEA:  28%|███████████████▎                                       | 111/400 [06:56<20:54,  4.34s/it]
NAEA:  28%|███████████████▍                                       | 112/400 [07:00<20:34,  4.29s/it]
NAEA:  28%|███████████████▌                                       | 113/400 [07:04<20:24,  4.27s/it]
NAEA:  28%|███████████████▋                                       | 114/400 [07:08<20:12,  4.24s/it]05:55:59 | INFO    | epoch  115/400 | loss=0.0882 kge=0.0282 align=0.0099 pseudo=0.0104 | bootstrap: 9000 pseudo-pairs (beta=1.0)

NAEA:  29%|███████████████▊                                       | 115/400 [07:13<20:23,  4.29s/it]
NAEA:  29%|███████████████▉                                       | 116/400 [07:17<20:09,  4.26s/it]
NAEA:  29%|████████████████                                       | 117/400 [07:21<19:58,  4.24s/it]
NAEA:  30%|████████████████▏                                      | 118/400 [07:25<19:52,  4.23s/it]
NAEA:  30%|████████████████▎                                      | 119/400 [07:29<19:43,  4.21s/it]05:56:20 | INFO    | epoch  120/400 | loss=0.0862 kge=0.0279 align=0.0097 pseudo=0.0099 | bootstrap: 9000 pseudo-pairs (beta=1.0)
05:56:20 | INFO    |            [filtered] MRR=0.0377 Hit@1=0.0201 Hit@5=0.0471 Hit@10=0.0681 MR=2276.7 n=6415
05:56:20 | INFO    |            [multiref] MRR=0.2179 Hit@1=0.1446 Hit@5=0.2892 Hit@10=0.3514 MR=672.3 n=498

NAEA:  30%|████████████████▌                                      | 120/400 [07:34<20:37,  4.42s/it]
NAEA:  30%|████████████████▋                                      | 121/400 [07:38<20:15,  4.36s/it]
NAEA:  30%|████████████████▊                                      | 122/400 [07:43<19:59,  4.32s/it]
NAEA:  31%|████████████████▉                                      | 123/400 [07:47<19:43,  4.27s/it]
NAEA:  31%|█████████████████                                      | 124/400 [07:51<19:32,  4.25s/it]05:56:42 | INFO    | epoch  125/400 | loss=0.0865 kge=0.0277 align=0.0099 pseudo=0.0095 | bootstrap: 9000 pseudo-pairs (beta=1.0)

NAEA:  31%|█████████████████▏                                     | 125/400 [07:55<19:42,  4.30s/it]
NAEA:  32%|█████████████████▎                                     | 126/400 [08:00<19:29,  4.27s/it]
NAEA:  32%|█████████████████▍                                     | 127/400 [08:04<19:16,  4.24s/it]
NAEA:  32%|█████████████████▌                                     | 128/400 [08:08<19:06,  4.22s/it]
NAEA:  32%|█████████████████▋                                     | 129/400 [08:12<18:58,  4.20s/it]05:57:03 | INFO    | epoch  130/400 | loss=0.0872 kge=0.0283 align=0.0099 pseudo=0.0092 | bootstrap: 9000 pseudo-pairs (beta=1.0)
05:57:03 | INFO    |            [filtered] MRR=0.0350 Hit@1=0.0159 Hit@5=0.0469 Hit@10=0.0614 MR=2134.6 n=6415
05:57:03 | INFO    |            [multiref] MRR=0.2007 Hit@1=0.1245 Hit@5=0.2691 Hit@10=0.3293 MR=787.2 n=498

NAEA:  32%|█████████████████▉                                     | 130/400 [08:17<20:23,  4.53s/it]
NAEA:  33%|██████████████████                                     | 131/400 [08:22<19:49,  4.42s/it]
NAEA:  33%|██████████████████▏                                    | 132/400 [08:26<19:24,  4.34s/it]
NAEA:  33%|██████████████████▎                                    | 133/400 [08:30<19:09,  4.31s/it]
NAEA:  34%|██████████████████▍                                    | 134/400 [08:34<18:55,  4.27s/it]05:57:25 | INFO    | epoch  135/400 | loss=0.0862 kge=0.0279 align=0.0099 pseudo=0.0090 | bootstrap: 9000 pseudo-pairs (beta=1.0)

NAEA:  34%|██████████████████▌                                    | 135/400 [08:39<19:02,  4.31s/it]
NAEA:  34%|██████████████████▋                                    | 136/400 [08:43<18:48,  4.27s/it]
NAEA:  34%|██████████████████▊                                    | 137/400 [08:47<18:36,  4.25s/it]
NAEA:  34%|██████████████████▉                                    | 138/400 [08:51<18:29,  4.24s/it]
NAEA:  35%|███████████████████                                    | 139/400 [08:55<18:19,  4.21s/it]05:57:46 | INFO    | epoch  140/400 | loss=0.0848 kge=0.0272 align=0.0098 pseudo=0.0085 | bootstrap: 9000 pseudo-pairs (beta=1.0)
05:57:46 | INFO    |            [filtered] MRR=0.0388 Hit@1=0.0198 Hit@5=0.0475 Hit@10=0.0769 MR=2639.0 n=6415
05:57:46 | INFO    |            [multiref] MRR=0.2172 Hit@1=0.1466 Hit@5=0.2711 Hit@10=0.3494 MR=1175.7 n=498

NAEA:  35%|███████████████████▎                                   | 140/400 [09:00<19:09,  4.42s/it]
NAEA:  35%|███████████████████▍                                   | 141/400 [09:04<18:48,  4.36s/it]
NAEA:  36%|███████████████████▌                                   | 142/400 [09:09<18:33,  4.31s/it]
NAEA:  36%|███████████████████▋                                   | 143/400 [09:13<18:17,  4.27s/it]
NAEA:  36%|███████████████████▊                                   | 144/400 [09:17<18:06,  4.25s/it]05:58:08 | INFO    | epoch  145/400 | loss=0.0816 kge=0.0270 align=0.0093 pseudo=0.0083 | bootstrap: 9000 pseudo-pairs (beta=1.0)

NAEA:  36%|███████████████████▉                                   | 145/400 [09:21<18:15,  4.30s/it]
NAEA:  36%|████████████████████                                   | 146/400 [09:26<18:04,  4.27s/it]
NAEA:  37%|████████████████████▏                                  | 147/400 [09:30<17:51,  4.24s/it]
NAEA:  37%|████████████████████▎                                  | 148/400 [09:34<17:41,  4.21s/it]
NAEA:  37%|████████████████████▍                                  | 149/400 [09:38<17:34,  4.20s/it]05:58:29 | INFO    | epoch  150/400 | loss=0.0813 kge=0.0263 align=0.0094 pseudo=0.0081 | bootstrap: 9000 pseudo-pairs (beta=1.0)
05:58:29 | INFO    |            [filtered] MRR=0.0393 Hit@1=0.0196 Hit@5=0.0502 Hit@10=0.0750 MR=2771.7 n=6415
05:58:29 | INFO    |            [multiref] MRR=0.2120 Hit@1=0.1325 Hit@5=0.2952 Hit@10=0.3514 MR=655.8 n=498

NAEA:  38%|████████████████████▋                                  | 150/400 [09:43<18:23,  4.41s/it]
NAEA:  38%|████████████████████▊                                  | 151/400 [09:47<18:00,  4.34s/it]
NAEA:  38%|████████████████████▉                                  | 152/400 [09:51<17:42,  4.29s/it]
NAEA:  38%|█████████████████████                                  | 153/400 [09:56<17:33,  4.26s/it]
NAEA:  38%|█████████████████████▏                                 | 154/400 [10:00<17:22,  4.24s/it]05:58:50 | INFO    | epoch  155/400 | loss=0.0812 kge=0.0263 align=0.0094 pseudo=0.0078 | bootstrap: 9000 pseudo-pairs (beta=1.0)

NAEA:  39%|█████████████████████▎                                 | 155/400 [10:04<17:31,  4.29s/it]
NAEA:  39%|█████████████████████▍                                 | 156/400 [10:08<17:19,  4.26s/it]
NAEA:  39%|█████████████████████▌                                 | 157/400 [10:13<17:09,  4.24s/it]
NAEA:  40%|█████████████████████▋                                 | 158/400 [10:17<17:03,  4.23s/it]
NAEA:  40%|█████████████████████▊                                 | 159/400 [10:21<16:54,  4.21s/it]05:59:12 | INFO    | epoch  160/400 | loss=0.0810 kge=0.0263 align=0.0094 pseudo=0.0078 | bootstrap: 9000 pseudo-pairs (beta=1.0)
05:59:12 | INFO    |            [filtered] MRR=0.0400 Hit@1=0.0204 Hit@5=0.0518 Hit@10=0.0789 MR=2525.0 n=6415
05:59:12 | INFO    |            [multiref] MRR=0.2146 Hit@1=0.1406 Hit@5=0.2912 Hit@10=0.3494 MR=753.2 n=498

NAEA:  40%|██████████████████████                                 | 160/400 [10:26<17:41,  4.42s/it]
NAEA:  40%|██████████████████████▏                                | 161/400 [10:30<17:21,  4.36s/it]
NAEA:  40%|██████████████████████▎                                | 162/400 [10:34<17:07,  4.32s/it]
NAEA:  41%|██████████████████████▍                                | 163/400 [10:38<16:52,  4.27s/it]
NAEA:  41%|██████████████████████▌                                | 164/400 [10:43<16:42,  4.25s/it]05:59:33 | INFO    | epoch  165/400 | loss=0.0797 kge=0.0264 align=0.0091 pseudo=0.0076 | bootstrap: 9000 pseudo-pairs (beta=1.0)

NAEA:  41%|██████████████████████▋                                | 165/400 [10:47<16:49,  4.30s/it]
NAEA:  42%|██████████████████████▊                                | 166/400 [10:51<16:38,  4.27s/it]
NAEA:  42%|██████████████████████▉                                | 167/400 [10:55<16:26,  4.23s/it]
NAEA:  42%|███████████████████████                                | 168/400 [11:00<16:17,  4.21s/it]
NAEA:  42%|███████████████████████▏                               | 169/400 [11:04<16:09,  4.20s/it]05:59:54 | INFO    | epoch  170/400 | loss=0.0794 kge=0.0260 align=0.0092 pseudo=0.0074 | bootstrap: 9000 pseudo-pairs (beta=1.0)
05:59:55 | INFO    |            [filtered] MRR=0.0391 Hit@1=0.0187 Hit@5=0.0535 Hit@10=0.0762 MR=3096.9 n=6415
05:59:55 | INFO    |            [multiref] MRR=0.2073 Hit@1=0.1265 Hit@5=0.3012 Hit@10=0.3655 MR=1663.1 n=498

NAEA:  42%|███████████████████████▍                               | 170/400 [11:09<16:53,  4.41s/it]
NAEA:  43%|███████████████████████▌                               | 171/400 [11:13<16:33,  4.34s/it]
NAEA:  43%|███████████████████████▋                               | 172/400 [11:17<16:16,  4.28s/it]
NAEA:  43%|███████████████████████▊                               | 173/400 [11:21<16:07,  4.26s/it]
NAEA:  44%|███████████████████████▉                               | 174/400 [11:25<15:57,  4.24s/it]06:00:16 | INFO    | epoch  175/400 | loss=0.0792 kge=0.0259 align=0.0092 pseudo=0.0074 | bootstrap: 9000 pseudo-pairs (beta=1.0)

NAEA:  44%|████████████████████████                               | 175/400 [11:30<16:05,  4.29s/it]
NAEA:  44%|████████████████████████▏                              | 176/400 [11:34<15:53,  4.26s/it]
NAEA:  44%|████████████████████████▎                              | 177/400 [11:38<15:44,  4.23s/it]
NAEA:  44%|████████████████████████▍                              | 178/400 [11:42<15:38,  4.23s/it]
NAEA:  45%|████████████████████████▌                              | 179/400 [11:46<15:30,  4.21s/it]06:00:37 | INFO    | epoch  180/400 | loss=0.0773 kge=0.0252 align=0.0090 pseudo=0.0071 | bootstrap: 9000 pseudo-pairs (beta=1.0)
06:00:37 | INFO    |            [filtered] MRR=0.0360 Hit@1=0.0161 Hit@5=0.0461 Hit@10=0.0843 MR=3341.6 n=6415
06:00:37 | INFO    |            [multiref] MRR=0.2055 Hit@1=0.1245 Hit@5=0.2972 Hit@10=0.3675 MR=1249.1 n=498

NAEA:  45%|████████████████████████▊                              | 180/400 [11:51<16:12,  4.42s/it]
NAEA:  45%|████████████████████████▉                              | 181/400 [11:56<15:54,  4.36s/it]
NAEA:  46%|█████████████████████████                              | 182/400 [12:00<15:40,  4.31s/it]
NAEA:  46%|█████████████████████████▏                             | 183/400 [12:04<15:26,  4.27s/it]
NAEA:  46%|█████████████████████████▎                             | 184/400 [12:08<15:17,  4.25s/it]06:00:59 | INFO    | epoch  185/400 | loss=0.0773 kge=0.0255 align=0.0090 pseudo=0.0069 | bootstrap: 9000 pseudo-pairs (beta=1.0)

NAEA:  46%|█████████████████████████▍                             | 185/400 [12:13<15:23,  4.30s/it]
NAEA:  46%|█████████████████████████▌                             | 186/400 [12:17<15:13,  4.27s/it]
NAEA:  47%|█████████████████████████▋                             | 187/400 [12:21<15:02,  4.24s/it]
NAEA:  47%|█████████████████████████▊                             | 188/400 [12:25<14:53,  4.21s/it]
NAEA:  47%|█████████████████████████▉                             | 189/400 [12:29<14:45,  4.20s/it]06:01:20 | INFO    | epoch  190/400 | loss=0.0780 kge=0.0255 align=0.0091 pseudo=0.0069 | bootstrap: 9000 pseudo-pairs (beta=1.0)
06:01:20 | INFO    |            [filtered] MRR=0.0384 Hit@1=0.0164 Hit@5=0.0511 Hit@10=0.0868 MR=3924.9 n=6415
06:01:20 | INFO    |            [multiref] MRR=0.2219 Hit@1=0.1426 Hit@5=0.3032 Hit@10=0.3635 MR=1721.9 n=498
06:01:20 | INFO    |            early stop (best=0.2801 @ 40).

NAEA:  47%|█████████████████████████▉                             | 189/400 [12:34<14:02,  3.99s/it]
06:01:21 | INFO    | Done in 12.6 min. Best multiref MRR=0.2801 @ epoch 40.
06:01:21 | INFO    | Final evaluation on the test split, read once
06:01:23 | INFO    |   [cosine] filtMRR=0.0312 H@1=0.0153 H@10=0.0503 n=47737 | mrefMRR=0.2185 H@1=0.1516
06:01:25 | INFO    |   [  csls] filtMRR=0.0291 H@1=0.0136 H@10=0.0474 n=47737 | mrefMRR=0.2136 H@1=0.1383
06:01:27 | INFO    |   [cosine] F1=0.2398 P=0.2138 R=0.2731 (threshold 0.986 from validation, validation F1=0.3211)
06:01:27 | INFO    | Wrote experiments/naea_broadMatch-onco_20260929-054843/result.json
06:01:27 | INFO    | Finished. Best validation MRR=0.2801 @ epoch 40.
