05:15:14 | INFO    | Model: alinet | seed 2026 | device: cuda:0
05:15:15 | INFO    | Regime broadMatch/pgx | graph: 84,182 nodes, 131,238 triples, 50,435 UCPGx candidates
05:15:15 | INFO    |   broadMatch/pgx   train=  3,744 test=  8,599 (70%) queries= 6,866 by cluster    leakage=0.00%
05:15:15 | INFO    |   closeMatch       train=  2,738 test=  6,296 (70%) queries= 1,490 by cluster    leakage=0.00%
05:15:15 | INFO    |   sameAs           train= 19,942 test= 46,531 (70%) queries=10,883 by cluster    leakage=0.00%
05:15:15 | INFO    |   broadMatch/onco  train= 25,039 test= 47,737 (66%) queries= 2,032 intra-cluster leakage=0.00%
05:15:15 | INFO    |   relatedMatch     train=  2,801 test=  6,289 (69%) queries=   812 intra-cluster leakage=0.00%
05:15:15 | INFO    |   related          train=471,647 test=762,046 (62%) queries=16,977 intra-cluster leakage=0.00%
05:15:15 | INFO    | Data: {'num_entities': 84182, 'num_relations': 13, 'triples': 131238, 'train_pairs': 2805, 'val_pairs': 939, 'candidates': 50435, 'unlabeled_pool': 47014}
code/src/data.py:154: UserWarning: Sparse invariant checks are implicitly disabled. Memory errors (e.g. SEGFAULT) will occur when operating on a sparse tensor which violates the invariants, but checks incur performance overhead. To silence this warning, explicitly opt in or out. See `torch.sparse.check_sparse_tensor_invariants.__doc__` for guidance.  (Triggered internally at /__w/pytorch/pytorch/aten/src/ATen/Context.cpp:848.)
  adj1 = torch.sparse_coo_tensor(
05:15:17 | INFO    | Params: 25.80M
05:15:17 | INFO    | Run directory: experiments/alinet_broadMatch-pgx_20260929-051514
05:15:17 | INFO    | AliNet | device=cuda:0 | {'num_entities': 84182, 'num_relations': 13, 'triples': 131238, 'train_pairs': 2805, 'val_pairs': 939, 'candidates': 50435, 'unlabeled_pool': 47014} 2hop_edges=803225

AliNet:   0%|                                                              | 0/1200 [00:00<?, ?it/s]code/src/models/alinet.py:22: UserWarning: index_reduce() is in beta and the API may change at any time. (Triggered internally at /__w/pytorch/pytorch/aten/src/ATen/native/cuda/Indexing.cu:1512.)
  mx = scores.new_full((n,), float("-inf")).index_reduce_(0, index, scores, "amax", include_self=True)

AliNet:   0%|                                                      | 1/1200 [00:00<07:00,  2.85it/s]
AliNet:   0%|▏                                                     | 3/1200 [00:00<02:49,  7.07it/s]
AliNet:   0%|▏                                                     | 5/1200 [00:00<02:04,  9.61it/s]
AliNet:   1%|▎                                                     | 7/1200 [00:00<01:46, 11.22it/s]
AliNet:   1%|▍                                                     | 9/1200 [00:00<01:37, 12.27it/s]
AliNet:   1%|▍                                                    | 11/1200 [00:01<01:31, 12.98it/s]
AliNet:   1%|▌                                                    | 13/1200 [00:01<01:28, 13.47it/s]
AliNet:   1%|▋                                                    | 15/1200 [00:01<01:25, 13.79it/s]
AliNet:   1%|▊                                                    | 17/1200 [00:01<01:24, 14.01it/s]
AliNet:   2%|▊                                                    | 19/1200 [00:01<01:23, 14.17it/s]
AliNet:   2%|▉                                                    | 21/1200 [00:01<01:22, 14.29it/s]
AliNet:   2%|█                                                    | 23/1200 [00:01<01:21, 14.36it/s]05:15:19 | INFO    | epoch   25/1200 | loss=0.3867 align=0.0818 rel=0.3049
05:15:19 | INFO    |            [filtered] MRR=0.2449 Hit@1=0.0756 Hit@5=0.4409 Hit@10=0.5580 MR=267.1 n=939
05:15:19 | INFO    |            [multiref] MRR=0.2643 Hit@1=0.0668 Hit@5=0.5033 Hit@10=0.6275 MR=149.4 n=749
05:15:20 | INFO    |            -> new best filtered MRR=0.2449 (saved model_best.pt)

AliNet:   2%|█                                                    | 25/1200 [00:02<02:50,  6.89it/s]
AliNet:   2%|█▏                                                   | 27/1200 [00:02<02:22,  8.21it/s]
AliNet:   2%|█▎                                                   | 29/1200 [00:02<02:03,  9.46it/s]
AliNet:   3%|█▎                                                   | 31/1200 [00:02<01:50, 10.57it/s]
AliNet:   3%|█▍                                                   | 33/1200 [00:03<01:41, 11.52it/s]
AliNet:   3%|█▌                                                   | 35/1200 [00:03<01:34, 12.29it/s]
AliNet:   3%|█▋                                                   | 37/1200 [00:03<01:30, 12.89it/s]
AliNet:   3%|█▋                                                   | 39/1200 [00:03<01:26, 13.35it/s]
AliNet:   3%|█▊                                                   | 41/1200 [00:03<01:24, 13.69it/s]
AliNet:   4%|█▉                                                   | 43/1200 [00:03<01:22, 13.94it/s]
AliNet:   4%|█▉                                                   | 45/1200 [00:03<01:21, 14.13it/s]
AliNet:   4%|██                                                   | 47/1200 [00:04<01:26, 13.30it/s]
AliNet:   4%|██▏                                                  | 49/1200 [00:04<01:24, 13.67it/s]05:15:22 | INFO    | epoch   50/1200 | loss=0.1558 align=0.0165 rel=0.1393
05:15:22 | INFO    |            [filtered] MRR=0.2110 Hit@1=0.0692 Hit@5=0.3642 Hit@10=0.4814 MR=234.0 n=939
05:15:22 | INFO    |            [multiref] MRR=0.2106 Hit@1=0.0467 Hit@5=0.3992 Hit@10=0.5260 MR=132.0 n=749

AliNet:   4%|██▎                                                  | 51/1200 [00:04<02:05,  9.16it/s]
AliNet:   4%|██▎                                                  | 53/1200 [00:04<01:51, 10.32it/s]
AliNet:   5%|██▍                                                  | 55/1200 [00:04<01:41, 11.30it/s]
AliNet:   5%|██▌                                                  | 57/1200 [00:04<01:34, 12.12it/s]
AliNet:   5%|██▌                                                  | 59/1200 [00:05<01:29, 12.77it/s]
AliNet:   5%|██▋                                                  | 61/1200 [00:05<01:25, 13.26it/s]
AliNet:   5%|██▊                                                  | 63/1200 [00:05<01:23, 13.63it/s]
AliNet:   5%|██▊                                                  | 65/1200 [00:05<01:21, 13.90it/s]
AliNet:   6%|██▉                                                  | 67/1200 [00:05<01:20, 14.11it/s]
AliNet:   6%|███                                                  | 69/1200 [00:05<01:19, 14.25it/s]
AliNet:   6%|███▏                                                 | 71/1200 [00:05<01:18, 14.35it/s]
AliNet:   6%|███▏                                                 | 73/1200 [00:06<01:18, 14.42it/s]05:15:24 | INFO    | epoch   75/1200 | loss=0.0849 align=0.0090 rel=0.0759
05:15:24 | INFO    |            [filtered] MRR=0.2104 Hit@1=0.0745 Hit@5=0.3472 Hit@10=0.4750 MR=217.3 n=939
05:15:24 | INFO    |            [multiref] MRR=0.2052 Hit@1=0.0454 Hit@5=0.3738 Hit@10=0.5180 MR=131.2 n=749

AliNet:   6%|███▎                                                 | 75/1200 [00:06<01:58,  9.49it/s]
AliNet:   6%|███▍                                                 | 77/1200 [00:06<01:45, 10.62it/s]
AliNet:   7%|███▍                                                 | 79/1200 [00:06<01:36, 11.56it/s]
AliNet:   7%|███▌                                                 | 81/1200 [00:06<01:30, 12.33it/s]
AliNet:   7%|███▋                                                 | 83/1200 [00:06<01:26, 12.94it/s]
AliNet:   7%|███▊                                                 | 85/1200 [00:07<01:23, 13.40it/s]
AliNet:   7%|███▊                                                 | 87/1200 [00:07<01:20, 13.75it/s]
AliNet:   7%|███▉                                                 | 89/1200 [00:07<01:19, 14.00it/s]
AliNet:   8%|████                                                 | 91/1200 [00:07<01:18, 14.18it/s]
AliNet:   8%|████                                                 | 93/1200 [00:07<01:17, 14.31it/s]
AliNet:   8%|████▏                                                | 95/1200 [00:07<01:16, 14.41it/s]
AliNet:   8%|████▎                                                | 97/1200 [00:07<01:16, 14.48it/s]
AliNet:   8%|████▎                                                | 99/1200 [00:08<01:15, 14.52it/s]05:15:25 | INFO    | epoch  100/1200 | loss=0.0557 align=0.0063 rel=0.0494
05:15:26 | INFO    |            [filtered] MRR=0.2135 Hit@1=0.0777 Hit@5=0.3482 Hit@10=0.4846 MR=218.6 n=939
05:15:26 | INFO    |            [multiref] MRR=0.2075 Hit@1=0.0494 Hit@5=0.3738 Hit@10=0.5234 MR=136.9 n=749

AliNet:   8%|████▍                                               | 101/1200 [00:08<01:55,  9.49it/s]
AliNet:   9%|████▍                                               | 103/1200 [00:08<01:43, 10.61it/s]
AliNet:   9%|████▌                                               | 105/1200 [00:08<01:34, 11.53it/s]
AliNet:   9%|████▋                                               | 107/1200 [00:08<01:28, 12.32it/s]
AliNet:   9%|████▋                                               | 109/1200 [00:09<01:24, 12.93it/s]
AliNet:   9%|████▊                                               | 111/1200 [00:09<01:21, 13.40it/s]
AliNet:   9%|████▉                                               | 113/1200 [00:09<01:19, 13.75it/s]
AliNet:  10%|████▉                                               | 115/1200 [00:09<01:17, 14.00it/s]
AliNet:  10%|█████                                               | 117/1200 [00:09<01:16, 14.18it/s]
AliNet:  10%|█████▏                                              | 119/1200 [00:09<01:15, 14.31it/s]
AliNet:  10%|█████▏                                              | 121/1200 [00:09<01:14, 14.41it/s]
AliNet:  10%|█████▎                                              | 123/1200 [00:09<01:14, 14.48it/s]05:15:27 | INFO    | epoch  125/1200 | loss=0.0434 align=0.0051 rel=0.0383
05:15:28 | INFO    |            [filtered] MRR=0.2145 Hit@1=0.0767 Hit@5=0.3621 Hit@10=0.4718 MR=181.3 n=939
05:15:28 | INFO    |            [multiref] MRR=0.2069 Hit@1=0.0481 Hit@5=0.3858 Hit@10=0.5047 MR=115.0 n=749

AliNet:  10%|█████▍                                              | 125/1200 [00:10<01:54,  9.41it/s]
AliNet:  11%|█████▌                                              | 127/1200 [00:10<01:41, 10.56it/s]
AliNet:  11%|█████▌                                              | 129/1200 [00:10<01:32, 11.52it/s]
AliNet:  11%|█████▋                                              | 131/1200 [00:10<01:27, 12.28it/s]
AliNet:  11%|█████▊                                              | 133/1200 [00:10<01:24, 12.58it/s]
AliNet:  11%|█████▊                                              | 135/1200 [00:11<01:21, 13.14it/s]
AliNet:  11%|█████▉                                              | 137/1200 [00:11<01:18, 13.55it/s]
AliNet:  12%|██████                                              | 139/1200 [00:11<01:16, 13.85it/s]
AliNet:  12%|██████                                              | 141/1200 [00:11<01:15, 14.07it/s]
AliNet:  12%|██████▏                                             | 143/1200 [00:11<01:14, 14.23it/s]
AliNet:  12%|██████▎                                             | 145/1200 [00:11<01:13, 14.35it/s]
AliNet:  12%|██████▎                                             | 147/1200 [00:11<01:12, 14.43it/s]
AliNet:  12%|██████▍                                             | 149/1200 [00:12<01:12, 14.49it/s]05:15:29 | INFO    | epoch  150/1200 | loss=0.0378 align=0.0044 rel=0.0333
05:15:29 | INFO    |            [filtered] MRR=0.2135 Hit@1=0.0756 Hit@5=0.3578 Hit@10=0.4750 MR=180.5 n=939
05:15:29 | INFO    |            [multiref] MRR=0.2085 Hit@1=0.0521 Hit@5=0.3818 Hit@10=0.5087 MR=115.5 n=749

AliNet:  13%|██████▌                                             | 151/1200 [00:12<01:50,  9.49it/s]
AliNet:  13%|██████▋                                             | 153/1200 [00:12<01:38, 10.61it/s]
AliNet:  13%|██████▋                                             | 155/1200 [00:12<01:30, 11.56it/s]
AliNet:  13%|██████▊                                             | 157/1200 [00:12<01:24, 12.33it/s]
AliNet:  13%|██████▉                                             | 159/1200 [00:12<01:24, 12.27it/s]
AliNet:  13%|██████▉                                             | 161/1200 [00:13<01:20, 12.90it/s]
AliNet:  14%|███████                                             | 163/1200 [00:13<01:17, 13.36it/s]
AliNet:  14%|███████▏                                            | 165/1200 [00:13<01:15, 13.72it/s]
AliNet:  14%|███████▏                                            | 167/1200 [00:13<01:13, 13.98it/s]
AliNet:  14%|███████▎                                            | 169/1200 [00:13<01:12, 14.16it/s]
AliNet:  14%|███████▍                                            | 171/1200 [00:13<01:11, 14.30it/s]
AliNet:  14%|███████▍                                            | 173/1200 [00:13<01:16, 13.48it/s]05:15:31 | INFO    | epoch  175/1200 | loss=0.0342 align=0.0041 rel=0.0301
05:15:32 | INFO    |            [filtered] MRR=0.2135 Hit@1=0.0788 Hit@5=0.3429 Hit@10=0.4622 MR=169.6 n=939
05:15:32 | INFO    |            [multiref] MRR=0.2093 Hit@1=0.0561 Hit@5=0.3632 Hit@10=0.4993 MR=108.6 n=749

AliNet:  15%|███████▌                                            | 175/1200 [00:14<01:52,  9.08it/s]
AliNet:  15%|███████▋                                            | 177/1200 [00:14<01:39, 10.26it/s]
AliNet:  15%|███████▊                                            | 179/1200 [00:14<01:30, 11.26it/s]
AliNet:  15%|███████▊                                            | 181/1200 [00:14<01:24, 12.10it/s]
AliNet:  15%|███████▉                                            | 183/1200 [00:14<01:21, 12.42it/s]
AliNet:  15%|████████                                            | 185/1200 [00:15<01:17, 13.03it/s]
AliNet:  16%|████████                                            | 187/1200 [00:15<01:15, 13.46it/s]
AliNet:  16%|████████▏                                           | 189/1200 [00:15<01:13, 13.79it/s]
AliNet:  16%|████████▎                                           | 191/1200 [00:15<01:11, 14.03it/s]
AliNet:  16%|████████▎                                           | 193/1200 [00:15<01:10, 14.20it/s]
AliNet:  16%|████████▍                                           | 195/1200 [00:15<01:10, 14.33it/s]
AliNet:  16%|████████▌                                           | 197/1200 [00:15<01:09, 14.42it/s]
AliNet:  17%|████████▌                                           | 199/1200 [00:16<01:09, 14.48it/s]05:15:33 | INFO    | epoch  200/1200 | loss=0.0311 align=0.0037 rel=0.0274
05:15:33 | INFO    |            [filtered] MRR=0.2084 Hit@1=0.0767 Hit@5=0.3323 Hit@10=0.4579 MR=165.5 n=939
05:15:33 | INFO    |            [multiref] MRR=0.2067 Hit@1=0.0561 Hit@5=0.3551 Hit@10=0.4953 MR=106.4 n=749

AliNet:  17%|████████▋                                           | 201/1200 [00:16<01:46,  9.36it/s]
AliNet:  17%|████████▊                                           | 203/1200 [00:16<01:34, 10.50it/s]
AliNet:  17%|████████▉                                           | 205/1200 [00:16<01:26, 11.47it/s]
AliNet:  17%|████████▉                                           | 207/1200 [00:16<01:21, 12.26it/s]
AliNet:  17%|█████████                                           | 209/1200 [00:16<01:17, 12.84it/s]
AliNet:  18%|█████████▏                                          | 211/1200 [00:17<01:14, 13.32it/s]
AliNet:  18%|█████████▏                                          | 213/1200 [00:17<01:12, 13.68it/s]
AliNet:  18%|█████████▎                                          | 215/1200 [00:17<01:10, 13.95it/s]
AliNet:  18%|█████████▍                                          | 217/1200 [00:17<01:09, 14.15it/s]
AliNet:  18%|█████████▍                                          | 219/1200 [00:17<01:08, 14.28it/s]
AliNet:  18%|█████████▌                                          | 221/1200 [00:17<01:08, 14.38it/s]
AliNet:  19%|█████████▋                                          | 223/1200 [00:17<01:07, 14.45it/s]05:15:35 | INFO    | epoch  225/1200 | loss=0.0294 align=0.0032 rel=0.0262
05:15:35 | INFO    |            [filtered] MRR=0.2059 Hit@1=0.0767 Hit@5=0.3312 Hit@10=0.4558 MR=157.6 n=939
05:15:35 | INFO    |            [multiref] MRR=0.2035 Hit@1=0.0534 Hit@5=0.3511 Hit@10=0.4940 MR=101.2 n=749

AliNet:  19%|█████████▊                                          | 225/1200 [00:18<01:43,  9.45it/s]
AliNet:  19%|█████████▊                                          | 227/1200 [00:18<01:31, 10.58it/s]
AliNet:  19%|█████████▉                                          | 229/1200 [00:18<01:24, 11.54it/s]
AliNet:  19%|██████████                                          | 231/1200 [00:18<01:18, 12.31it/s]
AliNet:  19%|██████████                                          | 233/1200 [00:18<01:14, 12.93it/s]
AliNet:  20%|██████████▏                                         | 235/1200 [00:18<01:12, 13.38it/s]
AliNet:  20%|██████████▎                                         | 237/1200 [00:19<01:12, 13.21it/s]
AliNet:  20%|██████████▎                                         | 239/1200 [00:19<01:10, 13.60it/s]
AliNet:  20%|██████████▍                                         | 241/1200 [00:19<01:09, 13.89it/s]
AliNet:  20%|██████████▌                                         | 243/1200 [00:19<01:07, 14.09it/s]
AliNet:  20%|██████████▌                                         | 245/1200 [00:19<01:07, 14.24it/s]
AliNet:  21%|██████████▋                                         | 247/1200 [00:19<01:06, 14.34it/s]
AliNet:  21%|██████████▊                                         | 249/1200 [00:19<01:05, 14.43it/s]05:15:37 | INFO    | epoch  250/1200 | loss=0.0274 align=0.0029 rel=0.0244
05:15:37 | INFO    |            [filtered] MRR=0.2052 Hit@1=0.0767 Hit@5=0.3237 Hit@10=0.4579 MR=158.0 n=939
05:15:37 | INFO    |            [multiref] MRR=0.2033 Hit@1=0.0547 Hit@5=0.3458 Hit@10=0.4940 MR=102.3 n=749

AliNet:  21%|██████████▉                                         | 251/1200 [00:20<01:43,  9.16it/s]
AliNet:  21%|██████████▉                                         | 253/1200 [00:20<01:31, 10.32it/s]
AliNet:  21%|███████████                                         | 255/1200 [00:20<01:23, 11.32it/s]
AliNet:  21%|███████████▏                                        | 257/1200 [00:20<01:17, 12.14it/s]
AliNet:  22%|███████████▏                                        | 259/1200 [00:20<01:13, 12.78it/s]
AliNet:  22%|███████████▎                                        | 261/1200 [00:21<01:10, 13.29it/s]
AliNet:  22%|███████████▍                                        | 263/1200 [00:21<01:08, 13.66it/s]
AliNet:  22%|███████████▍                                        | 265/1200 [00:21<01:07, 13.92it/s]
AliNet:  22%|███████████▌                                        | 267/1200 [00:21<01:06, 14.12it/s]
AliNet:  22%|███████████▋                                        | 269/1200 [00:21<01:05, 14.26it/s]
AliNet:  23%|███████████▋                                        | 271/1200 [00:21<01:04, 14.37it/s]
AliNet:  23%|███████████▊                                        | 273/1200 [00:21<01:04, 14.43it/s]05:15:39 | INFO    | epoch  275/1200 | loss=0.0260 align=0.0030 rel=0.0230
05:15:39 | INFO    |            [filtered] MRR=0.1980 Hit@1=0.0735 Hit@5=0.3131 Hit@10=0.4356 MR=163.5 n=939
05:15:39 | INFO    |            [multiref] MRR=0.1968 Hit@1=0.0521 Hit@5=0.3351 Hit@10=0.4740 MR=106.4 n=749

AliNet:  23%|███████████▉                                        | 275/1200 [00:22<01:37,  9.47it/s]
AliNet:  23%|████████████                                        | 277/1200 [00:22<01:27, 10.60it/s]
AliNet:  23%|████████████                                        | 279/1200 [00:22<01:19, 11.55it/s]
AliNet:  23%|████████████▏                                       | 281/1200 [00:22<01:14, 12.32it/s]
AliNet:  24%|████████████▎                                       | 283/1200 [00:22<01:10, 12.92it/s]
AliNet:  24%|████████████▎                                       | 285/1200 [00:22<01:08, 13.39it/s]
AliNet:  24%|████████████▍                                       | 287/1200 [00:23<01:06, 13.73it/s]
AliNet:  24%|████████████▌                                       | 289/1200 [00:23<01:05, 13.98it/s]
AliNet:  24%|████████████▌                                       | 291/1200 [00:23<01:04, 14.16it/s]
AliNet:  24%|████████████▋                                       | 293/1200 [00:23<01:03, 14.27it/s]
AliNet:  25%|████████████▊                                       | 295/1200 [00:23<01:03, 14.35it/s]
AliNet:  25%|████████████▊                                       | 297/1200 [00:23<01:02, 14.42it/s]
AliNet:  25%|████████████▉                                       | 299/1200 [00:23<01:02, 14.47it/s]05:15:41 | INFO    | epoch  300/1200 | loss=0.0249 align=0.0030 rel=0.0218
05:15:41 | INFO    |            [filtered] MRR=0.1938 Hit@1=0.0745 Hit@5=0.3035 Hit@10=0.4228 MR=161.5 n=939
05:15:41 | INFO    |            [multiref] MRR=0.1899 Hit@1=0.0494 Hit@5=0.3231 Hit@10=0.4606 MR=106.5 n=749

AliNet:  25%|█████████████                                       | 301/1200 [00:24<01:35,  9.43it/s]
AliNet:  25%|█████████████▏                                      | 303/1200 [00:24<01:24, 10.55it/s]
AliNet:  25%|█████████████▏                                      | 305/1200 [00:24<01:17, 11.51it/s]
AliNet:  26%|█████████████▎                                      | 307/1200 [00:24<01:12, 12.28it/s]
AliNet:  26%|█████████████▍                                      | 309/1200 [00:24<01:09, 12.90it/s]
AliNet:  26%|█████████████▍                                      | 311/1200 [00:24<01:06, 13.31it/s]
AliNet:  26%|█████████████▌                                      | 313/1200 [00:25<01:04, 13.69it/s]
AliNet:  26%|█████████████▋                                      | 315/1200 [00:25<01:03, 13.94it/s]
AliNet:  26%|█████████████▋                                      | 317/1200 [00:25<01:02, 14.13it/s]
AliNet:  27%|█████████████▊                                      | 319/1200 [00:25<01:01, 14.27it/s]
AliNet:  27%|█████████████▉                                      | 321/1200 [00:25<01:01, 14.35it/s]
AliNet:  27%|█████████████▉                                      | 323/1200 [00:25<01:00, 14.42it/s]05:15:43 | INFO    | epoch  325/1200 | loss=0.0244 align=0.0030 rel=0.0215
05:15:43 | INFO    |            [filtered] MRR=0.1892 Hit@1=0.0724 Hit@5=0.2929 Hit@10=0.4175 MR=164.1 n=939
05:15:43 | INFO    |            [multiref] MRR=0.1870 Hit@1=0.0521 Hit@5=0.3111 Hit@10=0.4526 MR=108.1 n=749

AliNet:  27%|██████████████                                      | 325/1200 [00:26<01:33,  9.35it/s]
AliNet:  27%|██████████████▏                                     | 327/1200 [00:26<01:23, 10.50it/s]
AliNet:  27%|██████████████▎                                     | 329/1200 [00:26<01:15, 11.46it/s]
AliNet:  28%|██████████████▎                                     | 331/1200 [00:26<01:10, 12.26it/s]
AliNet:  28%|██████████████▍                                     | 333/1200 [00:26<01:07, 12.87it/s]
AliNet:  28%|██████████████▌                                     | 335/1200 [00:26<01:04, 13.34it/s]
AliNet:  28%|██████████████▌                                     | 337/1200 [00:26<01:03, 13.70it/s]
AliNet:  28%|██████████████▋                                     | 339/1200 [00:27<01:01, 13.95it/s]
AliNet:  28%|██████████████▊                                     | 341/1200 [00:27<01:00, 14.13it/s]
AliNet:  29%|██████████████▊                                     | 343/1200 [00:27<01:00, 14.25it/s]
AliNet:  29%|██████████████▉                                     | 345/1200 [00:27<00:59, 14.34it/s]
AliNet:  29%|███████████████                                     | 347/1200 [00:27<00:59, 14.40it/s]
AliNet:  29%|███████████████                                     | 349/1200 [00:27<00:58, 14.44it/s]05:15:45 | INFO    | epoch  350/1200 | loss=0.0234 align=0.0027 rel=0.0208
05:15:45 | INFO    |            [filtered] MRR=0.1883 Hit@1=0.0745 Hit@5=0.2886 Hit@10=0.4153 MR=154.1 n=939
05:15:45 | INFO    |            [multiref] MRR=0.1847 Hit@1=0.0521 Hit@5=0.3057 Hit@10=0.4513 MR=102.3 n=749

AliNet:  29%|███████████████▏                                    | 351/1200 [00:28<01:30,  9.41it/s]
AliNet:  29%|███████████████▎                                    | 353/1200 [00:28<01:20, 10.54it/s]
AliNet:  30%|███████████████▍                                    | 355/1200 [00:28<01:13, 11.49it/s]
AliNet:  30%|███████████████▍                                    | 357/1200 [00:28<01:08, 12.27it/s]
AliNet:  30%|███████████████▌                                    | 359/1200 [00:28<01:05, 12.88it/s]
AliNet:  30%|███████████████▋                                    | 361/1200 [00:28<01:02, 13.36it/s]
AliNet:  30%|███████████████▋                                    | 363/1200 [00:29<01:02, 13.31it/s]
AliNet:  30%|███████████████▊                                    | 365/1200 [00:29<01:01, 13.65it/s]
AliNet:  31%|███████████████▉                                    | 367/1200 [00:29<00:59, 13.91it/s]
AliNet:  31%|███████████████▉                                    | 369/1200 [00:29<00:58, 14.11it/s]
AliNet:  31%|████████████████                                    | 371/1200 [00:29<00:58, 14.24it/s]
AliNet:  31%|████████████████▏                                   | 373/1200 [00:29<00:57, 14.34it/s]05:15:47 | INFO    | epoch  375/1200 | loss=0.0228 align=0.0025 rel=0.0203
05:15:47 | INFO    |            [filtered] MRR=0.1869 Hit@1=0.0735 Hit@5=0.2907 Hit@10=0.4153 MR=154.3 n=939
05:15:47 | INFO    |            [multiref] MRR=0.1845 Hit@1=0.0521 Hit@5=0.3111 Hit@10=0.4486 MR=102.2 n=749

AliNet:  31%|████████████████▎                                   | 375/1200 [00:30<01:27,  9.40it/s]
AliNet:  31%|████████████████▎                                   | 377/1200 [00:30<01:18, 10.54it/s]
AliNet:  32%|████████████████▍                                   | 379/1200 [00:30<01:11, 11.49it/s]
AliNet:  32%|████████████████▌                                   | 381/1200 [00:30<01:06, 12.27it/s]
AliNet:  32%|████████████████▌                                   | 383/1200 [00:30<01:03, 12.89it/s]
AliNet:  32%|████████████████▋                                   | 385/1200 [00:30<01:01, 13.36it/s]
AliNet:  32%|████████████████▊                                   | 387/1200 [00:30<00:59, 13.71it/s]
AliNet:  32%|████████████████▊                                   | 389/1200 [00:31<00:58, 13.95it/s]
AliNet:  33%|████████████████▉                                   | 391/1200 [00:31<00:57, 14.13it/s]
AliNet:  33%|█████████████████                                   | 393/1200 [00:31<00:56, 14.25it/s]
AliNet:  33%|█████████████████                                   | 395/1200 [00:31<00:56, 14.35it/s]
AliNet:  33%|█████████████████▏                                  | 397/1200 [00:31<00:55, 14.40it/s]
AliNet:  33%|█████████████████▎                                  | 399/1200 [00:31<00:55, 14.43it/s]05:15:49 | INFO    | epoch  400/1200 | loss=0.0223 align=0.0023 rel=0.0200
05:15:49 | INFO    |            [filtered] MRR=0.1838 Hit@1=0.0724 Hit@5=0.2769 Hit@10=0.4121 MR=157.2 n=939
05:15:49 | INFO    |            [multiref] MRR=0.1798 Hit@1=0.0507 Hit@5=0.2977 Hit@10=0.4459 MR=103.8 n=749
05:15:49 | INFO    |            early stop (best=0.2449 @ 25).

AliNet:  33%|█████████████████▎                                  | 399/1200 [00:32<01:04, 12.44it/s]
05:15:50 | INFO    | Done in 0.5 min. Best filtered MRR=0.2449 @ epoch 25.
05:15:50 | INFO    | Final evaluation on the test split, read once
05:15:50 | INFO    |   [cosine] filtMRR=0.2686 H@1=0.0916 H@10=0.5962 n=3732 | mrefMRR=0.2963 H@1=0.0900
05:15:51 | INFO    |   [  csls] filtMRR=0.3114 H@1=0.1016 H@10=0.6798 n=3732 | mrefMRR=0.3476 H@1=0.1017
05:15:55 | INFO    |   [cosine] F1=0.5794 P=0.6319 R=0.5350 (threshold 0.860 from validation, validation F1=0.5748)
05:15:55 | INFO    | Wrote experiments/alinet_broadMatch-pgx_20260929-051514/result.json
05:15:55 | INFO    | Finished. Best validation MRR=0.2449 @ epoch 25.
