05:16:41 | INFO    | Model: bootea | seed 2026 | device: cuda:1
05:16:41 | INFO    | Regime broadMatch/pgx | graph: 84,182 nodes, 131,238 triples, 50,435 UCPGx candidates
05:16:41 | INFO    |   broadMatch/pgx   train=  3,744 test=  8,599 (70%) queries= 6,866 by cluster    leakage=0.00%
05:16:41 | INFO    |   closeMatch       train=  2,738 test=  6,296 (70%) queries= 1,490 by cluster    leakage=0.00%
05:16:41 | INFO    |   sameAs           train= 19,942 test= 46,531 (70%) queries=10,883 by cluster    leakage=0.00%
05:16:41 | INFO    |   broadMatch/onco  train= 25,039 test= 47,737 (66%) queries= 2,032 intra-cluster leakage=0.00%
05:16:41 | INFO    |   relatedMatch     train=  2,801 test=  6,289 (69%) queries=   812 intra-cluster leakage=0.00%
05:16:41 | INFO    |   related          train=471,647 test=762,046 (62%) queries=16,977 intra-cluster leakage=0.00%
05:16:41 | INFO    | Data: {'num_entities': 84182, 'num_relations': 13, 'triples': 131238, 'train_pairs': 2805, 'val_pairs': 939, 'candidates': 50435, 'unlabeled_pool': 47014}
05:16:43 | INFO    | Params: 25.26M
05:16:43 | INFO    | Run directory: experiments/bootea_broadMatch-pgx_20260929-051641
05:16:43 | INFO    | BootEA | device=cuda:1 | {'num_entities': 84182, 'num_relations': 13, 'triples': 131238, 'train_pairs': 2805, 'val_pairs': 939, 'candidates': 50435, 'unlabeled_pool': 47014} triples(+swap)=154770

BootEA:   0%|                                                              | 0/1000 [00:00<?, ?it/s]
BootEA:   0%|                                                      | 1/1000 [00:00<07:12,  2.31it/s]
BootEA:   0%|                                                      | 2/1000 [00:00<04:47,  3.47it/s]
BootEA:   0%|▏                                                     | 3/1000 [00:00<04:01,  4.13it/s]
BootEA:   0%|▏                                                     | 4/1000 [00:00<03:39,  4.54it/s]
BootEA:   0%|▎                                                     | 5/1000 [00:01<03:27,  4.80it/s]
BootEA:   1%|▎                                                     | 6/1000 [00:01<03:20,  4.97it/s]
BootEA:   1%|▍                                                     | 7/1000 [00:01<03:15,  5.09it/s]
BootEA:   1%|▍                                                     | 8/1000 [00:01<03:12,  5.17it/s]
BootEA:   1%|▍                                                     | 9/1000 [00:01<03:09,  5.22it/s]
BootEA:   1%|▌                                                    | 10/1000 [00:02<03:08,  5.25it/s]
BootEA:   1%|▌                                                    | 11/1000 [00:02<03:07,  5.28it/s]
BootEA:   1%|▋                                                    | 12/1000 [00:02<03:06,  5.30it/s]
BootEA:   1%|▋                                                    | 13/1000 [00:02<03:05,  5.31it/s]
BootEA:   1%|▋                                                    | 14/1000 [00:02<03:05,  5.32it/s]
BootEA:   2%|▊                                                    | 15/1000 [00:03<03:04,  5.33it/s]
BootEA:   2%|▊                                                    | 16/1000 [00:03<03:04,  5.33it/s]
BootEA:   2%|▉                                                    | 17/1000 [00:03<03:04,  5.33it/s]
BootEA:   2%|▉                                                    | 18/1000 [00:03<03:04,  5.33it/s]
BootEA:   2%|█                                                    | 19/1000 [00:03<03:03,  5.33it/s]05:16:48 | INFO    | epoch   20/1000 | loss=3687.1210 kge=3685.6268 align=0.1494 pseudo=0.0000 | eps-trunc refreshed
05:16:48 | INFO    |            [filtered] MRR=0.2921 Hit@1=0.0916 Hit@5=0.5367 Hit@10=0.6794 MR=1545.7 n=939
05:16:48 | INFO    |            [multiref] MRR=0.3125 Hit@1=0.0788 Hit@5=0.6061 Hit@10=0.7557 MR=538.1 n=749
05:16:48 | INFO    |            -> new best multiref MRR=0.3125 (saved model_best.pt)

BootEA:   2%|█                                                    | 20/1000 [00:05<08:37,  1.89it/s]
BootEA:   2%|█                                                    | 21/1000 [00:05<06:57,  2.35it/s]
BootEA:   2%|█▏                                                   | 22/1000 [00:05<05:47,  2.82it/s]
BootEA:   2%|█▏                                                   | 23/1000 [00:05<04:58,  3.28it/s]
BootEA:   2%|█▎                                                   | 24/1000 [00:05<04:23,  3.70it/s]
BootEA:   2%|█▎                                                   | 25/1000 [00:06<03:59,  4.07it/s]
BootEA:   3%|█▍                                                   | 26/1000 [00:06<03:42,  4.37it/s]
BootEA:   3%|█▍                                                   | 27/1000 [00:06<03:30,  4.61it/s]
BootEA:   3%|█▍                                                   | 28/1000 [00:06<03:22,  4.80it/s]
BootEA:   3%|█▌                                                   | 29/1000 [00:06<03:16,  4.94it/s]05:16:51 | INFO    | epoch   30/1000 | loss=6558.9667 kge=6557.4138 align=0.1553 pseudo=0.0000 | eps-trunc refreshed | bootstrap: 6793 pseudo-pairs (beta=1.0)

BootEA:   3%|█▌                                                   | 30/1000 [00:07<05:33,  2.91it/s]
BootEA:   3%|█▋                                                   | 31/1000 [00:07<05:11,  3.11it/s]
BootEA:   3%|█▋                                                   | 32/1000 [00:08<04:55,  3.27it/s]
BootEA:   3%|█▋                                                   | 33/1000 [00:08<04:44,  3.40it/s]
BootEA:   3%|█▊                                                   | 34/1000 [00:08<04:36,  3.49it/s]05:16:52 | INFO    | epoch   35/1000 | loss=6462.6248 kge=6460.8802 align=0.1331 pseudo=0.4137 | bootstrap: 8103 pseudo-pairs (beta=1.0)

BootEA:   4%|█▊                                                   | 35/1000 [00:09<05:32,  2.90it/s]
BootEA:   4%|█▉                                                   | 36/1000 [00:09<05:13,  3.08it/s]
BootEA:   4%|█▉                                                   | 37/1000 [00:09<04:59,  3.21it/s]
BootEA:   4%|██                                                   | 38/1000 [00:09<04:49,  3.32it/s]
BootEA:   4%|██                                                   | 39/1000 [00:10<04:42,  3.40it/s]05:16:54 | INFO    | epoch   40/1000 | loss=6258.7227 kge=6257.0705 align=0.1218 pseudo=0.4341 | eps-trunc refreshed | bootstrap: 9000 pseudo-pairs (beta=1.0)
05:16:54 | INFO    |            [filtered] MRR=0.3239 Hit@1=0.1054 Hit@5=0.5857 Hit@10=0.7380 MR=1569.6 n=939
05:16:54 | INFO    |            [multiref] MRR=0.3365 Hit@1=0.0841 Hit@5=0.6449 Hit@10=0.8051 MR=769.1 n=749
05:16:55 | INFO    |            -> new best multiref MRR=0.3365 (saved model_best.pt)

BootEA:   4%|██                                                   | 40/1000 [00:11<09:08,  1.75it/s]
BootEA:   4%|██▏                                                  | 41/1000 [00:11<07:39,  2.09it/s]
BootEA:   4%|██▏                                                  | 42/1000 [00:11<06:36,  2.42it/s]
BootEA:   4%|██▎                                                  | 43/1000 [00:12<05:52,  2.72it/s]
BootEA:   4%|██▎                                                  | 44/1000 [00:12<05:21,  2.97it/s]05:16:56 | INFO    | epoch   45/1000 | loss=6201.0710 kge=6199.5123 align=0.1123 pseudo=0.4354 | bootstrap: 9000 pseudo-pairs (beta=1.0)

BootEA:   4%|██▍                                                  | 45/1000 [00:12<06:01,  2.64it/s]
BootEA:   5%|██▍                                                  | 46/1000 [00:13<05:28,  2.91it/s]
BootEA:   5%|██▍                                                  | 47/1000 [00:13<05:04,  3.13it/s]
BootEA:   5%|██▌                                                  | 48/1000 [00:13<04:47,  3.31it/s]
BootEA:   5%|██▌                                                  | 49/1000 [00:13<04:36,  3.44it/s]05:16:58 | INFO    | epoch   50/1000 | loss=6102.3504 kge=6100.8592 align=0.1082 pseudo=0.4095 | eps-trunc refreshed | bootstrap: 9000 pseudo-pairs (beta=1.0)

BootEA:   5%|██▋                                                  | 50/1000 [00:14<06:42,  2.36it/s]
BootEA:   5%|██▋                                                  | 51/1000 [00:14<05:57,  2.66it/s]
BootEA:   5%|██▊                                                  | 52/1000 [00:15<05:24,  2.92it/s]
BootEA:   5%|██▊                                                  | 53/1000 [00:15<05:01,  3.14it/s]
BootEA:   5%|██▊                                                  | 54/1000 [00:15<04:45,  3.31it/s]05:17:00 | INFO    | epoch   55/1000 | loss=5991.1971 kge=5989.7879 align=0.1026 pseudo=0.3833 | bootstrap: 9000 pseudo-pairs (beta=1.0)

BootEA:   6%|██▉                                                  | 55/1000 [00:16<05:36,  2.81it/s]
BootEA:   6%|██▉                                                  | 56/1000 [00:16<05:10,  3.04it/s]
BootEA:   6%|███                                                  | 57/1000 [00:16<04:51,  3.24it/s]
BootEA:   6%|███                                                  | 58/1000 [00:17<04:37,  3.39it/s]
BootEA:   6%|███▏                                                 | 59/1000 [00:17<04:28,  3.51it/s]05:17:01 | INFO    | epoch   60/1000 | loss=5920.6677 kge=5919.2905 align=0.1009 pseudo=0.3682 | eps-trunc refreshed | bootstrap: 9000 pseudo-pairs (beta=1.0)
05:17:01 | INFO    |            [filtered] MRR=0.3291 Hit@1=0.1012 Hit@5=0.5964 Hit@10=0.7444 MR=1596.3 n=939
05:17:01 | INFO    |            [multiref] MRR=0.3458 Hit@1=0.0854 Hit@5=0.6582 Hit@10=0.8117 MR=794.2 n=749
05:17:02 | INFO    |            -> new best multiref MRR=0.3458 (saved model_best.pt)

BootEA:   6%|███▏                                                 | 60/1000 [00:18<08:47,  1.78it/s]
BootEA:   6%|███▏                                                 | 61/1000 [00:18<07:23,  2.12it/s]
BootEA:   6%|███▎                                                 | 62/1000 [00:19<06:23,  2.45it/s]
BootEA:   6%|███▎                                                 | 63/1000 [00:19<05:41,  2.74it/s]
BootEA:   6%|███▍                                                 | 64/1000 [00:19<05:12,  2.99it/s]05:17:03 | INFO    | epoch   65/1000 | loss=5942.9401 kge=5941.6083 align=0.0983 pseudo=0.3492 | bootstrap: 9000 pseudo-pairs (beta=1.0)

BootEA:   6%|███▍                                                 | 65/1000 [00:20<05:53,  2.64it/s]
BootEA:   7%|███▍                                                 | 66/1000 [00:20<05:21,  2.90it/s]
BootEA:   7%|███▌                                                 | 67/1000 [00:20<04:58,  3.13it/s]
BootEA:   7%|███▌                                                 | 68/1000 [00:20<04:41,  3.31it/s]
BootEA:   7%|███▋                                                 | 69/1000 [00:21<04:29,  3.46it/s]05:17:05 | INFO    | epoch   70/1000 | loss=5886.8759 kge=5885.5670 align=0.0977 pseudo=0.3322 | eps-trunc refreshed | bootstrap: 9000 pseudo-pairs (beta=1.0)

BootEA:   7%|███▋                                                 | 70/1000 [00:21<06:36,  2.35it/s]
BootEA:   7%|███▊                                                 | 71/1000 [00:22<05:50,  2.65it/s]
BootEA:   7%|███▊                                                 | 72/1000 [00:22<05:17,  2.92it/s]
BootEA:   7%|███▊                                                 | 73/1000 [00:22<04:54,  3.15it/s]
BootEA:   7%|███▉                                                 | 74/1000 [00:22<04:38,  3.32it/s]05:17:07 | INFO    | epoch   75/1000 | loss=5804.2604 kge=5803.0034 align=0.0939 pseudo=0.3181 | bootstrap: 9000 pseudo-pairs (beta=1.0)

BootEA:   8%|███▉                                                 | 75/1000 [00:23<05:28,  2.82it/s]
BootEA:   8%|████                                                 | 76/1000 [00:23<05:02,  3.05it/s]
BootEA:   8%|████                                                 | 77/1000 [00:23<04:44,  3.25it/s]
BootEA:   8%|████▏                                                | 78/1000 [00:24<04:30,  3.41it/s]
BootEA:   8%|████▏                                                | 79/1000 [00:24<04:21,  3.53it/s]05:17:08 | INFO    | epoch   80/1000 | loss=5763.8179 kge=5762.5767 align=0.0938 pseudo=0.3029 | eps-trunc refreshed | bootstrap: 9000 pseudo-pairs (beta=1.0)
05:17:09 | INFO    |            [filtered] MRR=0.3231 Hit@1=0.1022 Hit@5=0.5868 Hit@10=0.7263 MR=1625.6 n=939
05:17:09 | INFO    |            [multiref] MRR=0.3348 Hit@1=0.0828 Hit@5=0.6422 Hit@10=0.7824 MR=816.5 n=749

BootEA:   8%|████▏                                                | 80/1000 [00:25<07:37,  2.01it/s]
BootEA:   8%|████▎                                                | 81/1000 [00:25<06:31,  2.35it/s]
BootEA:   8%|████▎                                                | 82/1000 [00:25<05:45,  2.66it/s]
BootEA:   8%|████▍                                                | 83/1000 [00:26<05:13,  2.93it/s]
BootEA:   8%|████▍                                                | 84/1000 [00:26<04:50,  3.15it/s]05:17:10 | INFO    | epoch   85/1000 | loss=5813.6659 kge=5812.4491 align=0.0920 pseudo=0.2965 | bootstrap: 9000 pseudo-pairs (beta=1.0)

BootEA:   8%|████▌                                                | 85/1000 [00:26<05:36,  2.72it/s]
BootEA:   9%|████▌                                                | 86/1000 [00:27<05:07,  2.97it/s]
BootEA:   9%|████▌                                                | 87/1000 [00:27<04:46,  3.19it/s]
BootEA:   9%|████▋                                                | 88/1000 [00:27<04:31,  3.36it/s]
BootEA:   9%|████▋                                                | 89/1000 [00:27<04:20,  3.49it/s]05:17:12 | INFO    | epoch   90/1000 | loss=5777.3414 kge=5776.1288 align=0.0927 pseudo=0.2860 | eps-trunc refreshed | bootstrap: 9000 pseudo-pairs (beta=1.0)

BootEA:   9%|████▊                                                | 90/1000 [00:28<06:25,  2.36it/s]
BootEA:   9%|████▊                                                | 91/1000 [00:28<05:41,  2.66it/s]
BootEA:   9%|████▉                                                | 92/1000 [00:29<05:09,  2.93it/s]
BootEA:   9%|████▉                                                | 93/1000 [00:29<04:47,  3.15it/s]
BootEA:   9%|████▉                                                | 94/1000 [00:29<04:31,  3.33it/s]05:17:14 | INFO    | epoch   95/1000 | loss=5699.6719 kge=5698.5038 align=0.0894 pseudo=0.2741 | bootstrap: 9000 pseudo-pairs (beta=1.0)

BootEA:  10%|█████                                                | 95/1000 [00:30<05:22,  2.81it/s]
BootEA:  10%|█████                                                | 96/1000 [00:30<04:56,  3.05it/s]
BootEA:  10%|█████▏                                               | 97/1000 [00:30<04:38,  3.25it/s]
BootEA:  10%|█████▏                                               | 98/1000 [00:31<04:24,  3.40it/s]
BootEA:  10%|█████▏                                               | 99/1000 [00:31<04:15,  3.52it/s]05:17:15 | INFO    | epoch  100/1000 | loss=5658.8818 kge=5657.7218 align=0.0896 pseudo=0.2643 | eps-trunc refreshed | bootstrap: 9000 pseudo-pairs (beta=1.0)
05:17:15 | INFO    |            [filtered] MRR=0.3146 Hit@1=0.0969 Hit@5=0.5676 Hit@10=0.7093 MR=1667.7 n=939
05:17:15 | INFO    |            [multiref] MRR=0.3297 Hit@1=0.0814 Hit@5=0.6248 Hit@10=0.7597 MR=831.5 n=749

BootEA:  10%|█████▏                                              | 100/1000 [00:32<07:23,  2.03it/s]
BootEA:  10%|█████▎                                              | 101/1000 [00:32<06:20,  2.36it/s]
BootEA:  10%|█████▎                                              | 102/1000 [00:32<05:36,  2.67it/s]
BootEA:  10%|█████▎                                              | 103/1000 [00:33<05:05,  2.94it/s]
BootEA:  10%|█████▍                                              | 104/1000 [00:33<04:43,  3.16it/s]05:17:17 | INFO    | epoch  105/1000 | loss=5733.3845 kge=5732.2461 align=0.0883 pseudo=0.2556 | bootstrap: 9000 pseudo-pairs (beta=1.0)

BootEA:  10%|█████▍                                              | 105/1000 [00:33<05:28,  2.73it/s]
BootEA:  11%|█████▌                                              | 106/1000 [00:34<05:00,  2.98it/s]
BootEA:  11%|█████▌                                              | 107/1000 [00:34<04:39,  3.19it/s]
BootEA:  11%|█████▌                                              | 108/1000 [00:34<04:25,  3.36it/s]
BootEA:  11%|█████▋                                              | 109/1000 [00:34<04:15,  3.49it/s]05:17:19 | INFO    | epoch  110/1000 | loss=5703.4236 kge=5702.2842 align=0.0893 pseudo=0.2460 | eps-trunc refreshed | bootstrap: 9000 pseudo-pairs (beta=1.0)

BootEA:  11%|█████▋                                              | 110/1000 [00:35<06:19,  2.35it/s]
BootEA:  11%|█████▊                                              | 111/1000 [00:35<05:35,  2.65it/s]
BootEA:  11%|█████▊                                              | 112/1000 [00:36<05:03,  2.92it/s]
BootEA:  11%|█████▉                                              | 113/1000 [00:36<04:41,  3.15it/s]
BootEA:  11%|█████▉                                              | 114/1000 [00:36<04:26,  3.33it/s]05:17:20 | INFO    | epoch  115/1000 | loss=5631.5411 kge=5630.4364 align=0.0865 pseudo=0.2396 | bootstrap: 9000 pseudo-pairs (beta=1.0)

BootEA:  12%|█████▉                                              | 115/1000 [00:37<05:15,  2.80it/s]
BootEA:  12%|██████                                              | 116/1000 [00:37<04:50,  3.04it/s]
BootEA:  12%|██████                                              | 117/1000 [00:37<04:32,  3.24it/s]
BootEA:  12%|██████▏                                             | 118/1000 [00:37<04:19,  3.40it/s]
BootEA:  12%|██████▏                                             | 119/1000 [00:38<04:10,  3.52it/s]05:17:22 | INFO    | epoch  120/1000 | loss=5604.1886 kge=5603.0915 align=0.0866 pseudo=0.2308 | eps-trunc refreshed | bootstrap: 9000 pseudo-pairs (beta=1.0)
05:17:22 | INFO    |            [filtered] MRR=0.3075 Hit@1=0.0980 Hit@5=0.5410 Hit@10=0.6922 MR=1650.4 n=939
05:17:22 | INFO    |            [multiref] MRR=0.3240 Hit@1=0.0841 Hit@5=0.6035 Hit@10=0.7490 MR=818.2 n=749

BootEA:  12%|██████▏                                             | 120/1000 [00:39<07:14,  2.03it/s]
BootEA:  12%|██████▎                                             | 121/1000 [00:39<06:12,  2.36it/s]
BootEA:  12%|██████▎                                             | 122/1000 [00:39<05:28,  2.67it/s]
BootEA:  12%|██████▍                                             | 123/1000 [00:39<04:58,  2.94it/s]
BootEA:  12%|██████▍                                             | 124/1000 [00:40<04:37,  3.16it/s]05:17:24 | INFO    | epoch  125/1000 | loss=5675.4703 kge=5674.3908 align=0.0854 pseudo=0.2260 | bootstrap: 9000 pseudo-pairs (beta=1.0)

BootEA:  12%|██████▌                                             | 125/1000 [00:40<05:20,  2.73it/s]
BootEA:  13%|██████▌                                             | 126/1000 [00:40<04:53,  2.98it/s]
BootEA:  13%|██████▌                                             | 127/1000 [00:41<04:33,  3.19it/s]
BootEA:  13%|██████▋                                             | 128/1000 [00:41<04:19,  3.36it/s]
BootEA:  13%|██████▋                                             | 129/1000 [00:41<04:09,  3.49it/s]05:17:26 | INFO    | epoch  130/1000 | loss=5655.0799 kge=5653.9988 align=0.0864 pseudo=0.2168 | eps-trunc refreshed | bootstrap: 9000 pseudo-pairs (beta=1.0)

BootEA:  13%|██████▊                                             | 130/1000 [00:42<06:09,  2.35it/s]
BootEA:  13%|██████▊                                             | 131/1000 [00:42<05:26,  2.66it/s]
BootEA:  13%|██████▊                                             | 132/1000 [00:42<04:56,  2.93it/s]
BootEA:  13%|██████▉                                             | 133/1000 [00:43<04:35,  3.15it/s]
BootEA:  13%|██████▉                                             | 134/1000 [00:43<04:20,  3.33it/s]05:17:27 | INFO    | epoch  135/1000 | loss=5592.3869 kge=5591.3304 align=0.0842 pseudo=0.2144 | bootstrap: 9000 pseudo-pairs (beta=1.0)

BootEA:  14%|███████                                             | 135/1000 [00:43<05:08,  2.80it/s]
BootEA:  14%|███████                                             | 136/1000 [00:44<04:44,  3.04it/s]
BootEA:  14%|███████                                             | 137/1000 [00:44<04:26,  3.24it/s]
BootEA:  14%|███████▏                                            | 138/1000 [00:44<04:13,  3.40it/s]
BootEA:  14%|███████▏                                            | 139/1000 [00:45<04:04,  3.52it/s]05:17:29 | INFO    | epoch  140/1000 | loss=5555.4723 kge=5554.4187 align=0.0846 pseudo=0.2073 | eps-trunc refreshed | bootstrap: 9000 pseudo-pairs (beta=1.0)
05:17:29 | INFO    |            [filtered] MRR=0.3039 Hit@1=0.0927 Hit@5=0.5357 Hit@10=0.6773 MR=1688.9 n=939
05:17:29 | INFO    |            [multiref] MRR=0.3204 Hit@1=0.0788 Hit@5=0.5981 Hit@10=0.7316 MR=818.9 n=749

BootEA:  14%|███████▎                                            | 140/1000 [00:46<07:06,  2.01it/s]
BootEA:  14%|███████▎                                            | 141/1000 [00:46<06:05,  2.35it/s]
BootEA:  14%|███████▍                                            | 142/1000 [00:46<05:22,  2.66it/s]
BootEA:  14%|███████▍                                            | 143/1000 [00:46<04:52,  2.93it/s]
BootEA:  14%|███████▍                                            | 144/1000 [00:47<04:31,  3.15it/s]05:17:31 | INFO    | epoch  145/1000 | loss=5640.5414 kge=5639.5031 align=0.0835 pseudo=0.2029 | bootstrap: 9000 pseudo-pairs (beta=1.0)

BootEA:  14%|███████▌                                            | 145/1000 [00:47<05:14,  2.72it/s]
BootEA:  15%|███████▌                                            | 146/1000 [00:47<04:47,  2.97it/s]
BootEA:  15%|███████▋                                            | 147/1000 [00:48<04:27,  3.19it/s]
BootEA:  15%|███████▋                                            | 148/1000 [00:48<04:13,  3.36it/s]
BootEA:  15%|███████▋                                            | 149/1000 [00:48<04:03,  3.49it/s]05:17:33 | INFO    | epoch  150/1000 | loss=5611.1841 kge=5610.1377 align=0.0848 pseudo=0.1986 | eps-trunc refreshed | bootstrap: 9000 pseudo-pairs (beta=1.0)

BootEA:  15%|███████▊                                            | 150/1000 [00:49<06:01,  2.35it/s]
BootEA:  15%|███████▊                                            | 151/1000 [00:49<05:19,  2.65it/s]
BootEA:  15%|███████▉                                            | 152/1000 [00:49<04:50,  2.92it/s]
BootEA:  15%|███████▉                                            | 153/1000 [00:50<04:29,  3.15it/s]
BootEA:  15%|████████                                            | 154/1000 [00:50<04:14,  3.33it/s]05:17:34 | INFO    | epoch  155/1000 | loss=5547.9001 kge=5546.8813 align=0.0826 pseudo=0.1930 | bootstrap: 9000 pseudo-pairs (beta=1.0)

BootEA:  16%|████████                                            | 155/1000 [00:50<05:00,  2.81it/s]
BootEA:  16%|████████                                            | 156/1000 [00:51<04:37,  3.04it/s]
BootEA:  16%|████████▏                                           | 157/1000 [00:51<04:19,  3.25it/s]
BootEA:  16%|████████▏                                           | 158/1000 [00:51<04:07,  3.40it/s]
BootEA:  16%|████████▎                                           | 159/1000 [00:51<03:58,  3.52it/s]05:17:36 | INFO    | epoch  160/1000 | loss=5522.4305 kge=5521.4093 align=0.0832 pseudo=0.1896 | eps-trunc refreshed | bootstrap: 9000 pseudo-pairs (beta=1.0)
05:17:36 | INFO    |            [filtered] MRR=0.2959 Hit@1=0.0884 Hit@5=0.5250 Hit@10=0.6752 MR=1742.0 n=939
05:17:36 | INFO    |            [multiref] MRR=0.3108 Hit@1=0.0721 Hit@5=0.5821 Hit@10=0.7236 MR=855.9 n=749

BootEA:  16%|████████▎                                           | 160/1000 [00:52<06:56,  2.02it/s]
BootEA:  16%|████████▎                                           | 161/1000 [00:53<05:56,  2.35it/s]
BootEA:  16%|████████▍                                           | 162/1000 [00:53<05:14,  2.66it/s]
BootEA:  16%|████████▍                                           | 163/1000 [00:53<04:45,  2.93it/s]
BootEA:  16%|████████▌                                           | 164/1000 [00:53<04:25,  3.15it/s]05:17:38 | INFO    | epoch  165/1000 | loss=5610.1644 kge=5609.1617 align=0.0820 pseudo=0.1828 | bootstrap: 9000 pseudo-pairs (beta=1.0)

BootEA:  16%|████████▌                                           | 165/1000 [00:54<05:08,  2.71it/s]
BootEA:  17%|████████▋                                           | 166/1000 [00:54<04:41,  2.97it/s]
BootEA:  17%|████████▋                                           | 167/1000 [00:54<04:21,  3.18it/s]
BootEA:  17%|████████▋                                           | 168/1000 [00:55<04:07,  3.36it/s]
BootEA:  17%|████████▊                                           | 169/1000 [00:55<03:58,  3.49it/s]05:17:40 | INFO    | epoch  170/1000 | loss=5586.7128 kge=5585.6992 align=0.0832 pseudo=0.1813 | eps-trunc refreshed | bootstrap: 9000 pseudo-pairs (beta=1.0)

BootEA:  17%|████████▊                                           | 170/1000 [00:56<05:52,  2.35it/s]
BootEA:  17%|████████▉                                           | 171/1000 [00:56<05:12,  2.65it/s]
BootEA:  17%|████████▉                                           | 172/1000 [00:56<04:43,  2.92it/s]
BootEA:  17%|████████▉                                           | 173/1000 [00:57<04:22,  3.15it/s]
BootEA:  17%|█████████                                           | 174/1000 [00:57<04:08,  3.33it/s]05:17:41 | INFO    | epoch  175/1000 | loss=5519.2358 kge=5518.2474 align=0.0814 pseudo=0.1743 | bootstrap: 9000 pseudo-pairs (beta=1.0)

BootEA:  18%|█████████                                           | 175/1000 [00:57<04:53,  2.81it/s]
BootEA:  18%|█████████▏                                          | 176/1000 [00:58<04:30,  3.04it/s]
BootEA:  18%|█████████▏                                          | 177/1000 [00:58<04:13,  3.24it/s]
BootEA:  18%|█████████▎                                          | 178/1000 [00:58<04:01,  3.40it/s]
BootEA:  18%|█████████▎                                          | 179/1000 [00:58<03:53,  3.52it/s]05:17:43 | INFO    | epoch  180/1000 | loss=5491.8776 kge=5490.8832 align=0.0821 pseudo=0.1735 | eps-trunc refreshed | bootstrap: 9000 pseudo-pairs (beta=1.0)
05:17:43 | INFO    |            [filtered] MRR=0.2951 Hit@1=0.0863 Hit@5=0.5218 Hit@10=0.6752 MR=1763.6 n=939
05:17:43 | INFO    |            [multiref] MRR=0.3113 Hit@1=0.0734 Hit@5=0.5781 Hit@10=0.7276 MR=877.9 n=749

BootEA:  18%|█████████▎                                          | 180/1000 [00:59<06:46,  2.02it/s]
BootEA:  18%|█████████▍                                          | 181/1000 [01:00<05:55,  2.31it/s]
BootEA:  18%|█████████▍                                          | 182/1000 [01:00<05:12,  2.62it/s]
BootEA:  18%|█████████▌                                          | 183/1000 [01:00<04:42,  2.90it/s]
BootEA:  18%|█████████▌                                          | 184/1000 [01:00<04:20,  3.13it/s]05:17:45 | INFO    | epoch  185/1000 | loss=5580.0276 kge=5579.0500 align=0.0809 pseudo=0.1683 | bootstrap: 9000 pseudo-pairs (beta=1.0)

BootEA:  18%|█████████▌                                          | 185/1000 [01:01<05:01,  2.70it/s]
BootEA:  19%|█████████▋                                          | 186/1000 [01:01<04:35,  2.96it/s]
BootEA:  19%|█████████▋                                          | 187/1000 [01:01<04:15,  3.18it/s]
BootEA:  19%|█████████▊                                          | 188/1000 [01:02<04:02,  3.35it/s]
BootEA:  19%|█████████▊                                          | 189/1000 [01:02<03:52,  3.49it/s]05:17:46 | INFO    | epoch  190/1000 | loss=5572.6383 kge=5571.6505 align=0.0823 pseudo=0.1649 | eps-trunc refreshed | bootstrap: 9000 pseudo-pairs (beta=1.0)

BootEA:  19%|█████████▉                                          | 190/1000 [01:03<05:44,  2.35it/s]
BootEA:  19%|█████████▉                                          | 191/1000 [01:03<05:05,  2.65it/s]
BootEA:  19%|█████████▉                                          | 192/1000 [01:03<04:36,  2.92it/s]
BootEA:  19%|██████████                                          | 193/1000 [01:03<04:16,  3.15it/s]
BootEA:  19%|██████████                                          | 194/1000 [01:04<04:02,  3.33it/s]05:17:48 | INFO    | epoch  195/1000 | loss=5496.7532 kge=5495.7890 align=0.0804 pseudo=0.1608 | bootstrap: 9000 pseudo-pairs (beta=1.0)

BootEA:  20%|██████████▏                                         | 195/1000 [01:04<04:47,  2.80it/s]
BootEA:  20%|██████████▏                                         | 196/1000 [01:04<04:24,  3.04it/s]
BootEA:  20%|██████████▏                                         | 197/1000 [01:05<04:07,  3.25it/s]
BootEA:  20%|██████████▎                                         | 198/1000 [01:05<03:55,  3.40it/s]
BootEA:  20%|██████████▎                                         | 199/1000 [01:05<03:47,  3.52it/s]05:17:50 | INFO    | epoch  200/1000 | loss=5472.7038 kge=5471.7322 align=0.0811 pseudo=0.1609 | eps-trunc refreshed | bootstrap: 9000 pseudo-pairs (beta=1.0)
05:17:50 | INFO    |            [filtered] MRR=0.2921 Hit@1=0.0841 Hit@5=0.5144 Hit@10=0.6699 MR=1772.5 n=939
05:17:50 | INFO    |            [multiref] MRR=0.3075 Hit@1=0.0694 Hit@5=0.5701 Hit@10=0.7210 MR=864.3 n=749

BootEA:  20%|██████████▍                                         | 200/1000 [01:06<06:37,  2.01it/s]
BootEA:  20%|██████████▍                                         | 201/1000 [01:07<05:40,  2.34it/s]
BootEA:  20%|██████████▌                                         | 202/1000 [01:07<05:00,  2.65it/s]
BootEA:  20%|██████████▌                                         | 203/1000 [01:07<04:33,  2.92it/s]
BootEA:  20%|██████████▌                                         | 204/1000 [01:07<04:13,  3.14it/s]05:17:52 | INFO    | epoch  205/1000 | loss=5556.3356 kge=5555.3797 align=0.0799 pseudo=0.1566 | bootstrap: 9000 pseudo-pairs (beta=1.0)

BootEA:  20%|██████████▋                                         | 205/1000 [01:08<04:53,  2.71it/s]
BootEA:  21%|██████████▋                                         | 206/1000 [01:08<04:28,  2.96it/s]
BootEA:  21%|██████████▊                                         | 207/1000 [01:08<04:10,  3.17it/s]
BootEA:  21%|██████████▊                                         | 208/1000 [01:09<03:57,  3.34it/s]
BootEA:  21%|██████████▊                                         | 209/1000 [01:09<03:47,  3.47it/s]05:17:53 | INFO    | epoch  210/1000 | loss=5544.5754 kge=5543.6089 align=0.0811 pseudo=0.1550 | eps-trunc refreshed | bootstrap: 9000 pseudo-pairs (beta=1.0)

BootEA:  21%|██████████▉                                         | 210/1000 [01:10<05:38,  2.33it/s]
BootEA:  21%|██████████▉                                         | 211/1000 [01:10<04:59,  2.64it/s]
BootEA:  21%|███████████                                         | 212/1000 [01:10<04:31,  2.90it/s]
BootEA:  21%|███████████                                         | 213/1000 [01:10<04:11,  3.13it/s]
BootEA:  21%|███████████▏                                        | 214/1000 [01:11<03:57,  3.31it/s]05:17:55 | INFO    | epoch  215/1000 | loss=5475.4744 kge=5474.5250 align=0.0797 pseudo=0.1523 | bootstrap: 9000 pseudo-pairs (beta=1.0)

BootEA:  22%|███████████▏                                        | 215/1000 [01:11<04:41,  2.79it/s]
BootEA:  22%|███████████▏                                        | 216/1000 [01:11<04:18,  3.03it/s]
BootEA:  22%|███████████▎                                        | 217/1000 [01:12<04:02,  3.23it/s]
BootEA:  22%|███████████▎                                        | 218/1000 [01:12<03:51,  3.38it/s]
BootEA:  22%|███████████▍                                        | 219/1000 [01:12<03:42,  3.50it/s]05:17:57 | INFO    | epoch  220/1000 | loss=5448.5629 kge=5447.6118 align=0.0802 pseudo=0.1490 | eps-trunc refreshed | bootstrap: 9000 pseudo-pairs (beta=1.0)
05:17:57 | INFO    |            [filtered] MRR=0.2872 Hit@1=0.0820 Hit@5=0.5101 Hit@10=0.6571 MR=1798.5 n=939
05:17:57 | INFO    |            [multiref] MRR=0.3014 Hit@1=0.0668 Hit@5=0.5648 Hit@10=0.7103 MR=895.0 n=749

BootEA:  22%|███████████▍                                        | 220/1000 [01:13<06:25,  2.02it/s]
BootEA:  22%|███████████▍                                        | 221/1000 [01:13<05:31,  2.35it/s]
BootEA:  22%|███████████▌                                        | 222/1000 [01:14<04:52,  2.66it/s]
BootEA:  22%|███████████▌                                        | 223/1000 [01:14<04:25,  2.93it/s]
BootEA:  22%|███████████▋                                        | 224/1000 [01:14<04:06,  3.15it/s]05:17:59 | INFO    | epoch  225/1000 | loss=5538.7736 kge=5537.8332 align=0.0794 pseudo=0.1460 | bootstrap: 9000 pseudo-pairs (beta=1.0)

BootEA:  22%|███████████▋                                        | 225/1000 [01:15<04:46,  2.71it/s]
BootEA:  23%|███████████▊                                        | 226/1000 [01:15<04:21,  2.96it/s]
BootEA:  23%|███████████▊                                        | 227/1000 [01:15<04:03,  3.18it/s]
BootEA:  23%|███████████▊                                        | 228/1000 [01:15<03:50,  3.35it/s]
BootEA:  23%|███████████▉                                        | 229/1000 [01:16<03:41,  3.49it/s]05:18:00 | INFO    | epoch  230/1000 | loss=5517.4705 kge=5516.5209 align=0.0807 pseudo=0.1430 | eps-trunc refreshed | bootstrap: 9000 pseudo-pairs (beta=1.0)

BootEA:  23%|███████████▉                                        | 230/1000 [01:16<05:27,  2.35it/s]
BootEA:  23%|████████████                                        | 231/1000 [01:17<04:49,  2.65it/s]
BootEA:  23%|████████████                                        | 232/1000 [01:17<04:22,  2.92it/s]
BootEA:  23%|████████████                                        | 233/1000 [01:17<04:03,  3.15it/s]
BootEA:  23%|████████████▏                                       | 234/1000 [01:18<03:50,  3.33it/s]05:18:02 | INFO    | epoch  235/1000 | loss=5456.1096 kge=5455.1815 align=0.0788 pseudo=0.1405 | bootstrap: 9000 pseudo-pairs (beta=1.0)

BootEA:  24%|████████████▏                                       | 235/1000 [01:18<04:33,  2.80it/s]
BootEA:  24%|████████████▎                                       | 236/1000 [01:18<04:11,  3.04it/s]
BootEA:  24%|████████████▎                                       | 237/1000 [01:19<03:55,  3.24it/s]
BootEA:  24%|████████████▍                                       | 238/1000 [01:19<03:44,  3.40it/s]
BootEA:  24%|████████████▍                                       | 239/1000 [01:19<03:36,  3.52it/s]05:18:04 | INFO    | epoch  240/1000 | loss=5429.2888 kge=5428.3563 align=0.0794 pseudo=0.1383 | eps-trunc refreshed | bootstrap: 9000 pseudo-pairs (beta=1.0)
05:18:04 | INFO    |            [filtered] MRR=0.2863 Hit@1=0.0831 Hit@5=0.5027 Hit@10=0.6613 MR=1785.5 n=939
05:18:04 | INFO    |            [multiref] MRR=0.2996 Hit@1=0.0654 Hit@5=0.5567 Hit@10=0.7103 MR=878.5 n=749

BootEA:  24%|████████████▍                                       | 240/1000 [01:20<06:14,  2.03it/s]
BootEA:  24%|████████████▌                                       | 241/1000 [01:20<05:21,  2.36it/s]
BootEA:  24%|████████████▌                                       | 242/1000 [01:21<04:44,  2.67it/s]
BootEA:  24%|████████████▋                                       | 243/1000 [01:21<04:17,  2.94it/s]
BootEA:  24%|████████████▋                                       | 244/1000 [01:21<03:59,  3.16it/s]05:18:05 | INFO    | epoch  245/1000 | loss=5527.0157 kge=5526.0991 align=0.0782 pseudo=0.1342 | bootstrap: 9000 pseudo-pairs (beta=1.0)

BootEA:  24%|████████████▋                                       | 245/1000 [01:22<04:37,  2.72it/s]
BootEA:  25%|████████████▊                                       | 246/1000 [01:22<04:13,  2.97it/s]
BootEA:  25%|████████████▊                                       | 247/1000 [01:22<03:56,  3.19it/s]
BootEA:  25%|████████████▉                                       | 248/1000 [01:22<03:43,  3.36it/s]
BootEA:  25%|████████████▉                                       | 249/1000 [01:23<03:35,  3.49it/s]05:18:07 | INFO    | epoch  250/1000 | loss=5506.9933 kge=5506.0618 align=0.0797 pseudo=0.1340 | eps-trunc refreshed | bootstrap: 9000 pseudo-pairs (beta=1.0)

BootEA:  25%|█████████████                                       | 250/1000 [01:23<05:19,  2.35it/s]
BootEA:  25%|█████████████                                       | 251/1000 [01:24<04:42,  2.65it/s]
BootEA:  25%|█████████████                                       | 252/1000 [01:24<04:16,  2.92it/s]
BootEA:  25%|█████████████▏                                      | 253/1000 [01:24<03:57,  3.15it/s]
BootEA:  25%|█████████████▏                                      | 254/1000 [01:24<03:44,  3.33it/s]05:18:09 | INFO    | epoch  255/1000 | loss=5448.9872 kge=5448.0740 align=0.0782 pseudo=0.1316 | bootstrap: 9000 pseudo-pairs (beta=1.0)

BootEA:  26%|█████████████▎                                      | 255/1000 [01:25<04:25,  2.80it/s]
BootEA:  26%|█████████████▎                                      | 256/1000 [01:25<04:04,  3.04it/s]
BootEA:  26%|█████████████▎                                      | 257/1000 [01:25<03:49,  3.24it/s]
BootEA:  26%|█████████████▍                                      | 258/1000 [01:26<04:01,  3.07it/s]
BootEA:  26%|█████████████▍                                      | 259/1000 [01:26<03:46,  3.27it/s]05:18:11 | INFO    | epoch  260/1000 | loss=5428.4995 kge=5427.5811 align=0.0788 pseudo=0.1309 | eps-trunc refreshed | bootstrap: 9000 pseudo-pairs (beta=1.0)
05:18:11 | INFO    |            [filtered] MRR=0.2874 Hit@1=0.0841 Hit@5=0.5048 Hit@10=0.6592 MR=1800.6 n=939
05:18:11 | INFO    |            [multiref] MRR=0.2991 Hit@1=0.0654 Hit@5=0.5554 Hit@10=0.7049 MR=892.8 n=749

BootEA:  26%|█████████████▌                                      | 260/1000 [01:27<06:13,  1.98it/s]
BootEA:  26%|█████████████▌                                      | 261/1000 [01:27<05:19,  2.31it/s]
BootEA:  26%|█████████████▌                                      | 262/1000 [01:28<04:40,  2.63it/s]
BootEA:  26%|█████████████▋                                      | 263/1000 [01:28<04:13,  2.90it/s]
BootEA:  26%|█████████████▋                                      | 264/1000 [01:28<03:55,  3.13it/s]05:18:12 | INFO    | epoch  265/1000 | loss=5516.0537 kge=5515.1453 align=0.0780 pseudo=0.1288 | bootstrap: 9000 pseudo-pairs (beta=1.0)

BootEA:  26%|█████████████▊                                      | 265/1000 [01:29<04:31,  2.71it/s]
BootEA:  27%|█████████████▊                                      | 266/1000 [01:29<04:07,  2.96it/s]
BootEA:  27%|█████████████▉                                      | 267/1000 [01:29<03:50,  3.18it/s]
BootEA:  27%|█████████████▉                                      | 268/1000 [01:29<03:38,  3.35it/s]
BootEA:  27%|█████████████▉                                      | 269/1000 [01:30<03:29,  3.48it/s]05:18:14 | INFO    | epoch  270/1000 | loss=5500.3638 kge=5499.4459 align=0.0792 pseudo=0.1259 | eps-trunc refreshed | bootstrap: 9000 pseudo-pairs (beta=1.0)

BootEA:  27%|██████████████                                      | 270/1000 [01:30<05:11,  2.34it/s]
BootEA:  27%|██████████████                                      | 271/1000 [01:31<04:35,  2.65it/s]
BootEA:  27%|██████████████▏                                     | 272/1000 [01:31<04:09,  2.91it/s]
BootEA:  27%|██████████████▏                                     | 273/1000 [01:31<03:51,  3.14it/s]
BootEA:  27%|██████████████▏                                     | 274/1000 [01:31<03:39,  3.31it/s]05:18:16 | INFO    | epoch  275/1000 | loss=5432.9134 kge=5432.0143 align=0.0776 pseudo=0.1230 | bootstrap: 9000 pseudo-pairs (beta=1.0)

BootEA:  28%|██████████████▎                                     | 275/1000 [01:32<04:20,  2.79it/s]
BootEA:  28%|██████████████▎                                     | 276/1000 [01:32<03:59,  3.02it/s]
BootEA:  28%|██████████████▍                                     | 277/1000 [01:32<03:44,  3.22it/s]
BootEA:  28%|██████████████▍                                     | 278/1000 [01:33<03:33,  3.38it/s]
BootEA:  28%|██████████████▌                                     | 279/1000 [01:33<03:26,  3.50it/s]05:18:18 | INFO    | epoch  280/1000 | loss=5412.9863 kge=5412.0812 align=0.0783 pseudo=0.1225 | eps-trunc refreshed | bootstrap: 9000 pseudo-pairs (beta=1.0)
05:18:18 | INFO    |            [filtered] MRR=0.2852 Hit@1=0.0831 Hit@5=0.5037 Hit@10=0.6560 MR=1840.3 n=939
05:18:18 | INFO    |            [multiref] MRR=0.2980 Hit@1=0.0654 Hit@5=0.5581 Hit@10=0.6996 MR=900.7 n=749

BootEA:  28%|██████████████▌                                     | 280/1000 [01:34<05:56,  2.02it/s]
BootEA:  28%|██████████████▌                                     | 281/1000 [01:34<05:06,  2.35it/s]
BootEA:  28%|██████████████▋                                     | 282/1000 [01:34<04:30,  2.66it/s]
BootEA:  28%|██████████████▋                                     | 283/1000 [01:35<04:05,  2.92it/s]
BootEA:  28%|██████████████▊                                     | 284/1000 [01:35<03:48,  3.14it/s]05:18:19 | INFO    | epoch  285/1000 | loss=5500.7968 kge=5499.9053 align=0.0773 pseudo=0.1187 | bootstrap: 9000 pseudo-pairs (beta=1.0)

BootEA:  28%|██████████████▊                                     | 285/1000 [01:35<04:24,  2.70it/s]
BootEA:  29%|██████████████▊                                     | 286/1000 [01:36<04:01,  2.95it/s]
BootEA:  29%|██████████████▉                                     | 287/1000 [01:36<03:45,  3.17it/s]
BootEA:  29%|██████████████▉                                     | 288/1000 [01:36<03:33,  3.34it/s]
BootEA:  29%|███████████████                                     | 289/1000 [01:37<03:25,  3.47it/s]05:18:21 | INFO    | epoch  290/1000 | loss=5486.4836 kge=5485.5808 align=0.0786 pseudo=0.1171 | eps-trunc refreshed | bootstrap: 9000 pseudo-pairs (beta=1.0)

BootEA:  29%|███████████████                                     | 290/1000 [01:37<05:04,  2.33it/s]
BootEA:  29%|███████████████▏                                    | 291/1000 [01:38<04:29,  2.63it/s]
BootEA:  29%|███████████████▏                                    | 292/1000 [01:38<04:03,  2.90it/s]
BootEA:  29%|███████████████▏                                    | 293/1000 [01:38<03:46,  3.13it/s]
BootEA:  29%|███████████████▎                                    | 294/1000 [01:38<03:33,  3.30it/s]05:18:23 | INFO    | epoch  295/1000 | loss=5421.6881 kge=5420.8010 align=0.0770 pseudo=0.1174 | bootstrap: 9000 pseudo-pairs (beta=1.0)

BootEA:  30%|███████████████▎                                    | 295/1000 [01:39<04:12,  2.79it/s]
BootEA:  30%|███████████████▍                                    | 296/1000 [01:39<03:52,  3.03it/s]
BootEA:  30%|███████████████▍                                    | 297/1000 [01:39<03:37,  3.23it/s]
BootEA:  30%|███████████████▍                                    | 298/1000 [01:40<03:27,  3.38it/s]
BootEA:  30%|███████████████▌                                    | 299/1000 [01:40<03:20,  3.50it/s]05:18:24 | INFO    | epoch  300/1000 | loss=5398.6875 kge=5397.7978 align=0.0775 pseudo=0.1146 | eps-trunc refreshed | bootstrap: 9000 pseudo-pairs (beta=1.0)
05:18:25 | INFO    |            [filtered] MRR=0.2865 Hit@1=0.0873 Hit@5=0.5037 Hit@10=0.6475 MR=1849.2 n=939
05:18:25 | INFO    |            [multiref] MRR=0.2956 Hit@1=0.0654 Hit@5=0.5541 Hit@10=0.6929 MR=901.9 n=749
05:18:25 | INFO    |            early stop (best=0.3458 @ 60).

BootEA:  30%|███████████████▌                                    | 299/1000 [01:41<03:57,  2.95it/s]
05:18:25 | INFO    | Done in 1.7 min. Best multiref MRR=0.3458 @ epoch 60.
05:18:25 | INFO    | Final evaluation on the test split, read once
05:18:26 | INFO    |   [cosine] filtMRR=0.3774 H@1=0.1289 H@10=0.8269 n=3732 | mrefMRR=0.3959 H@1=0.1170
05:18:26 | INFO    |   [  csls] filtMRR=0.3963 H@1=0.1072 H@10=0.8609 n=3732 | mrefMRR=0.4342 H@1=0.1050
05:18:29 | INFO    |   [cosine] F1=0.7969 P=0.8238 R=0.7717 (threshold 0.846 from validation, validation F1=0.7566)
05:18:29 | INFO    | Wrote experiments/bootea_broadMatch-pgx_20260929-051641/result.json
05:18:29 | INFO    | Finished. Best validation MRR=0.3458 @ epoch 60.
