05:18:05 | INFO    | Model: jape | seed 2026 | device: cuda:0
05:18:06 | INFO    | Regime broadMatch/pgx | graph: 84,182 nodes, 131,238 triples, 50,435 UCPGx candidates
05:18:06 | INFO    |   broadMatch/pgx   train=  3,744 test=  8,599 (70%) queries= 6,866 by cluster    leakage=0.00%
05:18:06 | INFO    |   closeMatch       train=  2,738 test=  6,296 (70%) queries= 1,490 by cluster    leakage=0.00%
05:18:06 | INFO    |   sameAs           train= 19,942 test= 46,531 (70%) queries=10,883 by cluster    leakage=0.00%
05:18:06 | INFO    |   broadMatch/onco  train= 25,039 test= 47,737 (66%) queries= 2,032 intra-cluster leakage=0.00%
05:18:06 | INFO    |   relatedMatch     train=  2,801 test=  6,289 (69%) queries=   812 intra-cluster leakage=0.00%
05:18:06 | INFO    |   related          train=471,647 test=762,046 (62%) queries=16,977 intra-cluster leakage=0.00%
05:18:06 | INFO    | Data: {'num_entities': 84182, 'num_relations': 13, 'triples': 131238, 'train_pairs': 2805, 'val_pairs': 939, 'candidates': 50435, 'unlabeled_pool': 47014}
05:18:08 | INFO    | Params: 33.68M
05:18:08 | INFO    | Run directory: experiments/jape_broadMatch-pgx_20260929-051805
05:18:08 | INFO    | JAPE | device=cuda:0 | {'num_entities': 84182, 'num_relations': 13, 'triples': 131238, 'train_pairs': 2805, 'val_pairs': 939, 'candidates': 50435, 'unlabeled_pool': 47014} merge=link loss=margin canonical=84182

JAPE:   0%|                                                                 | 0/400 [00:00<?, ?it/s]
JAPE:   0%|▏                                                        | 1/400 [00:00<02:10,  3.07it/s]
JAPE:   0%|▎                                                        | 2/400 [00:00<01:26,  4.62it/s]
JAPE:   1%|▍                                                        | 3/400 [00:00<01:12,  5.51it/s]
JAPE:   1%|▌                                                        | 4/400 [00:00<01:05,  6.05it/s]
JAPE:   1%|▋                                                        | 5/400 [00:00<01:01,  6.40it/s]
JAPE:   2%|▊                                                        | 6/400 [00:01<00:59,  6.62it/s]
JAPE:   2%|▉                                                        | 7/400 [00:01<00:58,  6.77it/s]
JAPE:   2%|█▏                                                       | 8/400 [00:01<00:57,  6.87it/s]
JAPE:   2%|█▎                                                       | 9/400 [00:01<00:56,  6.95it/s]05:18:09 | INFO    | epoch   10/400 | loss=0.0044
05:18:09 | INFO    |            [filtered] MRR=0.2687 Hit@1=0.0980 Hit@5=0.4803 Hit@10=0.6230 MR=1628.5 n=939
05:18:09 | INFO    |            [multiref] MRR=0.2916 Hit@1=0.0895 Hit@5=0.5487 Hit@10=0.7009 MR=611.5 n=749
05:18:10 | INFO    |            -> new best multiref MRR=0.2916 (saved model_best.pt)

JAPE:   2%|█▍                                                      | 10/400 [00:02<02:00,  3.24it/s]
JAPE:   3%|█▌                                                      | 11/400 [00:02<01:40,  3.88it/s]
JAPE:   3%|█▋                                                      | 12/400 [00:02<01:26,  4.50it/s]
JAPE:   3%|█▊                                                      | 13/400 [00:02<01:16,  5.07it/s]
JAPE:   4%|█▉                                                      | 14/400 [00:02<01:09,  5.55it/s]
JAPE:   4%|██                                                      | 15/400 [00:02<01:04,  5.94it/s]
JAPE:   4%|██▏                                                     | 16/400 [00:02<01:01,  6.25it/s]
JAPE:   4%|██▍                                                     | 17/400 [00:03<00:59,  6.49it/s]
JAPE:   4%|██▌                                                     | 18/400 [00:03<00:57,  6.66it/s]
JAPE:   5%|██▋                                                     | 19/400 [00:03<00:56,  6.79it/s]05:18:11 | INFO    | epoch   20/400 | loss=0.0020
05:18:11 | INFO    |            [filtered] MRR=0.2556 Hit@1=0.0809 Hit@5=0.4675 Hit@10=0.6230 MR=1489.7 n=939
05:18:11 | INFO    |            [multiref] MRR=0.2745 Hit@1=0.0694 Hit@5=0.5274 Hit@10=0.6956 MR=611.7 n=749

JAPE:   5%|██▊                                                     | 20/400 [00:03<01:21,  4.65it/s]
JAPE:   5%|██▉                                                     | 21/400 [00:03<01:13,  5.18it/s]
JAPE:   6%|███                                                     | 22/400 [00:04<01:06,  5.64it/s]
JAPE:   6%|███▏                                                    | 23/400 [00:04<01:02,  6.02it/s]
JAPE:   6%|███▎                                                    | 24/400 [00:04<00:59,  6.31it/s]
JAPE:   6%|███▌                                                    | 25/400 [00:04<00:57,  6.53it/s]
JAPE:   6%|███▋                                                    | 26/400 [00:04<00:55,  6.69it/s]
JAPE:   7%|███▊                                                    | 27/400 [00:04<00:54,  6.81it/s]
JAPE:   7%|███▉                                                    | 28/400 [00:04<00:53,  6.90it/s]
JAPE:   7%|████                                                    | 29/400 [00:05<00:53,  6.96it/s]05:18:13 | INFO    | epoch   30/400 | loss=0.0015
05:18:13 | INFO    |            [filtered] MRR=0.2515 Hit@1=0.0767 Hit@5=0.4515 Hit@10=0.6155 MR=1717.8 n=939
05:18:13 | INFO    |            [multiref] MRR=0.2702 Hit@1=0.0668 Hit@5=0.5113 Hit@10=0.6903 MR=771.4 n=749

JAPE:   8%|████▏                                                   | 30/400 [00:05<01:18,  4.70it/s]
JAPE:   8%|████▎                                                   | 31/400 [00:05<01:10,  5.23it/s]
JAPE:   8%|████▍                                                   | 32/400 [00:05<01:04,  5.68it/s]
JAPE:   8%|████▌                                                   | 33/400 [00:05<01:00,  6.04it/s]
JAPE:   8%|████▊                                                   | 34/400 [00:05<00:57,  6.33it/s]
JAPE:   9%|████▉                                                   | 35/400 [00:06<00:56,  6.48it/s]
JAPE:   9%|█████                                                   | 36/400 [00:06<00:54,  6.66it/s]
JAPE:   9%|█████▏                                                  | 37/400 [00:06<00:53,  6.79it/s]
JAPE:  10%|█████▎                                                  | 38/400 [00:06<00:52,  6.88it/s]
JAPE:  10%|█████▍                                                  | 39/400 [00:06<00:51,  6.95it/s]05:18:14 | INFO    | epoch   40/400 | loss=0.0013
05:18:14 | INFO    |            [filtered] MRR=0.2477 Hit@1=0.0756 Hit@5=0.4505 Hit@10=0.6081 MR=1865.3 n=939
05:18:14 | INFO    |            [multiref] MRR=0.2623 Hit@1=0.0614 Hit@5=0.5073 Hit@10=0.6796 MR=878.8 n=749

JAPE:  10%|█████▌                                                  | 40/400 [00:07<01:15,  4.76it/s]
JAPE:  10%|█████▋                                                  | 41/400 [00:07<01:08,  5.28it/s]
JAPE:  10%|█████▉                                                  | 42/400 [00:07<01:02,  5.72it/s]
JAPE:  11%|██████                                                  | 43/400 [00:07<00:58,  6.08it/s]
JAPE:  11%|██████▏                                                 | 44/400 [00:07<00:56,  6.35it/s]
JAPE:  11%|██████▎                                                 | 45/400 [00:07<00:54,  6.56it/s]
JAPE:  12%|██████▍                                                 | 46/400 [00:07<00:52,  6.72it/s]
JAPE:  12%|██████▌                                                 | 47/400 [00:08<00:51,  6.83it/s]
JAPE:  12%|██████▋                                                 | 48/400 [00:08<00:50,  6.91it/s]
JAPE:  12%|██████▊                                                 | 49/400 [00:08<00:50,  6.97it/s]05:18:16 | INFO    | epoch   50/400 | loss=0.0013
05:18:16 | INFO    |            [filtered] MRR=0.2442 Hit@1=0.0756 Hit@5=0.4388 Hit@10=0.6092 MR=1885.2 n=939
05:18:16 | INFO    |            [multiref] MRR=0.2593 Hit@1=0.0628 Hit@5=0.4967 Hit@10=0.6742 MR=915.9 n=749

JAPE:  12%|███████                                                 | 50/400 [00:08<01:13,  4.74it/s]
JAPE:  13%|███████▏                                                | 51/400 [00:08<01:06,  5.26it/s]
JAPE:  13%|███████▎                                                | 52/400 [00:08<01:00,  5.71it/s]
JAPE:  13%|███████▍                                                | 53/400 [00:09<00:57,  6.07it/s]
JAPE:  14%|███████▌                                                | 54/400 [00:09<00:54,  6.35it/s]
JAPE:  14%|███████▋                                                | 55/400 [00:09<00:52,  6.56it/s]
JAPE:  14%|███████▊                                                | 56/400 [00:09<00:51,  6.71it/s]
JAPE:  14%|███████▉                                                | 57/400 [00:09<00:50,  6.83it/s]
JAPE:  14%|████████                                                | 58/400 [00:09<00:49,  6.91it/s]
JAPE:  15%|████████▎                                               | 59/400 [00:09<00:48,  6.97it/s]05:18:18 | INFO    | epoch   60/400 | loss=0.0012
05:18:18 | INFO    |            [filtered] MRR=0.2450 Hit@1=0.0799 Hit@5=0.4324 Hit@10=0.6166 MR=1917.4 n=939
05:18:18 | INFO    |            [multiref] MRR=0.2570 Hit@1=0.0654 Hit@5=0.4833 Hit@10=0.6849 MR=929.5 n=749

JAPE:  15%|████████▍                                               | 60/400 [00:10<01:11,  4.75it/s]
JAPE:  15%|████████▌                                               | 61/400 [00:10<01:04,  5.27it/s]
JAPE:  16%|████████▋                                               | 62/400 [00:10<00:59,  5.71it/s]
JAPE:  16%|████████▊                                               | 63/400 [00:10<00:55,  6.07it/s]
JAPE:  16%|████████▉                                               | 64/400 [00:10<00:52,  6.35it/s]
JAPE:  16%|█████████                                               | 65/400 [00:11<00:51,  6.56it/s]
JAPE:  16%|█████████▏                                              | 66/400 [00:11<00:49,  6.71it/s]
JAPE:  17%|█████████▍                                              | 67/400 [00:11<00:48,  6.82it/s]
JAPE:  17%|█████████▌                                              | 68/400 [00:11<00:48,  6.91it/s]
JAPE:  17%|█████████▋                                              | 69/400 [00:11<00:47,  6.96it/s]05:18:19 | INFO    | epoch   70/400 | loss=0.0012
05:18:19 | INFO    |            [filtered] MRR=0.2418 Hit@1=0.0809 Hit@5=0.4271 Hit@10=0.5825 MR=1714.3 n=939
05:18:19 | INFO    |            [multiref] MRR=0.2509 Hit@1=0.0601 Hit@5=0.4820 Hit@10=0.6502 MR=742.4 n=749

JAPE:  18%|█████████▊                                              | 70/400 [00:11<01:09,  4.77it/s]
JAPE:  18%|█████████▉                                              | 71/400 [00:12<01:02,  5.29it/s]
JAPE:  18%|██████████                                              | 72/400 [00:12<00:57,  5.73it/s]
JAPE:  18%|██████████▏                                             | 73/400 [00:12<00:53,  6.08it/s]
JAPE:  18%|██████████▎                                             | 74/400 [00:12<00:51,  6.36it/s]
JAPE:  19%|██████████▌                                             | 75/400 [00:12<00:49,  6.56it/s]
JAPE:  19%|██████████▋                                             | 76/400 [00:12<00:48,  6.72it/s]
JAPE:  19%|██████████▊                                             | 77/400 [00:12<00:47,  6.83it/s]
JAPE:  20%|██████████▉                                             | 78/400 [00:13<00:46,  6.91it/s]
JAPE:  20%|███████████                                             | 79/400 [00:13<00:46,  6.97it/s]05:18:21 | INFO    | epoch   80/400 | loss=0.0012
05:18:21 | INFO    |            [filtered] MRR=0.2462 Hit@1=0.0831 Hit@5=0.4302 Hit@10=0.5964 MR=1992.8 n=939
05:18:21 | INFO    |            [multiref] MRR=0.2580 Hit@1=0.0654 Hit@5=0.4860 Hit@10=0.6689 MR=1014.0 n=749

JAPE:  20%|███████████▏                                            | 80/400 [00:13<01:07,  4.72it/s]
JAPE:  20%|███████████▎                                            | 81/400 [00:13<01:00,  5.25it/s]
JAPE:  20%|███████████▍                                            | 82/400 [00:13<00:55,  5.69it/s]
JAPE:  21%|███████████▌                                            | 83/400 [00:14<00:52,  6.05it/s]
JAPE:  21%|███████████▊                                            | 84/400 [00:14<00:49,  6.34it/s]
JAPE:  21%|███████████▉                                            | 85/400 [00:14<00:48,  6.55it/s]
JAPE:  22%|████████████                                            | 86/400 [00:14<00:46,  6.70it/s]
JAPE:  22%|████████████▏                                           | 87/400 [00:14<00:45,  6.82it/s]
JAPE:  22%|████████████▎                                           | 88/400 [00:14<00:45,  6.90it/s]
JAPE:  22%|████████████▍                                           | 89/400 [00:14<00:44,  6.96it/s]05:18:23 | INFO    | epoch   90/400 | loss=0.0011
05:18:23 | INFO    |            [filtered] MRR=0.2411 Hit@1=0.0831 Hit@5=0.4217 Hit@10=0.5793 MR=2001.9 n=939
05:18:23 | INFO    |            [multiref] MRR=0.2508 Hit@1=0.0668 Hit@5=0.4700 Hit@10=0.6422 MR=1003.3 n=749

JAPE:  22%|████████████▌                                           | 90/400 [00:15<01:05,  4.73it/s]
JAPE:  23%|████████████▋                                           | 91/400 [00:15<00:58,  5.26it/s]
JAPE:  23%|████████████▉                                           | 92/400 [00:15<00:54,  5.70it/s]
JAPE:  23%|█████████████                                           | 93/400 [00:15<00:50,  6.06it/s]
JAPE:  24%|█████████████▏                                          | 94/400 [00:15<00:48,  6.34it/s]
JAPE:  24%|█████████████▎                                          | 95/400 [00:15<00:46,  6.55it/s]
JAPE:  24%|█████████████▍                                          | 96/400 [00:16<00:45,  6.70it/s]
JAPE:  24%|█████████████▌                                          | 97/400 [00:16<00:44,  6.82it/s]
JAPE:  24%|█████████████▋                                          | 98/400 [00:16<00:43,  6.90it/s]
JAPE:  25%|█████████████▊                                          | 99/400 [00:16<00:43,  6.96it/s]05:18:24 | INFO    | epoch  100/400 | loss=0.0012
05:18:24 | INFO    |            [filtered] MRR=0.2433 Hit@1=0.0820 Hit@5=0.4345 Hit@10=0.5932 MR=1823.6 n=939
05:18:24 | INFO    |            [multiref] MRR=0.2524 Hit@1=0.0641 Hit@5=0.4820 Hit@10=0.6515 MR=900.3 n=749

JAPE:  25%|█████████████▊                                         | 100/400 [00:16<01:02,  4.77it/s]
JAPE:  25%|█████████████▉                                         | 101/400 [00:16<00:56,  5.29it/s]
JAPE:  26%|██████████████                                         | 102/400 [00:17<00:52,  5.73it/s]
JAPE:  26%|██████████████▏                                        | 103/400 [00:17<00:48,  6.08it/s]
JAPE:  26%|██████████████▎                                        | 104/400 [00:17<00:49,  5.98it/s]
JAPE:  26%|██████████████▍                                        | 105/400 [00:17<00:46,  6.28it/s]
JAPE:  26%|██████████████▌                                        | 106/400 [00:17<00:45,  6.51it/s]
JAPE:  27%|██████████████▋                                        | 107/400 [00:17<00:43,  6.68it/s]
JAPE:  27%|██████████████▊                                        | 108/400 [00:18<00:42,  6.80it/s]
JAPE:  27%|██████████████▉                                        | 109/400 [00:18<00:42,  6.89it/s]05:18:26 | INFO    | epoch  110/400 | loss=0.0012
05:18:26 | INFO    |            [filtered] MRR=0.2253 Hit@1=0.0714 Hit@5=0.4089 Hit@10=0.5580 MR=1923.4 n=939
05:18:26 | INFO    |            [multiref] MRR=0.2342 Hit@1=0.0574 Hit@5=0.4499 Hit@10=0.6128 MR=929.7 n=749

JAPE:  28%|███████████████▏                                       | 110/400 [00:18<01:00,  4.76it/s]
JAPE:  28%|███████████████▎                                       | 111/400 [00:18<00:54,  5.28it/s]
JAPE:  28%|███████████████▍                                       | 112/400 [00:18<00:50,  5.72it/s]
JAPE:  28%|███████████████▌                                       | 113/400 [00:18<00:47,  6.07it/s]
JAPE:  28%|███████████████▋                                       | 114/400 [00:19<00:45,  6.35it/s]
JAPE:  29%|███████████████▊                                       | 115/400 [00:19<00:43,  6.56it/s]
JAPE:  29%|███████████████▉                                       | 116/400 [00:19<00:42,  6.71it/s]
JAPE:  29%|████████████████                                       | 117/400 [00:19<00:41,  6.82it/s]
JAPE:  30%|████████████████▏                                      | 118/400 [00:19<00:40,  6.91it/s]
JAPE:  30%|████████████████▎                                      | 119/400 [00:19<00:40,  6.96it/s]05:18:27 | INFO    | epoch  120/400 | loss=0.0012
05:18:28 | INFO    |            [filtered] MRR=0.2332 Hit@1=0.0777 Hit@5=0.4164 Hit@10=0.5548 MR=1851.3 n=939
05:18:28 | INFO    |            [multiref] MRR=0.2394 Hit@1=0.0587 Hit@5=0.4593 Hit@10=0.6115 MR=910.1 n=749

JAPE:  30%|████████████████▌                                      | 120/400 [00:20<00:59,  4.73it/s]
JAPE:  30%|████████████████▋                                      | 121/400 [00:20<00:53,  5.25it/s]
JAPE:  30%|████████████████▊                                      | 122/400 [00:20<00:48,  5.69it/s]
JAPE:  31%|████████████████▉                                      | 123/400 [00:20<00:45,  6.05it/s]
JAPE:  31%|█████████████████                                      | 124/400 [00:20<00:43,  6.33it/s]
JAPE:  31%|█████████████████▏                                     | 125/400 [00:20<00:42,  6.55it/s]
JAPE:  32%|█████████████████▎                                     | 126/400 [00:20<00:40,  6.70it/s]
JAPE:  32%|█████████████████▍                                     | 127/400 [00:21<00:40,  6.82it/s]
JAPE:  32%|█████████████████▌                                     | 128/400 [00:21<00:39,  6.90it/s]
JAPE:  32%|█████████████████▋                                     | 129/400 [00:21<00:38,  6.96it/s]05:18:29 | INFO    | epoch  130/400 | loss=0.0012
05:18:29 | INFO    |            [filtered] MRR=0.2330 Hit@1=0.0788 Hit@5=0.3994 Hit@10=0.5570 MR=1873.3 n=939
05:18:29 | INFO    |            [multiref] MRR=0.2426 Hit@1=0.0628 Hit@5=0.4459 Hit@10=0.6155 MR=953.5 n=749

JAPE:  32%|█████████████████▉                                     | 130/400 [00:21<00:56,  4.77it/s]
JAPE:  33%|██████████████████                                     | 131/400 [00:21<00:50,  5.29it/s]
JAPE:  33%|██████████████████▏                                    | 132/400 [00:22<00:46,  5.73it/s]
JAPE:  33%|██████████████████▎                                    | 133/400 [00:22<00:43,  6.08it/s]
JAPE:  34%|██████████████████▍                                    | 134/400 [00:22<00:41,  6.36it/s]
JAPE:  34%|██████████████████▌                                    | 135/400 [00:22<00:40,  6.56it/s]
JAPE:  34%|██████████████████▋                                    | 136/400 [00:22<00:39,  6.71it/s]
JAPE:  34%|██████████████████▊                                    | 137/400 [00:22<00:38,  6.82it/s]
JAPE:  34%|██████████████████▉                                    | 138/400 [00:22<00:37,  6.90it/s]
JAPE:  35%|███████████████████                                    | 139/400 [00:23<00:37,  6.96it/s]05:18:31 | INFO    | epoch  140/400 | loss=0.0012
05:18:31 | INFO    |            [filtered] MRR=0.2251 Hit@1=0.0767 Hit@5=0.3866 Hit@10=0.5399 MR=1963.4 n=939
05:18:31 | INFO    |            [multiref] MRR=0.2312 Hit@1=0.0614 Hit@5=0.4206 Hit@10=0.5901 MR=982.3 n=749

JAPE:  35%|███████████████████▎                                   | 140/400 [00:23<00:54,  4.75it/s]
JAPE:  35%|███████████████████▍                                   | 141/400 [00:23<00:49,  5.27it/s]
JAPE:  36%|███████████████████▌                                   | 142/400 [00:23<00:45,  5.72it/s]
JAPE:  36%|███████████████████▋                                   | 143/400 [00:23<00:42,  6.08it/s]
JAPE:  36%|███████████████████▊                                   | 144/400 [00:23<00:40,  6.36it/s]
JAPE:  36%|███████████████████▉                                   | 145/400 [00:24<00:38,  6.58it/s]
JAPE:  36%|████████████████████                                   | 146/400 [00:24<00:37,  6.73it/s]
JAPE:  37%|████████████████████▏                                  | 147/400 [00:24<00:36,  6.85it/s]
JAPE:  37%|████████████████████▎                                  | 148/400 [00:24<00:36,  6.93it/s]
JAPE:  37%|████████████████████▍                                  | 149/400 [00:24<00:35,  6.99it/s]05:18:32 | INFO    | epoch  150/400 | loss=0.0012
05:18:32 | INFO    |            [filtered] MRR=0.2305 Hit@1=0.0799 Hit@5=0.3919 Hit@10=0.5389 MR=1954.8 n=939
05:18:32 | INFO    |            [multiref] MRR=0.2397 Hit@1=0.0654 Hit@5=0.4339 Hit@10=0.6008 MR=951.4 n=749

JAPE:  38%|████████████████████▋                                  | 150/400 [00:25<00:53,  4.72it/s]
JAPE:  38%|████████████████████▊                                  | 151/400 [00:25<00:47,  5.24it/s]
JAPE:  38%|████████████████████▉                                  | 152/400 [00:25<00:43,  5.70it/s]
JAPE:  38%|█████████████████████                                  | 153/400 [00:25<00:40,  6.06it/s]
JAPE:  38%|█████████████████████▏                                 | 154/400 [00:25<00:38,  6.35it/s]
JAPE:  39%|█████████████████████▎                                 | 155/400 [00:25<00:37,  6.56it/s]
JAPE:  39%|█████████████████████▍                                 | 156/400 [00:25<00:36,  6.73it/s]
JAPE:  39%|█████████████████████▌                                 | 157/400 [00:26<00:35,  6.84it/s]
JAPE:  40%|█████████████████████▋                                 | 158/400 [00:26<00:34,  6.93it/s]
JAPE:  40%|█████████████████████▊                                 | 159/400 [00:26<00:34,  6.98it/s]05:18:34 | INFO    | epoch  160/400 | loss=0.0011
05:18:34 | INFO    |            [filtered] MRR=0.2253 Hit@1=0.0852 Hit@5=0.3781 Hit@10=0.5154 MR=1895.9 n=939
05:18:34 | INFO    |            [multiref] MRR=0.2305 Hit@1=0.0668 Hit@5=0.4192 Hit@10=0.5674 MR=926.7 n=749
05:18:34 | INFO    |            early stop (best=0.2916 @ 10).

JAPE:  40%|█████████████████████▊                                 | 159/400 [00:26<00:40,  5.96it/s]
05:18:35 | INFO    | Done in 0.5 min. Best multiref MRR=0.2916 @ epoch 10.
05:18:35 | INFO    | Final evaluation on the test split, read once
05:18:35 | INFO    |   [cosine] filtMRR=0.2864 H@1=0.0857 H@10=0.6685 n=3732 | mrefMRR=0.3267 H@1=0.0980
05:18:36 | INFO    |   [  csls] filtMRR=0.3117 H@1=0.0981 H@10=0.7015 n=3732 | mrefMRR=0.3599 H@1=0.1137
05:18:39 | INFO    |   [cosine] F1=0.6511 P=0.6725 R=0.6310 (threshold 0.612 from validation, validation F1=0.6842)
05:18:39 | INFO    | Wrote experiments/jape_broadMatch-pgx_20260929-051805/result.json
05:18:39 | INFO    | Finished. Best validation MRR=0.2916 @ epoch 10.
