05:14:58 | INFO    | Model: kecg | seed 2026 | device: cuda:1
05:14:59 | INFO    | Regime broadMatch/pgx | graph: 84,182 nodes, 131,238 triples, 50,435 UCPGx candidates
05:14:59 | INFO    |   broadMatch/pgx   train=  3,744 test=  8,599 (70%) queries= 6,866 by cluster    leakage=0.00%
05:14:59 | INFO    |   closeMatch       train=  2,738 test=  6,296 (70%) queries= 1,490 by cluster    leakage=0.00%
05:14:59 | INFO    |   sameAs           train= 19,942 test= 46,531 (70%) queries=10,883 by cluster    leakage=0.00%
05:14:59 | INFO    |   broadMatch/onco  train= 25,039 test= 47,737 (66%) queries= 2,032 intra-cluster leakage=0.00%
05:14:59 | INFO    |   relatedMatch     train=  2,801 test=  6,289 (69%) queries=   812 intra-cluster leakage=0.00%
05:14:59 | INFO    |   related          train=471,647 test=762,046 (62%) queries=16,977 intra-cluster leakage=0.00%
05:14:59 | INFO    | Data: {'num_entities': 84182, 'num_relations': 13, 'triples': 131238, 'train_pairs': 2805, 'val_pairs': 939, 'candidates': 50435, 'unlabeled_pool': 47014}
05:15:01 | INFO    | Params: 21.56M
05:15:01 | INFO    | Run directory: experiments/kecg_broadMatch-pgx_20260929-051457
05:15:01 | INFO    | KECG | device=cuda:1 | {'num_entities': 84182, 'num_relations': 13, 'triples': 131238, 'train_pairs': 2805, 'val_pairs': 939, 'candidates': 50435, 'unlabeled_pool': 47014} 

KECG:   0%|                                                                | 0/1000 [00:00<?, ?it/s]code/src/models/kecg.py:24: UserWarning: index_reduce() is in beta and the API may change at any time. (Triggered internally at /__w/pytorch/pytorch/aten/src/ATen/native/cuda/Indexing.cu:1512.)
  mx = scores.new_full((n,), float("-inf")).index_reduce_(0, index, scores, "amax", include_self=True)

KECG:   0%|                                                        | 1/1000 [00:00<04:02,  4.13it/s]
KECG:   0%|                                                        | 2/1000 [00:00<02:56,  5.64it/s]
KECG:   0%|▎                                                       | 5/1000 [00:00<01:29, 11.15it/s]
KECG:   1%|▍                                                       | 8/1000 [00:00<01:01, 16.22it/s]
KECG:   1%|▌                                                      | 11/1000 [00:00<00:51, 19.27it/s]
KECG:   1%|▊                                                      | 14/1000 [00:00<00:44, 22.17it/s]
KECG:   2%|▉                                                      | 17/1000 [00:01<00:50, 19.50it/s]
KECG:   2%|█                                                      | 20/1000 [00:01<00:45, 21.62it/s]
KECG:   2%|█▎                                                     | 23/1000 [00:01<00:41, 23.33it/s]05:15:02 | INFO    | epoch   25/1000 | loss=1.4529
05:15:02 | INFO    |            [filtered] MRR=0.2831 Hit@1=0.1033 Hit@5=0.4824 Hit@10=0.5921 MR=1309.8 n=939
05:15:02 | INFO    |            [multiref] MRR=0.2855 Hit@1=0.0708 Hit@5=0.5274 Hit@10=0.6449 MR=1073.6 n=749
05:15:03 | INFO    |            -> new best multiref MRR=0.2855 (saved model_best.pt)

KECG:   3%|█▍                                                     | 26/1000 [00:01<01:19, 12.28it/s]
KECG:   3%|█▌                                                     | 29/1000 [00:01<01:05, 14.87it/s]
KECG:   3%|█▊                                                     | 32/1000 [00:01<00:55, 17.34it/s]
KECG:   4%|█▉                                                     | 35/1000 [00:02<00:49, 19.62it/s]
KECG:   4%|██                                                     | 38/1000 [00:02<00:44, 21.85it/s]
KECG:   4%|██▎                                                    | 41/1000 [00:02<00:41, 22.98it/s]
KECG:   4%|██▍                                                    | 44/1000 [00:02<00:39, 24.51it/s]
KECG:   5%|██▌                                                    | 47/1000 [00:02<00:37, 25.41it/s]05:15:03 | INFO    | epoch   50/1000 | loss=2.7686
05:15:04 | INFO    |            [filtered] MRR=0.2490 Hit@1=0.0799 Hit@5=0.4271 Hit@10=0.5847 MR=510.8 n=939
05:15:04 | INFO    |            [multiref] MRR=0.2518 Hit@1=0.0547 Hit@5=0.4660 Hit@10=0.6302 MR=475.8 n=749

KECG:   5%|██▊                                                    | 50/1000 [00:02<00:59, 15.88it/s]
KECG:   5%|██▉                                                    | 53/1000 [00:02<00:51, 18.22it/s]
KECG:   6%|███                                                    | 56/1000 [00:03<00:45, 20.57it/s]
KECG:   6%|███▏                                                   | 59/1000 [00:03<00:42, 22.32it/s]
KECG:   6%|███▍                                                   | 62/1000 [00:03<00:39, 23.57it/s]
KECG:   6%|███▌                                                   | 65/1000 [00:03<00:37, 24.67it/s]
KECG:   7%|███▋                                                   | 68/1000 [00:03<00:36, 25.81it/s]
KECG:   7%|███▉                                                   | 71/1000 [00:03<00:35, 25.88it/s]
KECG:   7%|████                                                   | 74/1000 [00:03<00:34, 26.74it/s]05:15:05 | INFO    | epoch   75/1000 | loss=1.0269
05:15:05 | INFO    |            [filtered] MRR=0.2535 Hit@1=0.0841 Hit@5=0.4281 Hit@10=0.5740 MR=258.2 n=939
05:15:05 | INFO    |            [multiref] MRR=0.2571 Hit@1=0.0601 Hit@5=0.4660 Hit@10=0.6208 MR=211.1 n=749

KECG:   8%|████▏                                                  | 77/1000 [00:04<00:56, 16.22it/s]
KECG:   8%|████▍                                                  | 80/1000 [00:04<00:49, 18.45it/s]
KECG:   8%|████▌                                                  | 83/1000 [00:04<00:44, 20.50it/s]
KECG:   9%|████▋                                                  | 86/1000 [00:04<00:40, 22.47it/s]
KECG:   9%|████▉                                                  | 89/1000 [00:04<00:38, 23.83it/s]
KECG:   9%|█████                                                  | 92/1000 [00:04<00:36, 24.76it/s]
KECG:  10%|█████▏                                                 | 95/1000 [00:04<00:35, 25.57it/s]
KECG:  10%|█████▍                                                 | 98/1000 [00:04<00:34, 26.52it/s]05:15:06 | INFO    | epoch  100/1000 | loss=2.5693
05:15:06 | INFO    |            [filtered] MRR=0.2592 Hit@1=0.0884 Hit@5=0.4366 Hit@10=0.5740 MR=197.5 n=939
05:15:06 | INFO    |            [multiref] MRR=0.2603 Hit@1=0.0601 Hit@5=0.4753 Hit@10=0.6168 MR=158.3 n=749

KECG:  10%|█████▍                                                | 101/1000 [00:05<00:56, 16.00it/s]
KECG:  10%|█████▌                                                | 104/1000 [00:05<00:48, 18.48it/s]
KECG:  11%|█████▊                                                | 107/1000 [00:05<00:43, 20.54it/s]
KECG:  11%|█████▉                                                | 110/1000 [00:05<00:40, 22.12it/s]
KECG:  11%|██████                                                | 113/1000 [00:05<00:44, 19.74it/s]
KECG:  12%|██████▎                                               | 116/1000 [00:05<00:46, 19.14it/s]
KECG:  12%|██████▍                                               | 119/1000 [00:06<00:47, 18.57it/s]
KECG:  12%|██████▌                                               | 122/1000 [00:06<00:42, 20.52it/s]05:15:07 | INFO    | epoch  125/1000 | loss=0.4776
05:15:07 | INFO    |            [filtered] MRR=0.2596 Hit@1=0.0990 Hit@5=0.4207 Hit@10=0.5815 MR=151.6 n=939
05:15:07 | INFO    |            [multiref] MRR=0.2553 Hit@1=0.0681 Hit@5=0.4486 Hit@10=0.6128 MR=110.6 n=749

KECG:  12%|██████▊                                               | 125/1000 [00:06<01:01, 14.31it/s]
KECG:  13%|██████▉                                               | 128/1000 [00:06<00:51, 16.85it/s]
KECG:  13%|███████                                               | 131/1000 [00:06<00:46, 18.84it/s]
KECG:  13%|███████▏                                              | 134/1000 [00:06<00:41, 21.06it/s]
KECG:  14%|███████▍                                              | 137/1000 [00:06<00:38, 22.69it/s]
KECG:  14%|███████▌                                              | 140/1000 [00:07<00:35, 23.90it/s]
KECG:  14%|███████▋                                              | 143/1000 [00:07<00:34, 24.97it/s]
KECG:  15%|███████▉                                              | 146/1000 [00:07<00:32, 26.09it/s]
KECG:  15%|████████                                              | 149/1000 [00:07<00:32, 26.55it/s]05:15:08 | INFO    | epoch  150/1000 | loss=2.3164
05:15:08 | INFO    |            [filtered] MRR=0.2539 Hit@1=0.1001 Hit@5=0.3994 Hit@10=0.5644 MR=147.9 n=939
05:15:08 | INFO    |            [multiref] MRR=0.2468 Hit@1=0.0694 Hit@5=0.4232 Hit@10=0.5901 MR=105.7 n=749

KECG:  15%|████████▏                                             | 152/1000 [00:07<00:52, 16.04it/s]
KECG:  16%|████████▎                                             | 155/1000 [00:07<00:45, 18.37it/s]
KECG:  16%|████████▌                                             | 158/1000 [00:07<00:40, 20.68it/s]
KECG:  16%|████████▋                                             | 161/1000 [00:08<00:38, 22.07it/s]
KECG:  16%|████████▊                                             | 164/1000 [00:08<00:35, 23.86it/s]
KECG:  17%|█████████                                             | 167/1000 [00:08<00:33, 24.92it/s]
KECG:  17%|█████████▏                                            | 170/1000 [00:08<00:32, 25.65it/s]
KECG:  17%|█████████▎                                            | 173/1000 [00:08<00:31, 26.29it/s]05:15:09 | INFO    | epoch  175/1000 | loss=0.1288
05:15:10 | INFO    |            [filtered] MRR=0.2431 Hit@1=0.1001 Hit@5=0.3759 Hit@10=0.5367 MR=146.1 n=939
05:15:10 | INFO    |            [multiref] MRR=0.2341 Hit@1=0.0708 Hit@5=0.3925 Hit@10=0.5541 MR=102.7 n=749

KECG:  18%|█████████▌                                            | 176/1000 [00:08<00:50, 16.18it/s]
KECG:  18%|█████████▋                                            | 179/1000 [00:08<00:44, 18.50it/s]
KECG:  18%|█████████▊                                            | 182/1000 [00:09<00:39, 20.55it/s]
KECG:  18%|█████████▉                                            | 185/1000 [00:09<00:36, 22.32it/s]
KECG:  19%|██████████▏                                           | 188/1000 [00:09<00:33, 24.08it/s]
KECG:  19%|██████████▎                                           | 191/1000 [00:09<00:32, 24.70it/s]
KECG:  19%|██████████▍                                           | 194/1000 [00:09<00:31, 25.98it/s]
KECG:  20%|██████████▋                                           | 197/1000 [00:09<00:30, 26.54it/s]05:15:11 | INFO    | epoch  200/1000 | loss=2.0481
05:15:11 | INFO    |            [filtered] MRR=0.2365 Hit@1=0.0958 Hit@5=0.3674 Hit@10=0.5218 MR=148.5 n=939
05:15:11 | INFO    |            [multiref] MRR=0.2262 Hit@1=0.0654 Hit@5=0.3778 Hit@10=0.5421 MR=102.9 n=749

KECG:  20%|██████████▊                                           | 200/1000 [00:09<00:50, 15.87it/s]
KECG:  20%|██████████▉                                           | 203/1000 [00:10<00:43, 18.22it/s]
KECG:  21%|███████████                                           | 206/1000 [00:10<00:38, 20.58it/s]
KECG:  21%|███████████▎                                          | 209/1000 [00:10<00:35, 22.35it/s]
KECG:  21%|███████████▍                                          | 212/1000 [00:10<00:33, 23.72it/s]
KECG:  22%|███████████▌                                          | 215/1000 [00:10<00:34, 22.45it/s]
KECG:  22%|███████████▊                                          | 218/1000 [00:10<00:32, 24.19it/s]
KECG:  22%|███████████▉                                          | 221/1000 [00:10<00:31, 24.78it/s]
KECG:  22%|████████████                                          | 224/1000 [00:10<00:29, 26.04it/s]05:15:12 | INFO    | epoch  225/1000 | loss=0.0686
05:15:12 | INFO    |            [filtered] MRR=0.2296 Hit@1=0.0927 Hit@5=0.3482 Hit@10=0.4995 MR=151.8 n=939
05:15:12 | INFO    |            [multiref] MRR=0.2182 Hit@1=0.0628 Hit@5=0.3525 Hit@10=0.5234 MR=104.2 n=749

KECG:  23%|████████████▎                                         | 227/1000 [00:11<00:48, 16.05it/s]
KECG:  23%|████████████▍                                         | 230/1000 [00:11<00:41, 18.37it/s]
KECG:  23%|████████████▌                                         | 233/1000 [00:11<00:37, 20.47it/s]
KECG:  24%|████████████▋                                         | 236/1000 [00:11<00:33, 22.54it/s]
KECG:  24%|████████████▉                                         | 239/1000 [00:11<00:31, 23.96it/s]
KECG:  24%|█████████████                                         | 242/1000 [00:11<00:30, 24.96it/s]
KECG:  24%|█████████████▏                                        | 245/1000 [00:11<00:31, 24.34it/s]
KECG:  25%|█████████████▍                                        | 248/1000 [00:11<00:29, 25.69it/s]05:15:13 | INFO    | epoch  250/1000 | loss=1.7603
05:15:13 | INFO    |            [filtered] MRR=0.2287 Hit@1=0.0927 Hit@5=0.3514 Hit@10=0.4963 MR=154.5 n=939
05:15:13 | INFO    |            [multiref] MRR=0.2169 Hit@1=0.0628 Hit@5=0.3511 Hit@10=0.5194 MR=105.8 n=749

KECG:  25%|█████████████▌                                        | 251/1000 [00:12<00:47, 15.84it/s]
KECG:  25%|█████████████▋                                        | 254/1000 [00:12<00:40, 18.40it/s]
KECG:  26%|█████████████▉                                        | 257/1000 [00:12<00:36, 20.52it/s]
KECG:  26%|██████████████                                        | 260/1000 [00:12<00:33, 22.25it/s]
KECG:  26%|██████████████▏                                       | 263/1000 [00:12<00:31, 23.71it/s]
KECG:  27%|██████████████▎                                       | 266/1000 [00:12<00:29, 25.22it/s]
KECG:  27%|██████████████▌                                       | 269/1000 [00:12<00:28, 26.01it/s]
KECG:  27%|██████████████▋                                       | 272/1000 [00:13<00:27, 26.50it/s]05:15:14 | INFO    | epoch  275/1000 | loss=0.0721
05:15:14 | INFO    |            [filtered] MRR=0.2322 Hit@1=0.0980 Hit@5=0.3536 Hit@10=0.4984 MR=161.4 n=939
05:15:14 | INFO    |            [multiref] MRR=0.2163 Hit@1=0.0641 Hit@5=0.3471 Hit@10=0.5180 MR=109.5 n=749

KECG:  28%|██████████████▊                                       | 275/1000 [00:13<00:44, 16.13it/s]
KECG:  28%|███████████████                                       | 278/1000 [00:13<00:38, 18.66it/s]
KECG:  28%|███████████████▏                                      | 281/1000 [00:13<00:35, 20.41it/s]
KECG:  28%|███████████████▎                                      | 284/1000 [00:13<00:31, 22.48it/s]
KECG:  29%|███████████████▍                                      | 287/1000 [00:13<00:29, 23.90it/s]
KECG:  29%|███████████████▋                                      | 290/1000 [00:13<00:28, 24.93it/s]
KECG:  29%|███████████████▊                                      | 293/1000 [00:14<00:27, 25.77it/s]
KECG:  30%|███████████████▉                                      | 296/1000 [00:14<00:26, 26.77it/s]
KECG:  30%|████████████████▏                                     | 299/1000 [00:14<00:25, 27.11it/s]05:15:15 | INFO    | epoch  300/1000 | loss=1.4506
05:15:15 | INFO    |            [filtered] MRR=0.2299 Hit@1=0.0969 Hit@5=0.3493 Hit@10=0.4963 MR=169.3 n=939
05:15:15 | INFO    |            [multiref] MRR=0.2134 Hit@1=0.0628 Hit@5=0.3418 Hit@10=0.5154 MR=113.4 n=749

KECG:  30%|████████████████▎                                     | 302/1000 [00:14<00:42, 16.26it/s]
KECG:  30%|████████████████▍                                     | 305/1000 [00:14<00:37, 18.58it/s]
KECG:  31%|████████████████▋                                     | 308/1000 [00:14<00:33, 20.91it/s]
KECG:  31%|████████████████▊                                     | 311/1000 [00:14<00:30, 22.27it/s]
KECG:  31%|████████████████▉                                     | 314/1000 [00:15<00:28, 24.04it/s]
KECG:  32%|█████████████████                                     | 317/1000 [00:15<00:27, 25.09it/s]
KECG:  32%|█████████████████▎                                    | 320/1000 [00:15<00:26, 25.80it/s]
KECG:  32%|█████████████████▍                                    | 323/1000 [00:15<00:25, 26.38it/s]05:15:16 | INFO    | epoch  325/1000 | loss=0.0838
05:15:16 | INFO    |            [filtered] MRR=0.2302 Hit@1=0.0980 Hit@5=0.3450 Hit@10=0.4963 MR=173.0 n=939
05:15:16 | INFO    |            [multiref] MRR=0.2144 Hit@1=0.0641 Hit@5=0.3364 Hit@10=0.5140 MR=115.7 n=749
05:15:17 | INFO    |            early stop (best=0.2855 @ 25).

KECG:  32%|█████████████████▍                                    | 324/1000 [00:15<00:32, 20.65it/s]
05:15:17 | INFO    | Done in 0.3 min. Best multiref MRR=0.2855 @ epoch 25.
05:15:17 | INFO    | Final evaluation on the test split, read once
05:15:17 | INFO    |   [cosine] filtMRR=0.3126 H@1=0.1168 H@10=0.6484 n=3732 | mrefMRR=0.3142 H@1=0.0860
05:15:18 | INFO    |   [  csls] filtMRR=0.3162 H@1=0.1083 H@10=0.6811 n=3732 | mrefMRR=0.3229 H@1=0.0810
05:15:21 | INFO    |   [cosine] F1=0.6517 P=0.6979 R=0.6113 (threshold 0.998 from validation, validation F1=0.6415)
05:15:21 | INFO    | Wrote experiments/kecg_broadMatch-pgx_20260929-051457/result.json
05:15:21 | INFO    | Finished. Best validation MRR=0.2855 @ epoch 25.
