05:18:32 | INFO    | Model: naea | seed 2026 | device: cuda:1
05:18:32 | INFO    | Regime broadMatch/pgx | graph: 84,182 nodes, 131,238 triples, 50,435 UCPGx candidates
05:18:32 | INFO    |   broadMatch/pgx   train=  3,744 test=  8,599 (70%) queries= 6,866 by cluster    leakage=0.00%
05:18:32 | INFO    |   closeMatch       train=  2,738 test=  6,296 (70%) queries= 1,490 by cluster    leakage=0.00%
05:18:32 | INFO    |   sameAs           train= 19,942 test= 46,531 (70%) queries=10,883 by cluster    leakage=0.00%
05:18:32 | INFO    |   broadMatch/onco  train= 25,039 test= 47,737 (66%) queries= 2,032 intra-cluster leakage=0.00%
05:18:32 | INFO    |   relatedMatch     train=  2,801 test=  6,289 (69%) queries=   812 intra-cluster leakage=0.00%
05:18:32 | INFO    |   related          train=471,647 test=762,046 (62%) queries=16,977 intra-cluster leakage=0.00%
05:18:32 | INFO    | Data: {'num_entities': 84182, 'num_relations': 13, 'triples': 131238, 'train_pairs': 2805, 'val_pairs': 939, 'candidates': 50435, 'unlabeled_pool': 47014}
05:18:34 | INFO    | Params: 16.88M
05:18:34 | INFO    | Run directory: experiments/naea_broadMatch-pgx_20260929-051832
05:18:34 | INFO    | NAEA | device=cuda:1 | {'num_entities': 84182, 'num_relations': 13, 'triples': 131238, 'train_pairs': 2805, 'val_pairs': 939, 'candidates': 50435, 'unlabeled_pool': 47014} 

NAEA:   0%|                                                                 | 0/400 [00:00<?, ?it/s]
NAEA:   0%|▏                                                        | 1/400 [00:02<14:21,  2.16s/it]
NAEA:   0%|▎                                                        | 2/400 [00:03<12:19,  1.86s/it]
NAEA:   1%|▍                                                        | 3/400 [00:05<11:38,  1.76s/it]
NAEA:   1%|▌                                                        | 4/400 [00:07<11:17,  1.71s/it]
NAEA:   1%|▋                                                        | 5/400 [00:08<11:05,  1.68s/it]
NAEA:   2%|▊                                                        | 6/400 [00:10<10:57,  1.67s/it]
NAEA:   2%|▉                                                        | 7/400 [00:12<10:53,  1.66s/it]
NAEA:   2%|█▏                                                       | 8/400 [00:13<10:53,  1.67s/it]
NAEA:   2%|█▎                                                       | 9/400 [00:15<10:50,  1.66s/it]05:18:51 | INFO    | epoch   10/400 | loss=0.1558 kge=0.1031 align=0.0105 pseudo=0.0000
05:18:51 | INFO    |            [filtered] MRR=0.2063 Hit@1=0.0884 Hit@5=0.3163 Hit@10=0.4430 MR=1874.6 n=939
05:18:51 | INFO    |            [multiref] MRR=0.2007 Hit@1=0.0628 Hit@5=0.3311 Hit@10=0.4793 MR=678.0 n=749
05:18:52 | INFO    |            -> new best multiref MRR=0.2007 (saved model_best.pt)

NAEA:   2%|█▍                                                      | 10/400 [00:17<11:58,  1.84s/it]
NAEA:   3%|█▌                                                      | 11/400 [00:19<11:34,  1.78s/it]
NAEA:   3%|█▋                                                      | 12/400 [00:20<11:15,  1.74s/it]
NAEA:   3%|█▊                                                      | 13/400 [00:22<11:09,  1.73s/it]
NAEA:   4%|█▉                                                      | 14/400 [00:24<10:58,  1.71s/it]
NAEA:   4%|██                                                      | 15/400 [00:25<10:49,  1.69s/it]
NAEA:   4%|██▏                                                     | 16/400 [00:27<10:42,  1.67s/it]
NAEA:   4%|██▍                                                     | 17/400 [00:29<10:38,  1.67s/it]
NAEA:   4%|██▌                                                     | 18/400 [00:30<10:33,  1.66s/it]
NAEA:   5%|██▋                                                     | 19/400 [00:32<10:30,  1.65s/it]05:19:08 | INFO    | epoch   20/400 | loss=0.0947 kge=0.0632 align=0.0063 pseudo=0.0000
05:19:08 | INFO    |            [filtered] MRR=0.2115 Hit@1=0.0799 Hit@5=0.3408 Hit@10=0.4909 MR=1731.4 n=939
05:19:08 | INFO    |            [multiref] MRR=0.2176 Hit@1=0.0668 Hit@5=0.3698 Hit@10=0.5287 MR=639.9 n=749
05:19:09 | INFO    |            -> new best multiref MRR=0.2176 (saved model_best.pt)

NAEA:   5%|██▊                                                     | 20/400 [00:34<11:46,  1.86s/it]
NAEA:   5%|██▉                                                     | 21/400 [00:36<11:20,  1.80s/it]
NAEA:   6%|███                                                     | 22/400 [00:38<11:01,  1.75s/it]
NAEA:   6%|███▏                                                    | 23/400 [00:39<10:47,  1.72s/it]
NAEA:   6%|███▎                                                    | 24/400 [00:41<10:38,  1.70s/it]
NAEA:   6%|███▌                                                    | 25/400 [00:43<10:30,  1.68s/it]
NAEA:   6%|███▋                                                    | 26/400 [00:44<10:24,  1.67s/it]
NAEA:   7%|███▊                                                    | 27/400 [00:46<10:19,  1.66s/it]
NAEA:   7%|███▉                                                    | 28/400 [00:47<10:16,  1.66s/it]
NAEA:   7%|████                                                    | 29/400 [00:49<10:13,  1.65s/it]05:19:25 | INFO    | epoch   30/400 | loss=0.0763 kge=0.0503 align=0.0052 pseudo=0.0000 | bootstrap: 9000 pseudo-pairs (beta=1.0)
05:19:26 | INFO    |            [filtered] MRR=0.2106 Hit@1=0.0703 Hit@5=0.3557 Hit@10=0.4835 MR=1757.5 n=939
05:19:26 | INFO    |            [multiref] MRR=0.2184 Hit@1=0.0574 Hit@5=0.3858 Hit@10=0.5247 MR=641.9 n=749
05:19:26 | INFO    |            -> new best multiref MRR=0.2184 (saved model_best.pt)

NAEA:   8%|████▏                                                   | 30/400 [00:52<11:37,  1.89s/it]
NAEA:   8%|████▎                                                   | 31/400 [00:55<14:48,  2.41s/it]
NAEA:   8%|████▍                                                   | 32/400 [00:59<17:01,  2.78s/it]
NAEA:   8%|████▌                                                   | 33/400 [01:02<18:34,  3.04s/it]
NAEA:   8%|████▊                                                   | 34/400 [01:06<19:37,  3.22s/it]05:19:44 | INFO    | epoch   35/400 | loss=0.1348 kge=0.0486 align=0.0044 pseudo=0.0643 | bootstrap: 9000 pseudo-pairs (beta=1.0)

NAEA:   9%|████▉                                                   | 35/400 [01:10<20:44,  3.41s/it]
NAEA:   9%|█████                                                   | 36/400 [01:14<21:07,  3.48s/it]
NAEA:   9%|█████▏                                                  | 37/400 [01:17<21:22,  3.53s/it]
NAEA:  10%|█████▎                                                  | 38/400 [01:21<21:32,  3.57s/it]
NAEA:  10%|█████▍                                                  | 39/400 [01:25<21:39,  3.60s/it]05:20:03 | INFO    | epoch   40/400 | loss=0.1121 kge=0.0463 align=0.0041 pseudo=0.0453 | bootstrap: 9000 pseudo-pairs (beta=1.0)
05:20:03 | INFO    |            [filtered] MRR=0.2098 Hit@1=0.0660 Hit@5=0.3610 Hit@10=0.4771 MR=1270.5 n=939
05:20:03 | INFO    |            [multiref] MRR=0.2280 Hit@1=0.0641 Hit@5=0.4019 Hit@10=0.5274 MR=509.2 n=749
05:20:04 | INFO    |            -> new best multiref MRR=0.2280 (saved model_best.pt)

NAEA:  10%|█████▌                                                  | 40/400 [01:29<23:13,  3.87s/it]
NAEA:  10%|█████▋                                                  | 41/400 [01:33<22:43,  3.80s/it]
NAEA:  10%|█████▉                                                  | 42/400 [01:36<22:24,  3.76s/it]
NAEA:  11%|██████                                                  | 43/400 [01:40<22:10,  3.73s/it]
NAEA:  11%|██████▏                                                 | 44/400 [01:44<22:00,  3.71s/it]05:20:22 | INFO    | epoch   45/400 | loss=0.0960 kge=0.0431 align=0.0036 pseudo=0.0349 | bootstrap: 9000 pseudo-pairs (beta=1.0)

NAEA:  11%|██████▎                                                 | 45/400 [01:48<22:13,  3.76s/it]
NAEA:  12%|██████▍                                                 | 46/400 [01:51<22:01,  3.73s/it]
NAEA:  12%|██████▌                                                 | 47/400 [01:55<21:50,  3.71s/it]
NAEA:  12%|██████▋                                                 | 48/400 [01:59<21:40,  3.70s/it]
NAEA:  12%|██████▊                                                 | 49/400 [02:02<21:32,  3.68s/it]05:20:41 | INFO    | epoch   50/400 | loss=0.0858 kge=0.0405 align=0.0032 pseudo=0.0292 | bootstrap: 9000 pseudo-pairs (beta=1.0)
05:20:41 | INFO    |            [filtered] MRR=0.2088 Hit@1=0.0639 Hit@5=0.3621 Hit@10=0.4856 MR=747.8 n=939
05:20:41 | INFO    |            [multiref] MRR=0.2226 Hit@1=0.0574 Hit@5=0.3965 Hit@10=0.5220 MR=392.0 n=749

NAEA:  12%|███████                                                 | 50/400 [02:06<22:19,  3.83s/it]
NAEA:  13%|███████▏                                                | 51/400 [02:10<21:58,  3.78s/it]
NAEA:  13%|███████▎                                                | 52/400 [02:14<21:41,  3.74s/it]
NAEA:  13%|███████▍                                                | 53/400 [02:17<21:26,  3.71s/it]
NAEA:  14%|███████▌                                                | 54/400 [02:21<21:16,  3.69s/it]05:20:59 | INFO    | epoch   55/400 | loss=0.0801 kge=0.0384 align=0.0032 pseudo=0.0256 | bootstrap: 9000 pseudo-pairs (beta=1.0)

NAEA:  14%|███████▋                                                | 55/400 [02:25<21:34,  3.75s/it]
NAEA:  14%|███████▊                                                | 56/400 [02:29<21:21,  3.72s/it]
NAEA:  14%|███████▉                                                | 57/400 [02:32<21:12,  3.71s/it]
NAEA:  14%|████████                                                | 58/400 [02:36<21:03,  3.69s/it]
NAEA:  15%|████████▎                                               | 59/400 [02:40<20:56,  3.69s/it]05:21:18 | INFO    | epoch   60/400 | loss=0.0750 kge=0.0368 align=0.0029 pseudo=0.0235 | bootstrap: 9000 pseudo-pairs (beta=1.0)
05:21:18 | INFO    |            [filtered] MRR=0.2048 Hit@1=0.0543 Hit@5=0.3653 Hit@10=0.4814 MR=592.6 n=939
05:21:18 | INFO    |            [multiref] MRR=0.2211 Hit@1=0.0507 Hit@5=0.3979 Hit@10=0.5154 MR=328.7 n=749

NAEA:  15%|████████▍                                               | 60/400 [02:44<21:43,  3.83s/it]
NAEA:  15%|████████▌                                               | 61/400 [02:47<21:20,  3.78s/it]
NAEA:  16%|████████▋                                               | 62/400 [02:51<21:05,  3.75s/it]
NAEA:  16%|████████▊                                               | 63/400 [02:55<20:54,  3.72s/it]
NAEA:  16%|████████▉                                               | 64/400 [02:58<20:45,  3.71s/it]05:21:37 | INFO    | epoch   65/400 | loss=0.0706 kge=0.0353 align=0.0028 pseudo=0.0212 | bootstrap: 9000 pseudo-pairs (beta=1.0)

NAEA:  16%|█████████                                               | 65/400 [03:02<21:00,  3.76s/it]
NAEA:  16%|█████████▏                                              | 66/400 [03:06<20:49,  3.74s/it]
NAEA:  17%|█████████▍                                              | 67/400 [03:10<20:36,  3.71s/it]
NAEA:  17%|█████████▌                                              | 68/400 [03:13<20:26,  3.69s/it]
NAEA:  17%|█████████▋                                              | 69/400 [03:17<20:16,  3.67s/it]05:21:55 | INFO    | epoch   70/400 | loss=0.0680 kge=0.0345 align=0.0027 pseudo=0.0200 | bootstrap: 9000 pseudo-pairs (beta=1.0)
05:21:55 | INFO    |            [filtered] MRR=0.1942 Hit@1=0.0469 Hit@5=0.3472 Hit@10=0.4622 MR=539.3 n=939
05:21:55 | INFO    |            [multiref] MRR=0.2180 Hit@1=0.0494 Hit@5=0.3912 Hit@10=0.5140 MR=285.9 n=749

NAEA:  18%|█████████▊                                              | 70/400 [03:21<21:02,  3.83s/it]
NAEA:  18%|█████████▉                                              | 71/400 [03:25<20:43,  3.78s/it]
NAEA:  18%|██████████                                              | 72/400 [03:28<20:26,  3.74s/it]
NAEA:  18%|██████████▏                                             | 73/400 [03:32<20:16,  3.72s/it]
NAEA:  18%|██████████▎                                             | 74/400 [03:36<20:08,  3.71s/it]05:22:14 | INFO    | epoch   75/400 | loss=0.0657 kge=0.0338 align=0.0026 pseudo=0.0188 | bootstrap: 9000 pseudo-pairs (beta=1.0)

NAEA:  19%|██████████▌                                             | 75/400 [03:40<20:23,  3.76s/it]
NAEA:  19%|██████████▋                                             | 76/400 [03:43<20:08,  3.73s/it]
NAEA:  19%|██████████▊                                             | 77/400 [03:47<19:59,  3.71s/it]
NAEA:  20%|██████████▉                                             | 78/400 [03:51<19:47,  3.69s/it]
NAEA:  20%|███████████                                             | 79/400 [03:54<19:40,  3.68s/it]05:22:33 | INFO    | epoch   80/400 | loss=0.0627 kge=0.0330 align=0.0024 pseudo=0.0177 | bootstrap: 9000 pseudo-pairs (beta=1.0)
05:22:33 | INFO    |            [filtered] MRR=0.1942 Hit@1=0.0437 Hit@5=0.3482 Hit@10=0.4707 MR=448.3 n=939
05:22:33 | INFO    |            [multiref] MRR=0.2186 Hit@1=0.0467 Hit@5=0.3925 Hit@10=0.5194 MR=235.5 n=749

NAEA:  20%|███████████▏                                            | 80/400 [03:58<20:22,  3.82s/it]
NAEA:  20%|███████████▎                                            | 81/400 [04:02<20:01,  3.77s/it]
NAEA:  20%|███████████▍                                            | 82/400 [04:06<19:48,  3.74s/it]
NAEA:  21%|███████████▌                                            | 83/400 [04:09<19:39,  3.72s/it]
NAEA:  21%|███████████▊                                            | 84/400 [04:13<19:26,  3.69s/it]05:22:51 | INFO    | epoch   85/400 | loss=0.0612 kge=0.0326 align=0.0024 pseudo=0.0167 | bootstrap: 9000 pseudo-pairs (beta=1.0)

NAEA:  21%|███████████▉                                            | 85/400 [04:17<19:42,  3.75s/it]
NAEA:  22%|████████████                                            | 86/400 [04:21<19:32,  3.73s/it]
NAEA:  22%|████████████▏                                           | 87/400 [04:24<19:22,  3.72s/it]
NAEA:  22%|████████████▎                                           | 88/400 [04:28<19:11,  3.69s/it]
NAEA:  22%|████████████▍                                           | 89/400 [04:32<19:04,  3.68s/it]05:23:10 | INFO    | epoch   90/400 | loss=0.0586 kge=0.0313 align=0.0023 pseudo=0.0160 | bootstrap: 9000 pseudo-pairs (beta=1.0)
05:23:10 | INFO    |            [filtered] MRR=0.1950 Hit@1=0.0415 Hit@5=0.3642 Hit@10=0.4750 MR=451.1 n=939
05:23:10 | INFO    |            [multiref] MRR=0.2183 Hit@1=0.0441 Hit@5=0.4072 Hit@10=0.5234 MR=239.7 n=749

NAEA:  22%|████████████▌                                           | 90/400 [04:36<19:46,  3.83s/it]
NAEA:  23%|████████████▋                                           | 91/400 [04:39<19:25,  3.77s/it]
NAEA:  23%|████████████▉                                           | 92/400 [04:43<19:09,  3.73s/it]
NAEA:  23%|█████████████                                           | 93/400 [04:47<18:58,  3.71s/it]
NAEA:  24%|█████████████▏                                          | 94/400 [04:50<18:48,  3.69s/it]05:23:29 | INFO    | epoch   95/400 | loss=0.0561 kge=0.0307 align=0.0021 pseudo=0.0151 | bootstrap: 9000 pseudo-pairs (beta=1.0)

NAEA:  24%|█████████████▎                                          | 95/400 [04:54<19:05,  3.76s/it]
NAEA:  24%|█████████████▍                                          | 96/400 [04:58<18:51,  3.72s/it]
NAEA:  24%|█████████████▌                                          | 97/400 [05:01<18:42,  3.71s/it]
NAEA:  24%|█████████████▋                                          | 98/400 [05:05<18:33,  3.69s/it]
NAEA:  25%|█████████████▊                                          | 99/400 [05:09<18:27,  3.68s/it]05:23:47 | INFO    | epoch  100/400 | loss=0.0562 kge=0.0309 align=0.0022 pseudo=0.0145 | bootstrap: 9000 pseudo-pairs (beta=1.0)
05:23:47 | INFO    |            [filtered] MRR=0.1896 Hit@1=0.0362 Hit@5=0.3578 Hit@10=0.4739 MR=419.2 n=939
05:23:47 | INFO    |            [multiref] MRR=0.2128 Hit@1=0.0387 Hit@5=0.3992 Hit@10=0.5274 MR=221.3 n=749

NAEA:  25%|█████████████▊                                         | 100/400 [05:13<19:04,  3.82s/it]
NAEA:  25%|█████████████▉                                         | 101/400 [05:17<18:47,  3.77s/it]
NAEA:  26%|██████████████                                         | 102/400 [05:20<18:34,  3.74s/it]
NAEA:  26%|██████████████▏                                        | 103/400 [05:24<18:23,  3.72s/it]
NAEA:  26%|██████████████▎                                        | 104/400 [05:28<18:16,  3.70s/it]05:24:06 | INFO    | epoch  105/400 | loss=0.0548 kge=0.0298 align=0.0022 pseudo=0.0138 | bootstrap: 9000 pseudo-pairs (beta=1.0)

NAEA:  26%|██████████████▍                                        | 105/400 [05:32<18:30,  3.76s/it]
NAEA:  26%|██████████████▌                                        | 106/400 [05:35<18:19,  3.74s/it]
NAEA:  27%|██████████████▋                                        | 107/400 [05:39<18:06,  3.71s/it]
NAEA:  27%|██████████████▊                                        | 108/400 [05:42<17:59,  3.70s/it]
NAEA:  27%|██████████████▉                                        | 109/400 [05:46<17:52,  3.69s/it]05:24:25 | INFO    | epoch  110/400 | loss=0.0536 kge=0.0299 align=0.0021 pseudo=0.0134 | bootstrap: 9000 pseudo-pairs (beta=1.0)
05:24:25 | INFO    |            [filtered] MRR=0.1854 Hit@1=0.0277 Hit@5=0.3440 Hit@10=0.4824 MR=435.3 n=939
05:24:25 | INFO    |            [multiref] MRR=0.2089 Hit@1=0.0294 Hit@5=0.3872 Hit@10=0.5300 MR=225.7 n=749

NAEA:  28%|███████████████▏                                       | 110/400 [05:50<18:30,  3.83s/it]
NAEA:  28%|███████████████▎                                       | 111/400 [05:54<18:11,  3.78s/it]
NAEA:  28%|███████████████▍                                       | 112/400 [05:58<17:56,  3.74s/it]
NAEA:  28%|███████████████▌                                       | 113/400 [06:01<17:48,  3.72s/it]
NAEA:  28%|███████████████▋                                       | 114/400 [06:05<17:40,  3.71s/it]05:24:43 | INFO    | epoch  115/400 | loss=0.0513 kge=0.0287 align=0.0019 pseudo=0.0129 | bootstrap: 9000 pseudo-pairs (beta=1.0)

NAEA:  29%|███████████████▊                                       | 115/400 [06:09<17:53,  3.77s/it]
NAEA:  29%|███████████████▉                                       | 116/400 [06:13<17:39,  3.73s/it]
NAEA:  29%|████████████████                                       | 117/400 [06:16<17:30,  3.71s/it]
NAEA:  30%|████████████████▏                                      | 118/400 [06:20<17:20,  3.69s/it]
NAEA:  30%|████████████████▎                                      | 119/400 [06:23<17:13,  3.68s/it]05:25:02 | INFO    | epoch  120/400 | loss=0.0501 kge=0.0281 align=0.0019 pseudo=0.0124 | bootstrap: 9000 pseudo-pairs (beta=1.0)
05:25:02 | INFO    |            [filtered] MRR=0.1876 Hit@1=0.0330 Hit@5=0.3525 Hit@10=0.4803 MR=403.8 n=939
05:25:02 | INFO    |            [multiref] MRR=0.2122 Hit@1=0.0360 Hit@5=0.3925 Hit@10=0.5274 MR=211.7 n=749

NAEA:  30%|████████████████▌                                      | 120/400 [06:28<17:48,  3.82s/it]
NAEA:  30%|████████████████▋                                      | 121/400 [06:31<17:29,  3.76s/it]
NAEA:  30%|████████████████▊                                      | 122/400 [06:35<17:17,  3.73s/it]
NAEA:  31%|████████████████▉                                      | 123/400 [06:39<17:09,  3.72s/it]
NAEA:  31%|█████████████████                                      | 124/400 [06:42<16:58,  3.69s/it]05:25:21 | INFO    | epoch  125/400 | loss=0.0496 kge=0.0279 align=0.0020 pseudo=0.0119 | bootstrap: 9000 pseudo-pairs (beta=1.0)

NAEA:  31%|█████████████████▏                                     | 125/400 [06:46<17:11,  3.75s/it]
NAEA:  32%|█████████████████▎                                     | 126/400 [06:50<17:02,  3.73s/it]
NAEA:  32%|█████████████████▍                                     | 127/400 [06:53<16:53,  3.71s/it]
NAEA:  32%|█████████████████▌                                     | 128/400 [06:57<16:43,  3.69s/it]
NAEA:  32%|█████████████████▋                                     | 129/400 [07:01<16:36,  3.68s/it]05:25:39 | INFO    | epoch  130/400 | loss=0.0487 kge=0.0274 align=0.0019 pseudo=0.0118 | bootstrap: 9000 pseudo-pairs (beta=1.0)
05:25:39 | INFO    |            [filtered] MRR=0.1870 Hit@1=0.0362 Hit@5=0.3408 Hit@10=0.4728 MR=378.4 n=939
05:25:39 | INFO    |            [multiref] MRR=0.2100 Hit@1=0.0401 Hit@5=0.3792 Hit@10=0.5154 MR=206.8 n=749

NAEA:  32%|█████████████████▉                                     | 130/400 [07:05<17:47,  3.95s/it]
NAEA:  33%|██████████████████                                     | 131/400 [07:09<17:17,  3.86s/it]
NAEA:  33%|██████████████████▏                                    | 132/400 [07:13<16:56,  3.79s/it]
NAEA:  33%|██████████████████▎                                    | 133/400 [07:16<16:40,  3.75s/it]
NAEA:  34%|██████████████████▍                                    | 134/400 [07:20<16:28,  3.72s/it]05:25:58 | INFO    | epoch  135/400 | loss=0.0473 kge=0.0275 align=0.0017 pseudo=0.0113 | bootstrap: 9000 pseudo-pairs (beta=1.0)

NAEA:  34%|██████████████████▌                                    | 135/400 [07:24<16:40,  3.78s/it]
NAEA:  34%|██████████████████▋                                    | 136/400 [07:27<16:26,  3.74s/it]
NAEA:  34%|██████████████████▊                                    | 137/400 [07:31<16:17,  3.72s/it]
NAEA:  34%|██████████████████▉                                    | 138/400 [07:35<16:07,  3.69s/it]
NAEA:  35%|███████████████████                                    | 139/400 [07:38<16:02,  3.69s/it]05:26:17 | INFO    | epoch  140/400 | loss=0.0464 kge=0.0268 align=0.0017 pseudo=0.0110 | bootstrap: 9000 pseudo-pairs (beta=1.0)
05:26:17 | INFO    |            [filtered] MRR=0.1871 Hit@1=0.0362 Hit@5=0.3365 Hit@10=0.4803 MR=338.8 n=939
05:26:17 | INFO    |            [multiref] MRR=0.2096 Hit@1=0.0387 Hit@5=0.3752 Hit@10=0.5247 MR=189.6 n=749

NAEA:  35%|███████████████████▎                                   | 140/400 [07:43<16:34,  3.82s/it]
NAEA:  35%|███████████████████▍                                   | 141/400 [07:46<16:18,  3.78s/it]
NAEA:  36%|███████████████████▌                                   | 142/400 [07:50<16:06,  3.74s/it]
NAEA:  36%|███████████████████▋                                   | 143/400 [07:54<15:55,  3.72s/it]
NAEA:  36%|███████████████████▊                                   | 144/400 [07:57<15:48,  3.71s/it]05:26:36 | INFO    | epoch  145/400 | loss=0.0460 kge=0.0270 align=0.0016 pseudo=0.0107 | bootstrap: 9000 pseudo-pairs (beta=1.0)

NAEA:  36%|███████████████████▉                                   | 145/400 [08:01<16:00,  3.77s/it]
NAEA:  36%|████████████████████                                   | 146/400 [08:05<15:49,  3.74s/it]
NAEA:  37%|████████████████████▏                                  | 147/400 [08:08<15:37,  3.71s/it]
NAEA:  37%|████████████████████▎                                  | 148/400 [08:12<15:31,  3.70s/it]
NAEA:  37%|████████████████████▍                                  | 149/400 [08:16<15:25,  3.69s/it]05:26:54 | INFO    | epoch  150/400 | loss=0.0452 kge=0.0264 align=0.0017 pseudo=0.0104 | bootstrap: 9000 pseudo-pairs (beta=1.0)
05:26:54 | INFO    |            [filtered] MRR=0.1868 Hit@1=0.0394 Hit@5=0.3387 Hit@10=0.4803 MR=327.6 n=939
05:26:54 | INFO    |            [multiref] MRR=0.2100 Hit@1=0.0441 Hit@5=0.3752 Hit@10=0.5247 MR=186.1 n=749

NAEA:  38%|████████████████████▋                                  | 150/400 [08:20<15:58,  3.83s/it]
NAEA:  38%|████████████████████▊                                  | 151/400 [08:24<15:41,  3.78s/it]
NAEA:  38%|████████████████████▉                                  | 152/400 [08:27<15:27,  3.74s/it]
NAEA:  38%|█████████████████████                                  | 153/400 [08:31<15:20,  3.72s/it]
NAEA:  38%|█████████████████████▏                                 | 154/400 [08:35<15:12,  3.71s/it]05:27:13 | INFO    | epoch  155/400 | loss=0.0444 kge=0.0260 align=0.0017 pseudo=0.0101 | bootstrap: 9000 pseudo-pairs (beta=1.0)

NAEA:  39%|█████████████████████▎                                 | 155/400 [08:39<15:22,  3.77s/it]
NAEA:  39%|█████████████████████▍                                 | 156/400 [08:42<15:10,  3.73s/it]
NAEA:  39%|█████████████████████▌                                 | 157/400 [08:46<15:02,  3.71s/it]
NAEA:  40%|█████████████████████▋                                 | 158/400 [08:50<14:52,  3.69s/it]
NAEA:  40%|█████████████████████▊                                 | 159/400 [08:53<14:46,  3.68s/it]05:27:32 | INFO    | epoch  160/400 | loss=0.0437 kge=0.0258 align=0.0016 pseudo=0.0099 | bootstrap: 9000 pseudo-pairs (beta=1.0)
05:27:32 | INFO    |            [filtered] MRR=0.1945 Hit@1=0.0458 Hit@5=0.3387 Hit@10=0.4771 MR=302.7 n=939
05:27:32 | INFO    |            [multiref] MRR=0.2132 Hit@1=0.0441 Hit@5=0.3765 Hit@10=0.5234 MR=174.1 n=749

NAEA:  40%|██████████████████████                                 | 160/400 [08:57<15:16,  3.82s/it]
NAEA:  40%|██████████████████████▏                                | 161/400 [09:01<14:59,  3.76s/it]
NAEA:  40%|██████████████████████▎                                | 162/400 [09:05<14:48,  3.73s/it]
NAEA:  41%|██████████████████████▍                                | 163/400 [09:08<14:40,  3.72s/it]
NAEA:  41%|██████████████████████▌                                | 164/400 [09:12<14:30,  3.69s/it]05:27:50 | INFO    | epoch  165/400 | loss=0.0438 kge=0.0257 align=0.0017 pseudo=0.0097 | bootstrap: 9000 pseudo-pairs (beta=1.0)

NAEA:  41%|██████████████████████▋                                | 165/400 [09:16<14:41,  3.75s/it]
NAEA:  42%|██████████████████████▊                                | 166/400 [09:20<14:33,  3.73s/it]
NAEA:  42%|██████████████████████▉                                | 167/400 [09:23<14:24,  3.71s/it]
NAEA:  42%|███████████████████████                                | 168/400 [09:27<14:15,  3.69s/it]
NAEA:  42%|███████████████████████▏                               | 169/400 [09:30<14:09,  3.68s/it]05:28:09 | INFO    | epoch  170/400 | loss=0.0432 kge=0.0253 align=0.0017 pseudo=0.0094 | bootstrap: 9000 pseudo-pairs (beta=1.0)
05:28:09 | INFO    |            [filtered] MRR=0.1868 Hit@1=0.0373 Hit@5=0.3365 Hit@10=0.4739 MR=287.5 n=939
05:28:09 | INFO    |            [multiref] MRR=0.2093 Hit@1=0.0414 Hit@5=0.3778 Hit@10=0.5154 MR=164.4 n=749

NAEA:  42%|███████████████████████▍                               | 170/400 [09:35<14:39,  3.82s/it]
NAEA:  43%|███████████████████████▌                               | 171/400 [09:38<14:22,  3.77s/it]
NAEA:  43%|███████████████████████▋                               | 172/400 [09:42<14:10,  3.73s/it]
NAEA:  43%|███████████████████████▊                               | 173/400 [09:46<14:00,  3.70s/it]
NAEA:  44%|███████████████████████▉                               | 174/400 [09:49<13:52,  3.68s/it]05:28:28 | INFO    | epoch  175/400 | loss=0.0433 kge=0.0256 align=0.0017 pseudo=0.0092 | bootstrap: 9000 pseudo-pairs (beta=1.0)

NAEA:  44%|████████████████████████                               | 175/400 [09:53<14:04,  3.75s/it]
NAEA:  44%|████████████████████████▏                              | 176/400 [09:57<13:53,  3.72s/it]
NAEA:  44%|████████████████████████▎                              | 177/400 [10:00<13:46,  3.70s/it]
NAEA:  44%|████████████████████████▍                              | 178/400 [10:04<13:37,  3.68s/it]
NAEA:  45%|████████████████████████▌                              | 179/400 [10:08<13:33,  3.68s/it]05:28:46 | INFO    | epoch  180/400 | loss=0.0422 kge=0.0251 align=0.0016 pseudo=0.0090 | bootstrap: 9000 pseudo-pairs (beta=1.0)
05:28:46 | INFO    |            [filtered] MRR=0.1892 Hit@1=0.0469 Hit@5=0.3301 Hit@10=0.4558 MR=296.2 n=939
05:28:46 | INFO    |            [multiref] MRR=0.2110 Hit@1=0.0481 Hit@5=0.3752 Hit@10=0.5033 MR=169.9 n=749

NAEA:  45%|████████████████████████▊                              | 180/400 [10:12<13:59,  3.82s/it]
NAEA:  45%|████████████████████████▉                              | 181/400 [10:16<13:46,  3.77s/it]
NAEA:  46%|█████████████████████████                              | 182/400 [10:19<13:35,  3.74s/it]
NAEA:  46%|█████████████████████████▏                             | 183/400 [10:23<13:26,  3.72s/it]
NAEA:  46%|█████████████████████████▎                             | 184/400 [10:27<13:20,  3.70s/it]05:29:05 | INFO    | epoch  185/400 | loss=0.0418 kge=0.0248 align=0.0016 pseudo=0.0088 | bootstrap: 9000 pseudo-pairs (beta=1.0)

NAEA:  46%|█████████████████████████▍                             | 185/400 [10:30<13:29,  3.77s/it]
NAEA:  46%|█████████████████████████▌                             | 186/400 [10:34<13:20,  3.74s/it]
NAEA:  47%|█████████████████████████▋                             | 187/400 [10:38<13:09,  3.71s/it]
NAEA:  47%|█████████████████████████▊                             | 188/400 [10:41<13:03,  3.70s/it]
NAEA:  47%|█████████████████████████▉                             | 189/400 [10:45<12:58,  3.69s/it]05:29:23 | INFO    | epoch  190/400 | loss=0.0407 kge=0.0245 align=0.0015 pseudo=0.0085 | bootstrap: 9000 pseudo-pairs (beta=1.0)
05:29:24 | INFO    |            [filtered] MRR=0.1916 Hit@1=0.0447 Hit@5=0.3301 Hit@10=0.4728 MR=247.8 n=939
05:29:24 | INFO    |            [multiref] MRR=0.2169 Hit@1=0.0507 Hit@5=0.3765 Hit@10=0.5220 MR=143.8 n=749
05:29:24 | INFO    |            early stop (best=0.2280 @ 40).

NAEA:  47%|█████████████████████████▉                             | 189/400 [10:49<12:05,  3.44s/it]
05:29:24 | INFO    | Done in 10.8 min. Best multiref MRR=0.2280 @ epoch 40.
05:29:24 | INFO    | Final evaluation on the test split, read once
05:29:25 | INFO    |   [cosine] filtMRR=0.2065 H@1=0.0667 H@10=0.4753 n=3732 | mrefMRR=0.2337 H@1=0.0740
05:29:25 | INFO    |   [  csls] filtMRR=0.2211 H@1=0.0691 H@10=0.5204 n=3732 | mrefMRR=0.2523 H@1=0.0800
05:29:28 | INFO    |   [cosine] F1=0.3782 P=0.3071 R=0.4923 (threshold 0.973 from validation, validation F1=0.3590)
05:29:28 | INFO    | Wrote experiments/naea_broadMatch-pgx_20260929-051832/result.json
05:29:28 | INFO    | Finished. Best validation MRR=0.2280 @ epoch 40.
