05:20:09 | INFO    | Model: alinet | seed 2026 | device: cuda:0
05:20:10 | INFO    | Regime closeMatch | graph: 84,182 nodes, 131,238 triples, 50,435 UCPGx candidates
05:20:10 | INFO    |   broadMatch/pgx   train=  3,744 test=  8,599 (70%) queries= 6,866 by cluster    leakage=0.00%
05:20:10 | INFO    |   closeMatch       train=  2,738 test=  6,296 (70%) queries= 1,490 by cluster    leakage=0.00%
05:20:10 | INFO    |   sameAs           train= 19,942 test= 46,531 (70%) queries=10,883 by cluster    leakage=0.00%
05:20:10 | INFO    |   broadMatch/onco  train= 25,039 test= 47,737 (66%) queries= 2,032 intra-cluster leakage=0.00%
05:20:10 | INFO    |   relatedMatch     train=  2,801 test=  6,289 (69%) queries=   812 intra-cluster leakage=0.00%
05:20:10 | INFO    |   related          train=471,647 test=762,046 (62%) queries=16,977 intra-cluster leakage=0.00%
05:20:10 | INFO    | Data: {'num_entities': 84182, 'num_relations': 13, 'triples': 131238, 'train_pairs': 2053, 'val_pairs': 685, 'candidates': 50435, 'unlabeled_pool': 49550}
code/src/data.py:154: UserWarning: Sparse invariant checks are implicitly disabled. Memory errors (e.g. SEGFAULT) will occur when operating on a sparse tensor which violates the invariants, but checks incur performance overhead. To silence this warning, explicitly opt in or out. See `torch.sparse.check_sparse_tensor_invariants.__doc__` for guidance.  (Triggered internally at /__w/pytorch/pytorch/aten/src/ATen/Context.cpp:848.)
  adj1 = torch.sparse_coo_tensor(
05:20:12 | INFO    | Params: 25.80M
05:20:12 | INFO    | Run directory: experiments/alinet_closeMatch_20260929-052009
05:20:12 | INFO    | AliNet | device=cuda:0 | {'num_entities': 84182, 'num_relations': 13, 'triples': 131238, 'train_pairs': 2053, 'val_pairs': 685, 'candidates': 50435, 'unlabeled_pool': 49550} 2hop_edges=472231

AliNet:   0%|                                                              | 0/1200 [00:00<?, ?it/s]code/src/models/alinet.py:22: UserWarning: index_reduce() is in beta and the API may change at any time. (Triggered internally at /__w/pytorch/pytorch/aten/src/ATen/native/cuda/Indexing.cu:1512.)
  mx = scores.new_full((n,), float("-inf")).index_reduce_(0, index, scores, "amax", include_self=True)

AliNet:   0%|                                                      | 1/1200 [00:00<06:43,  2.97it/s]
AliNet:   0%|▏                                                     | 3/1200 [00:00<02:35,  7.70it/s]
AliNet:   0%|▏                                                     | 5/1200 [00:00<01:50, 10.78it/s]
AliNet:   1%|▎                                                     | 7/1200 [00:00<01:33, 12.82it/s]
AliNet:   1%|▍                                                     | 9/1200 [00:00<01:23, 14.21it/s]
AliNet:   1%|▍                                                    | 11/1200 [00:00<01:18, 15.14it/s]
AliNet:   1%|▌                                                    | 13/1200 [00:01<01:15, 15.79it/s]
AliNet:   1%|▋                                                    | 15/1200 [00:01<01:12, 16.25it/s]
AliNet:   1%|▊                                                    | 17/1200 [00:01<01:11, 16.56it/s]
AliNet:   2%|▊                                                    | 19/1200 [00:01<01:10, 16.77it/s]
AliNet:   2%|▉                                                    | 21/1200 [00:01<01:09, 16.91it/s]
AliNet:   2%|█                                                    | 23/1200 [00:01<01:09, 17.02it/s]05:20:14 | INFO    | epoch   25/1200 | loss=0.3333 align=0.0287 rel=0.3046
05:20:14 | INFO    |            [filtered] MRR=0.1087 Hit@1=0.0628 Hit@5=0.1504 Hit@10=0.1854 MR=354.3 n=1370
05:20:14 | INFO    |            [multiref] MRR=0.3392 Hit@1=0.2251 Hit@5=0.4759 Hit@10=0.5595 MR=295.6 n=311
05:20:14 | INFO    |            -> new best filtered MRR=0.1087 (saved model_best.pt)

AliNet:   2%|█                                                    | 25/1200 [00:02<02:31,  7.77it/s]
AliNet:   2%|█▏                                                   | 27/1200 [00:02<02:05,  9.33it/s]
AliNet:   2%|█▎                                                   | 29/1200 [00:02<01:47, 10.85it/s]
AliNet:   3%|█▎                                                   | 31/1200 [00:02<01:35, 12.22it/s]
AliNet:   3%|█▍                                                   | 33/1200 [00:02<01:27, 13.41it/s]
AliNet:   3%|█▌                                                   | 35/1200 [00:02<01:21, 14.38it/s]
AliNet:   3%|█▋                                                   | 37/1200 [00:02<01:16, 15.16it/s]
AliNet:   3%|█▋                                                   | 39/1200 [00:02<01:13, 15.75it/s]
AliNet:   3%|█▊                                                   | 41/1200 [00:03<01:11, 16.19it/s]
AliNet:   4%|█▉                                                   | 43/1200 [00:03<01:10, 16.50it/s]
AliNet:   4%|█▉                                                   | 45/1200 [00:03<01:08, 16.74it/s]
AliNet:   4%|██                                                   | 47/1200 [00:03<01:08, 16.92it/s]
AliNet:   4%|██▏                                                  | 49/1200 [00:03<01:07, 17.03it/s]05:20:16 | INFO    | epoch   50/1200 | loss=0.1499 align=0.0126 rel=0.1373
05:20:16 | INFO    |            [filtered] MRR=0.1465 Hit@1=0.0985 Hit@5=0.1766 Hit@10=0.2453 MR=274.8 n=1370
05:20:16 | INFO    |            [multiref] MRR=0.4350 Hit@1=0.3376 Hit@5=0.5241 Hit@10=0.6688 MR=151.0 n=311
05:20:16 | INFO    |            -> new best filtered MRR=0.1465 (saved model_best.pt)

AliNet:   4%|██▎                                                  | 51/1200 [00:04<02:28,  7.73it/s]
AliNet:   4%|██▎                                                  | 53/1200 [00:04<02:03,  9.27it/s]
AliNet:   5%|██▍                                                  | 55/1200 [00:04<01:46, 10.77it/s]
AliNet:   5%|██▌                                                  | 57/1200 [00:04<01:34, 12.15it/s]
AliNet:   5%|██▌                                                  | 59/1200 [00:04<01:25, 13.34it/s]
AliNet:   5%|██▋                                                  | 61/1200 [00:04<01:19, 14.33it/s]
AliNet:   5%|██▊                                                  | 63/1200 [00:04<01:15, 15.12it/s]
AliNet:   5%|██▊                                                  | 65/1200 [00:04<01:12, 15.72it/s]
AliNet:   6%|██▉                                                  | 67/1200 [00:05<01:10, 16.18it/s]
AliNet:   6%|███                                                  | 69/1200 [00:05<01:08, 16.52it/s]
AliNet:   6%|███▏                                                 | 71/1200 [00:05<01:07, 16.76it/s]
AliNet:   6%|███▏                                                 | 73/1200 [00:05<01:06, 16.92it/s]05:20:18 | INFO    | epoch   75/1200 | loss=0.0884 align=0.0078 rel=0.0806
05:20:18 | INFO    |            [filtered] MRR=0.1673 Hit@1=0.1153 Hit@5=0.2058 Hit@10=0.2745 MR=228.8 n=1370
05:20:18 | INFO    |            [multiref] MRR=0.4877 Hit@1=0.3955 Hit@5=0.6045 Hit@10=0.6881 MR=145.9 n=311
05:20:18 | INFO    |            -> new best filtered MRR=0.1673 (saved model_best.pt)

AliNet:   6%|███▎                                                 | 75/1200 [00:06<02:30,  7.50it/s]
AliNet:   6%|███▍                                                 | 77/1200 [00:06<02:04,  9.05it/s]
AliNet:   7%|███▍                                                 | 79/1200 [00:06<01:46, 10.56it/s]
AliNet:   7%|███▌                                                 | 81/1200 [00:06<01:33, 11.96it/s]
AliNet:   7%|███▋                                                 | 83/1200 [00:06<01:24, 13.18it/s]
AliNet:   7%|███▊                                                 | 85/1200 [00:06<01:18, 14.20it/s]
AliNet:   7%|███▊                                                 | 87/1200 [00:06<01:14, 15.02it/s]
AliNet:   7%|███▉                                                 | 89/1200 [00:06<01:11, 15.64it/s]
AliNet:   8%|████                                                 | 91/1200 [00:06<01:08, 16.11it/s]
AliNet:   8%|████                                                 | 93/1200 [00:07<01:07, 16.39it/s]
AliNet:   8%|████▏                                                | 95/1200 [00:07<01:06, 16.70it/s]
AliNet:   8%|████▎                                                | 97/1200 [00:07<01:05, 16.89it/s]
AliNet:   8%|████▎                                                | 99/1200 [00:07<01:04, 17.02it/s]05:20:20 | INFO    | epoch  100/1200 | loss=0.0615 align=0.0062 rel=0.0552
05:20:20 | INFO    |            [filtered] MRR=0.1837 Hit@1=0.1241 Hit@5=0.2314 Hit@10=0.2978 MR=202.5 n=1370
05:20:20 | INFO    |            [multiref] MRR=0.5103 Hit@1=0.4116 Hit@5=0.6206 Hit@10=0.6977 MR=157.2 n=311
05:20:20 | INFO    |            -> new best filtered MRR=0.1837 (saved model_best.pt)

AliNet:   8%|████▍                                               | 101/1200 [00:08<02:20,  7.81it/s]
AliNet:   9%|████▍                                               | 103/1200 [00:08<01:58,  9.28it/s]
AliNet:   9%|████▌                                               | 105/1200 [00:08<01:41, 10.79it/s]
AliNet:   9%|████▋                                               | 107/1200 [00:08<01:29, 12.17it/s]
AliNet:   9%|████▋                                               | 109/1200 [00:08<01:21, 13.37it/s]
AliNet:   9%|████▊                                               | 111/1200 [00:08<01:15, 14.34it/s]
AliNet:   9%|████▉                                               | 113/1200 [00:08<01:11, 15.12it/s]
AliNet:  10%|████▉                                               | 115/1200 [00:08<01:09, 15.72it/s]
AliNet:  10%|█████                                               | 117/1200 [00:08<01:06, 16.18it/s]
AliNet:  10%|█████▏                                              | 119/1200 [00:09<01:05, 16.50it/s]
AliNet:  10%|█████▏                                              | 121/1200 [00:09<01:04, 16.75it/s]
AliNet:  10%|█████▎                                              | 123/1200 [00:09<01:03, 16.91it/s]05:20:21 | INFO    | epoch  125/1200 | loss=0.0496 align=0.0051 rel=0.0445
05:20:22 | INFO    |            [filtered] MRR=0.1996 Hit@1=0.1416 Hit@5=0.2358 Hit@10=0.3146 MR=173.6 n=1370
05:20:22 | INFO    |            [multiref] MRR=0.5400 Hit@1=0.4566 Hit@5=0.6238 Hit@10=0.7170 MR=158.1 n=311
05:20:22 | INFO    |            -> new best filtered MRR=0.1996 (saved model_best.pt)

AliNet:  10%|█████▍                                              | 125/1200 [00:09<02:15,  7.95it/s]
AliNet:  11%|█████▌                                              | 127/1200 [00:09<01:53,  9.49it/s]
AliNet:  11%|█████▌                                              | 129/1200 [00:10<01:37, 11.00it/s]
AliNet:  11%|█████▋                                              | 131/1200 [00:10<01:26, 12.35it/s]
AliNet:  11%|█████▊                                              | 133/1200 [00:10<01:18, 13.52it/s]
AliNet:  11%|█████▊                                              | 135/1200 [00:10<01:13, 14.47it/s]
AliNet:  11%|█████▉                                              | 137/1200 [00:10<01:09, 15.23it/s]
AliNet:  12%|██████                                              | 139/1200 [00:10<01:07, 15.81it/s]
AliNet:  12%|██████                                              | 141/1200 [00:10<01:05, 16.24it/s]
AliNet:  12%|██████▏                                             | 143/1200 [00:10<01:03, 16.55it/s]
AliNet:  12%|██████▎                                             | 145/1200 [00:10<01:02, 16.79it/s]
AliNet:  12%|██████▎                                             | 147/1200 [00:11<01:02, 16.95it/s]
AliNet:  12%|██████▍                                             | 149/1200 [00:11<01:01, 17.06it/s]05:20:23 | INFO    | epoch  150/1200 | loss=0.0412 align=0.0039 rel=0.0372
05:20:23 | INFO    |            [filtered] MRR=0.2147 Hit@1=0.1540 Hit@5=0.2562 Hit@10=0.3299 MR=153.0 n=1370
05:20:23 | INFO    |            [multiref] MRR=0.5564 Hit@1=0.4630 Hit@5=0.6559 Hit@10=0.7331 MR=156.6 n=311
05:20:24 | INFO    |            -> new best filtered MRR=0.2147 (saved model_best.pt)

AliNet:  13%|██████▌                                             | 151/1200 [00:11<02:14,  7.78it/s]
AliNet:  13%|██████▋                                             | 153/1200 [00:11<01:52,  9.32it/s]
AliNet:  13%|██████▋                                             | 155/1200 [00:12<01:36, 10.84it/s]
AliNet:  13%|██████▊                                             | 157/1200 [00:12<01:25, 12.22it/s]
AliNet:  13%|██████▉                                             | 159/1200 [00:12<01:17, 13.41it/s]
AliNet:  13%|██████▉                                             | 161/1200 [00:12<01:12, 14.38it/s]
AliNet:  14%|███████                                             | 163/1200 [00:12<01:08, 15.16it/s]
AliNet:  14%|███████▏                                            | 165/1200 [00:12<01:05, 15.75it/s]
AliNet:  14%|███████▏                                            | 167/1200 [00:12<01:03, 16.21it/s]
AliNet:  14%|███████▎                                            | 169/1200 [00:12<01:02, 16.53it/s]
AliNet:  14%|███████▍                                            | 171/1200 [00:12<01:01, 16.75it/s]
AliNet:  14%|███████▍                                            | 173/1200 [00:13<01:01, 16.80it/s]05:20:25 | INFO    | epoch  175/1200 | loss=0.0374 align=0.0032 rel=0.0342
05:20:25 | INFO    |            [filtered] MRR=0.2212 Hit@1=0.1569 Hit@5=0.2723 Hit@10=0.3482 MR=135.1 n=1370
05:20:25 | INFO    |            [multiref] MRR=0.5557 Hit@1=0.4630 Hit@5=0.6752 Hit@10=0.7524 MR=137.1 n=311
05:20:26 | INFO    |            -> new best filtered MRR=0.2212 (saved model_best.pt)

AliNet:  15%|███████▌                                            | 175/1200 [00:13<02:15,  7.58it/s]
AliNet:  15%|███████▋                                            | 177/1200 [00:13<01:52,  9.13it/s]
AliNet:  15%|███████▊                                            | 179/1200 [00:13<01:35, 10.65it/s]
AliNet:  15%|███████▊                                            | 181/1200 [00:14<01:24, 12.04it/s]
AliNet:  15%|███████▉                                            | 183/1200 [00:14<01:16, 13.25it/s]
AliNet:  15%|████████                                            | 185/1200 [00:14<01:11, 14.25it/s]
AliNet:  16%|████████                                            | 187/1200 [00:14<01:07, 15.06it/s]
AliNet:  16%|████████▏                                           | 189/1200 [00:14<01:04, 15.68it/s]
AliNet:  16%|████████▎                                           | 191/1200 [00:14<01:02, 16.15it/s]
AliNet:  16%|████████▎                                           | 193/1200 [00:14<01:01, 16.50it/s]
AliNet:  16%|████████▍                                           | 195/1200 [00:14<00:59, 16.75it/s]
AliNet:  16%|████████▌                                           | 197/1200 [00:14<00:59, 16.93it/s]
AliNet:  17%|████████▌                                           | 199/1200 [00:15<00:58, 17.05it/s]05:20:27 | INFO    | epoch  200/1200 | loss=0.0342 align=0.0030 rel=0.0312
05:20:27 | INFO    |            [filtered] MRR=0.2327 Hit@1=0.1664 Hit@5=0.2847 Hit@10=0.3635 MR=131.0 n=1370
05:20:27 | INFO    |            [multiref] MRR=0.5745 Hit@1=0.4791 Hit@5=0.6881 Hit@10=0.7685 MR=156.4 n=311
05:20:28 | INFO    |            -> new best filtered MRR=0.2327 (saved model_best.pt)

AliNet:  17%|████████▋                                           | 201/1200 [00:15<02:10,  7.66it/s]
AliNet:  17%|████████▊                                           | 203/1200 [00:15<01:48,  9.18it/s]
AliNet:  17%|████████▉                                           | 205/1200 [00:15<01:33, 10.70it/s]
AliNet:  17%|████████▉                                           | 207/1200 [00:16<01:22, 12.09it/s]
AliNet:  17%|█████████                                           | 209/1200 [00:16<01:14, 13.31it/s]
AliNet:  18%|█████████▏                                          | 211/1200 [00:16<01:09, 14.32it/s]
AliNet:  18%|█████████▏                                          | 213/1200 [00:16<01:05, 15.12it/s]
AliNet:  18%|█████████▎                                          | 215/1200 [00:16<01:02, 15.74it/s]
AliNet:  18%|█████████▍                                          | 217/1200 [00:16<01:00, 16.19it/s]
AliNet:  18%|█████████▍                                          | 219/1200 [00:16<00:59, 16.53it/s]
AliNet:  18%|█████████▌                                          | 221/1200 [00:16<00:58, 16.77it/s]
AliNet:  19%|█████████▋                                          | 223/1200 [00:16<00:57, 16.95it/s]05:20:29 | INFO    | epoch  225/1200 | loss=0.0327 align=0.0030 rel=0.0297
05:20:29 | INFO    |            [filtered] MRR=0.2458 Hit@1=0.1810 Hit@5=0.2949 Hit@10=0.3774 MR=127.8 n=1370
05:20:29 | INFO    |            [multiref] MRR=0.5989 Hit@1=0.5145 Hit@5=0.7074 Hit@10=0.7846 MR=177.5 n=311
05:20:30 | INFO    |            -> new best filtered MRR=0.2458 (saved model_best.pt)

AliNet:  19%|█████████▊                                          | 225/1200 [00:17<02:05,  7.76it/s]
AliNet:  19%|█████████▊                                          | 227/1200 [00:17<01:44,  9.32it/s]
AliNet:  19%|█████████▉                                          | 229/1200 [00:17<01:29, 10.82it/s]
AliNet:  19%|██████████                                          | 231/1200 [00:17<01:19, 12.20it/s]
AliNet:  19%|██████████                                          | 233/1200 [00:17<01:12, 13.41it/s]
AliNet:  20%|██████████▏                                         | 235/1200 [00:18<01:07, 14.40it/s]
AliNet:  20%|██████████▎                                         | 237/1200 [00:18<01:03, 15.18it/s]
AliNet:  20%|██████████▎                                         | 239/1200 [00:18<01:00, 15.77it/s]
AliNet:  20%|██████████▍                                         | 241/1200 [00:18<00:59, 16.22it/s]
AliNet:  20%|██████████▌                                         | 243/1200 [00:18<00:57, 16.55it/s]
AliNet:  20%|██████████▌                                         | 245/1200 [00:18<00:56, 16.79it/s]
AliNet:  21%|██████████▋                                         | 247/1200 [00:18<00:56, 16.96it/s]
AliNet:  21%|██████████▊                                         | 249/1200 [00:18<00:55, 17.08it/s]05:20:31 | INFO    | epoch  250/1200 | loss=0.0309 align=0.0026 rel=0.0284
05:20:31 | INFO    |            [filtered] MRR=0.2490 Hit@1=0.1803 Hit@5=0.3044 Hit@10=0.3927 MR=129.2 n=1370
05:20:31 | INFO    |            [multiref] MRR=0.6040 Hit@1=0.5113 Hit@5=0.7299 Hit@10=0.8039 MR=206.7 n=311
05:20:31 | INFO    |            -> new best filtered MRR=0.2490 (saved model_best.pt)

AliNet:  21%|██████████▉                                         | 251/1200 [00:19<02:01,  7.81it/s]
AliNet:  21%|██████████▉                                         | 253/1200 [00:19<01:41,  9.35it/s]
AliNet:  21%|███████████                                         | 255/1200 [00:19<01:27, 10.85it/s]
AliNet:  21%|███████████▏                                        | 257/1200 [00:19<01:17, 12.23it/s]
AliNet:  22%|███████████▏                                        | 259/1200 [00:19<01:10, 13.42it/s]
AliNet:  22%|███████████▎                                        | 261/1200 [00:20<01:05, 14.40it/s]
AliNet:  22%|███████████▍                                        | 263/1200 [00:20<01:01, 15.18it/s]
AliNet:  22%|███████████▍                                        | 265/1200 [00:20<00:59, 15.76it/s]
AliNet:  22%|███████████▌                                        | 267/1200 [00:20<00:57, 16.22it/s]
AliNet:  22%|███████████▋                                        | 269/1200 [00:20<00:56, 16.54it/s]
AliNet:  23%|███████████▋                                        | 271/1200 [00:20<00:55, 16.78it/s]
AliNet:  23%|███████████▊                                        | 273/1200 [00:20<00:54, 16.94it/s]05:20:33 | INFO    | epoch  275/1200 | loss=0.0282 align=0.0022 rel=0.0260
05:20:33 | INFO    |            [filtered] MRR=0.2574 Hit@1=0.1861 Hit@5=0.3124 Hit@10=0.4117 MR=126.6 n=1370
05:20:33 | INFO    |            [multiref] MRR=0.6117 Hit@1=0.5209 Hit@5=0.7042 Hit@10=0.8039 MR=202.1 n=311
05:20:33 | INFO    |            -> new best filtered MRR=0.2574 (saved model_best.pt)

AliNet:  23%|███████████▉                                        | 275/1200 [00:21<02:08,  7.22it/s]
AliNet:  23%|████████████                                        | 277/1200 [00:21<01:45,  8.77it/s]
AliNet:  23%|████████████                                        | 279/1200 [00:21<01:29, 10.30it/s]
AliNet:  23%|████████████▏                                       | 281/1200 [00:21<01:18, 11.73it/s]
AliNet:  24%|████████████▎                                       | 283/1200 [00:21<01:10, 13.00it/s]
AliNet:  24%|████████████▎                                       | 285/1200 [00:21<01:05, 14.06it/s]
AliNet:  24%|████████████▍                                       | 287/1200 [00:22<01:01, 14.91it/s]
AliNet:  24%|████████████▌                                       | 289/1200 [00:22<00:58, 15.58it/s]
AliNet:  24%|████████████▌                                       | 291/1200 [00:22<00:56, 16.07it/s]
AliNet:  24%|████████████▋                                       | 293/1200 [00:22<00:55, 16.43it/s]
AliNet:  25%|████████████▊                                       | 295/1200 [00:22<00:54, 16.69it/s]
AliNet:  25%|████████████▊                                       | 297/1200 [00:22<00:53, 16.89it/s]
AliNet:  25%|████████████▉                                       | 299/1200 [00:22<00:52, 17.04it/s]05:20:35 | INFO    | epoch  300/1200 | loss=0.0269 align=0.0020 rel=0.0248
05:20:35 | INFO    |            [filtered] MRR=0.2686 Hit@1=0.1942 Hit@5=0.3336 Hit@10=0.4190 MR=119.6 n=1370
05:20:35 | INFO    |            [multiref] MRR=0.6175 Hit@1=0.5273 Hit@5=0.7235 Hit@10=0.8167 MR=195.7 n=311
05:20:35 | INFO    |            -> new best filtered MRR=0.2686 (saved model_best.pt)

AliNet:  25%|█████████████                                       | 301/1200 [00:23<01:53,  7.89it/s]
AliNet:  25%|█████████████▏                                      | 303/1200 [00:23<01:35,  9.44it/s]
AliNet:  25%|█████████████▏                                      | 305/1200 [00:23<01:21, 10.93it/s]
AliNet:  26%|█████████████▎                                      | 307/1200 [00:23<01:12, 12.30it/s]
AliNet:  26%|█████████████▍                                      | 309/1200 [00:23<01:06, 13.48it/s]
AliNet:  26%|█████████████▍                                      | 311/1200 [00:23<01:01, 14.45it/s]
AliNet:  26%|█████████████▌                                      | 313/1200 [00:24<00:58, 15.22it/s]
AliNet:  26%|█████████████▋                                      | 315/1200 [00:24<00:56, 15.80it/s]
AliNet:  26%|█████████████▋                                      | 317/1200 [00:24<00:54, 16.24it/s]
AliNet:  27%|█████████████▊                                      | 319/1200 [00:24<00:53, 16.56it/s]
AliNet:  27%|█████████████▉                                      | 321/1200 [00:24<00:52, 16.80it/s]
AliNet:  27%|█████████████▉                                      | 323/1200 [00:24<00:51, 16.96it/s]05:20:37 | INFO    | epoch  325/1200 | loss=0.0264 align=0.0019 rel=0.0246
05:20:37 | INFO    |            [filtered] MRR=0.2715 Hit@1=0.1949 Hit@5=0.3372 Hit@10=0.4314 MR=116.2 n=1370
05:20:37 | INFO    |            [multiref] MRR=0.6247 Hit@1=0.5370 Hit@5=0.7363 Hit@10=0.8135 MR=194.8 n=311
05:20:37 | INFO    |            -> new best filtered MRR=0.2715 (saved model_best.pt)

AliNet:  27%|██████████████                                      | 325/1200 [00:25<01:51,  7.84it/s]
AliNet:  27%|██████████████▏                                     | 327/1200 [00:25<01:32,  9.40it/s]
AliNet:  27%|██████████████▎                                     | 329/1200 [00:25<01:19, 10.90it/s]
AliNet:  28%|██████████████▎                                     | 331/1200 [00:25<01:10, 12.27it/s]
AliNet:  28%|██████████████▍                                     | 333/1200 [00:25<01:04, 13.46it/s]
AliNet:  28%|██████████████▌                                     | 335/1200 [00:25<00:59, 14.44it/s]
AliNet:  28%|██████████████▌                                     | 337/1200 [00:25<00:56, 15.21it/s]
AliNet:  28%|██████████████▋                                     | 339/1200 [00:25<00:54, 15.80it/s]
AliNet:  28%|██████████████▊                                     | 341/1200 [00:26<00:52, 16.25it/s]
AliNet:  29%|██████████████▊                                     | 343/1200 [00:26<00:51, 16.57it/s]
AliNet:  29%|██████████████▉                                     | 345/1200 [00:26<00:50, 16.80it/s]
AliNet:  29%|███████████████                                     | 347/1200 [00:26<00:50, 16.96it/s]
AliNet:  29%|███████████████                                     | 349/1200 [00:26<00:49, 17.08it/s]05:20:39 | INFO    | epoch  350/1200 | loss=0.0252 align=0.0016 rel=0.0236
05:20:39 | INFO    |            [filtered] MRR=0.2598 Hit@1=0.1818 Hit@5=0.3292 Hit@10=0.4190 MR=118.1 n=1370
05:20:39 | INFO    |            [multiref] MRR=0.5891 Hit@1=0.4791 Hit@5=0.7235 Hit@10=0.8135 MR=204.1 n=311

AliNet:  29%|███████████████▏                                    | 351/1200 [00:26<01:18, 10.81it/s]
AliNet:  29%|███████████████▎                                    | 353/1200 [00:27<01:09, 12.20it/s]
AliNet:  30%|███████████████▍                                    | 355/1200 [00:27<01:03, 13.40it/s]
AliNet:  30%|███████████████▍                                    | 357/1200 [00:27<00:58, 14.38it/s]
AliNet:  30%|███████████████▌                                    | 359/1200 [00:27<00:55, 15.16it/s]
AliNet:  30%|███████████████▋                                    | 361/1200 [00:27<00:53, 15.75it/s]
AliNet:  30%|███████████████▋                                    | 363/1200 [00:27<00:51, 16.21it/s]
AliNet:  30%|███████████████▊                                    | 365/1200 [00:27<00:50, 16.54it/s]
AliNet:  31%|███████████████▉                                    | 367/1200 [00:27<00:49, 16.78it/s]
AliNet:  31%|███████████████▉                                    | 369/1200 [00:27<00:49, 16.94it/s]
AliNet:  31%|████████████████                                    | 371/1200 [00:28<00:48, 17.07it/s]
AliNet:  31%|████████████████▏                                   | 373/1200 [00:28<00:48, 17.16it/s]05:20:40 | INFO    | epoch  375/1200 | loss=0.0252 align=0.0018 rel=0.0234
05:20:40 | INFO    |            [filtered] MRR=0.2662 Hit@1=0.1847 Hit@5=0.3394 Hit@10=0.4285 MR=110.9 n=1370
05:20:40 | INFO    |            [multiref] MRR=0.5986 Hit@1=0.4952 Hit@5=0.7331 Hit@10=0.8103 MR=184.1 n=311

AliNet:  31%|████████████████▎                                   | 375/1200 [00:28<01:15, 10.89it/s]
AliNet:  31%|████████████████▎                                   | 377/1200 [00:28<01:07, 12.28it/s]
AliNet:  32%|████████████████▍                                   | 379/1200 [00:28<01:00, 13.46it/s]
AliNet:  32%|████████████████▌                                   | 381/1200 [00:28<00:56, 14.44it/s]
AliNet:  32%|████████████████▌                                   | 383/1200 [00:28<00:53, 15.21it/s]
AliNet:  32%|████████████████▋                                   | 385/1200 [00:29<00:51, 15.79it/s]
AliNet:  32%|████████████████▊                                   | 387/1200 [00:29<00:50, 16.23it/s]
AliNet:  32%|████████████████▊                                   | 389/1200 [00:29<00:49, 16.55it/s]
AliNet:  33%|████████████████▉                                   | 391/1200 [00:29<00:48, 16.79it/s]
AliNet:  33%|█████████████████                                   | 393/1200 [00:29<00:47, 16.95it/s]
AliNet:  33%|█████████████████                                   | 395/1200 [00:29<00:47, 17.07it/s]
AliNet:  33%|█████████████████▏                                  | 397/1200 [00:29<00:46, 17.14it/s]
AliNet:  33%|█████████████████▎                                  | 399/1200 [00:29<00:46, 17.22it/s]05:20:42 | INFO    | epoch  400/1200 | loss=0.0236 align=0.0014 rel=0.0223
05:20:42 | INFO    |            [filtered] MRR=0.2729 Hit@1=0.1912 Hit@5=0.3453 Hit@10=0.4336 MR=110.1 n=1370
05:20:42 | INFO    |            [multiref] MRR=0.6003 Hit@1=0.4984 Hit@5=0.7299 Hit@10=0.8167 MR=191.5 n=311
05:20:43 | INFO    |            -> new best filtered MRR=0.2729 (saved model_best.pt)

AliNet:  33%|█████████████████▍                                  | 401/1200 [00:30<02:34,  5.16it/s]
AliNet:  34%|█████████████████▍                                  | 403/1200 [00:31<02:01,  6.53it/s]
AliNet:  34%|█████████████████▌                                  | 405/1200 [00:31<01:38,  8.04it/s]
AliNet:  34%|█████████████████▋                                  | 407/1200 [00:31<01:22,  9.58it/s]
AliNet:  34%|█████████████████▋                                  | 409/1200 [00:31<01:11, 11.07it/s]
AliNet:  34%|█████████████████▊                                  | 411/1200 [00:31<01:03, 12.43it/s]
AliNet:  34%|█████████████████▉                                  | 413/1200 [00:31<00:57, 13.58it/s]
AliNet:  35%|█████████████████▉                                  | 415/1200 [00:31<00:54, 14.52it/s]
AliNet:  35%|██████████████████                                  | 417/1200 [00:31<00:51, 15.27it/s]
AliNet:  35%|██████████████████▏                                 | 419/1200 [00:31<00:49, 15.85it/s]
AliNet:  35%|██████████████████▏                                 | 421/1200 [00:32<00:47, 16.28it/s]
AliNet:  35%|██████████████████▎                                 | 423/1200 [00:32<00:46, 16.59it/s]05:20:44 | INFO    | epoch  425/1200 | loss=0.0220 align=0.0016 rel=0.0204
05:20:44 | INFO    |            [filtered] MRR=0.2755 Hit@1=0.1964 Hit@5=0.3401 Hit@10=0.4372 MR=112.7 n=1370
05:20:44 | INFO    |            [multiref] MRR=0.6070 Hit@1=0.5080 Hit@5=0.7363 Hit@10=0.8232 MR=208.4 n=311
05:20:45 | INFO    |            -> new best filtered MRR=0.2755 (saved model_best.pt)

AliNet:  35%|██████████████████▍                                 | 425/1200 [00:32<01:40,  7.72it/s]
AliNet:  36%|██████████████████▌                                 | 427/1200 [00:32<01:23,  9.27it/s]
AliNet:  36%|██████████████████▌                                 | 429/1200 [00:32<01:11, 10.78it/s]
AliNet:  36%|██████████████████▋                                 | 431/1200 [00:33<01:03, 12.16it/s]
AliNet:  36%|██████████████████▊                                 | 433/1200 [00:33<00:57, 13.36it/s]
AliNet:  36%|██████████████████▊                                 | 435/1200 [00:33<00:53, 14.35it/s]
AliNet:  36%|██████████████████▉                                 | 437/1200 [00:33<00:50, 15.14it/s]
AliNet:  37%|███████████████████                                 | 439/1200 [00:33<00:48, 15.75it/s]
AliNet:  37%|███████████████████                                 | 441/1200 [00:33<00:46, 16.19it/s]
AliNet:  37%|███████████████████▏                                | 443/1200 [00:33<00:45, 16.52it/s]
AliNet:  37%|███████████████████▎                                | 445/1200 [00:33<00:45, 16.76it/s]
AliNet:  37%|███████████████████▎                                | 447/1200 [00:34<00:44, 16.94it/s]
AliNet:  37%|███████████████████▍                                | 449/1200 [00:34<00:44, 17.06it/s]05:20:46 | INFO    | epoch  450/1200 | loss=0.0219 align=0.0014 rel=0.0205
05:20:46 | INFO    |            [filtered] MRR=0.2925 Hit@1=0.2131 Hit@5=0.3650 Hit@10=0.4591 MR=113.6 n=1370
05:20:46 | INFO    |            [multiref] MRR=0.6203 Hit@1=0.5305 Hit@5=0.7299 Hit@10=0.8199 MR=221.4 n=311
05:20:47 | INFO    |            -> new best filtered MRR=0.2925 (saved model_best.pt)

AliNet:  38%|███████████████████▌                                | 451/1200 [00:34<01:35,  7.82it/s]
AliNet:  38%|███████████████████▋                                | 453/1200 [00:34<01:19,  9.37it/s]
AliNet:  38%|███████████████████▋                                | 455/1200 [00:34<01:08, 10.87it/s]
AliNet:  38%|███████████████████▊                                | 457/1200 [00:35<01:00, 12.24it/s]
AliNet:  38%|███████████████████▉                                | 459/1200 [00:35<00:55, 13.42it/s]
AliNet:  38%|███████████████████▉                                | 461/1200 [00:35<00:51, 14.40it/s]
AliNet:  39%|████████████████████                                | 463/1200 [00:35<00:48, 15.17it/s]
AliNet:  39%|████████████████████▏                               | 465/1200 [00:35<00:46, 15.77it/s]
AliNet:  39%|████████████████████▏                               | 467/1200 [00:35<00:45, 16.20it/s]
AliNet:  39%|████████████████████▎                               | 469/1200 [00:35<00:44, 16.45it/s]
AliNet:  39%|████████████████████▍                               | 471/1200 [00:35<00:43, 16.70it/s]
AliNet:  39%|████████████████████▍                               | 473/1200 [00:35<00:43, 16.89it/s]05:20:48 | INFO    | epoch  475/1200 | loss=0.0213 align=0.0017 rel=0.0196
05:20:48 | INFO    |            [filtered] MRR=0.3001 Hit@1=0.2175 Hit@5=0.3723 Hit@10=0.4613 MR=113.3 n=1370
05:20:48 | INFO    |            [multiref] MRR=0.6306 Hit@1=0.5498 Hit@5=0.7170 Hit@10=0.8296 MR=208.0 n=311
05:20:49 | INFO    |            -> new best filtered MRR=0.3001 (saved model_best.pt)

AliNet:  40%|████████████████████▌                               | 475/1200 [00:36<01:32,  7.88it/s]
AliNet:  40%|████████████████████▋                               | 477/1200 [00:36<01:16,  9.43it/s]
AliNet:  40%|████████████████████▊                               | 479/1200 [00:36<01:05, 10.93it/s]
AliNet:  40%|████████████████████▊                               | 481/1200 [00:36<00:58, 12.30it/s]
AliNet:  40%|████████████████████▉                               | 483/1200 [00:37<00:53, 13.48it/s]
AliNet:  40%|█████████████████████                               | 485/1200 [00:37<00:49, 14.45it/s]
AliNet:  41%|█████████████████████                               | 487/1200 [00:37<00:46, 15.20it/s]
AliNet:  41%|█████████████████████▏                              | 489/1200 [00:37<00:45, 15.80it/s]
AliNet:  41%|█████████████████████▎                              | 491/1200 [00:37<00:43, 16.22it/s]
AliNet:  41%|█████████████████████▎                              | 493/1200 [00:37<00:42, 16.54it/s]
AliNet:  41%|█████████████████████▍                              | 495/1200 [00:37<00:42, 16.77it/s]
AliNet:  41%|█████████████████████▌                              | 497/1200 [00:37<00:41, 16.94it/s]
AliNet:  42%|█████████████████████▌                              | 499/1200 [00:37<00:41, 17.06it/s]05:20:50 | INFO    | epoch  500/1200 | loss=0.0207 align=0.0013 rel=0.0193
05:20:50 | INFO    |            [filtered] MRR=0.3051 Hit@1=0.2226 Hit@5=0.3759 Hit@10=0.4650 MR=115.1 n=1370
05:20:50 | INFO    |            [multiref] MRR=0.6301 Hit@1=0.5434 Hit@5=0.7267 Hit@10=0.8103 MR=195.1 n=311
05:20:51 | INFO    |            -> new best filtered MRR=0.3051 (saved model_best.pt)

AliNet:  42%|█████████████████████▋                              | 501/1200 [00:38<01:28,  7.89it/s]
AliNet:  42%|█████████████████████▊                              | 503/1200 [00:38<01:13,  9.44it/s]
AliNet:  42%|█████████████████████▉                              | 505/1200 [00:38<01:03, 10.93it/s]
AliNet:  42%|█████████████████████▉                              | 507/1200 [00:38<00:56, 12.30it/s]
AliNet:  42%|██████████████████████                              | 509/1200 [00:38<00:51, 13.48it/s]
AliNet:  43%|██████████████████████▏                             | 511/1200 [00:39<00:47, 14.45it/s]
AliNet:  43%|██████████████████████▏                             | 513/1200 [00:39<00:45, 15.21it/s]
AliNet:  43%|██████████████████████▎                             | 515/1200 [00:39<00:43, 15.79it/s]
AliNet:  43%|██████████████████████▍                             | 517/1200 [00:39<00:42, 16.23it/s]
AliNet:  43%|██████████████████████▍                             | 519/1200 [00:39<00:41, 16.54it/s]
AliNet:  43%|██████████████████████▌                             | 521/1200 [00:39<00:40, 16.78it/s]
AliNet:  44%|██████████████████████▋                             | 523/1200 [00:39<00:39, 16.94it/s]05:20:52 | INFO    | epoch  525/1200 | loss=0.0202 align=0.0014 rel=0.0187
05:20:52 | INFO    |            [filtered] MRR=0.3098 Hit@1=0.2277 Hit@5=0.3847 Hit@10=0.4774 MR=116.8 n=1370
05:20:52 | INFO    |            [multiref] MRR=0.6336 Hit@1=0.5434 Hit@5=0.7428 Hit@10=0.8199 MR=216.3 n=311
05:20:52 | INFO    |            -> new best filtered MRR=0.3098 (saved model_best.pt)

AliNet:  44%|██████████████████████▊                             | 525/1200 [00:40<01:26,  7.76it/s]
AliNet:  44%|██████████████████████▊                             | 527/1200 [00:40<01:12,  9.31it/s]
AliNet:  44%|██████████████████████▉                             | 529/1200 [00:40<01:02, 10.82it/s]
AliNet:  44%|███████████████████████                             | 531/1200 [00:40<00:54, 12.20it/s]
AliNet:  44%|███████████████████████                             | 533/1200 [00:40<00:49, 13.39it/s]
AliNet:  45%|███████████████████████▏                            | 535/1200 [00:40<00:46, 14.38it/s]
AliNet:  45%|███████████████████████▎                            | 537/1200 [00:41<00:43, 15.16it/s]
AliNet:  45%|███████████████████████▎                            | 539/1200 [00:41<00:41, 15.76it/s]
AliNet:  45%|███████████████████████▍                            | 541/1200 [00:41<00:40, 16.21it/s]
AliNet:  45%|███████████████████████▌                            | 543/1200 [00:41<00:39, 16.54it/s]
AliNet:  45%|███████████████████████▌                            | 545/1200 [00:41<00:39, 16.77it/s]
AliNet:  46%|███████████████████████▋                            | 547/1200 [00:41<00:38, 16.94it/s]
AliNet:  46%|███████████████████████▊                            | 549/1200 [00:41<00:38, 17.07it/s]05:20:54 | INFO    | epoch  550/1200 | loss=0.0199 align=0.0008 rel=0.0191
05:20:54 | INFO    |            [filtered] MRR=0.3190 Hit@1=0.2343 Hit@5=0.3942 Hit@10=0.4912 MR=108.9 n=1370
05:20:54 | INFO    |            [multiref] MRR=0.6411 Hit@1=0.5531 Hit@5=0.7428 Hit@10=0.8296 MR=211.0 n=311
05:20:54 | INFO    |            -> new best filtered MRR=0.3190 (saved model_best.pt)

AliNet:  46%|███████████████████████▉                            | 551/1200 [00:42<01:23,  7.82it/s]
AliNet:  46%|███████████████████████▉                            | 553/1200 [00:42<01:09,  9.36it/s]
AliNet:  46%|████████████████████████                            | 555/1200 [00:42<00:59, 10.87it/s]
AliNet:  46%|████████████████████████▏                           | 557/1200 [00:42<00:52, 12.24it/s]
AliNet:  47%|████████████████████████▏                           | 559/1200 [00:42<00:47, 13.42it/s]
AliNet:  47%|████████████████████████▎                           | 561/1200 [00:42<00:44, 14.40it/s]
AliNet:  47%|████████████████████████▍                           | 563/1200 [00:43<00:41, 15.17it/s]
AliNet:  47%|████████████████████████▍                           | 565/1200 [00:43<00:40, 15.76it/s]
AliNet:  47%|████████████████████████▌                           | 567/1200 [00:43<00:39, 16.21it/s]
AliNet:  47%|████████████████████████▋                           | 569/1200 [00:43<00:38, 16.53it/s]
AliNet:  48%|████████████████████████▋                           | 571/1200 [00:43<00:37, 16.76it/s]
AliNet:  48%|████████████████████████▊                           | 573/1200 [00:43<00:37, 16.94it/s]05:20:56 | INFO    | epoch  575/1200 | loss=0.0194 align=0.0009 rel=0.0185
05:20:56 | INFO    |            [filtered] MRR=0.3239 Hit@1=0.2401 Hit@5=0.4029 Hit@10=0.4971 MR=104.1 n=1370
05:20:56 | INFO    |            [multiref] MRR=0.6356 Hit@1=0.5466 Hit@5=0.7524 Hit@10=0.8232 MR=201.6 n=311
05:20:56 | INFO    |            -> new best filtered MRR=0.3239 (saved model_best.pt)

AliNet:  48%|████████████████████████▉                           | 575/1200 [00:44<01:21,  7.69it/s]
AliNet:  48%|█████████████████████████                           | 577/1200 [00:44<01:07,  9.24it/s]
AliNet:  48%|█████████████████████████                           | 579/1200 [00:44<00:57, 10.75it/s]
AliNet:  48%|█████████████████████████▏                          | 581/1200 [00:44<00:51, 12.14it/s]
AliNet:  49%|█████████████████████████▎                          | 583/1200 [00:44<00:46, 13.34it/s]
AliNet:  49%|█████████████████████████▎                          | 585/1200 [00:44<00:42, 14.33it/s]
AliNet:  49%|█████████████████████████▍                          | 587/1200 [00:44<00:40, 15.10it/s]
AliNet:  49%|█████████████████████████▌                          | 589/1200 [00:45<00:38, 15.72it/s]
AliNet:  49%|█████████████████████████▌                          | 591/1200 [00:45<00:37, 16.19it/s]
AliNet:  49%|█████████████████████████▋                          | 593/1200 [00:45<00:36, 16.50it/s]
AliNet:  50%|█████████████████████████▊                          | 595/1200 [00:45<00:36, 16.74it/s]
AliNet:  50%|█████████████████████████▊                          | 597/1200 [00:45<00:35, 16.92it/s]
AliNet:  50%|█████████████████████████▉                          | 599/1200 [00:45<00:35, 17.04it/s]05:20:58 | INFO    | epoch  600/1200 | loss=0.0196 align=0.0011 rel=0.0184
05:20:58 | INFO    |            [filtered] MRR=0.3278 Hit@1=0.2467 Hit@5=0.3985 Hit@10=0.4876 MR=98.8 n=1370
05:20:58 | INFO    |            [multiref] MRR=0.6408 Hit@1=0.5531 Hit@5=0.7492 Hit@10=0.8167 MR=187.3 n=311
05:20:58 | INFO    |            -> new best filtered MRR=0.3278 (saved model_best.pt)

AliNet:  50%|██████████████████████████                          | 601/1200 [00:46<01:16,  7.80it/s]
AliNet:  50%|██████████████████████████▏                         | 603/1200 [00:46<01:03,  9.34it/s]
AliNet:  50%|██████████████████████████▏                         | 605/1200 [00:46<00:54, 10.84it/s]
AliNet:  51%|██████████████████████████▎                         | 607/1200 [00:46<00:48, 12.21it/s]
AliNet:  51%|██████████████████████████▍                         | 609/1200 [00:46<00:44, 13.40it/s]
AliNet:  51%|██████████████████████████▍                         | 611/1200 [00:46<00:40, 14.39it/s]
AliNet:  51%|██████████████████████████▌                         | 613/1200 [00:46<00:38, 15.16it/s]
AliNet:  51%|██████████████████████████▋                         | 615/1200 [00:46<00:37, 15.75it/s]
AliNet:  51%|██████████████████████████▋                         | 617/1200 [00:47<00:36, 16.18it/s]
AliNet:  52%|██████████████████████████▊                         | 619/1200 [00:47<00:35, 16.51it/s]
AliNet:  52%|██████████████████████████▉                         | 621/1200 [00:47<00:34, 16.74it/s]
AliNet:  52%|██████████████████████████▉                         | 623/1200 [00:47<00:34, 16.91it/s]05:21:00 | INFO    | epoch  625/1200 | loss=0.0192 align=0.0010 rel=0.0182
05:21:00 | INFO    |            [filtered] MRR=0.3306 Hit@1=0.2380 Hit@5=0.4197 Hit@10=0.5095 MR=103.9 n=1370
05:21:00 | INFO    |            [multiref] MRR=0.6486 Hit@1=0.5563 Hit@5=0.7621 Hit@10=0.8135 MR=206.9 n=311
05:21:00 | INFO    |            -> new best filtered MRR=0.3306 (saved model_best.pt)

AliNet:  52%|███████████████████████████                         | 625/1200 [00:48<01:15,  7.64it/s]
AliNet:  52%|███████████████████████████▏                        | 627/1200 [00:48<01:02,  9.19it/s]
AliNet:  52%|███████████████████████████▎                        | 629/1200 [00:48<00:53, 10.70it/s]
AliNet:  53%|███████████████████████████▎                        | 631/1200 [00:48<00:47, 12.09it/s]
AliNet:  53%|███████████████████████████▍                        | 633/1200 [00:48<00:42, 13.29it/s]
AliNet:  53%|███████████████████████████▌                        | 635/1200 [00:48<00:39, 14.29it/s]
AliNet:  53%|███████████████████████████▌                        | 637/1200 [00:48<00:37, 15.09it/s]
AliNet:  53%|███████████████████████████▋                        | 639/1200 [00:48<00:35, 15.69it/s]
AliNet:  53%|███████████████████████████▊                        | 641/1200 [00:48<00:34, 16.15it/s]
AliNet:  54%|███████████████████████████▊                        | 643/1200 [00:49<00:33, 16.48it/s]
AliNet:  54%|███████████████████████████▉                        | 645/1200 [00:49<00:33, 16.73it/s]
AliNet:  54%|████████████████████████████                        | 647/1200 [00:49<00:32, 16.92it/s]
AliNet:  54%|████████████████████████████                        | 649/1200 [00:49<00:32, 17.03it/s]05:21:02 | INFO    | epoch  650/1200 | loss=0.0182 align=0.0010 rel=0.0172
05:21:02 | INFO    |            [filtered] MRR=0.3358 Hit@1=0.2496 Hit@5=0.4182 Hit@10=0.5066 MR=105.8 n=1370
05:21:02 | INFO    |            [multiref] MRR=0.6491 Hit@1=0.5595 Hit@5=0.7717 Hit@10=0.8232 MR=220.1 n=311
05:21:02 | INFO    |            -> new best filtered MRR=0.3358 (saved model_best.pt)

AliNet:  54%|████████████████████████████▏                       | 651/1200 [00:49<01:09,  7.87it/s]
AliNet:  54%|████████████████████████████▎                       | 653/1200 [00:50<00:58,  9.42it/s]
AliNet:  55%|████████████████████████████▍                       | 655/1200 [00:50<00:49, 10.92it/s]
AliNet:  55%|████████████████████████████▍                       | 657/1200 [00:50<00:44, 12.29it/s]
AliNet:  55%|████████████████████████████▌                       | 659/1200 [00:50<00:40, 13.46it/s]
AliNet:  55%|████████████████████████████▋                       | 661/1200 [00:50<00:37, 14.44it/s]
AliNet:  55%|████████████████████████████▋                       | 663/1200 [00:50<00:35, 15.20it/s]
AliNet:  55%|████████████████████████████▊                       | 665/1200 [00:50<00:33, 15.78it/s]
AliNet:  56%|████████████████████████████▉                       | 667/1200 [00:50<00:32, 16.23it/s]
AliNet:  56%|████████████████████████████▉                       | 669/1200 [00:51<00:32, 16.54it/s]
AliNet:  56%|█████████████████████████████                       | 671/1200 [00:51<00:31, 16.78it/s]
AliNet:  56%|█████████████████████████████▏                      | 673/1200 [00:51<00:31, 16.92it/s]05:21:03 | INFO    | epoch  675/1200 | loss=0.0188 align=0.0010 rel=0.0178
05:21:04 | INFO    |            [filtered] MRR=0.3338 Hit@1=0.2453 Hit@5=0.4168 Hit@10=0.5000 MR=106.7 n=1370
05:21:04 | INFO    |            [multiref] MRR=0.6492 Hit@1=0.5563 Hit@5=0.7621 Hit@10=0.8392 MR=218.0 n=311

AliNet:  56%|█████████████████████████████▎                      | 675/1200 [00:51<00:49, 10.69it/s]
AliNet:  56%|█████████████████████████████▎                      | 677/1200 [00:51<00:43, 12.10it/s]
AliNet:  57%|█████████████████████████████▍                      | 679/1200 [00:51<00:39, 13.31it/s]
AliNet:  57%|█████████████████████████████▌                      | 681/1200 [00:51<00:36, 14.30it/s]
AliNet:  57%|█████████████████████████████▌                      | 683/1200 [00:52<00:34, 15.10it/s]
AliNet:  57%|█████████████████████████████▋                      | 685/1200 [00:52<00:32, 15.71it/s]
AliNet:  57%|█████████████████████████████▊                      | 687/1200 [00:52<00:31, 16.15it/s]
AliNet:  57%|█████████████████████████████▊                      | 689/1200 [00:52<00:30, 16.49it/s]
AliNet:  58%|█████████████████████████████▉                      | 691/1200 [00:52<00:30, 16.74it/s]
AliNet:  58%|██████████████████████████████                      | 693/1200 [00:52<00:29, 16.92it/s]
AliNet:  58%|██████████████████████████████                      | 695/1200 [00:52<00:29, 17.04it/s]
AliNet:  58%|██████████████████████████████▏                     | 697/1200 [00:52<00:29, 17.12it/s]
AliNet:  58%|██████████████████████████████▎                     | 699/1200 [00:52<00:29, 17.18it/s]05:21:05 | INFO    | epoch  700/1200 | loss=0.0182 align=0.0009 rel=0.0173
05:21:05 | INFO    |            [filtered] MRR=0.3431 Hit@1=0.2555 Hit@5=0.4263 Hit@10=0.5241 MR=100.3 n=1370
05:21:05 | INFO    |            [multiref] MRR=0.6470 Hit@1=0.5563 Hit@5=0.7621 Hit@10=0.8489 MR=208.3 n=311
05:21:06 | INFO    |            -> new best filtered MRR=0.3431 (saved model_best.pt)

AliNet:  58%|██████████████████████████████▍                     | 701/1200 [00:53<01:04,  7.74it/s]
AliNet:  59%|██████████████████████████████▍                     | 703/1200 [00:53<00:53,  9.28it/s]
AliNet:  59%|██████████████████████████████▌                     | 705/1200 [00:53<00:45, 10.79it/s]
AliNet:  59%|██████████████████████████████▋                     | 707/1200 [00:53<00:40, 12.16it/s]
AliNet:  59%|██████████████████████████████▋                     | 709/1200 [00:54<00:36, 13.36it/s]
AliNet:  59%|██████████████████████████████▊                     | 711/1200 [00:54<00:34, 14.35it/s]
AliNet:  59%|██████████████████████████████▉                     | 713/1200 [00:54<00:32, 15.13it/s]
AliNet:  60%|██████████████████████████████▉                     | 715/1200 [00:54<00:30, 15.72it/s]
AliNet:  60%|███████████████████████████████                     | 717/1200 [00:54<00:29, 16.19it/s]
AliNet:  60%|███████████████████████████████▏                    | 719/1200 [00:54<00:29, 16.51it/s]
AliNet:  60%|███████████████████████████████▏                    | 721/1200 [00:54<00:28, 16.74it/s]
AliNet:  60%|███████████████████████████████▎                    | 723/1200 [00:54<00:28, 16.92it/s]05:21:07 | INFO    | epoch  725/1200 | loss=0.0169 align=0.0008 rel=0.0161
05:21:07 | INFO    |            [filtered] MRR=0.3474 Hit@1=0.2664 Hit@5=0.4168 Hit@10=0.5270 MR=103.6 n=1370
05:21:07 | INFO    |            [multiref] MRR=0.6681 Hit@1=0.5916 Hit@5=0.7621 Hit@10=0.8360 MR=228.9 n=311
05:21:07 | INFO    |            -> new best filtered MRR=0.3474 (saved model_best.pt)

AliNet:  60%|███████████████████████████████▍                    | 725/1200 [00:55<01:00,  7.84it/s]
AliNet:  61%|███████████████████████████████▌                    | 727/1200 [00:55<00:50,  9.40it/s]
AliNet:  61%|███████████████████████████████▌                    | 729/1200 [00:55<00:43, 10.90it/s]
AliNet:  61%|███████████████████████████████▋                    | 731/1200 [00:55<00:38, 12.27it/s]
AliNet:  61%|███████████████████████████████▊                    | 733/1200 [00:55<00:34, 13.45it/s]
AliNet:  61%|███████████████████████████████▊                    | 735/1200 [00:55<00:32, 14.42it/s]
AliNet:  61%|███████████████████████████████▉                    | 737/1200 [00:56<00:30, 15.18it/s]
AliNet:  62%|████████████████████████████████                    | 739/1200 [00:56<00:29, 15.77it/s]
AliNet:  62%|████████████████████████████████                    | 741/1200 [00:56<00:28, 16.21it/s]
AliNet:  62%|████████████████████████████████▏                   | 743/1200 [00:56<00:27, 16.50it/s]
AliNet:  62%|████████████████████████████████▎                   | 745/1200 [00:56<00:27, 16.72it/s]
AliNet:  62%|████████████████████████████████▎                   | 747/1200 [00:56<00:26, 16.89it/s]
AliNet:  62%|████████████████████████████████▍                   | 749/1200 [00:56<00:26, 16.99it/s]05:21:09 | INFO    | epoch  750/1200 | loss=0.0177 align=0.0008 rel=0.0169
05:21:09 | INFO    |            [filtered] MRR=0.3592 Hit@1=0.2745 Hit@5=0.4285 Hit@10=0.5299 MR=94.0 n=1370
05:21:09 | INFO    |            [multiref] MRR=0.6684 Hit@1=0.5884 Hit@5=0.7685 Hit@10=0.8328 MR=203.1 n=311
05:21:09 | INFO    |            -> new best filtered MRR=0.3592 (saved model_best.pt)

AliNet:  63%|████████████████████████████████▌                   | 751/1200 [00:57<00:57,  7.83it/s]
AliNet:  63%|████████████████████████████████▋                   | 753/1200 [00:57<00:47,  9.37it/s]
AliNet:  63%|████████████████████████████████▋                   | 755/1200 [00:57<00:40, 10.87it/s]
AliNet:  63%|████████████████████████████████▊                   | 757/1200 [00:57<00:36, 12.24it/s]
AliNet:  63%|████████████████████████████████▉                   | 759/1200 [00:57<00:32, 13.42it/s]
AliNet:  63%|████████████████████████████████▉                   | 761/1200 [00:57<00:30, 14.40it/s]
AliNet:  64%|█████████████████████████████████                   | 763/1200 [00:58<00:28, 15.16it/s]
AliNet:  64%|█████████████████████████████████▏                  | 765/1200 [00:58<00:27, 15.75it/s]
AliNet:  64%|█████████████████████████████████▏                  | 767/1200 [00:58<00:26, 16.19it/s]
AliNet:  64%|█████████████████████████████████▎                  | 769/1200 [00:58<00:26, 16.52it/s]
AliNet:  64%|█████████████████████████████████▍                  | 771/1200 [00:58<00:25, 16.74it/s]
AliNet:  64%|█████████████████████████████████▍                  | 773/1200 [00:58<00:25, 16.91it/s]05:21:11 | INFO    | epoch  775/1200 | loss=0.0175 align=0.0009 rel=0.0166
05:21:11 | INFO    |            [filtered] MRR=0.3521 Hit@1=0.2672 Hit@5=0.4241 Hit@10=0.5314 MR=94.9 n=1370
05:21:11 | INFO    |            [multiref] MRR=0.6685 Hit@1=0.5949 Hit@5=0.7717 Hit@10=0.8392 MR=206.1 n=311

AliNet:  65%|█████████████████████████████████▌                  | 775/1200 [00:58<00:39, 10.70it/s]
AliNet:  65%|█████████████████████████████████▋                  | 777/1200 [00:59<00:34, 12.11it/s]
AliNet:  65%|█████████████████████████████████▊                  | 779/1200 [00:59<00:31, 13.32it/s]
AliNet:  65%|█████████████████████████████████▊                  | 781/1200 [00:59<00:29, 14.32it/s]
AliNet:  65%|█████████████████████████████████▉                  | 783/1200 [00:59<00:27, 15.11it/s]
AliNet:  65%|██████████████████████████████████                  | 785/1200 [00:59<00:26, 15.70it/s]
AliNet:  66%|██████████████████████████████████                  | 787/1200 [00:59<00:25, 16.15it/s]
AliNet:  66%|██████████████████████████████████▏                 | 789/1200 [00:59<00:24, 16.49it/s]
AliNet:  66%|██████████████████████████████████▎                 | 791/1200 [00:59<00:24, 16.73it/s]
AliNet:  66%|██████████████████████████████████▎                 | 793/1200 [01:00<00:24, 16.89it/s]
AliNet:  66%|██████████████████████████████████▍                 | 795/1200 [01:00<00:23, 17.03it/s]
AliNet:  66%|██████████████████████████████████▌                 | 797/1200 [01:00<00:23, 17.11it/s]
AliNet:  67%|██████████████████████████████████▌                 | 799/1200 [01:00<00:23, 17.18it/s]05:21:12 | INFO    | epoch  800/1200 | loss=0.0175 align=0.0009 rel=0.0166
05:21:13 | INFO    |            [filtered] MRR=0.3474 Hit@1=0.2620 Hit@5=0.4219 Hit@10=0.5328 MR=96.1 n=1370
05:21:13 | INFO    |            [multiref] MRR=0.6610 Hit@1=0.5788 Hit@5=0.7653 Hit@10=0.8457 MR=207.7 n=311

AliNet:  67%|██████████████████████████████████▋                 | 801/1200 [01:00<00:36, 10.82it/s]
AliNet:  67%|██████████████████████████████████▊                 | 803/1200 [01:00<00:32, 12.20it/s]
AliNet:  67%|██████████████████████████████████▉                 | 805/1200 [01:00<00:29, 13.39it/s]
AliNet:  67%|██████████████████████████████████▉                 | 807/1200 [01:01<00:27, 14.36it/s]
AliNet:  67%|███████████████████████████████████                 | 809/1200 [01:01<00:25, 15.14it/s]
AliNet:  68%|███████████████████████████████████▏                | 811/1200 [01:01<00:24, 15.74it/s]
AliNet:  68%|███████████████████████████████████▏                | 813/1200 [01:01<00:23, 16.18it/s]
AliNet:  68%|███████████████████████████████████▎                | 815/1200 [01:01<00:23, 16.50it/s]
AliNet:  68%|███████████████████████████████████▍                | 817/1200 [01:01<00:22, 16.74it/s]
AliNet:  68%|███████████████████████████████████▍                | 819/1200 [01:01<00:22, 16.91it/s]
AliNet:  68%|███████████████████████████████████▌                | 821/1200 [01:01<00:22, 17.04it/s]
AliNet:  69%|███████████████████████████████████▋                | 823/1200 [01:01<00:22, 17.11it/s]05:21:14 | INFO    | epoch  825/1200 | loss=0.0173 align=0.0008 rel=0.0165
05:21:14 | INFO    |            [filtered] MRR=0.3625 Hit@1=0.2759 Hit@5=0.4401 Hit@10=0.5409 MR=93.9 n=1370
05:21:14 | INFO    |            [multiref] MRR=0.6830 Hit@1=0.6109 Hit@5=0.7781 Hit@10=0.8392 MR=209.2 n=311
05:21:15 | INFO    |            -> new best filtered MRR=0.3625 (saved model_best.pt)

AliNet:  69%|███████████████████████████████████▊                | 825/1200 [01:02<00:48,  7.78it/s]
AliNet:  69%|███████████████████████████████████▊                | 827/1200 [01:02<00:40,  9.32it/s]
AliNet:  69%|███████████████████████████████████▉                | 829/1200 [01:02<00:34, 10.82it/s]
AliNet:  69%|████████████████████████████████████                | 831/1200 [01:02<00:30, 12.20it/s]
AliNet:  69%|████████████████████████████████████                | 833/1200 [01:03<00:27, 13.39it/s]
AliNet:  70%|████████████████████████████████████▏               | 835/1200 [01:03<00:25, 14.37it/s]
AliNet:  70%|████████████████████████████████████▎               | 837/1200 [01:03<00:23, 15.13it/s]
AliNet:  70%|████████████████████████████████████▎               | 839/1200 [01:03<00:22, 15.73it/s]
AliNet:  70%|████████████████████████████████████▍               | 841/1200 [01:03<00:22, 16.18it/s]
AliNet:  70%|████████████████████████████████████▌               | 843/1200 [01:03<00:21, 16.50it/s]
AliNet:  70%|████████████████████████████████████▌               | 845/1200 [01:03<00:21, 16.71it/s]
AliNet:  71%|████████████████████████████████████▋               | 847/1200 [01:03<00:20, 16.87it/s]
AliNet:  71%|████████████████████████████████████▊               | 849/1200 [01:03<00:20, 16.99it/s]05:21:16 | INFO    | epoch  850/1200 | loss=0.0161 align=0.0008 rel=0.0154
05:21:16 | INFO    |            [filtered] MRR=0.3651 Hit@1=0.2832 Hit@5=0.4460 Hit@10=0.5438 MR=94.7 n=1370
05:21:16 | INFO    |            [multiref] MRR=0.6686 Hit@1=0.5852 Hit@5=0.7749 Hit@10=0.8296 MR=219.7 n=311
05:21:17 | INFO    |            -> new best filtered MRR=0.3651 (saved model_best.pt)

AliNet:  71%|████████████████████████████████████▉               | 851/1200 [01:04<00:45,  7.59it/s]
AliNet:  71%|████████████████████████████████████▉               | 853/1200 [01:04<00:37,  9.14it/s]
AliNet:  71%|█████████████████████████████████████               | 855/1200 [01:04<00:32, 10.65it/s]
AliNet:  71%|█████████████████████████████████████▏              | 857/1200 [01:04<00:28, 12.04it/s]
AliNet:  72%|█████████████████████████████████████▏              | 859/1200 [01:05<00:25, 13.25it/s]
AliNet:  72%|█████████████████████████████████████▎              | 861/1200 [01:05<00:23, 14.25it/s]
AliNet:  72%|█████████████████████████████████████▍              | 863/1200 [01:05<00:22, 15.05it/s]
AliNet:  72%|█████████████████████████████████████▍              | 865/1200 [01:05<00:21, 15.66it/s]
AliNet:  72%|█████████████████████████████████████▌              | 867/1200 [01:05<00:20, 16.11it/s]
AliNet:  72%|█████████████████████████████████████▋              | 869/1200 [01:05<00:20, 16.45it/s]
AliNet:  73%|█████████████████████████████████████▋              | 871/1200 [01:05<00:19, 16.69it/s]
AliNet:  73%|█████████████████████████████████████▊              | 873/1200 [01:05<00:19, 16.88it/s]05:21:18 | INFO    | epoch  875/1200 | loss=0.0165 align=0.0009 rel=0.0156
05:21:18 | INFO    |            [filtered] MRR=0.3621 Hit@1=0.2810 Hit@5=0.4328 Hit@10=0.5380 MR=92.5 n=1370
05:21:18 | INFO    |            [multiref] MRR=0.6710 Hit@1=0.5949 Hit@5=0.7685 Hit@10=0.8360 MR=205.6 n=311

AliNet:  73%|█████████████████████████████████████▉              | 875/1200 [01:06<00:29, 10.84it/s]
AliNet:  73%|██████████████████████████████████████              | 877/1200 [01:06<00:26, 12.23it/s]
AliNet:  73%|██████████████████████████████████████              | 879/1200 [01:06<00:23, 13.42it/s]
AliNet:  73%|██████████████████████████████████████▏             | 881/1200 [01:06<00:22, 14.40it/s]
AliNet:  74%|██████████████████████████████████████▎             | 883/1200 [01:06<00:20, 15.17it/s]
AliNet:  74%|██████████████████████████████████████▎             | 885/1200 [01:06<00:20, 15.75it/s]
AliNet:  74%|██████████████████████████████████████▍             | 887/1200 [01:06<00:19, 16.19it/s]
AliNet:  74%|██████████████████████████████████████▌             | 889/1200 [01:06<00:18, 16.51it/s]
AliNet:  74%|██████████████████████████████████████▌             | 891/1200 [01:07<00:18, 16.76it/s]
AliNet:  74%|██████████████████████████████████████▋             | 893/1200 [01:07<00:18, 16.93it/s]
AliNet:  75%|██████████████████████████████████████▊             | 895/1200 [01:07<00:17, 17.04it/s]
AliNet:  75%|██████████████████████████████████████▊             | 897/1200 [01:07<00:17, 17.12it/s]
AliNet:  75%|██████████████████████████████████████▉             | 899/1200 [01:07<00:17, 17.18it/s]05:21:20 | INFO    | epoch  900/1200 | loss=0.0162 align=0.0009 rel=0.0153
05:21:20 | INFO    |            [filtered] MRR=0.3676 Hit@1=0.2803 Hit@5=0.4467 Hit@10=0.5526 MR=87.8 n=1370
05:21:20 | INFO    |            [multiref] MRR=0.6826 Hit@1=0.6013 Hit@5=0.7814 Hit@10=0.8360 MR=208.3 n=311
05:21:20 | INFO    |            -> new best filtered MRR=0.3676 (saved model_best.pt)

AliNet:  75%|███████████████████████████████████████             | 901/1200 [01:08<00:38,  7.75it/s]
AliNet:  75%|███████████████████████████████████████▏            | 903/1200 [01:08<00:31,  9.29it/s]
AliNet:  75%|███████████████████████████████████████▏            | 905/1200 [01:08<00:27, 10.79it/s]
AliNet:  76%|███████████████████████████████████████▎            | 907/1200 [01:08<00:24, 12.17it/s]
AliNet:  76%|███████████████████████████████████████▍            | 909/1200 [01:08<00:21, 13.36it/s]
AliNet:  76%|███████████████████████████████████████▍            | 911/1200 [01:08<00:20, 14.34it/s]
AliNet:  76%|███████████████████████████████████████▌            | 913/1200 [01:08<00:18, 15.11it/s]
AliNet:  76%|███████████████████████████████████████▋            | 915/1200 [01:08<00:18, 15.72it/s]
AliNet:  76%|███████████████████████████████████████▋            | 917/1200 [01:09<00:17, 16.15it/s]
AliNet:  77%|███████████████████████████████████████▊            | 919/1200 [01:09<00:17, 16.46it/s]
AliNet:  77%|███████████████████████████████████████▉            | 921/1200 [01:09<00:16, 16.70it/s]
AliNet:  77%|███████████████████████████████████████▉            | 923/1200 [01:09<00:16, 16.87it/s]05:21:22 | INFO    | epoch  925/1200 | loss=0.0157 align=0.0007 rel=0.0150
05:21:22 | INFO    |            [filtered] MRR=0.3741 Hit@1=0.2883 Hit@5=0.4555 Hit@10=0.5620 MR=99.1 n=1370
05:21:22 | INFO    |            [multiref] MRR=0.6832 Hit@1=0.6109 Hit@5=0.7814 Hit@10=0.8424 MR=246.6 n=311
05:21:22 | INFO    |            -> new best filtered MRR=0.3741 (saved model_best.pt)

AliNet:  77%|████████████████████████████████████████            | 925/1200 [01:09<00:35,  7.83it/s]
AliNet:  77%|████████████████████████████████████████▏           | 927/1200 [01:10<00:29,  9.38it/s]
AliNet:  77%|████████████████████████████████████████▎           | 929/1200 [01:10<00:24, 10.88it/s]
AliNet:  78%|████████████████████████████████████████▎           | 931/1200 [01:10<00:21, 12.24it/s]
AliNet:  78%|████████████████████████████████████████▍           | 933/1200 [01:10<00:19, 13.42it/s]
AliNet:  78%|████████████████████████████████████████▌           | 935/1200 [01:10<00:18, 14.39it/s]
AliNet:  78%|████████████████████████████████████████▌           | 937/1200 [01:10<00:17, 15.15it/s]
AliNet:  78%|████████████████████████████████████████▋           | 939/1200 [01:10<00:16, 15.74it/s]
AliNet:  78%|████████████████████████████████████████▊           | 941/1200 [01:10<00:16, 16.19it/s]
AliNet:  79%|████████████████████████████████████████▊           | 943/1200 [01:11<00:15, 16.51it/s]
AliNet:  79%|████████████████████████████████████████▉           | 945/1200 [01:11<00:15, 16.74it/s]
AliNet:  79%|█████████████████████████████████████████           | 947/1200 [01:11<00:14, 16.89it/s]
AliNet:  79%|█████████████████████████████████████████           | 949/1200 [01:11<00:14, 17.02it/s]05:21:24 | INFO    | epoch  950/1200 | loss=0.0154 align=0.0009 rel=0.0145
05:21:24 | INFO    |            [filtered] MRR=0.3856 Hit@1=0.2934 Hit@5=0.4774 Hit@10=0.5708 MR=98.5 n=1370
05:21:24 | INFO    |            [multiref] MRR=0.6873 Hit@1=0.6109 Hit@5=0.7717 Hit@10=0.8392 MR=241.8 n=311
05:21:24 | INFO    |            -> new best filtered MRR=0.3856 (saved model_best.pt)

AliNet:  79%|█████████████████████████████████████████▏          | 951/1200 [01:11<00:31,  7.89it/s]
AliNet:  79%|█████████████████████████████████████████▎          | 953/1200 [01:12<00:26,  9.43it/s]
AliNet:  80%|█████████████████████████████████████████▍          | 955/1200 [01:12<00:22, 10.92it/s]
AliNet:  80%|█████████████████████████████████████████▍          | 957/1200 [01:12<00:19, 12.28it/s]
AliNet:  80%|█████████████████████████████████████████▌          | 959/1200 [01:12<00:17, 13.46it/s]
AliNet:  80%|█████████████████████████████████████████▋          | 961/1200 [01:12<00:16, 14.42it/s]
AliNet:  80%|█████████████████████████████████████████▋          | 963/1200 [01:12<00:15, 15.17it/s]
AliNet:  80%|█████████████████████████████████████████▊          | 965/1200 [01:12<00:14, 15.76it/s]
AliNet:  81%|█████████████████████████████████████████▉          | 967/1200 [01:12<00:14, 16.17it/s]
AliNet:  81%|█████████████████████████████████████████▉          | 969/1200 [01:12<00:14, 16.46it/s]
AliNet:  81%|██████████████████████████████████████████          | 971/1200 [01:13<00:13, 16.67it/s]
AliNet:  81%|██████████████████████████████████████████▏         | 973/1200 [01:13<00:13, 16.85it/s]05:21:25 | INFO    | epoch  975/1200 | loss=0.0151 align=0.0008 rel=0.0143
05:21:25 | INFO    |            [filtered] MRR=0.3746 Hit@1=0.2847 Hit@5=0.4599 Hit@10=0.5620 MR=97.1 n=1370
05:21:25 | INFO    |            [multiref] MRR=0.6790 Hit@1=0.5949 Hit@5=0.7749 Hit@10=0.8328 MR=237.9 n=311

AliNet:  81%|██████████████████████████████████████████▎         | 975/1200 [01:13<00:20, 10.77it/s]
AliNet:  81%|██████████████████████████████████████████▎         | 977/1200 [01:13<00:18, 12.16it/s]
AliNet:  82%|██████████████████████████████████████████▍         | 979/1200 [01:13<00:16, 13.36it/s]
AliNet:  82%|██████████████████████████████████████████▌         | 981/1200 [01:13<00:15, 14.34it/s]
AliNet:  82%|██████████████████████████████████████████▌         | 983/1200 [01:14<00:14, 15.11it/s]
AliNet:  82%|██████████████████████████████████████████▋         | 985/1200 [01:14<00:13, 15.71it/s]
AliNet:  82%|██████████████████████████████████████████▊         | 987/1200 [01:14<00:13, 16.15it/s]
AliNet:  82%|██████████████████████████████████████████▊         | 989/1200 [01:14<00:12, 16.48it/s]
AliNet:  83%|██████████████████████████████████████████▉         | 991/1200 [01:14<00:12, 16.68it/s]
AliNet:  83%|███████████████████████████████████████████         | 993/1200 [01:14<00:12, 16.84it/s]
AliNet:  83%|███████████████████████████████████████████         | 995/1200 [01:14<00:12, 16.96it/s]
AliNet:  83%|███████████████████████████████████████████▏        | 997/1200 [01:14<00:11, 17.06it/s]
AliNet:  83%|███████████████████████████████████████████▎        | 999/1200 [01:14<00:11, 17.13it/s]05:21:27 | INFO    | epoch 1000/1200 | loss=0.0149 align=0.0008 rel=0.0142
05:21:27 | INFO    |            [filtered] MRR=0.3844 Hit@1=0.2978 Hit@5=0.4693 Hit@10=0.5788 MR=96.6 n=1370
05:21:27 | INFO    |            [multiref] MRR=0.6823 Hit@1=0.6077 Hit@5=0.7814 Hit@10=0.8360 MR=239.5 n=311

AliNet:  83%|██████████████████████████████████████████▌        | 1001/1200 [01:15<00:18, 10.92it/s]
AliNet:  84%|██████████████████████████████████████████▋        | 1003/1200 [01:15<00:16, 12.29it/s]
AliNet:  84%|██████████████████████████████████████████▋        | 1005/1200 [01:15<00:14, 13.46it/s]
AliNet:  84%|██████████████████████████████████████████▊        | 1007/1200 [01:15<00:13, 14.42it/s]
AliNet:  84%|██████████████████████████████████████████▉        | 1009/1200 [01:15<00:12, 15.19it/s]
AliNet:  84%|██████████████████████████████████████████▉        | 1011/1200 [01:15<00:12, 15.74it/s]
AliNet:  84%|███████████████████████████████████████████        | 1013/1200 [01:15<00:11, 16.18it/s]
AliNet:  85%|███████████████████████████████████████████▏       | 1015/1200 [01:16<00:11, 16.50it/s]
AliNet:  85%|███████████████████████████████████████████▏       | 1017/1200 [01:16<00:10, 16.73it/s]
AliNet:  85%|███████████████████████████████████████████▎       | 1019/1200 [01:16<00:10, 16.90it/s]
AliNet:  85%|███████████████████████████████████████████▍       | 1021/1200 [01:16<00:10, 16.99it/s]
AliNet:  85%|███████████████████████████████████████████▍       | 1023/1200 [01:16<00:10, 17.06it/s]05:21:29 | INFO    | epoch 1025/1200 | loss=0.0157 align=0.0011 rel=0.0146
05:21:29 | INFO    |            [filtered] MRR=0.3814 Hit@1=0.2847 Hit@5=0.4737 Hit@10=0.5818 MR=96.9 n=1370
05:21:29 | INFO    |            [multiref] MRR=0.6858 Hit@1=0.6045 Hit@5=0.7781 Hit@10=0.8392 MR=237.9 n=311

AliNet:  85%|███████████████████████████████████████████▌       | 1025/1200 [01:16<00:16, 10.93it/s]
AliNet:  86%|███████████████████████████████████████████▋       | 1027/1200 [01:17<00:14, 12.30it/s]
AliNet:  86%|███████████████████████████████████████████▋       | 1029/1200 [01:17<00:12, 13.47it/s]
AliNet:  86%|███████████████████████████████████████████▊       | 1031/1200 [01:17<00:11, 14.42it/s]
AliNet:  86%|███████████████████████████████████████████▉       | 1033/1200 [01:17<00:11, 15.03it/s]
AliNet:  86%|███████████████████████████████████████████▉       | 1035/1200 [01:17<00:10, 15.64it/s]
AliNet:  86%|████████████████████████████████████████████       | 1037/1200 [01:17<00:10, 16.10it/s]
AliNet:  87%|████████████████████████████████████████████▏      | 1039/1200 [01:17<00:09, 16.45it/s]
AliNet:  87%|████████████████████████████████████████████▏      | 1041/1200 [01:17<00:09, 16.66it/s]
AliNet:  87%|████████████████████████████████████████████▎      | 1043/1200 [01:17<00:09, 16.83it/s]
AliNet:  87%|████████████████████████████████████████████▍      | 1045/1200 [01:18<00:09, 16.96it/s]
AliNet:  87%|████████████████████████████████████████████▍      | 1047/1200 [01:18<00:08, 17.06it/s]
AliNet:  87%|████████████████████████████████████████████▌      | 1049/1200 [01:18<00:08, 17.14it/s]05:21:30 | INFO    | epoch 1050/1200 | loss=0.0158 align=0.0006 rel=0.0152
05:21:31 | INFO    |            [filtered] MRR=0.3875 Hit@1=0.2985 Hit@5=0.4745 Hit@10=0.5723 MR=100.8 n=1370
05:21:31 | INFO    |            [multiref] MRR=0.6998 Hit@1=0.6334 Hit@5=0.7653 Hit@10=0.8264 MR=249.2 n=311
05:21:31 | INFO    |            -> new best filtered MRR=0.3875 (saved model_best.pt)

AliNet:  88%|████████████████████████████████████████████▋      | 1051/1200 [01:18<00:19,  7.77it/s]
AliNet:  88%|████████████████████████████████████████████▊      | 1053/1200 [01:18<00:15,  9.31it/s]
AliNet:  88%|████████████████████████████████████████████▊      | 1055/1200 [01:19<00:13, 10.80it/s]
AliNet:  88%|████████████████████████████████████████████▉      | 1057/1200 [01:19<00:11, 12.17it/s]
AliNet:  88%|█████████████████████████████████████████████      | 1059/1200 [01:19<00:10, 13.36it/s]
AliNet:  88%|█████████████████████████████████████████████      | 1061/1200 [01:19<00:09, 14.34it/s]
AliNet:  89%|█████████████████████████████████████████████▏     | 1063/1200 [01:19<00:09, 15.11it/s]
AliNet:  89%|█████████████████████████████████████████████▎     | 1065/1200 [01:19<00:08, 15.69it/s]
AliNet:  89%|█████████████████████████████████████████████▎     | 1067/1200 [01:19<00:08, 16.13it/s]
AliNet:  89%|█████████████████████████████████████████████▍     | 1069/1200 [01:19<00:07, 16.45it/s]
AliNet:  89%|█████████████████████████████████████████████▌     | 1071/1200 [01:20<00:07, 16.69it/s]
AliNet:  89%|█████████████████████████████████████████████▌     | 1073/1200 [01:20<00:07, 16.87it/s]05:21:32 | INFO    | epoch 1075/1200 | loss=0.0150 align=0.0008 rel=0.0142
05:21:32 | INFO    |            [filtered] MRR=0.3834 Hit@1=0.2949 Hit@5=0.4832 Hit@10=0.5599 MR=99.9 n=1370
05:21:32 | INFO    |            [multiref] MRR=0.6911 Hit@1=0.6206 Hit@5=0.7685 Hit@10=0.8264 MR=256.0 n=311

AliNet:  90%|█████████████████████████████████████████████▋     | 1075/1200 [01:20<00:11, 10.80it/s]
AliNet:  90%|█████████████████████████████████████████████▊     | 1077/1200 [01:20<00:10, 12.19it/s]
AliNet:  90%|█████████████████████████████████████████████▊     | 1079/1200 [01:20<00:09, 13.38it/s]
AliNet:  90%|█████████████████████████████████████████████▉     | 1081/1200 [01:20<00:08, 14.36it/s]
AliNet:  90%|██████████████████████████████████████████████     | 1083/1200 [01:20<00:07, 15.14it/s]
AliNet:  90%|██████████████████████████████████████████████     | 1085/1200 [01:21<00:07, 15.73it/s]
AliNet:  91%|██████████████████████████████████████████████▏    | 1087/1200 [01:21<00:06, 16.16it/s]
AliNet:  91%|██████████████████████████████████████████████▎    | 1089/1200 [01:21<00:06, 16.48it/s]
AliNet:  91%|██████████████████████████████████████████████▎    | 1091/1200 [01:21<00:06, 16.73it/s]
AliNet:  91%|██████████████████████████████████████████████▍    | 1093/1200 [01:21<00:06, 16.86it/s]
AliNet:  91%|██████████████████████████████████████████████▌    | 1095/1200 [01:21<00:06, 16.92it/s]
AliNet:  91%|██████████████████████████████████████████████▌    | 1097/1200 [01:21<00:06, 16.99it/s]
AliNet:  92%|██████████████████████████████████████████████▋    | 1099/1200 [01:21<00:05, 17.05it/s]05:21:34 | INFO    | epoch 1100/1200 | loss=0.0147 align=0.0009 rel=0.0138
05:21:34 | INFO    |            [filtered] MRR=0.3884 Hit@1=0.2971 Hit@5=0.4766 Hit@10=0.5774 MR=99.9 n=1370
05:21:34 | INFO    |            [multiref] MRR=0.6879 Hit@1=0.6141 Hit@5=0.7685 Hit@10=0.8296 MR=268.0 n=311
05:21:34 | INFO    |            -> new best filtered MRR=0.3884 (saved model_best.pt)

AliNet:  92%|██████████████████████████████████████████████▊    | 1101/1200 [01:22<00:12,  7.92it/s]
AliNet:  92%|██████████████████████████████████████████████▉    | 1103/1200 [01:22<00:10,  9.46it/s]
AliNet:  92%|██████████████████████████████████████████████▉    | 1105/1200 [01:22<00:08, 10.95it/s]
AliNet:  92%|███████████████████████████████████████████████    | 1107/1200 [01:22<00:07, 12.30it/s]
AliNet:  92%|███████████████████████████████████████████████▏   | 1109/1200 [01:22<00:06, 13.47it/s]
AliNet:  93%|███████████████████████████████████████████████▏   | 1111/1200 [01:23<00:06, 14.42it/s]
AliNet:  93%|███████████████████████████████████████████████▎   | 1113/1200 [01:23<00:05, 15.18it/s]
AliNet:  93%|███████████████████████████████████████████████▍   | 1115/1200 [01:23<00:05, 15.75it/s]
AliNet:  93%|███████████████████████████████████████████████▍   | 1117/1200 [01:23<00:05, 16.18it/s]
AliNet:  93%|███████████████████████████████████████████████▌   | 1119/1200 [01:23<00:04, 16.47it/s]
AliNet:  93%|███████████████████████████████████████████████▋   | 1121/1200 [01:23<00:04, 16.64it/s]
AliNet:  94%|███████████████████████████████████████████████▋   | 1123/1200 [01:23<00:04, 16.79it/s]05:21:36 | INFO    | epoch 1125/1200 | loss=0.0148 align=0.0008 rel=0.0139
05:21:36 | INFO    |            [filtered] MRR=0.3877 Hit@1=0.2978 Hit@5=0.4766 Hit@10=0.5847 MR=97.6 n=1370
05:21:36 | INFO    |            [multiref] MRR=0.6834 Hit@1=0.6077 Hit@5=0.7653 Hit@10=0.8392 MR=266.3 n=311

AliNet:  94%|███████████████████████████████████████████████▊   | 1125/1200 [01:24<00:06, 10.72it/s]
AliNet:  94%|███████████████████████████████████████████████▉   | 1127/1200 [01:24<00:06, 12.12it/s]
AliNet:  94%|███████████████████████████████████████████████▉   | 1129/1200 [01:24<00:05, 13.31it/s]
AliNet:  94%|████████████████████████████████████████████████   | 1131/1200 [01:24<00:04, 14.30it/s]
AliNet:  94%|████████████████████████████████████████████████▏  | 1133/1200 [01:24<00:04, 15.08it/s]
AliNet:  95%|████████████████████████████████████████████████▏  | 1135/1200 [01:24<00:04, 15.66it/s]
AliNet:  95%|████████████████████████████████████████████████▎  | 1137/1200 [01:24<00:03, 16.11it/s]
AliNet:  95%|████████████████████████████████████████████████▍  | 1139/1200 [01:24<00:03, 16.44it/s]
AliNet:  95%|████████████████████████████████████████████████▍  | 1141/1200 [01:24<00:03, 16.69it/s]
AliNet:  95%|████████████████████████████████████████████████▌  | 1143/1200 [01:25<00:03, 16.85it/s]
AliNet:  95%|████████████████████████████████████████████████▋  | 1145/1200 [01:25<00:03, 16.93it/s]
AliNet:  96%|████████████████████████████████████████████████▋  | 1147/1200 [01:25<00:03, 17.02it/s]
AliNet:  96%|████████████████████████████████████████████████▊  | 1149/1200 [01:25<00:02, 17.09it/s]05:21:38 | INFO    | epoch 1150/1200 | loss=0.0144 align=0.0006 rel=0.0137
05:21:38 | INFO    |            [filtered] MRR=0.3988 Hit@1=0.3029 Hit@5=0.4869 Hit@10=0.6029 MR=98.9 n=1370
05:21:38 | INFO    |            [multiref] MRR=0.6894 Hit@1=0.6141 Hit@5=0.7685 Hit@10=0.8296 MR=269.1 n=311
05:21:38 | INFO    |            -> new best filtered MRR=0.3988 (saved model_best.pt)

AliNet:  96%|████████████████████████████████████████████████▉  | 1151/1200 [01:26<00:06,  7.85it/s]
AliNet:  96%|█████████████████████████████████████████████████  | 1153/1200 [01:26<00:05,  9.39it/s]
AliNet:  96%|█████████████████████████████████████████████████  | 1155/1200 [01:26<00:04, 10.88it/s]
AliNet:  96%|█████████████████████████████████████████████████▏ | 1157/1200 [01:26<00:03, 12.24it/s]
AliNet:  97%|█████████████████████████████████████████████████▎ | 1159/1200 [01:26<00:03, 13.42it/s]
AliNet:  97%|█████████████████████████████████████████████████▎ | 1161/1200 [01:26<00:02, 14.38it/s]
AliNet:  97%|█████████████████████████████████████████████████▍ | 1163/1200 [01:26<00:02, 15.14it/s]
AliNet:  97%|█████████████████████████████████████████████████▌ | 1165/1200 [01:26<00:02, 15.72it/s]
AliNet:  97%|█████████████████████████████████████████████████▌ | 1167/1200 [01:26<00:02, 16.10it/s]
AliNet:  97%|█████████████████████████████████████████████████▋ | 1169/1200 [01:27<00:01, 16.43it/s]
AliNet:  98%|█████████████████████████████████████████████████▊ | 1171/1200 [01:27<00:01, 16.69it/s]
AliNet:  98%|█████████████████████████████████████████████████▊ | 1173/1200 [01:27<00:01, 16.85it/s]05:21:39 | INFO    | epoch 1175/1200 | loss=0.0146 align=0.0007 rel=0.0140
05:21:40 | INFO    |            [filtered] MRR=0.4054 Hit@1=0.3124 Hit@5=0.4883 Hit@10=0.5985 MR=100.4 n=1370
05:21:40 | INFO    |            [multiref] MRR=0.6916 Hit@1=0.6206 Hit@5=0.7685 Hit@10=0.8296 MR=273.5 n=311
05:21:40 | INFO    |            -> new best filtered MRR=0.4054 (saved model_best.pt)

AliNet:  98%|█████████████████████████████████████████████████▉ | 1175/1200 [01:27<00:03,  7.92it/s]
AliNet:  98%|██████████████████████████████████████████████████ | 1177/1200 [01:27<00:02,  9.46it/s]
AliNet:  98%|██████████████████████████████████████████████████ | 1179/1200 [01:28<00:01, 10.95it/s]
AliNet:  98%|██████████████████████████████████████████████████▏| 1181/1200 [01:28<00:01, 12.30it/s]
AliNet:  99%|██████████████████████████████████████████████████▎| 1183/1200 [01:28<00:01, 13.47it/s]
AliNet:  99%|██████████████████████████████████████████████████▎| 1185/1200 [01:28<00:01, 14.43it/s]
AliNet:  99%|██████████████████████████████████████████████████▍| 1187/1200 [01:28<00:00, 15.17it/s]
AliNet:  99%|██████████████████████████████████████████████████▌| 1189/1200 [01:28<00:00, 15.75it/s]
AliNet:  99%|██████████████████████████████████████████████████▌| 1191/1200 [01:28<00:00, 16.18it/s]
AliNet:  99%|██████████████████████████████████████████████████▋| 1193/1200 [01:28<00:00, 16.49it/s]
AliNet: 100%|██████████████████████████████████████████████████▊| 1195/1200 [01:29<00:00, 16.70it/s]
AliNet: 100%|██████████████████████████████████████████████████▊| 1197/1200 [01:29<00:00, 16.82it/s]
AliNet: 100%|██████████████████████████████████████████████████▉| 1199/1200 [01:29<00:00, 16.91it/s]05:21:41 | INFO    | epoch 1200/1200 | loss=0.0143 align=0.0005 rel=0.0138
05:21:41 | INFO    |            [filtered] MRR=0.4012 Hit@1=0.3088 Hit@5=0.4971 Hit@10=0.5883 MR=100.6 n=1370
05:21:41 | INFO    |            [multiref] MRR=0.6819 Hit@1=0.5981 Hit@5=0.7749 Hit@10=0.8232 MR=270.0 n=311

AliNet: 100%|███████████████████████████████████████████████████| 1200/1200 [01:29<00:00, 13.40it/s]
05:21:42 | INFO    | Done in 1.5 min. Best filtered MRR=0.4054 @ epoch 1175.
05:21:42 | INFO    | Final evaluation on the test split, read once
05:21:43 | INFO    |   [cosine] filtMRR=0.3099 H@1=0.2122 H@10=0.5024 n=12592 | mrefMRR=0.6084 H@1=0.5101
05:21:43 | INFO    |   [  csls] filtMRR=0.2804 H@1=0.1904 H@10=0.4549 n=12592 | mrefMRR=0.6416 H@1=0.5597
05:21:45 | INFO    |   [cosine] F1=0.5362 P=0.4099 R=0.7752 (threshold 0.892 from validation, validation F1=0.5631)
05:21:45 | INFO    | Wrote experiments/alinet_closeMatch_20260929-052009/result.json
05:21:45 | INFO    | Finished. Best validation MRR=0.4054 @ epoch 1175.
