05:22:49 | INFO    | Model: bootea | seed 2026 | device: cuda:0
05:22:49 | INFO    | Regime closeMatch | graph: 84,182 nodes, 131,238 triples, 50,435 UCPGx candidates
05:22:49 | INFO    |   broadMatch/pgx   train=  3,744 test=  8,599 (70%) queries= 6,866 by cluster    leakage=0.00%
05:22:49 | INFO    |   closeMatch       train=  2,738 test=  6,296 (70%) queries= 1,490 by cluster    leakage=0.00%
05:22:49 | INFO    |   sameAs           train= 19,942 test= 46,531 (70%) queries=10,883 by cluster    leakage=0.00%
05:22:49 | INFO    |   broadMatch/onco  train= 25,039 test= 47,737 (66%) queries= 2,032 intra-cluster leakage=0.00%
05:22:49 | INFO    |   relatedMatch     train=  2,801 test=  6,289 (69%) queries=   812 intra-cluster leakage=0.00%
05:22:49 | INFO    |   related          train=471,647 test=762,046 (62%) queries=16,977 intra-cluster leakage=0.00%
05:22:49 | INFO    | Data: {'num_entities': 84182, 'num_relations': 13, 'triples': 131238, 'train_pairs': 2053, 'val_pairs': 685, 'candidates': 50435, 'unlabeled_pool': 49550}
05:22:51 | INFO    | Params: 6.31M
05:22:51 | INFO    | Run directory: experiments/bootea_closeMatch_20260929-052248
05:22:51 | INFO    | BootEA | device=cuda:0 | {'num_entities': 84182, 'num_relations': 13, 'triples': 131238, 'train_pairs': 2053, 'val_pairs': 685, 'candidates': 50435, 'unlabeled_pool': 49550} triples(+swap)=140666

BootEA:   0%|                                                              | 0/1000 [00:00<?, ?it/s]
BootEA:   0%|                                                      | 1/1000 [00:00<04:33,  3.65it/s]
BootEA:   0%|▏                                                     | 3/1000 [00:00<02:07,  7.81it/s]
BootEA:   0%|▎                                                     | 5/1000 [00:00<01:41,  9.83it/s]
BootEA:   1%|▍                                                     | 7/1000 [00:00<01:30, 10.96it/s]
BootEA:   1%|▍                                                     | 9/1000 [00:00<01:25, 11.64it/s]
BootEA:   1%|▌                                                    | 11/1000 [00:01<01:22, 12.05it/s]
BootEA:   1%|▋                                                    | 13/1000 [00:01<01:19, 12.35it/s]
BootEA:   2%|▊                                                    | 15/1000 [00:01<01:18, 12.56it/s]
BootEA:   2%|▉                                                    | 17/1000 [00:01<01:17, 12.69it/s]
BootEA:   2%|█                                                    | 19/1000 [00:01<01:16, 12.78it/s]05:22:53 | INFO    | epoch   20/1000 | loss=2434.4738 kge=2433.9400 align=0.0534 pseudo=0.0000 | eps-trunc refreshed
05:22:53 | INFO    |            [filtered] MRR=0.5439 Hit@1=0.4255 Hit@5=0.7664 Hit@10=0.8073 MR=43.1 n=1370
05:22:53 | INFO    |            [multiref] MRR=0.6247 Hit@1=0.5273 Hit@5=0.7492 Hit@10=0.8103 MR=54.7 n=311
05:22:53 | INFO    |            -> new best multiref MRR=0.6247 (saved model_best.pt)

BootEA:   2%|█                                                    | 21/1000 [00:02<02:32,  6.43it/s]
BootEA:   2%|█▏                                                   | 23/1000 [00:02<02:08,  7.59it/s]
BootEA:   2%|█▎                                                   | 25/1000 [00:02<01:52,  8.68it/s]
BootEA:   3%|█▍                                                   | 27/1000 [00:02<01:40,  9.64it/s]
BootEA:   3%|█▌                                                   | 29/1000 [00:02<01:32, 10.44it/s]05:22:54 | INFO    | epoch   30/1000 | loss=6405.2419 kge=6404.4191 align=0.0823 pseudo=0.0000 | eps-trunc refreshed | bootstrap: 9000 pseudo-pairs (beta=1.0)

BootEA:   3%|█▋                                                   | 31/1000 [00:03<02:22,  6.78it/s]
BootEA:   3%|█▋                                                   | 32/1000 [00:03<02:15,  7.12it/s]
BootEA:   3%|█▋                                                   | 33/1000 [00:03<02:09,  7.47it/s]
BootEA:   3%|█▊                                                   | 34/1000 [00:03<02:03,  7.82it/s]05:22:55 | INFO    | epoch   35/1000 | loss=6476.8473 kge=6475.7776 align=0.0846 pseudo=0.2233 | bootstrap: 9000 pseudo-pairs (beta=1.0)

BootEA:   4%|█▊                                                   | 35/1000 [00:04<02:43,  5.92it/s]
BootEA:   4%|█▉                                                   | 36/1000 [00:04<02:28,  6.50it/s]
BootEA:   4%|█▉                                                   | 37/1000 [00:04<02:16,  7.08it/s]
BootEA:   4%|██                                                   | 38/1000 [00:04<02:06,  7.58it/s]
BootEA:   4%|██                                                   | 39/1000 [00:04<02:00,  8.00it/s]05:22:56 | INFO    | epoch   40/1000 | loss=6189.7588 kge=6188.7859 align=0.0764 pseudo=0.2087 | eps-trunc refreshed | bootstrap: 9000 pseudo-pairs (beta=1.0)
05:22:56 | INFO    |            [filtered] MRR=0.2055 Hit@1=0.1401 Hit@5=0.2737 Hit@10=0.3131 MR=370.7 n=1370
05:22:56 | INFO    |            [multiref] MRR=0.4918 Hit@1=0.4019 Hit@5=0.6013 Hit@10=0.6752 MR=129.1 n=311

BootEA:   4%|██                                                   | 40/1000 [00:05<04:30,  3.55it/s]
BootEA:   4%|██▏                                                  | 41/1000 [00:05<03:41,  4.33it/s]
BootEA:   4%|██▏                                                  | 42/1000 [00:05<03:06,  5.14it/s]
BootEA:   4%|██▎                                                  | 43/1000 [00:05<02:41,  5.93it/s]
BootEA:   4%|██▎                                                  | 44/1000 [00:05<02:23,  6.65it/s]05:22:57 | INFO    | epoch   45/1000 | loss=6367.5410 kge=6366.5604 align=0.0787 pseudo=0.1936 | bootstrap: 9000 pseudo-pairs (beta=1.0)

BootEA:   4%|██▍                                                  | 45/1000 [00:05<03:05,  5.15it/s]
BootEA:   5%|██▍                                                  | 46/1000 [00:06<02:40,  5.93it/s]
BootEA:   5%|██▍                                                  | 47/1000 [00:06<02:23,  6.65it/s]
BootEA:   5%|██▌                                                  | 48/1000 [00:06<02:10,  7.27it/s]
BootEA:   5%|██▌                                                  | 49/1000 [00:06<02:02,  7.79it/s]05:22:58 | INFO    | epoch   50/1000 | loss=6228.2078 kge=6227.2699 align=0.0754 pseudo=0.1836 | eps-trunc refreshed | bootstrap: 9000 pseudo-pairs (beta=1.0)

BootEA:   5%|██▋                                                  | 50/1000 [00:06<03:32,  4.48it/s]
BootEA:   5%|██▋                                                  | 51/1000 [00:06<02:59,  5.29it/s]
BootEA:   5%|██▊                                                  | 52/1000 [00:07<02:36,  6.07it/s]
BootEA:   5%|██▊                                                  | 53/1000 [00:07<02:19,  6.77it/s]
BootEA:   5%|██▊                                                  | 54/1000 [00:07<02:08,  7.38it/s]05:22:58 | INFO    | epoch   55/1000 | loss=6152.0667 kge=6151.1473 align=0.0748 pseudo=0.1712 | bootstrap: 9000 pseudo-pairs (beta=1.0)

BootEA:   6%|██▉                                                  | 55/1000 [00:07<02:53,  5.44it/s]
BootEA:   6%|██▉                                                  | 56/1000 [00:07<02:32,  6.20it/s]
BootEA:   6%|███                                                  | 57/1000 [00:07<02:16,  6.89it/s]
BootEA:   6%|███                                                  | 58/1000 [00:07<02:06,  7.48it/s]
BootEA:   6%|███▏                                                 | 59/1000 [00:07<01:58,  7.95it/s]05:22:59 | INFO    | epoch   60/1000 | loss=6057.0715 kge=6056.1967 align=0.0711 pseudo=0.1638 | eps-trunc refreshed | bootstrap: 9000 pseudo-pairs (beta=1.0)
05:22:59 | INFO    |            [filtered] MRR=0.1802 Hit@1=0.1358 Hit@5=0.2234 Hit@10=0.2708 MR=637.7 n=1370
05:22:59 | INFO    |            [multiref] MRR=0.4814 Hit@1=0.4116 Hit@5=0.5659 Hit@10=0.6656 MR=216.2 n=311

BootEA:   6%|███▏                                                 | 60/1000 [00:08<04:28,  3.50it/s]
BootEA:   6%|███▏                                                 | 61/1000 [00:08<03:38,  4.30it/s]
BootEA:   6%|███▎                                                 | 62/1000 [00:08<03:02,  5.14it/s]
BootEA:   6%|███▎                                                 | 63/1000 [00:08<02:37,  5.94it/s]
BootEA:   6%|███▍                                                 | 64/1000 [00:09<02:20,  6.67it/s]05:23:00 | INFO    | epoch   65/1000 | loss=6155.1876 kge=6154.3078 align=0.0726 pseudo=0.1537 | bootstrap: 9000 pseudo-pairs (beta=1.0)

BootEA:   6%|███▍                                                 | 65/1000 [00:09<03:01,  5.16it/s]
BootEA:   7%|███▍                                                 | 66/1000 [00:09<02:37,  5.94it/s]
BootEA:   7%|███▌                                                 | 67/1000 [00:09<02:19,  6.67it/s]
BootEA:   7%|███▌                                                 | 68/1000 [00:09<02:07,  7.29it/s]
BootEA:   7%|███▋                                                 | 69/1000 [00:09<01:59,  7.81it/s]05:23:01 | INFO    | epoch   70/1000 | loss=6077.4245 kge=6076.5554 align=0.0721 pseudo=0.1482 | eps-trunc refreshed | bootstrap: 9000 pseudo-pairs (beta=1.0)

BootEA:   7%|███▋                                                 | 70/1000 [00:10<03:27,  4.49it/s]
BootEA:   7%|███▊                                                 | 71/1000 [00:10<02:55,  5.30it/s]
BootEA:   7%|███▊                                                 | 72/1000 [00:10<02:32,  6.09it/s]
BootEA:   7%|███▊                                                 | 73/1000 [00:10<02:16,  6.81it/s]
BootEA:   7%|███▉                                                 | 74/1000 [00:10<02:04,  7.41it/s]05:23:02 | INFO    | epoch   75/1000 | loss=6041.9986 kge=6041.1426 align=0.0716 pseudo=0.1396 | bootstrap: 9000 pseudo-pairs (beta=1.0)

BootEA:   8%|███▉                                                 | 75/1000 [00:10<02:50,  5.44it/s]
BootEA:   8%|████                                                 | 76/1000 [00:11<02:29,  6.19it/s]
BootEA:   8%|████                                                 | 77/1000 [00:11<02:14,  6.88it/s]
BootEA:   8%|████▏                                                | 78/1000 [00:11<02:03,  7.47it/s]
BootEA:   8%|████▏                                                | 79/1000 [00:11<01:55,  7.94it/s]05:23:03 | INFO    | epoch   80/1000 | loss=5970.4148 kge=5969.5913 align=0.0688 pseudo=0.1360 | eps-trunc refreshed | bootstrap: 9000 pseudo-pairs (beta=1.0)
05:23:03 | INFO    |            [filtered] MRR=0.1782 Hit@1=0.1372 Hit@5=0.2241 Hit@10=0.2591 MR=896.1 n=1370
05:23:03 | INFO    |            [multiref] MRR=0.4832 Hit@1=0.4180 Hit@5=0.5691 Hit@10=0.6463 MR=314.7 n=311

BootEA:   8%|████▏                                                | 80/1000 [00:12<04:23,  3.49it/s]
BootEA:   8%|████▎                                                | 81/1000 [00:12<03:33,  4.30it/s]
BootEA:   8%|████▎                                                | 82/1000 [00:12<02:58,  5.13it/s]
BootEA:   8%|████▍                                                | 83/1000 [00:12<02:34,  5.94it/s]
BootEA:   8%|████▍                                                | 84/1000 [00:12<02:17,  6.67it/s]05:23:04 | INFO    | epoch   85/1000 | loss=6055.9788 kge=6055.1482 align=0.0702 pseudo=0.1283 | bootstrap: 9000 pseudo-pairs (beta=1.0)

BootEA:   8%|████▌                                                | 85/1000 [00:12<02:57,  5.14it/s]
BootEA:   9%|████▌                                                | 86/1000 [00:12<02:34,  5.91it/s]
BootEA:   9%|████▌                                                | 87/1000 [00:12<02:18,  6.57it/s]
BootEA:   9%|████▋                                                | 88/1000 [00:13<02:06,  7.21it/s]
BootEA:   9%|████▋                                                | 89/1000 [00:13<01:57,  7.73it/s]05:23:05 | INFO    | epoch   90/1000 | loss=5987.4481 kge=5986.6265 align=0.0696 pseudo=0.1255 | eps-trunc refreshed | bootstrap: 9000 pseudo-pairs (beta=1.0)

BootEA:   9%|████▊                                                | 90/1000 [00:13<03:24,  4.46it/s]
BootEA:   9%|████▊                                                | 91/1000 [00:13<02:52,  5.27it/s]
BootEA:   9%|████▉                                                | 92/1000 [00:13<02:29,  6.06it/s]
BootEA:   9%|████▉                                                | 93/1000 [00:13<02:14,  6.77it/s]
BootEA:   9%|████▉                                                | 94/1000 [00:14<02:02,  7.37it/s]05:23:05 | INFO    | epoch   95/1000 | loss=5976.7125 kge=5975.9089 align=0.0684 pseudo=0.1198 | bootstrap: 9000 pseudo-pairs (beta=1.0)

BootEA:  10%|█████                                                | 95/1000 [00:14<02:46,  5.43it/s]
BootEA:  10%|█████                                                | 96/1000 [00:14<02:26,  6.17it/s]
BootEA:  10%|█████▏                                               | 97/1000 [00:14<02:11,  6.86it/s]
BootEA:  10%|█████▏                                               | 98/1000 [00:14<02:01,  7.45it/s]
BootEA:  10%|█████▏                                               | 99/1000 [00:14<01:53,  7.92it/s]05:23:06 | INFO    | epoch  100/1000 | loss=5915.1040 kge=5914.3246 align=0.0661 pseudo=0.1181 | eps-trunc refreshed | bootstrap: 9000 pseudo-pairs (beta=1.0)
05:23:06 | INFO    |            [filtered] MRR=0.1764 Hit@1=0.1314 Hit@5=0.2146 Hit@10=0.2620 MR=1118.8 n=1370
05:23:06 | INFO    |            [multiref] MRR=0.4761 Hit@1=0.4051 Hit@5=0.5402 Hit@10=0.6399 MR=421.6 n=311

BootEA:  10%|█████▏                                              | 100/1000 [00:15<04:17,  3.49it/s]
BootEA:  10%|█████▎                                              | 101/1000 [00:15<03:29,  4.30it/s]
BootEA:  10%|█████▎                                              | 102/1000 [00:15<02:55,  5.13it/s]
BootEA:  10%|█████▎                                              | 103/1000 [00:15<02:31,  5.93it/s]
BootEA:  10%|█████▍                                              | 104/1000 [00:15<02:14,  6.66it/s]05:23:07 | INFO    | epoch  105/1000 | loss=5981.9426 kge=5981.1607 align=0.0670 pseudo=0.1118 | bootstrap: 9000 pseudo-pairs (beta=1.0)

BootEA:  10%|█████▍                                              | 105/1000 [00:16<02:53,  5.15it/s]
BootEA:  11%|█████▌                                              | 106/1000 [00:16<02:30,  5.92it/s]
BootEA:  11%|█████▌                                              | 107/1000 [00:16<02:14,  6.65it/s]
BootEA:  11%|█████▌                                              | 108/1000 [00:16<02:02,  7.28it/s]
BootEA:  11%|█████▋                                              | 109/1000 [00:16<01:54,  7.79it/s]05:23:08 | INFO    | epoch  110/1000 | loss=5943.9501 kge=5943.1668 align=0.0672 pseudo=0.1109 | eps-trunc refreshed | bootstrap: 9000 pseudo-pairs (beta=1.0)

BootEA:  11%|█████▋                                              | 110/1000 [00:17<03:18,  4.48it/s]
BootEA:  11%|█████▊                                              | 111/1000 [00:17<02:48,  5.29it/s]
BootEA:  11%|█████▊                                              | 112/1000 [00:17<02:27,  6.03it/s]
BootEA:  11%|█████▉                                              | 113/1000 [00:17<02:11,  6.75it/s]
BootEA:  11%|█████▉                                              | 114/1000 [00:17<02:00,  7.36it/s]05:23:09 | INFO    | epoch  115/1000 | loss=5925.2350 kge=5924.4617 align=0.0668 pseudo=0.1051 | bootstrap: 9000 pseudo-pairs (beta=1.0)

BootEA:  12%|█████▉                                              | 115/1000 [00:17<02:42,  5.43it/s]
BootEA:  12%|██████                                              | 116/1000 [00:17<02:22,  6.18it/s]
BootEA:  12%|██████                                              | 117/1000 [00:18<02:08,  6.88it/s]
BootEA:  12%|██████▏                                             | 118/1000 [00:18<01:58,  7.47it/s]
BootEA:  12%|██████▏                                             | 119/1000 [00:18<01:50,  7.95it/s]05:23:10 | INFO    | epoch  120/1000 | loss=5885.1670 kge=5884.4150 align=0.0646 pseudo=0.1061 | eps-trunc refreshed | bootstrap: 9000 pseudo-pairs (beta=1.0)
05:23:10 | INFO    |            [filtered] MRR=0.1740 Hit@1=0.1328 Hit@5=0.2095 Hit@10=0.2591 MR=1227.8 n=1370
05:23:10 | INFO    |            [multiref] MRR=0.4734 Hit@1=0.4084 Hit@5=0.5370 Hit@10=0.6399 MR=499.8 n=311

BootEA:  12%|██████▏                                             | 120/1000 [00:18<04:11,  3.50it/s]
BootEA:  12%|██████▎                                             | 121/1000 [00:18<03:23,  4.31it/s]
BootEA:  12%|██████▎                                             | 122/1000 [00:19<02:50,  5.14it/s]
BootEA:  12%|██████▍                                             | 123/1000 [00:19<02:27,  5.95it/s]
BootEA:  12%|██████▍                                             | 124/1000 [00:19<02:11,  6.68it/s]05:23:10 | INFO    | epoch  125/1000 | loss=5937.4215 kge=5936.6649 align=0.0656 pseudo=0.1007 | bootstrap: 9000 pseudo-pairs (beta=1.0)

BootEA:  12%|██████▌                                             | 125/1000 [00:19<02:49,  5.17it/s]
BootEA:  13%|██████▌                                             | 126/1000 [00:19<02:26,  5.95it/s]
BootEA:  13%|██████▌                                             | 127/1000 [00:19<02:10,  6.68it/s]
BootEA:  13%|██████▋                                             | 128/1000 [00:19<01:59,  7.31it/s]
BootEA:  13%|██████▋                                             | 129/1000 [00:20<01:51,  7.82it/s]05:23:11 | INFO    | epoch  130/1000 | loss=5907.8113 kge=5907.0526 align=0.0658 pseudo=0.1010 | eps-trunc refreshed | bootstrap: 9000 pseudo-pairs (beta=1.0)

BootEA:  13%|██████▊                                             | 130/1000 [00:20<03:14,  4.48it/s]
BootEA:  13%|██████▊                                             | 131/1000 [00:20<02:44,  5.29it/s]
BootEA:  13%|██████▊                                             | 132/1000 [00:20<02:22,  6.08it/s]
BootEA:  13%|██████▉                                             | 133/1000 [00:20<02:07,  6.80it/s]
BootEA:  13%|██████▉                                             | 134/1000 [00:20<01:56,  7.40it/s]05:23:12 | INFO    | epoch  135/1000 | loss=5886.3099 kge=5885.5609 align=0.0652 pseudo=0.0971 | bootstrap: 9000 pseudo-pairs (beta=1.0)

BootEA:  14%|███████                                             | 135/1000 [00:21<02:39,  5.44it/s]
BootEA:  14%|███████                                             | 136/1000 [00:21<02:19,  6.18it/s]
BootEA:  14%|███████                                             | 137/1000 [00:21<02:05,  6.88it/s]
BootEA:  14%|███████▏                                            | 138/1000 [00:21<01:55,  7.47it/s]
BootEA:  14%|███████▏                                            | 139/1000 [00:21<01:48,  7.94it/s]05:23:13 | INFO    | epoch  140/1000 | loss=5856.3093 kge=5855.5766 align=0.0636 pseudo=0.0963 | eps-trunc refreshed | bootstrap: 9000 pseudo-pairs (beta=1.0)
05:23:13 | INFO    |            [filtered] MRR=0.1702 Hit@1=0.1285 Hit@5=0.2095 Hit@10=0.2547 MR=1207.5 n=1370
05:23:13 | INFO    |            [multiref] MRR=0.4651 Hit@1=0.3987 Hit@5=0.5370 Hit@10=0.6302 MR=481.8 n=311

BootEA:  14%|███████▎                                            | 140/1000 [00:22<04:06,  3.49it/s]
BootEA:  14%|███████▎                                            | 141/1000 [00:22<03:20,  4.29it/s]
BootEA:  14%|███████▍                                            | 142/1000 [00:22<02:47,  5.12it/s]
BootEA:  14%|███████▍                                            | 143/1000 [00:22<02:24,  5.93it/s]
BootEA:  14%|███████▍                                            | 144/1000 [00:22<02:08,  6.67it/s]05:23:14 | INFO    | epoch  145/1000 | loss=5911.1626 kge=5910.4308 align=0.0639 pseudo=0.0932 | bootstrap: 9000 pseudo-pairs (beta=1.0)

BootEA:  14%|███████▌                                            | 145/1000 [00:23<02:46,  5.14it/s]
BootEA:  15%|███████▌                                            | 146/1000 [00:23<02:24,  5.91it/s]
BootEA:  15%|███████▋                                            | 147/1000 [00:23<02:08,  6.64it/s]
BootEA:  15%|███████▋                                            | 148/1000 [00:23<01:57,  7.27it/s]
BootEA:  15%|███████▋                                            | 149/1000 [00:23<01:49,  7.78it/s]05:23:15 | INFO    | epoch  150/1000 | loss=5881.7464 kge=5881.0176 align=0.0636 pseudo=0.0927 | eps-trunc refreshed | bootstrap: 9000 pseudo-pairs (beta=1.0)

BootEA:  15%|███████▊                                            | 150/1000 [00:23<03:09,  4.48it/s]
BootEA:  15%|███████▊                                            | 151/1000 [00:24<02:40,  5.29it/s]
BootEA:  15%|███████▉                                            | 152/1000 [00:24<02:19,  6.08it/s]
BootEA:  15%|███████▉                                            | 153/1000 [00:24<02:04,  6.79it/s]
BootEA:  15%|████████                                            | 154/1000 [00:24<01:54,  7.39it/s]05:23:16 | INFO    | epoch  155/1000 | loss=5866.0517 kge=5865.3312 align=0.0631 pseudo=0.0891 | bootstrap: 9000 pseudo-pairs (beta=1.0)

BootEA:  16%|████████                                            | 155/1000 [00:24<02:35,  5.43it/s]
BootEA:  16%|████████                                            | 156/1000 [00:24<02:16,  6.18it/s]
BootEA:  16%|████████▏                                           | 157/1000 [00:24<02:02,  6.88it/s]
BootEA:  16%|████████▏                                           | 158/1000 [00:24<01:53,  7.43it/s]
BootEA:  16%|████████▎                                           | 159/1000 [00:25<01:46,  7.91it/s]05:23:16 | INFO    | epoch  160/1000 | loss=5830.9917 kge=5830.2819 align=0.0621 pseudo=0.0889 | eps-trunc refreshed | bootstrap: 9000 pseudo-pairs (beta=1.0)
05:23:16 | INFO    |            [filtered] MRR=0.1703 Hit@1=0.1285 Hit@5=0.2109 Hit@10=0.2547 MR=1353.7 n=1370
05:23:16 | INFO    |            [multiref] MRR=0.4700 Hit@1=0.4019 Hit@5=0.5466 Hit@10=0.6463 MR=517.1 n=311

BootEA:  16%|████████▎                                           | 160/1000 [00:25<04:01,  3.47it/s]
BootEA:  16%|████████▎                                           | 161/1000 [00:25<03:16,  4.28it/s]
BootEA:  16%|████████▍                                           | 162/1000 [00:25<02:43,  5.11it/s]
BootEA:  16%|████████▍                                           | 163/1000 [00:26<02:21,  5.92it/s]
BootEA:  16%|████████▌                                           | 164/1000 [00:26<02:05,  6.66it/s]05:23:17 | INFO    | epoch  165/1000 | loss=5879.2586 kge=5878.5416 align=0.0631 pseudo=0.0861 | bootstrap: 9000 pseudo-pairs (beta=1.0)

BootEA:  16%|████████▌                                           | 165/1000 [00:26<02:42,  5.15it/s]
BootEA:  17%|████████▋                                           | 166/1000 [00:26<02:20,  5.93it/s]
BootEA:  17%|████████▋                                           | 167/1000 [00:26<02:04,  6.67it/s]
BootEA:  17%|████████▋                                           | 168/1000 [00:26<01:54,  7.30it/s]
BootEA:  17%|████████▊                                           | 169/1000 [00:26<01:46,  7.81it/s]05:23:18 | INFO    | epoch  170/1000 | loss=5851.6246 kge=5850.9112 align=0.0627 pseudo=0.0866 | eps-trunc refreshed | bootstrap: 9000 pseudo-pairs (beta=1.0)

BootEA:  17%|████████▊                                           | 170/1000 [00:27<03:04,  4.49it/s]
BootEA:  17%|████████▉                                           | 171/1000 [00:27<02:36,  5.29it/s]
BootEA:  17%|████████▉                                           | 172/1000 [00:27<02:16,  6.08it/s]
BootEA:  17%|████████▉                                           | 173/1000 [00:27<02:01,  6.80it/s]
BootEA:  17%|█████████                                           | 174/1000 [00:27<01:51,  7.40it/s]05:23:19 | INFO    | epoch  175/1000 | loss=5847.9536 kge=5847.2469 align=0.0623 pseudo=0.0832 | bootstrap: 9000 pseudo-pairs (beta=1.0)

BootEA:  18%|█████████                                           | 175/1000 [00:28<02:31,  5.45it/s]
BootEA:  18%|█████████▏                                          | 176/1000 [00:28<02:12,  6.20it/s]
BootEA:  18%|█████████▏                                          | 177/1000 [00:28<01:59,  6.91it/s]
BootEA:  18%|█████████▎                                          | 178/1000 [00:28<01:49,  7.50it/s]
BootEA:  18%|█████████▎                                          | 179/1000 [00:28<01:42,  7.97it/s]05:23:20 | INFO    | epoch  180/1000 | loss=5813.7086 kge=5813.0060 align=0.0619 pseudo=0.0834 | eps-trunc refreshed | bootstrap: 9000 pseudo-pairs (beta=1.0)
05:23:20 | INFO    |            [filtered] MRR=0.1704 Hit@1=0.1263 Hit@5=0.2102 Hit@10=0.2606 MR=1495.9 n=1370
05:23:20 | INFO    |            [multiref] MRR=0.4736 Hit@1=0.4084 Hit@5=0.5434 Hit@10=0.6495 MR=560.3 n=311

BootEA:  18%|█████████▎                                          | 180/1000 [00:29<03:54,  3.50it/s]
BootEA:  18%|█████████▍                                          | 181/1000 [00:29<03:10,  4.30it/s]
BootEA:  18%|█████████▍                                          | 182/1000 [00:29<02:39,  5.14it/s]
BootEA:  18%|█████████▌                                          | 183/1000 [00:29<02:17,  5.94it/s]
BootEA:  18%|█████████▌                                          | 184/1000 [00:29<02:02,  6.67it/s]05:23:21 | INFO    | epoch  185/1000 | loss=5863.6970 kge=5862.9944 align=0.0621 pseudo=0.0813 | bootstrap: 9000 pseudo-pairs (beta=1.0)

BootEA:  18%|█████████▌                                          | 185/1000 [00:29<02:38,  5.15it/s]
BootEA:  19%|█████████▋                                          | 186/1000 [00:29<02:17,  5.93it/s]
BootEA:  19%|█████████▋                                          | 187/1000 [00:30<02:02,  6.66it/s]
BootEA:  19%|█████████▊                                          | 188/1000 [00:30<01:51,  7.29it/s]
BootEA:  19%|█████████▊                                          | 189/1000 [00:30<01:43,  7.81it/s]05:23:22 | INFO    | epoch  190/1000 | loss=5840.5859 kge=5839.8860 align=0.0618 pseudo=0.0819 | eps-trunc refreshed | bootstrap: 9000 pseudo-pairs (beta=1.0)

BootEA:  19%|█████████▉                                          | 190/1000 [00:30<03:01,  4.47it/s]
BootEA:  19%|█████████▉                                          | 191/1000 [00:30<02:33,  5.27it/s]
BootEA:  19%|█████████▉                                          | 192/1000 [00:30<02:13,  6.06it/s]
BootEA:  19%|██████████                                          | 193/1000 [00:31<01:59,  6.78it/s]
BootEA:  19%|██████████                                          | 194/1000 [00:31<01:49,  7.39it/s]05:23:22 | INFO    | epoch  195/1000 | loss=5825.8920 kge=5825.1993 align=0.0614 pseudo=0.0788 | bootstrap: 9000 pseudo-pairs (beta=1.0)

BootEA:  20%|██████████▏                                         | 195/1000 [00:31<02:28,  5.44it/s]
BootEA:  20%|██████████▏                                         | 196/1000 [00:31<02:09,  6.19it/s]
BootEA:  20%|██████████▏                                         | 197/1000 [00:31<01:56,  6.89it/s]
BootEA:  20%|██████████▎                                         | 198/1000 [00:31<01:47,  7.48it/s]
BootEA:  20%|██████████▎                                         | 199/1000 [00:31<01:40,  7.95it/s]05:23:23 | INFO    | epoch  200/1000 | loss=5798.1093 kge=5797.4172 align=0.0612 pseudo=0.0797 | eps-trunc refreshed | bootstrap: 9000 pseudo-pairs (beta=1.0)
05:23:23 | INFO    |            [filtered] MRR=0.1675 Hit@1=0.1255 Hit@5=0.2102 Hit@10=0.2569 MR=1555.2 n=1370
05:23:23 | INFO    |            [multiref] MRR=0.4600 Hit@1=0.3923 Hit@5=0.5402 Hit@10=0.6431 MR=585.5 n=311

BootEA:  20%|██████████▍                                         | 200/1000 [00:32<03:49,  3.49it/s]
BootEA:  20%|██████████▍                                         | 201/1000 [00:32<03:06,  4.29it/s]
BootEA:  20%|██████████▌                                         | 202/1000 [00:32<02:35,  5.12it/s]
BootEA:  20%|██████████▌                                         | 203/1000 [00:32<02:14,  5.93it/s]
BootEA:  20%|██████████▌                                         | 204/1000 [00:32<01:59,  6.69it/s]05:23:24 | INFO    | epoch  205/1000 | loss=5845.4847 kge=5844.7987 align=0.0609 pseudo=0.0774 | bootstrap: 9000 pseudo-pairs (beta=1.0)

BootEA:  20%|██████████▋                                         | 205/1000 [00:33<02:34,  5.16it/s]
BootEA:  21%|██████████▋                                         | 206/1000 [00:33<02:13,  5.95it/s]
BootEA:  21%|██████████▊                                         | 207/1000 [00:33<01:58,  6.70it/s]
BootEA:  21%|██████████▊                                         | 208/1000 [00:33<01:47,  7.35it/s]
BootEA:  21%|██████████▊                                         | 209/1000 [00:33<01:40,  7.89it/s]05:23:25 | INFO    | epoch  210/1000 | loss=5818.4393 kge=5817.7532 align=0.0608 pseudo=0.0779 | eps-trunc refreshed | bootstrap: 9000 pseudo-pairs (beta=1.0)

BootEA:  21%|██████████▉                                         | 210/1000 [00:34<02:55,  4.50it/s]
BootEA:  21%|██████████▉                                         | 211/1000 [00:34<02:28,  5.33it/s]
BootEA:  21%|███████████                                         | 212/1000 [00:34<02:08,  6.14it/s]
BootEA:  21%|███████████                                         | 213/1000 [00:34<01:54,  6.87it/s]
BootEA:  21%|███████████▏                                        | 214/1000 [00:34<01:44,  7.49it/s]05:23:26 | INFO    | epoch  215/1000 | loss=5808.8269 kge=5808.1498 align=0.0602 pseudo=0.0749 | bootstrap: 9000 pseudo-pairs (beta=1.0)

BootEA:  22%|███████████▏                                        | 215/1000 [00:34<02:23,  5.49it/s]
BootEA:  22%|███████████▏                                        | 216/1000 [00:34<02:05,  6.26it/s]
BootEA:  22%|███████████▎                                        | 217/1000 [00:35<01:52,  6.98it/s]
BootEA:  22%|███████████▎                                        | 218/1000 [00:35<01:43,  7.58it/s]
BootEA:  22%|███████████▍                                        | 219/1000 [00:35<01:36,  8.07it/s]05:23:27 | INFO    | epoch  220/1000 | loss=5787.8086 kge=5787.1283 align=0.0605 pseudo=0.0757 | eps-trunc refreshed | bootstrap: 9000 pseudo-pairs (beta=1.0)
05:23:27 | INFO    |            [filtered] MRR=0.1721 Hit@1=0.1321 Hit@5=0.2102 Hit@10=0.2569 MR=1609.8 n=1370
05:23:27 | INFO    |            [multiref] MRR=0.4699 Hit@1=0.4116 Hit@5=0.5370 Hit@10=0.6399 MR=599.8 n=311

BootEA:  22%|███████████▍                                        | 220/1000 [00:35<03:41,  3.52it/s]
BootEA:  22%|███████████▍                                        | 221/1000 [00:36<02:59,  4.34it/s]
BootEA:  22%|███████████▌                                        | 222/1000 [00:36<02:29,  5.19it/s]
BootEA:  22%|███████████▌                                        | 223/1000 [00:36<02:09,  6.01it/s]
BootEA:  22%|███████████▋                                        | 224/1000 [00:36<01:54,  6.76it/s]05:23:28 | INFO    | epoch  225/1000 | loss=5835.5868 kge=5834.9089 align=0.0603 pseudo=0.0747 | bootstrap: 9000 pseudo-pairs (beta=1.0)

BootEA:  22%|███████████▋                                        | 225/1000 [00:36<02:29,  5.20it/s]
BootEA:  23%|███████████▊                                        | 226/1000 [00:36<02:09,  5.99it/s]
BootEA:  23%|███████████▊                                        | 227/1000 [00:36<01:54,  6.74it/s]
BootEA:  23%|███████████▊                                        | 228/1000 [00:36<01:44,  7.38it/s]
BootEA:  23%|███████████▉                                        | 229/1000 [00:37<01:37,  7.92it/s]05:23:28 | INFO    | epoch  230/1000 | loss=5815.2688 kge=5814.5942 align=0.0600 pseudo=0.0745 | eps-trunc refreshed | bootstrap: 9000 pseudo-pairs (beta=1.0)

BootEA:  23%|███████████▉                                        | 230/1000 [00:37<02:50,  4.51it/s]
BootEA:  23%|████████████                                        | 231/1000 [00:37<02:24,  5.33it/s]
BootEA:  23%|████████████                                        | 232/1000 [00:37<02:05,  6.14it/s]
BootEA:  23%|████████████                                        | 233/1000 [00:37<01:51,  6.87it/s]
BootEA:  23%|████████████▏                                       | 234/1000 [00:37<01:42,  7.49it/s]05:23:29 | INFO    | epoch  235/1000 | loss=5792.8521 kge=5792.1806 align=0.0599 pseudo=0.0725 | bootstrap: 9000 pseudo-pairs (beta=1.0)

BootEA:  24%|████████████▏                                       | 235/1000 [00:38<02:19,  5.48it/s]
BootEA:  24%|████████████▎                                       | 236/1000 [00:38<02:02,  6.25it/s]
BootEA:  24%|████████████▎                                       | 237/1000 [00:38<01:49,  6.97it/s]
BootEA:  24%|████████████▍                                       | 238/1000 [00:38<01:40,  7.57it/s]
BootEA:  24%|████████████▍                                       | 239/1000 [00:38<01:34,  8.07it/s]05:23:30 | INFO    | epoch  240/1000 | loss=5775.8047 kge=5775.1404 align=0.0592 pseudo=0.0728 | eps-trunc refreshed | bootstrap: 9000 pseudo-pairs (beta=1.0)
05:23:30 | INFO    |            [filtered] MRR=0.1740 Hit@1=0.1343 Hit@5=0.2066 Hit@10=0.2620 MR=1590.5 n=1370
05:23:30 | INFO    |            [multiref] MRR=0.4738 Hit@1=0.4148 Hit@5=0.5241 Hit@10=0.6431 MR=603.3 n=311

BootEA:  24%|████████████▍                                       | 240/1000 [00:39<03:37,  3.49it/s]
BootEA:  24%|████████████▌                                       | 241/1000 [00:39<02:56,  4.30it/s]
BootEA:  24%|████████████▌                                       | 242/1000 [00:39<02:27,  5.15it/s]
BootEA:  24%|████████████▋                                       | 243/1000 [00:39<02:06,  5.97it/s]
BootEA:  24%|████████████▋                                       | 244/1000 [00:39<01:52,  6.73it/s]05:23:31 | INFO    | epoch  245/1000 | loss=5818.3412 kge=5817.6788 align=0.0592 pseudo=0.0708 | bootstrap: 9000 pseudo-pairs (beta=1.0)

BootEA:  24%|████████████▋                                       | 245/1000 [00:40<02:25,  5.19it/s]
BootEA:  25%|████████████▊                                       | 246/1000 [00:40<02:06,  5.97it/s]
BootEA:  25%|████████████▊                                       | 247/1000 [00:40<01:52,  6.72it/s]
BootEA:  25%|████████████▉                                       | 248/1000 [00:40<01:42,  7.37it/s]
BootEA:  25%|████████████▉                                       | 249/1000 [00:40<01:35,  7.90it/s]05:23:32 | INFO    | epoch  250/1000 | loss=5800.2896 kge=5799.6306 align=0.0588 pseudo=0.0711 | eps-trunc refreshed | bootstrap: 9000 pseudo-pairs (beta=1.0)

BootEA:  25%|█████████████                                       | 250/1000 [00:40<02:46,  4.49it/s]
BootEA:  25%|█████████████                                       | 251/1000 [00:41<02:20,  5.32it/s]
BootEA:  25%|█████████████                                       | 252/1000 [00:41<02:02,  6.13it/s]
BootEA:  25%|█████████████▏                                      | 253/1000 [00:41<01:48,  6.86it/s]
BootEA:  25%|█████████████▏                                      | 254/1000 [00:41<01:39,  7.49it/s]05:23:33 | INFO    | epoch  255/1000 | loss=5780.3851 kge=5779.7284 align=0.0587 pseudo=0.0694 | bootstrap: 9000 pseudo-pairs (beta=1.0)

BootEA:  26%|█████████████▎                                      | 255/1000 [00:41<02:15,  5.49it/s]
BootEA:  26%|█████████████▎                                      | 256/1000 [00:41<01:58,  6.26it/s]
BootEA:  26%|█████████████▎                                      | 257/1000 [00:41<01:46,  6.98it/s]
BootEA:  26%|█████████████▍                                      | 258/1000 [00:41<01:37,  7.58it/s]
BootEA:  26%|█████████████▍                                      | 259/1000 [00:42<01:31,  8.07it/s]05:23:33 | INFO    | epoch  260/1000 | loss=5765.7236 kge=5765.0647 align=0.0589 pseudo=0.0697 | eps-trunc refreshed | bootstrap: 9000 pseudo-pairs (beta=1.0)
05:23:33 | INFO    |            [filtered] MRR=0.1747 Hit@1=0.1350 Hit@5=0.2117 Hit@10=0.2613 MR=1599.7 n=1370
05:23:33 | INFO    |            [multiref] MRR=0.4752 Hit@1=0.4148 Hit@5=0.5402 Hit@10=0.6431 MR=573.4 n=311
05:23:34 | INFO    |            early stop (best=0.6247 @ 20).

BootEA:  26%|█████████████▍                                      | 259/1000 [00:42<02:02,  6.06it/s]
05:23:34 | INFO    | Done in 0.7 min. Best multiref MRR=0.6247 @ epoch 20.
05:23:34 | INFO    | Final evaluation on the test split, read once
05:23:34 | INFO    |   [cosine] filtMRR=0.3160 H@1=0.2234 H@10=0.5148 n=12592 | mrefMRR=0.6175 H@1=0.5228
05:23:35 | INFO    |   [  csls] filtMRR=0.2636 H@1=0.1761 H@10=0.4696 n=12592 | mrefMRR=0.6222 H@1=0.5295
05:23:37 | INFO    |   [cosine] F1=0.5698 P=0.4362 R=0.8215 (threshold 0.719 from validation, validation F1=0.5609)
05:23:37 | INFO    | Wrote experiments/bootea_closeMatch_20260929-052248/result.json
05:23:37 | INFO    | Finished. Best validation MRR=0.6247 @ epoch 20.
