05:23:39 | INFO    | Model: jape | seed 2026 | device: cuda:0
05:23:40 | INFO    | Regime closeMatch | graph: 84,182 nodes, 131,238 triples, 50,435 UCPGx candidates
05:23:40 | INFO    |   broadMatch/pgx   train=  3,744 test=  8,599 (70%) queries= 6,866 by cluster    leakage=0.00%
05:23:40 | INFO    |   closeMatch       train=  2,738 test=  6,296 (70%) queries= 1,490 by cluster    leakage=0.00%
05:23:40 | INFO    |   sameAs           train= 19,942 test= 46,531 (70%) queries=10,883 by cluster    leakage=0.00%
05:23:40 | INFO    |   broadMatch/onco  train= 25,039 test= 47,737 (66%) queries= 2,032 intra-cluster leakage=0.00%
05:23:40 | INFO    |   relatedMatch     train=  2,801 test=  6,289 (69%) queries=   812 intra-cluster leakage=0.00%
05:23:40 | INFO    |   related          train=471,647 test=762,046 (62%) queries=16,977 intra-cluster leakage=0.00%
05:23:40 | INFO    | Data: {'num_entities': 84182, 'num_relations': 13, 'triples': 131238, 'train_pairs': 2053, 'val_pairs': 685, 'candidates': 50435, 'unlabeled_pool': 49550}
05:23:41 | INFO    | Params: 16.84M
05:23:41 | INFO    | Run directory: experiments/jape_closeMatch_20260929-052339
05:23:41 | INFO    | JAPE | device=cuda:0 | {'num_entities': 84182, 'num_relations': 13, 'triples': 131238, 'train_pairs': 2053, 'val_pairs': 685, 'candidates': 50435, 'unlabeled_pool': 49550} merge=link loss=margin canonical=84182

JAPE:   0%|                                                                 | 0/400 [00:00<?, ?it/s]
JAPE:   0%|▏                                                        | 1/400 [00:00<01:43,  3.87it/s]
JAPE:   1%|▍                                                        | 3/400 [00:00<00:46,  8.48it/s]
JAPE:   1%|▋                                                        | 5/400 [00:00<00:36, 10.78it/s]
JAPE:   2%|▉                                                        | 7/400 [00:00<00:32, 12.11it/s]
JAPE:   2%|█▎                                                       | 9/400 [00:00<00:30, 12.92it/s]05:23:42 | INFO    | epoch   10/400 | loss=0.0661
05:23:42 | INFO    |            [filtered] MRR=0.1297 Hit@1=0.0708 Hit@5=0.1745 Hit@10=0.2431 MR=227.4 n=1370
05:23:42 | INFO    |            [multiref] MRR=0.3599 Hit@1=0.2412 Hit@5=0.4952 Hit@10=0.6141 MR=48.6 n=311
05:23:43 | INFO    |            -> new best multiref MRR=0.3599 (saved model_best.pt)

JAPE:   3%|█▌                                                      | 11/400 [00:01<00:57,  6.81it/s]
JAPE:   3%|█▊                                                      | 13/400 [00:01<00:46,  8.26it/s]
JAPE:   4%|██                                                      | 15/400 [00:01<00:40,  9.59it/s]
JAPE:   4%|██▍                                                     | 17/400 [00:01<00:35, 10.74it/s]
JAPE:   5%|██▋                                                     | 19/400 [00:01<00:32, 11.68it/s]05:23:43 | INFO    | epoch   20/400 | loss=0.0328
05:23:43 | INFO    |            [filtered] MRR=0.1838 Hit@1=0.1117 Hit@5=0.2387 Hit@10=0.3139 MR=113.6 n=1370
05:23:43 | INFO    |            [multiref] MRR=0.4900 Hit@1=0.3762 Hit@5=0.6077 Hit@10=0.7138 MR=21.9 n=311
05:23:44 | INFO    |            -> new best multiref MRR=0.4900 (saved model_best.pt)

JAPE:   5%|██▉                                                     | 21/400 [00:02<00:51,  7.31it/s]
JAPE:   6%|███▏                                                    | 23/400 [00:02<00:43,  8.62it/s]
JAPE:   6%|███▌                                                    | 25/400 [00:02<00:38,  9.82it/s]
JAPE:   7%|███▊                                                    | 27/400 [00:02<00:34, 10.89it/s]
JAPE:   7%|████                                                    | 29/400 [00:02<00:31, 11.78it/s]05:23:44 | INFO    | epoch   30/400 | loss=0.0260
05:23:44 | INFO    |            [filtered] MRR=0.2120 Hit@1=0.1445 Hit@5=0.2818 Hit@10=0.3277 MR=96.0 n=1370
05:23:44 | INFO    |            [multiref] MRR=0.5366 Hit@1=0.4277 Hit@5=0.6817 Hit@10=0.7363 MR=17.2 n=311
05:23:45 | INFO    |            -> new best multiref MRR=0.5366 (saved model_best.pt)

JAPE:   8%|████▎                                                   | 31/400 [00:03<00:50,  7.34it/s]
JAPE:   8%|████▌                                                   | 33/400 [00:03<00:42,  8.62it/s]
JAPE:   9%|████▉                                                   | 35/400 [00:03<00:37,  9.82it/s]
JAPE:   9%|█████▏                                                  | 37/400 [00:03<00:33, 10.87it/s]
JAPE:  10%|█████▍                                                  | 39/400 [00:04<00:30, 11.76it/s]05:23:45 | INFO    | epoch   40/400 | loss=0.0226
05:23:45 | INFO    |            [filtered] MRR=0.2077 Hit@1=0.1416 Hit@5=0.2577 Hit@10=0.3263 MR=86.6 n=1370
05:23:45 | INFO    |            [multiref] MRR=0.5020 Hit@1=0.3955 Hit@5=0.6141 Hit@10=0.7235 MR=19.8 n=311

JAPE:  10%|█████▋                                                  | 41/400 [00:04<00:39,  8.99it/s]
JAPE:  11%|██████                                                  | 43/400 [00:04<00:35, 10.15it/s]
JAPE:  11%|██████▎                                                 | 45/400 [00:04<00:31, 11.15it/s]
JAPE:  12%|██████▌                                                 | 47/400 [00:04<00:29, 11.98it/s]
JAPE:  12%|██████▊                                                 | 49/400 [00:04<00:27, 12.64it/s]05:23:46 | INFO    | epoch   50/400 | loss=0.0212
05:23:46 | INFO    |            [filtered] MRR=0.2416 Hit@1=0.1657 Hit@5=0.2971 Hit@10=0.3898 MR=61.5 n=1370
05:23:46 | INFO    |            [multiref] MRR=0.5619 Hit@1=0.4566 Hit@5=0.6785 Hit@10=0.7717 MR=15.7 n=311
05:23:47 | INFO    |            -> new best multiref MRR=0.5619 (saved model_best.pt)

JAPE:  13%|███████▏                                                | 51/400 [00:05<00:45,  7.74it/s]
JAPE:  13%|███████▍                                                | 53/400 [00:05<00:38,  9.00it/s]
JAPE:  14%|███████▋                                                | 55/400 [00:05<00:33, 10.16it/s]
JAPE:  14%|███████▉                                                | 57/400 [00:05<00:30, 11.16it/s]
JAPE:  15%|████████▎                                               | 59/400 [00:05<00:28, 11.99it/s]05:23:47 | INFO    | epoch   60/400 | loss=0.0203
05:23:47 | INFO    |            [filtered] MRR=0.2216 Hit@1=0.1518 Hit@5=0.2737 Hit@10=0.3533 MR=74.0 n=1370
05:23:47 | INFO    |            [multiref] MRR=0.5352 Hit@1=0.4277 Hit@5=0.6559 Hit@10=0.7524 MR=24.1 n=311

JAPE:  15%|████████▌                                               | 61/400 [00:06<00:37,  9.05it/s]
JAPE:  16%|████████▊                                               | 63/400 [00:06<00:33, 10.20it/s]
JAPE:  16%|█████████                                               | 65/400 [00:06<00:30, 11.11it/s]
JAPE:  17%|█████████▍                                              | 67/400 [00:06<00:27, 11.94it/s]
JAPE:  17%|█████████▋                                              | 69/400 [00:06<00:26, 12.62it/s]05:23:48 | INFO    | epoch   70/400 | loss=0.0196
05:23:48 | INFO    |            [filtered] MRR=0.2209 Hit@1=0.1511 Hit@5=0.2774 Hit@10=0.3394 MR=71.3 n=1370
05:23:48 | INFO    |            [multiref] MRR=0.5274 Hit@1=0.4309 Hit@5=0.6334 Hit@10=0.7203 MR=30.3 n=311

JAPE:  18%|█████████▉                                              | 71/400 [00:07<00:35,  9.33it/s]
JAPE:  18%|██████████▏                                             | 73/400 [00:07<00:31, 10.45it/s]
JAPE:  19%|██████████▌                                             | 75/400 [00:07<00:28, 11.41it/s]
JAPE:  19%|██████████▊                                             | 77/400 [00:07<00:26, 12.18it/s]
JAPE:  20%|███████████                                             | 79/400 [00:07<00:25, 12.80it/s]05:23:49 | INFO    | epoch   80/400 | loss=0.0194
05:23:49 | INFO    |            [filtered] MRR=0.2233 Hit@1=0.1445 Hit@5=0.2942 Hit@10=0.3708 MR=68.1 n=1370
05:23:49 | INFO    |            [multiref] MRR=0.5562 Hit@1=0.4566 Hit@5=0.6656 Hit@10=0.7556 MR=26.9 n=311

JAPE:  20%|███████████▎                                            | 81/400 [00:08<00:34,  9.34it/s]
JAPE:  21%|███████████▌                                            | 83/400 [00:08<00:30, 10.42it/s]
JAPE:  21%|███████████▉                                            | 85/400 [00:08<00:27, 11.38it/s]
JAPE:  22%|████████████▏                                           | 87/400 [00:08<00:25, 12.17it/s]
JAPE:  22%|████████████▍                                           | 89/400 [00:08<00:24, 12.79it/s]05:23:50 | INFO    | epoch   90/400 | loss=0.0191
05:23:50 | INFO    |            [filtered] MRR=0.2191 Hit@1=0.1533 Hit@5=0.2788 Hit@10=0.3336 MR=76.0 n=1370
05:23:50 | INFO    |            [multiref] MRR=0.5249 Hit@1=0.4309 Hit@5=0.6334 Hit@10=0.6945 MR=35.0 n=311

JAPE:  23%|████████████▋                                           | 91/400 [00:09<00:33,  9.35it/s]
JAPE:  23%|█████████████                                           | 93/400 [00:09<00:29, 10.46it/s]
JAPE:  24%|█████████████▎                                          | 95/400 [00:09<00:26, 11.41it/s]
JAPE:  24%|█████████████▌                                          | 97/400 [00:09<00:24, 12.19it/s]
JAPE:  25%|█████████████▊                                          | 99/400 [00:09<00:23, 12.80it/s]05:23:51 | INFO    | epoch  100/400 | loss=0.0187
05:23:51 | INFO    |            [filtered] MRR=0.2447 Hit@1=0.1628 Hit@5=0.3204 Hit@10=0.3971 MR=66.3 n=1370
05:23:51 | INFO    |            [multiref] MRR=0.5523 Hit@1=0.4469 Hit@5=0.6624 Hit@10=0.7653 MR=33.1 n=311

JAPE:  25%|█████████████▉                                         | 101/400 [00:09<00:31,  9.41it/s]
JAPE:  26%|██████████████▏                                        | 103/400 [00:10<00:28, 10.51it/s]
JAPE:  26%|██████████████▍                                        | 105/400 [00:10<00:25, 11.46it/s]
JAPE:  27%|██████████████▋                                        | 107/400 [00:10<00:23, 12.22it/s]
JAPE:  27%|██████████████▉                                        | 109/400 [00:10<00:22, 12.83it/s]05:23:52 | INFO    | epoch  110/400 | loss=0.0184
05:23:52 | INFO    |            [filtered] MRR=0.2397 Hit@1=0.1650 Hit@5=0.3058 Hit@10=0.3686 MR=63.5 n=1370
05:23:52 | INFO    |            [multiref] MRR=0.5341 Hit@1=0.4437 Hit@5=0.6463 Hit@10=0.7395 MR=47.0 n=311

JAPE:  28%|███████████████▎                                       | 111/400 [00:10<00:30,  9.45it/s]
JAPE:  28%|███████████████▌                                       | 113/400 [00:10<00:27, 10.56it/s]
JAPE:  29%|███████████████▊                                       | 115/400 [00:11<00:24, 11.50it/s]
JAPE:  29%|████████████████                                       | 117/400 [00:11<00:23, 12.26it/s]
JAPE:  30%|████████████████▎                                      | 119/400 [00:11<00:21, 12.87it/s]05:23:53 | INFO    | epoch  120/400 | loss=0.0183
05:23:53 | INFO    |            [filtered] MRR=0.2424 Hit@1=0.1628 Hit@5=0.3197 Hit@10=0.3978 MR=78.7 n=1370
05:23:53 | INFO    |            [multiref] MRR=0.5457 Hit@1=0.4469 Hit@5=0.6527 Hit@10=0.7653 MR=51.9 n=311

JAPE:  30%|████████████████▋                                      | 121/400 [00:11<00:29,  9.37it/s]
JAPE:  31%|████████████████▉                                      | 123/400 [00:11<00:26, 10.48it/s]
JAPE:  31%|█████████████████▏                                     | 125/400 [00:11<00:24, 11.43it/s]
JAPE:  32%|█████████████████▍                                     | 127/400 [00:12<00:22, 12.20it/s]
JAPE:  32%|█████████████████▋                                     | 129/400 [00:12<00:21, 12.80it/s]05:23:54 | INFO    | epoch  130/400 | loss=0.0181
05:23:54 | INFO    |            [filtered] MRR=0.2343 Hit@1=0.1511 Hit@5=0.3248 Hit@10=0.3934 MR=67.0 n=1370
05:23:54 | INFO    |            [multiref] MRR=0.5389 Hit@1=0.4212 Hit@5=0.6785 Hit@10=0.7588 MR=53.8 n=311

JAPE:  33%|██████████████████                                     | 131/400 [00:12<00:28,  9.43it/s]
JAPE:  33%|██████████████████▎                                    | 133/400 [00:12<00:25, 10.54it/s]
JAPE:  34%|██████████████████▌                                    | 135/400 [00:12<00:23, 11.47it/s]
JAPE:  34%|██████████████████▊                                    | 137/400 [00:13<00:21, 12.23it/s]
JAPE:  35%|███████████████████                                    | 139/400 [00:13<00:20, 12.84it/s]05:23:55 | INFO    | epoch  140/400 | loss=0.0182
05:23:55 | INFO    |            [filtered] MRR=0.2421 Hit@1=0.1613 Hit@5=0.3175 Hit@10=0.3964 MR=57.2 n=1370
05:23:55 | INFO    |            [multiref] MRR=0.5588 Hit@1=0.4630 Hit@5=0.6431 Hit@10=0.7460 MR=41.0 n=311

JAPE:  35%|███████████████████▍                                   | 141/400 [00:13<00:27,  9.41it/s]
JAPE:  36%|███████████████████▋                                   | 143/400 [00:13<00:24, 10.52it/s]
JAPE:  36%|███████████████████▉                                   | 145/400 [00:13<00:22, 11.46it/s]
JAPE:  37%|████████████████████▏                                  | 147/400 [00:13<00:20, 12.23it/s]
JAPE:  37%|████████████████████▍                                  | 149/400 [00:14<00:19, 12.83it/s]05:23:55 | INFO    | epoch  150/400 | loss=0.0180
05:23:55 | INFO    |            [filtered] MRR=0.2504 Hit@1=0.1672 Hit@5=0.3307 Hit@10=0.4139 MR=67.5 n=1370
05:23:55 | INFO    |            [multiref] MRR=0.5639 Hit@1=0.4695 Hit@5=0.6785 Hit@10=0.7588 MR=50.2 n=311
05:23:56 | INFO    |            -> new best multiref MRR=0.5639 (saved model_best.pt)

JAPE:  38%|████████████████████▊                                  | 151/400 [00:14<00:31,  7.82it/s]
JAPE:  38%|█████████████████████                                  | 153/400 [00:14<00:27,  9.08it/s]
JAPE:  39%|█████████████████████▎                                 | 155/400 [00:14<00:23, 10.22it/s]
JAPE:  39%|█████████████████████▌                                 | 157/400 [00:14<00:21, 11.21it/s]
JAPE:  40%|█████████████████████▊                                 | 159/400 [00:15<00:20, 12.02it/s]05:23:56 | INFO    | epoch  160/400 | loss=0.0178
05:23:57 | INFO    |            [filtered] MRR=0.2453 Hit@1=0.1613 Hit@5=0.3248 Hit@10=0.4007 MR=59.7 n=1370
05:23:57 | INFO    |            [multiref] MRR=0.5430 Hit@1=0.4373 Hit@5=0.6495 Hit@10=0.7492 MR=50.6 n=311

JAPE:  40%|██████████████████████▏                                | 161/400 [00:15<00:26,  9.02it/s]
JAPE:  41%|██████████████████████▍                                | 163/400 [00:15<00:23, 10.17it/s]
JAPE:  41%|██████████████████████▋                                | 165/400 [00:15<00:21, 11.17it/s]
JAPE:  42%|██████████████████████▉                                | 167/400 [00:15<00:19, 11.99it/s]
JAPE:  42%|███████████████████████▏                               | 169/400 [00:15<00:18, 12.65it/s]05:23:57 | INFO    | epoch  170/400 | loss=0.0177
05:23:57 | INFO    |            [filtered] MRR=0.2292 Hit@1=0.1547 Hit@5=0.2920 Hit@10=0.3540 MR=69.7 n=1370
05:23:57 | INFO    |            [multiref] MRR=0.5288 Hit@1=0.4341 Hit@5=0.6334 Hit@10=0.7106 MR=51.4 n=311

JAPE:  43%|███████████████████████▌                               | 171/400 [00:16<00:24,  9.29it/s]
JAPE:  43%|███████████████████████▊                               | 173/400 [00:16<00:21, 10.41it/s]
JAPE:  44%|████████████████████████                               | 175/400 [00:16<00:19, 11.37it/s]
JAPE:  44%|████████████████████████▎                              | 177/400 [00:16<00:18, 12.16it/s]
JAPE:  45%|████████████████████████▌                              | 179/400 [00:16<00:17, 12.77it/s]05:23:58 | INFO    | epoch  180/400 | loss=0.0177
05:23:58 | INFO    |            [filtered] MRR=0.2382 Hit@1=0.1635 Hit@5=0.3073 Hit@10=0.3657 MR=75.0 n=1370
05:23:58 | INFO    |            [multiref] MRR=0.5494 Hit@1=0.4630 Hit@5=0.6399 Hit@10=0.7106 MR=48.5 n=311

JAPE:  45%|████████████████████████▉                              | 181/400 [00:17<00:23,  9.29it/s]
JAPE:  46%|█████████████████████████▏                             | 183/400 [00:17<00:20, 10.42it/s]
JAPE:  46%|█████████████████████████▍                             | 185/400 [00:17<00:18, 11.37it/s]
JAPE:  47%|█████████████████████████▋                             | 187/400 [00:17<00:17, 12.16it/s]
JAPE:  47%|█████████████████████████▉                             | 189/400 [00:17<00:16, 12.77it/s]05:23:59 | INFO    | epoch  190/400 | loss=0.0176
05:23:59 | INFO    |            [filtered] MRR=0.2560 Hit@1=0.1606 Hit@5=0.3511 Hit@10=0.4182 MR=69.4 n=1370
05:23:59 | INFO    |            [multiref] MRR=0.5683 Hit@1=0.4630 Hit@5=0.6752 Hit@10=0.7588 MR=59.7 n=311
05:24:00 | INFO    |            -> new best multiref MRR=0.5683 (saved model_best.pt)

JAPE:  48%|██████████████████████████▎                            | 191/400 [00:18<00:26,  7.79it/s]
JAPE:  48%|██████████████████████████▌                            | 193/400 [00:18<00:22,  9.04it/s]
JAPE:  49%|██████████████████████████▊                            | 195/400 [00:18<00:20, 10.19it/s]
JAPE:  49%|███████████████████████████                            | 197/400 [00:18<00:18, 11.18it/s]
JAPE:  50%|███████████████████████████▎                           | 199/400 [00:18<00:16, 12.01it/s]05:24:00 | INFO    | epoch  200/400 | loss=0.0176
05:24:00 | INFO    |            [filtered] MRR=0.2439 Hit@1=0.1606 Hit@5=0.3255 Hit@10=0.4058 MR=69.6 n=1370
05:24:00 | INFO    |            [multiref] MRR=0.5463 Hit@1=0.4405 Hit@5=0.6720 Hit@10=0.7621 MR=52.9 n=311

JAPE:  50%|███████████████████████████▋                           | 201/400 [00:19<00:22,  9.04it/s]
JAPE:  51%|███████████████████████████▉                           | 203/400 [00:19<00:19, 10.19it/s]
JAPE:  51%|████████████████████████████▏                          | 205/400 [00:19<00:17, 11.19it/s]
JAPE:  52%|████████████████████████████▍                          | 207/400 [00:19<00:16, 12.02it/s]
JAPE:  52%|████████████████████████████▋                          | 209/400 [00:19<00:15, 12.66it/s]05:24:01 | INFO    | epoch  210/400 | loss=0.0173
05:24:01 | INFO    |            [filtered] MRR=0.2431 Hit@1=0.1599 Hit@5=0.3204 Hit@10=0.3766 MR=66.8 n=1370
05:24:01 | INFO    |            [multiref] MRR=0.5554 Hit@1=0.4630 Hit@5=0.6463 Hit@10=0.7106 MR=45.0 n=311

JAPE:  53%|█████████████████████████████                          | 211/400 [00:20<00:20,  9.27it/s]
JAPE:  53%|█████████████████████████████▎                         | 213/400 [00:20<00:17, 10.39it/s]
JAPE:  54%|█████████████████████████████▌                         | 215/400 [00:20<00:16, 11.36it/s]
JAPE:  54%|█████████████████████████████▊                         | 217/400 [00:20<00:15, 12.14it/s]
JAPE:  55%|██████████████████████████████                         | 219/400 [00:20<00:14, 12.77it/s]05:24:02 | INFO    | epoch  220/400 | loss=0.0175
05:24:02 | INFO    |            [filtered] MRR=0.2607 Hit@1=0.1818 Hit@5=0.3358 Hit@10=0.3949 MR=66.0 n=1370
05:24:02 | INFO    |            [multiref] MRR=0.5703 Hit@1=0.4727 Hit@5=0.6785 Hit@10=0.7588 MR=53.2 n=311
05:24:02 | INFO    |            -> new best multiref MRR=0.5703 (saved model_best.pt)

JAPE:  55%|██████████████████████████████▍                        | 221/400 [00:21<00:22,  7.84it/s]
JAPE:  56%|██████████████████████████████▋                        | 223/400 [00:21<00:19,  9.09it/s]
JAPE:  56%|██████████████████████████████▉                        | 225/400 [00:21<00:17, 10.23it/s]
JAPE:  57%|███████████████████████████████▏                       | 227/400 [00:21<00:15, 11.22it/s]
JAPE:  57%|███████████████████████████████▍                       | 229/400 [00:21<00:14, 12.03it/s]05:24:03 | INFO    | epoch  230/400 | loss=0.0174
05:24:03 | INFO    |            [filtered] MRR=0.2184 Hit@1=0.1394 Hit@5=0.2883 Hit@10=0.3620 MR=65.1 n=1370
05:24:03 | INFO    |            [multiref] MRR=0.5278 Hit@1=0.4309 Hit@5=0.6431 Hit@10=0.7299 MR=54.3 n=311

JAPE:  58%|███████████████████████████████▊                       | 231/400 [00:22<00:18,  9.16it/s]
JAPE:  58%|████████████████████████████████                       | 233/400 [00:22<00:16, 10.30it/s]
JAPE:  59%|████████████████████████████████▎                      | 235/400 [00:22<00:14, 11.25it/s]
JAPE:  59%|████████████████████████████████▌                      | 237/400 [00:22<00:13, 12.06it/s]
JAPE:  60%|████████████████████████████████▊                      | 239/400 [00:22<00:12, 12.70it/s]05:24:04 | INFO    | epoch  240/400 | loss=0.0173
05:24:04 | INFO    |            [filtered] MRR=0.2423 Hit@1=0.1526 Hit@5=0.3270 Hit@10=0.4007 MR=63.7 n=1370
05:24:04 | INFO    |            [multiref] MRR=0.5594 Hit@1=0.4566 Hit@5=0.6624 Hit@10=0.7556 MR=40.3 n=311

JAPE:  60%|█████████████████████████████████▏                     | 241/400 [00:22<00:17,  9.32it/s]
JAPE:  61%|█████████████████████████████████▍                     | 243/400 [00:23<00:15, 10.44it/s]
JAPE:  61%|█████████████████████████████████▋                     | 245/400 [00:23<00:13, 11.39it/s]
JAPE:  62%|█████████████████████████████████▉                     | 247/400 [00:23<00:12, 12.18it/s]
JAPE:  62%|██████████████████████████████████▏                    | 249/400 [00:23<00:11, 12.79it/s]05:24:05 | INFO    | epoch  250/400 | loss=0.0171
05:24:05 | INFO    |            [filtered] MRR=0.2342 Hit@1=0.1562 Hit@5=0.3015 Hit@10=0.3803 MR=78.2 n=1370
05:24:05 | INFO    |            [multiref] MRR=0.5495 Hit@1=0.4502 Hit@5=0.6559 Hit@10=0.7556 MR=53.1 n=311

JAPE:  63%|██████████████████████████████████▌                    | 251/400 [00:23<00:15,  9.40it/s]
JAPE:  63%|██████████████████████████████████▊                    | 253/400 [00:23<00:13, 10.51it/s]
JAPE:  64%|███████████████████████████████████                    | 255/400 [00:24<00:12, 11.45it/s]
JAPE:  64%|███████████████████████████████████▎                   | 257/400 [00:24<00:11, 12.20it/s]
JAPE:  65%|███████████████████████████████████▌                   | 259/400 [00:24<00:11, 12.81it/s]05:24:06 | INFO    | epoch  260/400 | loss=0.0173
05:24:06 | INFO    |            [filtered] MRR=0.2360 Hit@1=0.1555 Hit@5=0.3109 Hit@10=0.3759 MR=69.8 n=1370
05:24:06 | INFO    |            [multiref] MRR=0.5375 Hit@1=0.4405 Hit@5=0.6463 Hit@10=0.7267 MR=54.2 n=311

JAPE:  65%|███████████████████████████████████▉                   | 261/400 [00:24<00:14,  9.43it/s]
JAPE:  66%|████████████████████████████████████▏                  | 263/400 [00:24<00:13, 10.54it/s]
JAPE:  66%|████████████████████████████████████▍                  | 265/400 [00:24<00:11, 11.48it/s]
JAPE:  67%|████████████████████████████████████▋                  | 267/400 [00:25<00:10, 12.25it/s]
JAPE:  67%|████████████████████████████████████▉                  | 269/400 [00:25<00:10, 12.84it/s]05:24:07 | INFO    | epoch  270/400 | loss=0.0171
05:24:07 | INFO    |            [filtered] MRR=0.2513 Hit@1=0.1672 Hit@5=0.3314 Hit@10=0.4066 MR=71.7 n=1370
05:24:07 | INFO    |            [multiref] MRR=0.5519 Hit@1=0.4469 Hit@5=0.6656 Hit@10=0.7492 MR=45.7 n=311

JAPE:  68%|█████████████████████████████████████▎                 | 271/400 [00:25<00:13,  9.36it/s]
JAPE:  68%|█████████████████████████████████████▌                 | 273/400 [00:25<00:12, 10.48it/s]
JAPE:  69%|█████████████████████████████████████▊                 | 275/400 [00:25<00:10, 11.43it/s]
JAPE:  69%|██████████████████████████████████████                 | 277/400 [00:26<00:10, 12.13it/s]
JAPE:  70%|██████████████████████████████████████▎                | 279/400 [00:26<00:09, 12.75it/s]05:24:08 | INFO    | epoch  280/400 | loss=0.0171
05:24:08 | INFO    |            [filtered] MRR=0.2497 Hit@1=0.1540 Hit@5=0.3423 Hit@10=0.4219 MR=59.5 n=1370
05:24:08 | INFO    |            [multiref] MRR=0.5470 Hit@1=0.4373 Hit@5=0.6817 Hit@10=0.7685 MR=58.4 n=311

JAPE:  70%|██████████████████████████████████████▋                | 281/400 [00:26<00:12,  9.32it/s]
JAPE:  71%|██████████████████████████████████████▉                | 283/400 [00:26<00:11, 10.44it/s]
JAPE:  71%|███████████████████████████████████████▏               | 285/400 [00:26<00:10, 11.40it/s]
JAPE:  72%|███████████████████████████████████████▍               | 287/400 [00:26<00:09, 12.18it/s]
JAPE:  72%|███████████████████████████████████████▋               | 289/400 [00:27<00:08, 12.79it/s]05:24:08 | INFO    | epoch  290/400 | loss=0.0171
05:24:09 | INFO    |            [filtered] MRR=0.2426 Hit@1=0.1577 Hit@5=0.3255 Hit@10=0.3708 MR=68.5 n=1370
05:24:09 | INFO    |            [multiref] MRR=0.5299 Hit@1=0.4212 Hit@5=0.6495 Hit@10=0.7010 MR=44.9 n=311

JAPE:  73%|████████████████████████████████████████               | 291/400 [00:27<00:11,  9.39it/s]
JAPE:  73%|████████████████████████████████████████▎              | 293/400 [00:27<00:10, 10.50it/s]
JAPE:  74%|████████████████████████████████████████▌              | 295/400 [00:27<00:09, 11.44it/s]
JAPE:  74%|████████████████████████████████████████▊              | 297/400 [00:27<00:08, 12.20it/s]
JAPE:  75%|█████████████████████████████████████████              | 299/400 [00:27<00:07, 12.81it/s]05:24:09 | INFO    | epoch  300/400 | loss=0.0169
05:24:09 | INFO    |            [filtered] MRR=0.2233 Hit@1=0.1453 Hit@5=0.2971 Hit@10=0.3672 MR=73.6 n=1370
05:24:09 | INFO    |            [multiref] MRR=0.5219 Hit@1=0.4212 Hit@5=0.6270 Hit@10=0.7267 MR=54.9 n=311

JAPE:  75%|█████████████████████████████████████████▍             | 301/400 [00:28<00:10,  9.32it/s]
JAPE:  76%|█████████████████████████████████████████▋             | 303/400 [00:28<00:09, 10.44it/s]
JAPE:  76%|█████████████████████████████████████████▉             | 305/400 [00:28<00:08, 11.39it/s]
JAPE:  77%|██████████████████████████████████████████▏            | 307/400 [00:28<00:07, 12.17it/s]
JAPE:  77%|██████████████████████████████████████████▍            | 309/400 [00:28<00:07, 12.79it/s]05:24:10 | INFO    | epoch  310/400 | loss=0.0170
05:24:10 | INFO    |            [filtered] MRR=0.2350 Hit@1=0.1482 Hit@5=0.3168 Hit@10=0.3803 MR=62.9 n=1370
05:24:10 | INFO    |            [multiref] MRR=0.5441 Hit@1=0.4309 Hit@5=0.6592 Hit@10=0.7685 MR=48.2 n=311

JAPE:  78%|██████████████████████████████████████████▊            | 311/400 [00:29<00:09,  9.35it/s]
JAPE:  78%|███████████████████████████████████████████            | 313/400 [00:29<00:08, 10.46it/s]
JAPE:  79%|███████████████████████████████████████████▎           | 315/400 [00:29<00:07, 11.41it/s]
JAPE:  79%|███████████████████████████████████████████▌           | 317/400 [00:29<00:06, 12.18it/s]
JAPE:  80%|███████████████████████████████████████████▊           | 319/400 [00:29<00:06, 12.79it/s]05:24:11 | INFO    | epoch  320/400 | loss=0.0168
05:24:11 | INFO    |            [filtered] MRR=0.2403 Hit@1=0.1467 Hit@5=0.3270 Hit@10=0.4131 MR=57.6 n=1370
05:24:11 | INFO    |            [multiref] MRR=0.5570 Hit@1=0.4277 Hit@5=0.7170 Hit@10=0.8039 MR=38.0 n=311

JAPE:  80%|████████████████████████████████████████████▏          | 321/400 [00:30<00:08,  9.39it/s]
JAPE:  81%|████████████████████████████████████████████▍          | 323/400 [00:30<00:07, 10.50it/s]
JAPE:  81%|████████████████████████████████████████████▋          | 325/400 [00:30<00:06, 11.44it/s]
JAPE:  82%|████████████████████████████████████████████▉          | 327/400 [00:30<00:05, 12.22it/s]
JAPE:  82%|█████████████████████████████████████████████▏         | 329/400 [00:30<00:05, 12.82it/s]05:24:12 | INFO    | epoch  330/400 | loss=0.0167
05:24:12 | INFO    |            [filtered] MRR=0.2506 Hit@1=0.1599 Hit@5=0.3445 Hit@10=0.4051 MR=64.2 n=1370
05:24:12 | INFO    |            [multiref] MRR=0.5410 Hit@1=0.4244 Hit@5=0.6752 Hit@10=0.7621 MR=43.0 n=311

JAPE:  83%|█████████████████████████████████████████████▌         | 331/400 [00:31<00:07,  9.32it/s]
JAPE:  83%|█████████████████████████████████████████████▊         | 333/400 [00:31<00:06, 10.44it/s]
JAPE:  84%|██████████████████████████████████████████████         | 335/400 [00:31<00:05, 11.39it/s]
JAPE:  84%|██████████████████████████████████████████████▎        | 337/400 [00:31<00:05, 12.17it/s]
JAPE:  85%|██████████████████████████████████████████████▌        | 339/400 [00:31<00:04, 12.78it/s]05:24:13 | INFO    | epoch  340/400 | loss=0.0168
05:24:13 | INFO    |            [filtered] MRR=0.2238 Hit@1=0.1416 Hit@5=0.2971 Hit@10=0.3883 MR=58.1 n=1370
05:24:13 | INFO    |            [multiref] MRR=0.5255 Hit@1=0.4212 Hit@5=0.6559 Hit@10=0.7653 MR=51.0 n=311

JAPE:  85%|██████████████████████████████████████████████▉        | 341/400 [00:31<00:06,  9.32it/s]
JAPE:  86%|███████████████████████████████████████████████▏       | 343/400 [00:32<00:05, 10.44it/s]
JAPE:  86%|███████████████████████████████████████████████▍       | 345/400 [00:32<00:04, 11.40it/s]
JAPE:  87%|███████████████████████████████████████████████▋       | 347/400 [00:32<00:04, 12.18it/s]
JAPE:  87%|███████████████████████████████████████████████▉       | 349/400 [00:32<00:03, 12.79it/s]05:24:14 | INFO    | epoch  350/400 | loss=0.0168
05:24:14 | INFO    |            [filtered] MRR=0.2450 Hit@1=0.1562 Hit@5=0.3336 Hit@10=0.4255 MR=56.3 n=1370
05:24:14 | INFO    |            [multiref] MRR=0.5421 Hit@1=0.4341 Hit@5=0.6688 Hit@10=0.7588 MR=45.6 n=311

JAPE:  88%|████████████████████████████████████████████████▎      | 351/400 [00:32<00:05,  9.34it/s]
JAPE:  88%|████████████████████████████████████████████████▌      | 353/400 [00:32<00:04, 10.46it/s]
JAPE:  89%|████████████████████████████████████████████████▊      | 355/400 [00:33<00:03, 11.41it/s]
JAPE:  89%|█████████████████████████████████████████████████      | 357/400 [00:33<00:03, 12.19it/s]
JAPE:  90%|█████████████████████████████████████████████████▎     | 359/400 [00:33<00:03, 12.80it/s]05:24:15 | INFO    | epoch  360/400 | loss=0.0167
05:24:15 | INFO    |            [filtered] MRR=0.2341 Hit@1=0.1547 Hit@5=0.3015 Hit@10=0.3832 MR=72.0 n=1370
05:24:15 | INFO    |            [multiref] MRR=0.5312 Hit@1=0.4309 Hit@5=0.6559 Hit@10=0.7556 MR=51.6 n=311

JAPE:  90%|█████████████████████████████████████████████████▋     | 361/400 [00:33<00:04,  9.28it/s]
JAPE:  91%|█████████████████████████████████████████████████▉     | 363/400 [00:33<00:03, 10.41it/s]
JAPE:  91%|██████████████████████████████████████████████████▏    | 365/400 [00:34<00:03, 11.37it/s]
JAPE:  92%|██████████████████████████████████████████████████▍    | 367/400 [00:34<00:02, 12.14it/s]
JAPE:  92%|██████████████████████████████████████████████████▋    | 369/400 [00:34<00:02, 12.76it/s]05:24:16 | INFO    | epoch  370/400 | loss=0.0167
05:24:16 | INFO    |            [filtered] MRR=0.2309 Hit@1=0.1504 Hit@5=0.3073 Hit@10=0.3679 MR=71.2 n=1370
05:24:16 | INFO    |            [multiref] MRR=0.5241 Hit@1=0.4212 Hit@5=0.6238 Hit@10=0.7042 MR=50.9 n=311
05:24:16 | INFO    |            early stop (best=0.5703 @ 220).

JAPE:  92%|██████████████████████████████████████████████████▋    | 369/400 [00:34<00:02, 10.67it/s]
05:24:16 | INFO    | Done in 0.6 min. Best multiref MRR=0.5703 @ epoch 220.
05:24:16 | INFO    | Final evaluation on the test split, read once
05:24:17 | INFO    |   [cosine] filtMRR=0.1928 H@1=0.0980 H@10=0.3974 n=12592 | mrefMRR=0.4587 H@1=0.3188
05:24:17 | INFO    |   [  csls] filtMRR=0.1776 H@1=0.0971 H@10=0.3385 n=12592 | mrefMRR=0.5047 H@1=0.3946
05:24:19 | INFO    |   [cosine] F1=0.5101 P=0.3934 R=0.7255 (threshold 0.918 from validation, validation F1=0.5224)
05:24:19 | INFO    | Wrote experiments/jape_closeMatch_20260929-052339/result.json
05:24:19 | INFO    | Finished. Best validation MRR=0.5703 @ epoch 220.
