05:19:22 | INFO    | Model: kecg | seed 2026 | device: cuda:0
05:19:22 | INFO    | Regime closeMatch | graph: 84,182 nodes, 131,238 triples, 50,435 UCPGx candidates
05:19:22 | INFO    |   broadMatch/pgx   train=  3,744 test=  8,599 (70%) queries= 6,866 by cluster    leakage=0.00%
05:19:22 | INFO    |   closeMatch       train=  2,738 test=  6,296 (70%) queries= 1,490 by cluster    leakage=0.00%
05:19:22 | INFO    |   sameAs           train= 19,942 test= 46,531 (70%) queries=10,883 by cluster    leakage=0.00%
05:19:22 | INFO    |   broadMatch/onco  train= 25,039 test= 47,737 (66%) queries= 2,032 intra-cluster leakage=0.00%
05:19:22 | INFO    |   relatedMatch     train=  2,801 test=  6,289 (69%) queries=   812 intra-cluster leakage=0.00%
05:19:22 | INFO    |   related          train=471,647 test=762,046 (62%) queries=16,977 intra-cluster leakage=0.00%
05:19:22 | INFO    | Data: {'num_entities': 84182, 'num_relations': 13, 'triples': 131238, 'train_pairs': 2053, 'val_pairs': 685, 'candidates': 50435, 'unlabeled_pool': 49550}
05:19:24 | INFO    | Params: 10.78M
05:19:24 | INFO    | Run directory: experiments/kecg_closeMatch_20260929-051922
05:19:24 | INFO    | KECG | device=cuda:0 | {'num_entities': 84182, 'num_relations': 13, 'triples': 131238, 'train_pairs': 2053, 'val_pairs': 685, 'candidates': 50435, 'unlabeled_pool': 49550} 

KECG:   0%|                                                                | 0/1000 [00:00<?, ?it/s]code/src/models/kecg.py:24: UserWarning: index_reduce() is in beta and the API may change at any time. (Triggered internally at /__w/pytorch/pytorch/aten/src/ATen/native/cuda/Indexing.cu:1512.)
  mx = scores.new_full((n,), float("-inf")).index_reduce_(0, index, scores, "amax", include_self=True)

KECG:   0%|                                                        | 1/1000 [00:00<03:58,  4.19it/s]
KECG:   0%|                                                        | 2/1000 [00:00<02:54,  5.71it/s]
KECG:   1%|▎                                                       | 6/1000 [00:00<01:01, 16.21it/s]
KECG:   1%|▌                                                      | 10/1000 [00:00<00:44, 22.35it/s]
KECG:   1%|▊                                                      | 14/1000 [00:00<00:37, 26.63it/s]
KECG:   2%|▉                                                      | 18/1000 [00:00<00:33, 29.47it/s]
KECG:   2%|█▏                                                     | 22/1000 [00:00<00:31, 31.06it/s]05:19:25 | INFO    | epoch   25/1000 | loss=1.8320
05:19:25 | INFO    |            [filtered] MRR=0.2408 Hit@1=0.1672 Hit@5=0.2825 Hit@10=0.3431 MR=2368.6 n=1370
05:19:25 | INFO    |            [multiref] MRR=0.4617 Hit@1=0.3826 Hit@5=0.5305 Hit@10=0.5981 MR=2828.5 n=311
05:19:26 | INFO    |            -> new best filtered MRR=0.2408 (saved model_best.pt)

KECG:   3%|█▍                                                     | 26/1000 [00:01<00:54, 17.77it/s]
KECG:   3%|█▋                                                     | 30/1000 [00:01<00:46, 21.07it/s]
KECG:   3%|█▊                                                     | 34/1000 [00:01<00:43, 22.07it/s]
KECG:   4%|██                                                     | 37/1000 [00:01<00:43, 22.11it/s]
KECG:   4%|██▎                                                    | 41/1000 [00:01<00:38, 25.02it/s]
KECG:   4%|██▍                                                    | 45/1000 [00:01<00:34, 27.66it/s]
KECG:   5%|██▋                                                    | 49/1000 [00:02<00:31, 29.79it/s]05:19:26 | INFO    | epoch   50/1000 | loss=2.7086
05:19:26 | INFO    |            [filtered] MRR=0.7009 Hit@1=0.6255 Hit@5=0.7737 Hit@10=0.7927 MR=925.8 n=1370
05:19:26 | INFO    |            [multiref] MRR=0.5929 Hit@1=0.5145 Hit@5=0.6752 Hit@10=0.7299 MR=943.5 n=311
05:19:27 | INFO    |            -> new best filtered MRR=0.7009 (saved model_best.pt)

KECG:   5%|██▉                                                    | 53/1000 [00:02<00:53, 17.63it/s]
KECG:   6%|███▏                                                   | 57/1000 [00:02<00:45, 20.88it/s]
KECG:   6%|███▎                                                   | 61/1000 [00:02<00:39, 23.71it/s]
KECG:   6%|███▌                                                   | 65/1000 [00:02<00:35, 26.41it/s]
KECG:   7%|███▊                                                   | 69/1000 [00:02<00:32, 28.69it/s]
KECG:   7%|████                                                   | 73/1000 [00:03<00:30, 30.20it/s]05:19:27 | INFO    | epoch   75/1000 | loss=1.2763
05:19:27 | INFO    |            [filtered] MRR=0.7265 Hit@1=0.6540 Hit@5=0.7978 Hit@10=0.8219 MR=346.0 n=1370
05:19:27 | INFO    |            [multiref] MRR=0.6336 Hit@1=0.5595 Hit@5=0.7010 Hit@10=0.7685 MR=588.3 n=311
05:19:28 | INFO    |            -> new best filtered MRR=0.7265 (saved model_best.pt)

KECG:   8%|████▏                                                  | 77/1000 [00:03<00:50, 18.12it/s]
KECG:   8%|████▍                                                  | 81/1000 [00:03<00:43, 21.11it/s]
KECG:   8%|████▋                                                  | 85/1000 [00:03<00:37, 24.09it/s]
KECG:   9%|████▉                                                  | 89/1000 [00:03<00:34, 26.71it/s]
KECG:   9%|█████                                                  | 93/1000 [00:03<00:31, 28.66it/s]
KECG:  10%|█████▎                                                 | 97/1000 [00:04<00:29, 30.50it/s]05:19:28 | INFO    | epoch  100/1000 | loss=2.5267
05:19:29 | INFO    |            [filtered] MRR=0.7216 Hit@1=0.6328 Hit@5=0.8109 Hit@10=0.8423 MR=200.1 n=1370
05:19:29 | INFO    |            [multiref] MRR=0.6658 Hit@1=0.5916 Hit@5=0.7428 Hit@10=0.7974 MR=475.2 n=311

KECG:  10%|█████▍                                                | 101/1000 [00:04<00:43, 20.53it/s]
KECG:  10%|█████▋                                                | 105/1000 [00:04<00:37, 23.56it/s]
KECG:  11%|█████▉                                                | 109/1000 [00:04<00:33, 26.28it/s]
KECG:  11%|██████                                                | 113/1000 [00:04<00:31, 28.30it/s]
KECG:  12%|██████▎                                               | 117/1000 [00:04<00:29, 30.19it/s]
KECG:  12%|██████▌                                               | 121/1000 [00:05<00:28, 31.34it/s]05:19:29 | INFO    | epoch  125/1000 | loss=1.1115
05:19:29 | INFO    |            [filtered] MRR=0.7329 Hit@1=0.6394 Hit@5=0.8314 Hit@10=0.8496 MR=135.9 n=1370
05:19:29 | INFO    |            [multiref] MRR=0.6833 Hit@1=0.6013 Hit@5=0.7814 Hit@10=0.8103 MR=374.4 n=311
05:19:30 | INFO    |            -> new best filtered MRR=0.7329 (saved model_best.pt)

KECG:  12%|██████▊                                               | 125/1000 [00:05<00:47, 18.24it/s]
KECG:  13%|██████▉                                               | 129/1000 [00:05<00:40, 21.38it/s]
KECG:  13%|███████▏                                              | 133/1000 [00:05<00:35, 24.13it/s]
KECG:  14%|███████▍                                              | 137/1000 [00:05<00:32, 26.73it/s]
KECG:  14%|███████▌                                              | 141/1000 [00:05<00:29, 28.66it/s]
KECG:  14%|███████▊                                              | 145/1000 [00:06<00:28, 30.48it/s]
KECG:  15%|████████                                              | 149/1000 [00:06<00:26, 31.89it/s]05:19:30 | INFO    | epoch  150/1000 | loss=2.3578
05:19:30 | INFO    |            [filtered] MRR=0.7585 Hit@1=0.6847 Hit@5=0.8350 Hit@10=0.8540 MR=96.7 n=1370
05:19:30 | INFO    |            [multiref] MRR=0.7081 Hit@1=0.6270 Hit@5=0.8006 Hit@10=0.8264 MR=273.5 n=311
05:19:31 | INFO    |            -> new best filtered MRR=0.7585 (saved model_best.pt)

KECG:  15%|████████▎                                             | 153/1000 [00:06<00:46, 18.23it/s]
KECG:  16%|████████▍                                             | 157/1000 [00:06<00:39, 21.39it/s]
KECG:  16%|████████▋                                             | 161/1000 [00:06<00:34, 24.13it/s]
KECG:  16%|████████▉                                             | 165/1000 [00:06<00:31, 26.76it/s]
KECG:  17%|█████████▏                                            | 169/1000 [00:07<00:28, 28.96it/s]
KECG:  17%|█████████▎                                            | 173/1000 [00:07<00:27, 30.43it/s]05:19:31 | INFO    | epoch  175/1000 | loss=0.9565
05:19:32 | INFO    |            [filtered] MRR=0.7663 Hit@1=0.6942 Hit@5=0.8416 Hit@10=0.8635 MR=77.7 n=1370
05:19:32 | INFO    |            [multiref] MRR=0.7181 Hit@1=0.6399 Hit@5=0.8103 Hit@10=0.8489 MR=219.3 n=311
05:19:32 | INFO    |            -> new best filtered MRR=0.7663 (saved model_best.pt)

KECG:  18%|█████████▌                                            | 177/1000 [00:07<00:45, 17.96it/s]
KECG:  18%|█████████▊                                            | 181/1000 [00:07<00:39, 20.95it/s]
KECG:  18%|█████████▉                                            | 185/1000 [00:07<00:34, 23.94it/s]
KECG:  19%|██████████▏                                           | 189/1000 [00:07<00:30, 26.60it/s]
KECG:  19%|██████████▍                                           | 193/1000 [00:08<00:28, 28.58it/s]
KECG:  20%|██████████▋                                           | 197/1000 [00:08<00:26, 30.41it/s]05:19:32 | INFO    | epoch  200/1000 | loss=2.1912
05:19:33 | INFO    |            [filtered] MRR=0.7461 Hit@1=0.6504 Hit@5=0.8467 Hit@10=0.8708 MR=68.8 n=1370
05:19:33 | INFO    |            [multiref] MRR=0.7110 Hit@1=0.6238 Hit@5=0.8199 Hit@10=0.8521 MR=188.6 n=311

KECG:  20%|██████████▊                                           | 201/1000 [00:08<00:38, 20.56it/s]
KECG:  20%|███████████                                           | 205/1000 [00:08<00:33, 23.58it/s]
KECG:  21%|███████████▎                                          | 209/1000 [00:08<00:30, 26.28it/s]
KECG:  21%|███████████▌                                          | 213/1000 [00:08<00:27, 28.31it/s]
KECG:  22%|███████████▋                                          | 217/1000 [00:08<00:25, 30.20it/s]
KECG:  22%|███████████▉                                          | 221/1000 [00:09<00:24, 31.38it/s]05:19:33 | INFO    | epoch  225/1000 | loss=0.7547
05:19:33 | INFO    |            [filtered] MRR=0.7472 Hit@1=0.6518 Hit@5=0.8496 Hit@10=0.8679 MR=49.8 n=1370
05:19:33 | INFO    |            [multiref] MRR=0.7132 Hit@1=0.6270 Hit@5=0.8264 Hit@10=0.8553 MR=131.0 n=311

KECG:  22%|████████████▏                                         | 225/1000 [00:09<00:35, 21.55it/s]
KECG:  23%|████████████▎                                         | 229/1000 [00:09<00:31, 24.47it/s]
KECG:  23%|████████████▌                                         | 233/1000 [00:09<00:28, 26.82it/s]
KECG:  24%|████████████▊                                         | 237/1000 [00:09<00:26, 29.00it/s]
KECG:  24%|█████████████                                         | 241/1000 [00:09<00:24, 30.46it/s]
KECG:  24%|█████████████▏                                        | 245/1000 [00:09<00:23, 31.88it/s]
KECG:  25%|█████████████▍                                        | 249/1000 [00:10<00:23, 32.45it/s]05:19:34 | INFO    | epoch  250/1000 | loss=2.0204
05:19:34 | INFO    |            [filtered] MRR=0.7704 Hit@1=0.6920 Hit@5=0.8511 Hit@10=0.8693 MR=37.7 n=1370
05:19:34 | INFO    |            [multiref] MRR=0.7344 Hit@1=0.6527 Hit@5=0.8264 Hit@10=0.8650 MR=97.3 n=311
05:19:35 | INFO    |            -> new best filtered MRR=0.7704 (saved model_best.pt)

KECG:  25%|█████████████▋                                        | 253/1000 [00:10<00:39, 18.95it/s]
KECG:  26%|█████████████▉                                        | 257/1000 [00:10<00:33, 22.08it/s]
KECG:  26%|██████████████                                        | 261/1000 [00:10<00:29, 24.74it/s]
KECG:  26%|██████████████▎                                       | 265/1000 [00:10<00:26, 27.27it/s]
KECG:  27%|██████████████▌                                       | 269/1000 [00:10<00:24, 29.39it/s]
KECG:  27%|██████████████▋                                       | 273/1000 [00:11<00:23, 30.75it/s]05:19:35 | INFO    | epoch  275/1000 | loss=0.4710
05:19:35 | INFO    |            [filtered] MRR=0.7727 Hit@1=0.6956 Hit@5=0.8533 Hit@10=0.8672 MR=30.6 n=1370
05:19:35 | INFO    |            [multiref] MRR=0.7400 Hit@1=0.6592 Hit@5=0.8296 Hit@10=0.8650 MR=84.6 n=311
05:19:36 | INFO    |            -> new best filtered MRR=0.7727 (saved model_best.pt)

KECG:  28%|██████████████▉                                       | 277/1000 [00:11<00:39, 18.26it/s]
KECG:  28%|███████████████▏                                      | 281/1000 [00:11<00:33, 21.25it/s]
KECG:  28%|███████████████▍                                      | 285/1000 [00:11<00:29, 24.20it/s]
KECG:  29%|███████████████▌                                      | 289/1000 [00:11<00:26, 26.84it/s]
KECG:  29%|███████████████▊                                      | 293/1000 [00:11<00:24, 28.73it/s]
KECG:  30%|████████████████                                      | 297/1000 [00:12<00:23, 30.51it/s]05:19:36 | INFO    | epoch  300/1000 | loss=1.8462
05:19:36 | INFO    |            [filtered] MRR=0.7609 Hit@1=0.6737 Hit@5=0.8511 Hit@10=0.8686 MR=28.7 n=1370
05:19:36 | INFO    |            [multiref] MRR=0.7342 Hit@1=0.6527 Hit@5=0.8232 Hit@10=0.8650 MR=80.6 n=311

KECG:  30%|████████████████▎                                     | 301/1000 [00:12<00:33, 21.02it/s]
KECG:  30%|████████████████▍                                     | 305/1000 [00:12<00:29, 23.96it/s]
KECG:  31%|████████████████▋                                     | 309/1000 [00:12<00:25, 26.60it/s]
KECG:  31%|████████████████▉                                     | 313/1000 [00:12<00:24, 28.53it/s]
KECG:  32%|█████████████████                                     | 317/1000 [00:12<00:22, 30.35it/s]
KECG:  32%|█████████████████▎                                    | 321/1000 [00:12<00:21, 31.43it/s]05:19:37 | INFO    | epoch  325/1000 | loss=0.2832
05:19:37 | INFO    |            [filtered] MRR=0.7596 Hit@1=0.6708 Hit@5=0.8518 Hit@10=0.8686 MR=28.0 n=1370
05:19:37 | INFO    |            [multiref] MRR=0.7343 Hit@1=0.6527 Hit@5=0.8264 Hit@10=0.8650 MR=80.5 n=311

KECG:  32%|█████████████████▌                                    | 325/1000 [00:13<00:31, 21.54it/s]
KECG:  33%|█████████████████▊                                    | 329/1000 [00:13<00:27, 24.43it/s]
KECG:  33%|█████████████████▉                                    | 333/1000 [00:13<00:24, 26.74it/s]
KECG:  34%|██████████████████▏                                   | 337/1000 [00:13<00:22, 28.91it/s]
KECG:  34%|██████████████████▍                                   | 341/1000 [00:13<00:21, 30.32it/s]
KECG:  34%|██████████████████▋                                   | 345/1000 [00:13<00:20, 31.72it/s]
KECG:  35%|██████████████████▊                                   | 349/1000 [00:13<00:19, 32.82it/s]05:19:38 | INFO    | epoch  350/1000 | loss=1.6664
05:19:38 | INFO    |            [filtered] MRR=0.7703 Hit@1=0.6934 Hit@5=0.8496 Hit@10=0.8679 MR=27.3 n=1370
05:19:38 | INFO    |            [multiref] MRR=0.7333 Hit@1=0.6559 Hit@5=0.8199 Hit@10=0.8617 MR=79.7 n=311

KECG:  35%|███████████████████                                   | 353/1000 [00:14<00:29, 21.62it/s]
KECG:  36%|███████████████████▎                                  | 357/1000 [00:14<00:26, 24.52it/s]
KECG:  36%|███████████████████▍                                  | 361/1000 [00:14<00:23, 26.78it/s]
KECG:  36%|███████████████████▋                                  | 365/1000 [00:14<00:21, 28.94it/s]
KECG:  37%|███████████████████▉                                  | 369/1000 [00:14<00:20, 30.66it/s]
KECG:  37%|████████████████████▏                                 | 373/1000 [00:14<00:19, 31.64it/s]05:19:39 | INFO    | epoch  375/1000 | loss=0.1852
05:19:39 | INFO    |            [filtered] MRR=0.7713 Hit@1=0.6956 Hit@5=0.8482 Hit@10=0.8701 MR=27.4 n=1370
05:19:39 | INFO    |            [multiref] MRR=0.7343 Hit@1=0.6559 Hit@5=0.8232 Hit@10=0.8714 MR=80.6 n=311

KECG:  38%|████████████████████▎                                 | 377/1000 [00:15<00:28, 21.55it/s]
KECG:  38%|████████████████████▌                                 | 381/1000 [00:15<00:25, 24.25it/s]
KECG:  38%|████████████████████▊                                 | 385/1000 [00:15<00:22, 26.81it/s]
KECG:  39%|█████████████████████                                 | 389/1000 [00:15<00:21, 28.93it/s]
KECG:  39%|█████████████████████▏                                | 393/1000 [00:15<00:20, 30.32it/s]
KECG:  40%|█████████████████████▍                                | 397/1000 [00:15<00:19, 31.73it/s]05:19:40 | INFO    | epoch  400/1000 | loss=1.4784
05:19:40 | INFO    |            [filtered] MRR=0.7610 Hit@1=0.6745 Hit@5=0.8482 Hit@10=0.8701 MR=27.8 n=1370
05:19:40 | INFO    |            [multiref] MRR=0.7352 Hit@1=0.6559 Hit@5=0.8232 Hit@10=0.8714 MR=82.5 n=311

KECG:  40%|█████████████████████▋                                | 401/1000 [00:16<00:27, 21.44it/s]
KECG:  40%|█████████████████████▊                                | 405/1000 [00:16<00:24, 24.34it/s]
KECG:  41%|██████████████████████                                | 409/1000 [00:16<00:21, 26.89it/s]
KECG:  41%|██████████████████████▎                               | 413/1000 [00:16<00:20, 28.72it/s]
KECG:  42%|██████████████████████▌                               | 417/1000 [00:16<00:19, 30.47it/s]
KECG:  42%|██████████████████████▋                               | 421/1000 [00:16<00:18, 31.49it/s]05:19:41 | INFO    | epoch  425/1000 | loss=0.1246
05:19:41 | INFO    |            [filtered] MRR=0.7628 Hit@1=0.6788 Hit@5=0.8482 Hit@10=0.8693 MR=28.2 n=1370
05:19:41 | INFO    |            [multiref] MRR=0.7332 Hit@1=0.6527 Hit@5=0.8264 Hit@10=0.8682 MR=83.8 n=311

KECG:  42%|██████████████████████▉                               | 425/1000 [00:16<00:26, 21.43it/s]
KECG:  43%|███████████████████████▏                              | 429/1000 [00:17<00:23, 24.31it/s]
KECG:  43%|███████████████████████▍                              | 433/1000 [00:17<00:21, 26.59it/s]
KECG:  44%|███████████████████████▌                              | 437/1000 [00:17<00:19, 28.75it/s]
KECG:  44%|███████████████████████▊                              | 441/1000 [00:17<00:18, 30.17it/s]
KECG:  44%|████████████████████████                              | 445/1000 [00:17<00:17, 31.59it/s]
KECG:  45%|████████████████████████▏                             | 449/1000 [00:17<00:16, 32.64it/s]05:19:42 | INFO    | epoch  450/1000 | loss=1.2773
05:19:42 | INFO    |            [filtered] MRR=0.7720 Hit@1=0.6956 Hit@5=0.8511 Hit@10=0.8708 MR=28.7 n=1370
05:19:42 | INFO    |            [multiref] MRR=0.7415 Hit@1=0.6656 Hit@5=0.8328 Hit@10=0.8746 MR=85.9 n=311

KECG:  45%|████████████████████████▍                             | 453/1000 [00:17<00:24, 21.91it/s]
KECG:  46%|████████████████████████▋                             | 457/1000 [00:18<00:21, 24.76it/s]
KECG:  46%|████████████████████████▉                             | 461/1000 [00:18<00:19, 26.98it/s]
KECG:  46%|█████████████████████████                             | 465/1000 [00:18<00:18, 29.06it/s]
KECG:  47%|█████████████████████████▎                            | 469/1000 [00:18<00:17, 30.75it/s]
KECG:  47%|█████████████████████████▌                            | 473/1000 [00:18<00:16, 31.69it/s]05:19:43 | INFO    | epoch  475/1000 | loss=0.0851
05:19:43 | INFO    |            [filtered] MRR=0.7744 Hit@1=0.6993 Hit@5=0.8526 Hit@10=0.8715 MR=29.0 n=1370
05:19:43 | INFO    |            [multiref] MRR=0.7415 Hit@1=0.6656 Hit@5=0.8360 Hit@10=0.8746 MR=87.2 n=311
05:19:43 | INFO    |            -> new best filtered MRR=0.7744 (saved model_best.pt)

KECG:  48%|█████████████████████████▊                            | 477/1000 [00:18<00:27, 18.75it/s]
KECG:  48%|█████████████████████████▉                            | 481/1000 [00:19<00:23, 21.66it/s]
KECG:  48%|██████████████████████████▏                           | 485/1000 [00:19<00:21, 24.49it/s]
KECG:  49%|██████████████████████████▍                           | 489/1000 [00:19<00:18, 26.99it/s]
KECG:  49%|██████████████████████████▌                           | 493/1000 [00:19<00:17, 28.81it/s]
KECG:  50%|██████████████████████████▊                           | 497/1000 [00:19<00:16, 30.53it/s]05:19:44 | INFO    | epoch  500/1000 | loss=1.0642
05:19:44 | INFO    |            [filtered] MRR=0.7656 Hit@1=0.6818 Hit@5=0.8518 Hit@10=0.8715 MR=29.3 n=1370
05:19:44 | INFO    |            [multiref] MRR=0.7370 Hit@1=0.6559 Hit@5=0.8296 Hit@10=0.8714 MR=88.6 n=311

KECG:  50%|███████████████████████████                           | 501/1000 [00:19<00:23, 21.10it/s]
KECG:  50%|███████████████████████████▎                          | 505/1000 [00:19<00:20, 24.02it/s]
KECG:  51%|███████████████████████████▍                          | 509/1000 [00:20<00:18, 26.57it/s]
KECG:  51%|███████████████████████████▋                          | 513/1000 [00:20<00:17, 28.44it/s]
KECG:  52%|███████████████████████████▉                          | 517/1000 [00:20<00:15, 30.24it/s]
KECG:  52%|████████████████████████████▏                         | 521/1000 [00:20<00:15, 31.30it/s]05:19:45 | INFO    | epoch  525/1000 | loss=0.0655
05:19:45 | INFO    |            [filtered] MRR=0.7661 Hit@1=0.6788 Hit@5=0.8533 Hit@10=0.8723 MR=29.7 n=1370
05:19:45 | INFO    |            [multiref] MRR=0.7419 Hit@1=0.6559 Hit@5=0.8360 Hit@10=0.8746 MR=90.3 n=311

KECG:  52%|████████████████████████████▎                         | 525/1000 [00:20<00:22, 21.22it/s]
KECG:  53%|████████████████████████████▌                         | 529/1000 [00:20<00:19, 24.11it/s]
KECG:  53%|████████████████████████████▊                         | 533/1000 [00:20<00:17, 26.43it/s]
KECG:  54%|████████████████████████████▉                         | 537/1000 [00:21<00:16, 28.62it/s]
KECG:  54%|█████████████████████████████▏                        | 541/1000 [00:21<00:15, 30.06it/s]
KECG:  55%|█████████████████████████████▍                        | 545/1000 [00:21<00:14, 31.48it/s]
KECG:  55%|█████████████████████████████▋                        | 549/1000 [00:21<00:13, 32.54it/s]05:19:46 | INFO    | epoch  550/1000 | loss=0.8774
05:19:46 | INFO    |            [filtered] MRR=0.7728 Hit@1=0.6927 Hit@5=0.8511 Hit@10=0.8715 MR=29.9 n=1370
05:19:46 | INFO    |            [multiref] MRR=0.7477 Hit@1=0.6688 Hit@5=0.8296 Hit@10=0.8778 MR=91.3 n=311

KECG:  55%|█████████████████████████████▊                        | 553/1000 [00:21<00:20, 21.58it/s]
KECG:  56%|██████████████████████████████                        | 557/1000 [00:21<00:18, 24.45it/s]
KECG:  56%|██████████████████████████████▎                       | 561/1000 [00:22<00:16, 26.69it/s]
KECG:  56%|██████████████████████████████▌                       | 565/1000 [00:22<00:15, 28.83it/s]
KECG:  57%|██████████████████████████████▋                       | 569/1000 [00:22<00:14, 30.52it/s]
KECG:  57%|██████████████████████████████▉                       | 573/1000 [00:22<00:13, 31.50it/s]05:19:47 | INFO    | epoch  575/1000 | loss=0.0543
05:19:47 | INFO    |            [filtered] MRR=0.7730 Hit@1=0.6934 Hit@5=0.8511 Hit@10=0.8737 MR=30.1 n=1370
05:19:47 | INFO    |            [multiref] MRR=0.7463 Hit@1=0.6656 Hit@5=0.8328 Hit@10=0.8875 MR=92.1 n=311

KECG:  58%|███████████████████████████████▏                      | 577/1000 [00:22<00:19, 21.40it/s]
KECG:  58%|███████████████████████████████▎                      | 581/1000 [00:22<00:17, 24.07it/s]
KECG:  58%|███████████████████████████████▌                      | 585/1000 [00:22<00:15, 26.61it/s]
KECG:  59%|███████████████████████████████▊                      | 589/1000 [00:23<00:14, 27.56it/s]
KECG:  59%|████████████████████████████████                      | 593/1000 [00:23<00:13, 29.23it/s]
KECG:  60%|████████████████████████████████▏                     | 597/1000 [00:23<00:13, 30.85it/s]05:19:48 | INFO    | epoch  600/1000 | loss=0.7635
05:19:48 | INFO    |            [filtered] MRR=0.7661 Hit@1=0.6796 Hit@5=0.8547 Hit@10=0.8752 MR=30.0 n=1370
05:19:48 | INFO    |            [multiref] MRR=0.7444 Hit@1=0.6592 Hit@5=0.8424 Hit@10=0.8907 MR=91.5 n=311

KECG:  60%|████████████████████████████████▍                     | 601/1000 [00:23<00:19, 20.80it/s]
KECG:  60%|████████████████████████████████▋                     | 605/1000 [00:23<00:16, 23.75it/s]
KECG:  61%|████████████████████████████████▉                     | 609/1000 [00:23<00:14, 26.35it/s]
KECG:  61%|█████████████████████████████████                     | 613/1000 [00:23<00:13, 28.25it/s]
KECG:  62%|█████████████████████████████████▎                    | 617/1000 [00:24<00:12, 30.04it/s]
KECG:  62%|█████████████████████████████████▌                    | 621/1000 [00:24<00:12, 31.13it/s]05:19:49 | INFO    | epoch  625/1000 | loss=0.0485
05:19:49 | INFO    |            [filtered] MRR=0.7668 Hit@1=0.6810 Hit@5=0.8547 Hit@10=0.8730 MR=30.3 n=1370
05:19:49 | INFO    |            [multiref] MRR=0.7488 Hit@1=0.6656 Hit@5=0.8424 Hit@10=0.8810 MR=91.4 n=311

KECG:  62%|█████████████████████████████████▊                    | 625/1000 [00:24<00:17, 21.24it/s]
KECG:  63%|█████████████████████████████████▉                    | 629/1000 [00:24<00:15, 24.11it/s]
KECG:  63%|██████████████████████████████████▏                   | 633/1000 [00:24<00:13, 26.41it/s]
KECG:  64%|██████████████████████████████████▍                   | 637/1000 [00:24<00:12, 28.56it/s]
KECG:  64%|██████████████████████████████████▌                   | 641/1000 [00:24<00:11, 29.98it/s]
KECG:  64%|██████████████████████████████████▊                   | 645/1000 [00:25<00:11, 31.40it/s]
KECG:  65%|███████████████████████████████████                   | 649/1000 [00:25<00:10, 32.47it/s]05:19:49 | INFO    | epoch  650/1000 | loss=0.6713
05:19:50 | INFO    |            [filtered] MRR=0.7751 Hit@1=0.6978 Hit@5=0.8562 Hit@10=0.8723 MR=30.5 n=1370
05:19:50 | INFO    |            [multiref] MRR=0.7539 Hit@1=0.6752 Hit@5=0.8424 Hit@10=0.8810 MR=91.5 n=311
05:19:50 | INFO    |            -> new best filtered MRR=0.7751 (saved model_best.pt)

KECG:  65%|███████████████████████████████████▎                  | 653/1000 [00:25<00:18, 18.65it/s]
KECG:  66%|███████████████████████████████████▍                  | 657/1000 [00:25<00:15, 21.73it/s]
KECG:  66%|███████████████████████████████████▋                  | 661/1000 [00:25<00:13, 24.37it/s]
KECG:  66%|███████████████████████████████████▉                  | 665/1000 [00:25<00:12, 26.88it/s]
KECG:  67%|████████████████████████████████████▏                 | 669/1000 [00:26<00:11, 28.95it/s]
KECG:  67%|████████████████████████████████████▎                 | 673/1000 [00:26<00:10, 30.28it/s]05:19:51 | INFO    | epoch  675/1000 | loss=0.0460
05:19:51 | INFO    |            [filtered] MRR=0.7739 Hit@1=0.6964 Hit@5=0.8547 Hit@10=0.8723 MR=30.8 n=1370
05:19:51 | INFO    |            [multiref] MRR=0.7572 Hit@1=0.6817 Hit@5=0.8424 Hit@10=0.8810 MR=92.1 n=311

KECG:  68%|████████████████████████████████████▌                 | 677/1000 [00:26<00:15, 20.68it/s]
KECG:  68%|████████████████████████████████████▊                 | 681/1000 [00:26<00:13, 23.44it/s]
KECG:  68%|████████████████████████████████████▉                 | 685/1000 [00:26<00:12, 26.05it/s]
KECG:  69%|█████████████████████████████████████▏                | 689/1000 [00:26<00:10, 28.28it/s]
KECG:  69%|█████████████████████████████████████▍                | 693/1000 [00:26<00:10, 29.77it/s]
KECG:  70%|█████████████████████████████████████▋                | 697/1000 [00:27<00:09, 31.26it/s]05:19:51 | INFO    | epoch  700/1000 | loss=0.5985
05:19:52 | INFO    |            [filtered] MRR=0.7677 Hit@1=0.6839 Hit@5=0.8526 Hit@10=0.8723 MR=31.1 n=1370
05:19:52 | INFO    |            [multiref] MRR=0.7489 Hit@1=0.6656 Hit@5=0.8392 Hit@10=0.8842 MR=92.3 n=311

KECG:  70%|█████████████████████████████████████▊                | 701/1000 [00:27<00:14, 20.93it/s]
KECG:  70%|██████████████████████████████████████                | 705/1000 [00:27<00:12, 23.85it/s]
KECG:  71%|██████████████████████████████████████▎               | 709/1000 [00:27<00:11, 26.43it/s]
KECG:  71%|██████████████████████████████████████▌               | 713/1000 [00:27<00:10, 27.39it/s]
KECG:  72%|██████████████████████████████████████▋               | 717/1000 [00:27<00:09, 29.40it/s]
KECG:  72%|██████████████████████████████████████▉               | 721/1000 [00:28<00:09, 30.66it/s]05:19:52 | INFO    | epoch  725/1000 | loss=0.0459
05:19:52 | INFO    |            [filtered] MRR=0.7696 Hit@1=0.6883 Hit@5=0.8526 Hit@10=0.8737 MR=31.1 n=1370
05:19:52 | INFO    |            [multiref] MRR=0.7517 Hit@1=0.6720 Hit@5=0.8424 Hit@10=0.8907 MR=91.8 n=311

KECG:  72%|███████████████████████████████████████▏              | 725/1000 [00:28<00:13, 20.90it/s]
KECG:  73%|███████████████████████████████████████▎              | 729/1000 [00:28<00:11, 23.82it/s]
KECG:  73%|███████████████████████████████████████▌              | 733/1000 [00:28<00:10, 26.20it/s]
KECG:  74%|███████████████████████████████████████▊              | 737/1000 [00:28<00:09, 28.42it/s]
KECG:  74%|████████████████████████████████████████              | 741/1000 [00:28<00:08, 29.95it/s]
KECG:  74%|████████████████████████████████████████▏             | 745/1000 [00:28<00:08, 31.43it/s]
KECG:  75%|████████████████████████████████████████▍             | 749/1000 [00:29<00:07, 32.59it/s]05:19:53 | INFO    | epoch  750/1000 | loss=0.5376
05:19:53 | INFO    |            [filtered] MRR=0.7765 Hit@1=0.7015 Hit@5=0.8533 Hit@10=0.8737 MR=31.3 n=1370
05:19:53 | INFO    |            [multiref] MRR=0.7563 Hit@1=0.6785 Hit@5=0.8457 Hit@10=0.8875 MR=92.1 n=311
05:19:54 | INFO    |            -> new best filtered MRR=0.7765 (saved model_best.pt)

KECG:  75%|████████████████████████████████████████▋             | 753/1000 [00:29<00:13, 18.24it/s]
KECG:  76%|████████████████████████████████████████▉             | 757/1000 [00:29<00:11, 21.35it/s]
KECG:  76%|█████████████████████████████████████████             | 761/1000 [00:29<00:09, 24.04it/s]
KECG:  76%|█████████████████████████████████████████▎            | 765/1000 [00:29<00:08, 26.59it/s]
KECG:  77%|█████████████████████████████████████████▌            | 769/1000 [00:29<00:08, 28.73it/s]
KECG:  77%|█████████████████████████████████████████▋            | 773/1000 [00:30<00:07, 30.15it/s]05:19:54 | INFO    | epoch  775/1000 | loss=0.0449
05:19:54 | INFO    |            [filtered] MRR=0.7785 Hit@1=0.7051 Hit@5=0.8533 Hit@10=0.8745 MR=31.2 n=1370
05:19:54 | INFO    |            [multiref] MRR=0.7605 Hit@1=0.6881 Hit@5=0.8424 Hit@10=0.8842 MR=91.4 n=311
05:19:55 | INFO    |            -> new best filtered MRR=0.7785 (saved model_best.pt)

KECG:  78%|█████████████████████████████████████████▉            | 777/1000 [00:30<00:12, 17.86it/s]
KECG:  78%|██████████████████████████████████████████▏           | 781/1000 [00:30<00:10, 20.83it/s]
KECG:  78%|██████████████████████████████████████████▍           | 785/1000 [00:30<00:09, 23.76it/s]
KECG:  79%|██████████████████████████████████████████▌           | 789/1000 [00:30<00:08, 26.35it/s]
KECG:  79%|██████████████████████████████████████████▊           | 793/1000 [00:30<00:07, 28.24it/s]
KECG:  80%|███████████████████████████████████████████           | 797/1000 [00:31<00:06, 30.07it/s]05:19:55 | INFO    | epoch  800/1000 | loss=0.4870
05:19:56 | INFO    |            [filtered] MRR=0.7707 Hit@1=0.6891 Hit@5=0.8533 Hit@10=0.8745 MR=31.3 n=1370
05:19:56 | INFO    |            [multiref] MRR=0.7559 Hit@1=0.6752 Hit@5=0.8424 Hit@10=0.8842 MR=91.1 n=311

KECG:  80%|███████████████████████████████████████████▎          | 801/1000 [00:31<00:09, 20.39it/s]
KECG:  80%|███████████████████████████████████████████▍          | 805/1000 [00:31<00:08, 23.35it/s]
KECG:  81%|███████████████████████████████████████████▋          | 809/1000 [00:31<00:07, 25.99it/s]
KECG:  81%|███████████████████████████████████████████▉          | 813/1000 [00:31<00:06, 27.95it/s]
KECG:  82%|████████████████████████████████████████████          | 817/1000 [00:31<00:06, 29.81it/s]
KECG:  82%|████████████████████████████████████████████▎         | 821/1000 [00:32<00:05, 30.95it/s]05:19:56 | INFO    | epoch  825/1000 | loss=0.0445
05:19:56 | INFO    |            [filtered] MRR=0.7703 Hit@1=0.6883 Hit@5=0.8540 Hit@10=0.8730 MR=31.3 n=1370
05:19:56 | INFO    |            [multiref] MRR=0.7564 Hit@1=0.6752 Hit@5=0.8457 Hit@10=0.8842 MR=90.2 n=311

KECG:  82%|████████████████████████████████████████████▌         | 825/1000 [00:32<00:08, 20.92it/s]
KECG:  83%|████████████████████████████████████████████▊         | 829/1000 [00:32<00:07, 23.82it/s]
KECG:  83%|████████████████████████████████████████████▉         | 833/1000 [00:32<00:06, 26.16it/s]
KECG:  84%|█████████████████████████████████████████████▏        | 837/1000 [00:32<00:05, 28.35it/s]
KECG:  84%|█████████████████████████████████████████████▍        | 841/1000 [00:32<00:05, 29.84it/s]
KECG:  84%|█████████████████████████████████████████████▋        | 845/1000 [00:32<00:04, 31.29it/s]
KECG:  85%|█████████████████████████████████████████████▊        | 849/1000 [00:33<00:04, 32.35it/s]05:19:57 | INFO    | epoch  850/1000 | loss=0.4417
05:19:57 | INFO    |            [filtered] MRR=0.7768 Hit@1=0.7007 Hit@5=0.8533 Hit@10=0.8730 MR=31.6 n=1370
05:19:57 | INFO    |            [multiref] MRR=0.7603 Hit@1=0.6849 Hit@5=0.8424 Hit@10=0.8810 MR=90.4 n=311

KECG:  85%|██████████████████████████████████████████████        | 853/1000 [00:33<00:06, 21.32it/s]
KECG:  86%|██████████████████████████████████████████████▎       | 857/1000 [00:33<00:05, 24.20it/s]
KECG:  86%|██████████████████████████████████████████████▍       | 861/1000 [00:33<00:05, 26.47it/s]
KECG:  86%|██████████████████████████████████████████████▋       | 865/1000 [00:33<00:04, 28.61it/s]
KECG:  87%|██████████████████████████████████████████████▉       | 869/1000 [00:33<00:04, 30.34it/s]
KECG:  87%|███████████████████████████████████████████████▏      | 873/1000 [00:33<00:04, 31.35it/s]05:19:58 | INFO    | epoch  875/1000 | loss=0.0424
05:19:58 | INFO    |            [filtered] MRR=0.7782 Hit@1=0.7036 Hit@5=0.8533 Hit@10=0.8723 MR=32.0 n=1370
05:19:58 | INFO    |            [multiref] MRR=0.7652 Hit@1=0.6945 Hit@5=0.8424 Hit@10=0.8810 MR=90.4 n=311

KECG:  88%|███████████████████████████████████████████████▎      | 877/1000 [00:34<00:05, 21.47it/s]
KECG:  88%|███████████████████████████████████████████████▌      | 881/1000 [00:34<00:04, 24.11it/s]
KECG:  88%|███████████████████████████████████████████████▊      | 885/1000 [00:34<00:04, 26.64it/s]
KECG:  89%|████████████████████████████████████████████████      | 889/1000 [00:34<00:03, 28.77it/s]
KECG:  89%|████████████████████████████████████████████████▏     | 893/1000 [00:34<00:03, 30.15it/s]
KECG:  90%|████████████████████████████████████████████████▍     | 897/1000 [00:34<00:03, 31.51it/s]05:19:59 | INFO    | epoch  900/1000 | loss=0.4049
05:19:59 | INFO    |            [filtered] MRR=0.7756 Hit@1=0.6993 Hit@5=0.8533 Hit@10=0.8730 MR=32.4 n=1370
05:19:59 | INFO    |            [multiref] MRR=0.7630 Hit@1=0.6913 Hit@5=0.8424 Hit@10=0.8842 MR=90.0 n=311

KECG:  90%|████████████████████████████████████████████████▋     | 901/1000 [00:35<00:04, 21.10it/s]
KECG:  90%|████████████████████████████████████████████████▊     | 905/1000 [00:35<00:03, 23.96it/s]
KECG:  91%|█████████████████████████████████████████████████     | 909/1000 [00:35<00:03, 26.51it/s]
KECG:  91%|█████████████████████████████████████████████████▎    | 913/1000 [00:35<00:03, 28.38it/s]
KECG:  92%|█████████████████████████████████████████████████▌    | 917/1000 [00:35<00:02, 30.14it/s]
KECG:  92%|█████████████████████████████████████████████████▋    | 921/1000 [00:35<00:02, 31.17it/s]05:20:00 | INFO    | epoch  925/1000 | loss=0.0431
05:20:00 | INFO    |            [filtered] MRR=0.7731 Hit@1=0.6949 Hit@5=0.8526 Hit@10=0.8737 MR=32.9 n=1370
05:20:00 | INFO    |            [multiref] MRR=0.7571 Hit@1=0.6817 Hit@5=0.8392 Hit@10=0.8842 MR=90.0 n=311

KECG:  92%|█████████████████████████████████████████████████▉    | 925/1000 [00:36<00:03, 21.31it/s]
KECG:  93%|██████████████████████████████████████████████████▏   | 929/1000 [00:36<00:02, 24.14it/s]
KECG:  93%|██████████████████████████████████████████████████▍   | 933/1000 [00:36<00:02, 26.40it/s]
KECG:  94%|██████████████████████████████████████████████████▌   | 937/1000 [00:36<00:02, 28.52it/s]
KECG:  94%|██████████████████████████████████████████████████▊   | 941/1000 [00:36<00:01, 29.92it/s]
KECG:  94%|███████████████████████████████████████████████████   | 945/1000 [00:36<00:01, 31.30it/s]
KECG:  95%|███████████████████████████████████████████████████▏  | 949/1000 [00:36<00:01, 32.37it/s]05:20:01 | INFO    | epoch  950/1000 | loss=0.3745
05:20:01 | INFO    |            [filtered] MRR=0.7775 Hit@1=0.7044 Hit@5=0.8518 Hit@10=0.8730 MR=33.3 n=1370
05:20:01 | INFO    |            [multiref] MRR=0.7604 Hit@1=0.6913 Hit@5=0.8360 Hit@10=0.8810 MR=89.7 n=311

KECG:  95%|███████████████████████████████████████████████████▍  | 953/1000 [00:37<00:02, 21.58it/s]
KECG:  96%|███████████████████████████████████████████████████▋  | 957/1000 [00:37<00:01, 24.42it/s]
KECG:  96%|███████████████████████████████████████████████████▉  | 961/1000 [00:37<00:01, 26.64it/s]
KECG:  96%|████████████████████████████████████████████████████  | 965/1000 [00:37<00:01, 28.73it/s]
KECG:  97%|████████████████████████████████████████████████████▎ | 969/1000 [00:37<00:01, 30.38it/s]
KECG:  97%|████████████████████████████████████████████████████▌ | 973/1000 [00:37<00:00, 31.33it/s]05:20:02 | INFO    | epoch  975/1000 | loss=0.0420
05:20:02 | INFO    |            [filtered] MRR=0.7772 Hit@1=0.7036 Hit@5=0.8518 Hit@10=0.8730 MR=33.7 n=1370
05:20:02 | INFO    |            [multiref] MRR=0.7590 Hit@1=0.6881 Hit@5=0.8360 Hit@10=0.8810 MR=89.4 n=311

KECG:  98%|████████████████████████████████████████████████████▊ | 977/1000 [00:38<00:01, 21.02it/s]
KECG:  98%|████████████████████████████████████████████████████▉ | 981/1000 [00:38<00:00, 23.70it/s]
KECG:  98%|█████████████████████████████████████████████████████▏| 985/1000 [00:38<00:00, 26.23it/s]
KECG:  99%|█████████████████████████████████████████████████████▍| 989/1000 [00:38<00:00, 28.37it/s]
KECG:  99%|█████████████████████████████████████████████████████▌| 993/1000 [00:38<00:00, 29.80it/s]
KECG: 100%|█████████████████████████████████████████████████████▊| 997/1000 [00:38<00:00, 31.22it/s]05:20:03 | INFO    | epoch 1000/1000 | loss=0.3478
05:20:03 | INFO    |            [filtered] MRR=0.7737 Hit@1=0.6964 Hit@5=0.8518 Hit@10=0.8737 MR=34.3 n=1370
05:20:03 | INFO    |            [multiref] MRR=0.7552 Hit@1=0.6817 Hit@5=0.8328 Hit@10=0.8810 MR=89.1 n=311

KECG: 100%|█████████████████████████████████████████████████████| 1000/1000 [00:38<00:00, 25.70it/s]
05:20:04 | INFO    | Done in 0.7 min. Best filtered MRR=0.7785 @ epoch 775.
05:20:04 | INFO    | Final evaluation on the test split, read once
05:20:04 | INFO    |   [cosine] filtMRR=0.4904 H@1=0.4185 H@10=0.6182 n=12592 | mrefMRR=0.6499 H@1=0.5745
05:20:05 | INFO    |   [  csls] filtMRR=0.4804 H@1=0.4121 H@10=0.5896 n=12592 | mrefMRR=0.6948 H@1=0.6403
05:20:06 | INFO    |   [cosine] F1=0.5709 P=0.4920 R=0.6799 (threshold 0.986 from validation, validation F1=0.6265)
05:20:06 | INFO    | Wrote experiments/kecg_closeMatch_20260929-051922/result.json
05:20:06 | INFO    | Finished. Best validation MRR=0.7785 @ epoch 775.
