15:55:30 | INFO    | Model: mraea | seed 2026 | device: cuda:1
15:55:31 | INFO    | Regime closeMatch | graph: 84,182 nodes, 131,238 triples, 50,435 UCPGx candidates
15:55:31 | INFO    |   broadMatch/pgx   train=  3,744 test=  8,599 (70%) queries= 6,866 by cluster    leakage=0.00%
15:55:31 | INFO    |   closeMatch       train=  2,738 test=  6,296 (70%) queries= 1,490 by cluster    leakage=0.00%
15:55:31 | INFO    |   sameAs           train= 19,942 test= 46,531 (70%) queries=10,883 by cluster    leakage=0.00%
15:55:31 | INFO    |   broadMatch/onco  train= 25,039 test= 47,737 (66%) queries= 2,032 intra-cluster leakage=0.00%
15:55:31 | INFO    |   relatedMatch     train=  2,801 test=  6,289 (69%) queries=   812 intra-cluster leakage=0.00%
15:55:31 | INFO    |   related          train=471,647 test=762,046 (62%) queries=16,977 intra-cluster leakage=0.00%
15:55:31 | INFO    | Data: {'num_entities': 84182, 'num_relations': 13, 'triples': 131238, 'train_pairs': 2053, 'val_pairs': 685, 'candidates': 50435, 'unlabeled_pool': 49550}
15:55:39 | INFO    | Params: 8.42M
15:55:39 | INFO    | Run directory: experiments/mraea_closeMatch_20260929-155529
15:55:39 | INFO    | MRAEA | device=cuda:1 | {'num_entities': 84182, 'num_relations': 13, 'triples': 131238, 'train_pairs': 2053, 'val_pairs': 685, 'candidates': 50435, 'unlabeled_pool': 49550} turns=1 x 800

MRAEA:   0%|                                                                | 0/800 [00:00<?, ?it/s]code/src/models/mraea.py:63: UserWarning: Sparse invariant checks are implicitly disabled. Memory errors (e.g. SEGFAULT) will occur when operating on a sparse tensor which violates the invariants, but checks incur performance overhead. To silence this warning, explicitly opt in or out. See `torch.sparse.check_sparse_tensor_invariants.__doc__` for guidance.  (Triggered internally at /__w/pytorch/pytorch/aten/src/ATen/Context.cpp:848.)
  return torch.sparse_coo_tensor(index, val, shape, device=index.device).coalesce()

MRAEA:   0%|                                                        | 1/800 [00:03<43:01,  3.23s/it]
MRAEA:   0%|▏                                                       | 3/800 [00:03<11:48,  1.12it/s]
MRAEA:   1%|▎                                                       | 5/800 [00:03<06:14,  2.12it/s]
MRAEA:   1%|▍                                                       | 7/800 [00:03<03:59,  3.32it/s]
MRAEA:   1%|▋                                                       | 9/800 [00:03<02:50,  4.63it/s]15:55:43 | INFO    | epoch   10/800 | loss=0.1561
15:55:43 | INFO    |            [filtered] MRR=0.6840 Hit@1=0.6445 Hit@5=0.7518 Hit@10=0.8036 MR=185.8 n=1370
15:55:43 | INFO    |            [multiref] MRR=0.6689 Hit@1=0.6302 Hit@5=0.7235 Hit@10=0.7492 MR=172.8 n=311
15:55:44 | INFO    |            -> new best filtered MRR=0.6840 (saved model_best.pt)

MRAEA:   1%|▊                                                      | 11/800 [00:05<05:35,  2.35it/s]
MRAEA:   2%|▉                                                      | 13/800 [00:05<03:59,  3.28it/s]
MRAEA:   2%|█                                                      | 15/800 [00:05<03:00,  4.34it/s]
MRAEA:   2%|█▏                                                     | 17/800 [00:05<02:21,  5.53it/s]
MRAEA:   2%|█▎                                                     | 19/800 [00:05<01:53,  6.86it/s]15:55:45 | INFO    | epoch   20/800 | loss=0.0924
15:55:45 | INFO    |            [filtered] MRR=0.7810 Hit@1=0.7577 Hit@5=0.8095 Hit@10=0.8175 MR=119.6 n=1370
15:55:45 | INFO    |            [multiref] MRR=0.7230 Hit@1=0.6977 Hit@5=0.7556 Hit@10=0.7588 MR=136.7 n=311
15:55:45 | INFO    |            -> new best filtered MRR=0.7810 (saved model_best.pt)

MRAEA:   3%|█▍                                                     | 21/800 [00:06<02:24,  5.37it/s]
MRAEA:   3%|█▋                                                     | 24/800 [00:06<01:43,  7.49it/s]
MRAEA:   3%|█▊                                                     | 26/800 [00:06<01:32,  8.38it/s]
MRAEA:   4%|█▉                                                     | 28/800 [00:07<01:20,  9.62it/s]15:55:46 | INFO    | epoch   30/800 | loss=0.0543
15:55:46 | INFO    |            [filtered] MRR=0.7892 Hit@1=0.7577 Hit@5=0.8263 Hit@10=0.8569 MR=82.8 n=1370
15:55:46 | INFO    |            [multiref] MRR=0.7308 Hit@1=0.7074 Hit@5=0.7524 Hit@10=0.7653 MR=109.2 n=311
15:55:46 | INFO    |            -> new best filtered MRR=0.7892 (saved model_best.pt)

MRAEA:   4%|██                                                     | 30/800 [00:07<01:54,  6.71it/s]
MRAEA:   4%|██▎                                                    | 34/800 [00:07<01:11, 10.69it/s]
MRAEA:   5%|██▌                                                    | 38/800 [00:07<00:55, 13.85it/s]15:55:47 | INFO    | epoch   40/800 | loss=0.0387
15:55:47 | INFO    |            [filtered] MRR=0.7921 Hit@1=0.7540 Hit@5=0.8358 Hit@10=0.8547 MR=61.6 n=1370
15:55:47 | INFO    |            [multiref] MRR=0.7271 Hit@1=0.6977 Hit@5=0.7492 Hit@10=0.7685 MR=87.0 n=311
15:55:47 | INFO    |            -> new best filtered MRR=0.7921 (saved model_best.pt)

MRAEA:   5%|██▊                                                    | 41/800 [00:08<01:21,  9.34it/s]
MRAEA:   6%|███                                                    | 45/800 [00:08<00:58, 12.84it/s]
MRAEA:   6%|███▎                                                   | 49/800 [00:08<00:45, 16.62it/s]15:55:47 | INFO    | epoch   50/800 | loss=0.0296
15:55:47 | INFO    |            [filtered] MRR=0.8009 Hit@1=0.7672 Hit@5=0.8365 Hit@10=0.8555 MR=47.8 n=1370
15:55:47 | INFO    |            [multiref] MRR=0.7294 Hit@1=0.6977 Hit@5=0.7588 Hit@10=0.7781 MR=71.6 n=311
15:55:48 | INFO    |            -> new best filtered MRR=0.8009 (saved model_best.pt)

MRAEA:   6%|███▌                                                   | 52/800 [00:09<01:07, 11.04it/s]
MRAEA:   7%|███▊                                                   | 55/800 [00:09<01:03, 11.77it/s]
MRAEA:   7%|████                                                   | 59/800 [00:09<00:48, 15.40it/s]15:55:48 | INFO    | epoch   60/800 | loss=0.0240
15:55:48 | INFO    |            [filtered] MRR=0.8037 Hit@1=0.7745 Hit@5=0.8350 Hit@10=0.8569 MR=29.2 n=1370
15:55:48 | INFO    |            [multiref] MRR=0.7331 Hit@1=0.7010 Hit@5=0.7653 Hit@10=0.7910 MR=50.3 n=311
15:55:49 | INFO    |            -> new best filtered MRR=0.8037 (saved model_best.pt)

MRAEA:   8%|████▎                                                  | 62/800 [00:09<01:09, 10.63it/s]
MRAEA:   8%|████▍                                                  | 64/800 [00:10<01:06, 11.12it/s]
MRAEA:   8%|████▌                                                  | 66/800 [00:10<01:02, 11.72it/s]
MRAEA:   8%|████▋                                                  | 68/800 [00:10<01:04, 11.33it/s]15:55:49 | INFO    | epoch   70/800 | loss=0.0143
15:55:49 | INFO    |            [filtered] MRR=0.8039 Hit@1=0.7745 Hit@5=0.8328 Hit@10=0.8547 MR=26.2 n=1370
15:55:49 | INFO    |            [multiref] MRR=0.7339 Hit@1=0.7010 Hit@5=0.7653 Hit@10=0.7974 MR=46.7 n=311
15:55:50 | INFO    |            -> new best filtered MRR=0.8039 (saved model_best.pt)

MRAEA:   9%|████▊                                                  | 70/800 [00:10<01:26,  8.44it/s]
MRAEA:   9%|████▉                                                  | 72/800 [00:10<01:18,  9.32it/s]
MRAEA:   9%|█████                                                  | 74/800 [00:11<01:12,  9.99it/s]
MRAEA:  10%|█████▏                                                 | 76/800 [00:11<01:06, 10.83it/s]
MRAEA:  10%|█████▎                                                 | 78/800 [00:11<01:01, 11.75it/s]15:55:50 | INFO    | epoch   80/800 | loss=0.0140
15:55:50 | INFO    |            [filtered] MRR=0.8051 Hit@1=0.7737 Hit@5=0.8321 Hit@10=0.8584 MR=23.9 n=1370
15:55:50 | INFO    |            [multiref] MRR=0.7401 Hit@1=0.7042 Hit@5=0.7685 Hit@10=0.8071 MR=43.8 n=311
15:55:51 | INFO    |            -> new best filtered MRR=0.8051 (saved model_best.pt)

MRAEA:  10%|█████▌                                                 | 80/800 [00:11<01:36,  7.44it/s]
MRAEA:  10%|█████▋                                                 | 83/800 [00:12<01:08, 10.42it/s]
MRAEA:  11%|█████▊                                                 | 85/800 [00:12<01:05, 10.91it/s]
MRAEA:  11%|█████▉                                                 | 87/800 [00:12<00:58, 12.09it/s]
MRAEA:  11%|██████                                                 | 89/800 [00:12<00:58, 12.14it/s]15:55:51 | INFO    | epoch   90/800 | loss=0.0214
15:55:51 | INFO    |            [filtered] MRR=0.8078 Hit@1=0.7730 Hit@5=0.8372 Hit@10=0.8796 MR=21.8 n=1370
15:55:51 | INFO    |            [multiref] MRR=0.7468 Hit@1=0.7074 Hit@5=0.7781 Hit@10=0.8392 MR=41.0 n=311
15:55:52 | INFO    |            -> new best filtered MRR=0.8078 (saved model_best.pt)

MRAEA:  11%|██████▎                                                | 91/800 [00:12<01:26,  8.17it/s]
MRAEA:  12%|██████▌                                                | 95/800 [00:13<00:55, 12.70it/s]
MRAEA:  12%|██████▋                                                | 98/800 [00:13<00:45, 15.35it/s]15:55:52 | INFO    | epoch  100/800 | loss=0.0209
15:55:52 | INFO    |            [filtered] MRR=0.8128 Hit@1=0.7759 Hit@5=0.8474 Hit@10=0.8934 MR=20.1 n=1370
15:55:52 | INFO    |            [multiref] MRR=0.7586 Hit@1=0.7203 Hit@5=0.7942 Hit@10=0.8489 MR=38.6 n=311
15:55:52 | INFO    |            -> new best filtered MRR=0.8128 (saved model_best.pt)

MRAEA:  13%|██████▊                                               | 101/800 [00:13<01:13,  9.48it/s]
MRAEA:  13%|███████                                               | 105/800 [00:13<00:53, 12.95it/s]
MRAEA:  14%|███████▎                                              | 109/800 [00:13<00:40, 16.89it/s]15:55:53 | INFO    | epoch  110/800 | loss=0.0076
15:55:53 | INFO    |            [filtered] MRR=0.8173 Hit@1=0.7759 Hit@5=0.8664 Hit@10=0.9022 MR=18.2 n=1370
15:55:53 | INFO    |            [multiref] MRR=0.7673 Hit@1=0.7267 Hit@5=0.8135 Hit@10=0.8585 MR=37.2 n=311
15:55:53 | INFO    |            -> new best filtered MRR=0.8173 (saved model_best.pt)

MRAEA:  14%|███████▌                                              | 112/800 [00:14<01:06, 10.31it/s]
MRAEA:  14%|███████▊                                              | 115/800 [00:14<01:03, 10.82it/s]
MRAEA:  15%|███████▉                                              | 117/800 [00:14<00:59, 11.56it/s]15:55:54 | INFO    | epoch  120/800 | loss=0.0121
15:55:54 | INFO    |            [filtered] MRR=0.8189 Hit@1=0.7774 Hit@5=0.8664 Hit@10=0.9029 MR=17.8 n=1370
15:55:54 | INFO    |            [multiref] MRR=0.7733 Hit@1=0.7299 Hit@5=0.8264 Hit@10=0.8682 MR=36.5 n=311
15:55:54 | INFO    |            -> new best filtered MRR=0.8189 (saved model_best.pt)

MRAEA:  15%|████████                                              | 120/800 [00:15<01:09,  9.81it/s]
MRAEA:  15%|████████▏                                             | 122/800 [00:15<01:05, 10.39it/s]
MRAEA:  16%|████████▎                                             | 124/800 [00:15<01:02, 10.80it/s]
MRAEA:  16%|████████▌                                             | 126/800 [00:15<00:58, 11.56it/s]
MRAEA:  16%|████████▋                                             | 128/800 [00:15<00:55, 12.14it/s]15:55:55 | INFO    | epoch  130/800 | loss=0.0140
15:55:55 | INFO    |            [filtered] MRR=0.8205 Hit@1=0.7766 Hit@5=0.8737 Hit@10=0.9015 MR=17.3 n=1370
15:55:55 | INFO    |            [multiref] MRR=0.7743 Hit@1=0.7267 Hit@5=0.8360 Hit@10=0.8650 MR=36.4 n=311
15:55:55 | INFO    |            -> new best filtered MRR=0.8205 (saved model_best.pt)

MRAEA:  16%|████████▊                                             | 130/800 [00:16<01:25,  7.85it/s]
MRAEA:  16%|████████▉                                             | 132/800 [00:16<01:15,  8.83it/s]
MRAEA:  17%|█████████                                             | 134/800 [00:16<01:07,  9.85it/s]
MRAEA:  17%|█████████▏                                            | 136/800 [00:16<01:00, 10.96it/s]
MRAEA:  17%|█████████▎                                            | 138/800 [00:16<00:58, 11.30it/s]15:55:56 | INFO    | epoch  140/800 | loss=0.0126
15:55:56 | INFO    |            [filtered] MRR=0.8189 Hit@1=0.7715 Hit@5=0.8737 Hit@10=0.9044 MR=16.9 n=1370
15:55:56 | INFO    |            [multiref] MRR=0.7730 Hit@1=0.7203 Hit@5=0.8360 Hit@10=0.8650 MR=35.9 n=311

MRAEA:  18%|█████████▍                                            | 140/800 [00:17<01:18,  8.39it/s]
MRAEA:  18%|█████████▋                                            | 144/800 [00:17<00:50, 12.98it/s]
MRAEA:  18%|█████████▉                                            | 147/800 [00:17<00:45, 14.48it/s]
MRAEA:  19%|██████████                                            | 149/800 [00:17<00:47, 13.75it/s]15:55:57 | INFO    | epoch  150/800 | loss=0.0095
15:55:57 | INFO    |            [filtered] MRR=0.8206 Hit@1=0.7730 Hit@5=0.8781 Hit@10=0.9124 MR=16.3 n=1370
15:55:57 | INFO    |            [multiref] MRR=0.7715 Hit@1=0.7170 Hit@5=0.8360 Hit@10=0.8778 MR=35.6 n=311
15:55:57 | INFO    |            -> new best filtered MRR=0.8206 (saved model_best.pt)

MRAEA:  19%|██████████▏                                           | 151/800 [00:18<01:18,  8.25it/s]
MRAEA:  19%|██████████▍                                           | 155/800 [00:18<00:52, 12.34it/s]
MRAEA:  20%|██████████▋                                           | 158/800 [00:18<00:48, 13.20it/s]15:55:58 | INFO    | epoch  160/800 | loss=0.0099
15:55:58 | INFO    |            [filtered] MRR=0.8224 Hit@1=0.7752 Hit@5=0.8788 Hit@10=0.9131 MR=16.1 n=1370
15:55:58 | INFO    |            [multiref] MRR=0.7728 Hit@1=0.7170 Hit@5=0.8392 Hit@10=0.8842 MR=35.3 n=311
15:55:58 | INFO    |            -> new best filtered MRR=0.8224 (saved model_best.pt)

MRAEA:  20%|██████████▊                                           | 160/800 [00:19<01:14,  8.63it/s]
MRAEA:  20%|███████████                                           | 164/800 [00:19<00:52, 12.16it/s]
MRAEA:  21%|███████████▎                                          | 167/800 [00:19<00:44, 14.32it/s]15:55:58 | INFO    | epoch  170/800 | loss=0.0131
15:55:58 | INFO    |            [filtered] MRR=0.8243 Hit@1=0.7774 Hit@5=0.8796 Hit@10=0.9146 MR=15.9 n=1370
15:55:58 | INFO    |            [multiref] MRR=0.7749 Hit@1=0.7170 Hit@5=0.8424 Hit@10=0.8875 MR=35.0 n=311
15:55:59 | INFO    |            -> new best filtered MRR=0.8243 (saved model_best.pt)

MRAEA:  21%|███████████▍                                          | 170/800 [00:19<01:07,  9.33it/s]
MRAEA:  22%|███████████▋                                          | 174/800 [00:20<00:48, 12.84it/s]
MRAEA:  22%|████████████                                          | 178/800 [00:20<00:37, 16.49it/s]15:55:59 | INFO    | epoch  180/800 | loss=0.0073
15:55:59 | INFO    |            [filtered] MRR=0.8266 Hit@1=0.7803 Hit@5=0.8803 Hit@10=0.9153 MR=16.1 n=1370
15:55:59 | INFO    |            [multiref] MRR=0.7784 Hit@1=0.7235 Hit@5=0.8424 Hit@10=0.8875 MR=35.4 n=311
15:55:59 | INFO    |            -> new best filtered MRR=0.8266 (saved model_best.pt)

MRAEA:  23%|████████████▏                                         | 181/800 [00:20<00:58, 10.52it/s]
MRAEA:  23%|████████████▍                                         | 185/800 [00:20<00:45, 13.65it/s]
MRAEA:  24%|████████████▊                                         | 189/800 [00:20<00:35, 17.32it/s]15:56:00 | INFO    | epoch  190/800 | loss=0.0132
15:56:00 | INFO    |            [filtered] MRR=0.8237 Hit@1=0.7774 Hit@5=0.8788 Hit@10=0.9161 MR=15.9 n=1370
15:56:00 | INFO    |            [multiref] MRR=0.7791 Hit@1=0.7235 Hit@5=0.8489 Hit@10=0.8842 MR=34.8 n=311

MRAEA:  24%|████████████▉                                         | 192/800 [00:21<00:46, 12.95it/s]
MRAEA:  24%|█████████████▏                                        | 195/800 [00:21<00:46, 12.88it/s]
MRAEA:  25%|█████████████▎                                        | 197/800 [00:21<00:49, 12.23it/s]
MRAEA:  25%|█████████████▍                                        | 199/800 [00:21<00:47, 12.74it/s]15:56:01 | INFO    | epoch  200/800 | loss=0.0127
15:56:01 | INFO    |            [filtered] MRR=0.8237 Hit@1=0.7781 Hit@5=0.8788 Hit@10=0.9117 MR=14.8 n=1370
15:56:01 | INFO    |            [multiref] MRR=0.7799 Hit@1=0.7235 Hit@5=0.8489 Hit@10=0.8842 MR=32.7 n=311

MRAEA:  25%|█████████████▌                                        | 201/800 [00:22<00:59, 10.15it/s]
MRAEA:  25%|█████████████▋                                        | 203/800 [00:22<00:53, 11.08it/s]
MRAEA:  26%|█████████████▊                                        | 205/800 [00:22<00:52, 11.38it/s]
MRAEA:  26%|█████████████▉                                        | 207/800 [00:22<00:49, 11.95it/s]
MRAEA:  26%|██████████████                                        | 209/800 [00:22<00:46, 12.67it/s]15:56:02 | INFO    | epoch  210/800 | loss=0.0119
15:56:02 | INFO    |            [filtered] MRR=0.8228 Hit@1=0.7745 Hit@5=0.8854 Hit@10=0.9109 MR=14.2 n=1370
15:56:02 | INFO    |            [multiref] MRR=0.7802 Hit@1=0.7235 Hit@5=0.8553 Hit@10=0.8810 MR=31.8 n=311

MRAEA:  26%|██████████████▏                                       | 211/800 [00:23<01:02,  9.39it/s]
MRAEA:  27%|██████████████▍                                       | 213/800 [00:23<00:54, 10.82it/s]
MRAEA:  27%|██████████████▌                                       | 215/800 [00:23<00:52, 11.25it/s]
MRAEA:  27%|██████████████▋                                       | 217/800 [00:23<00:50, 11.53it/s]
MRAEA:  27%|██████████████▊                                       | 219/800 [00:23<00:47, 12.13it/s]15:56:03 | INFO    | epoch  220/800 | loss=0.0071
15:56:03 | INFO    |            [filtered] MRR=0.8257 Hit@1=0.7810 Hit@5=0.8839 Hit@10=0.9095 MR=14.3 n=1370
15:56:03 | INFO    |            [multiref] MRR=0.7815 Hit@1=0.7267 Hit@5=0.8521 Hit@10=0.8810 MR=32.0 n=311

MRAEA:  28%|██████████████▉                                       | 221/800 [00:24<01:02,  9.23it/s]
MRAEA:  28%|███████████████▏                                      | 225/800 [00:24<00:42, 13.41it/s]
MRAEA:  28%|███████████████▎                                      | 227/800 [00:24<00:41, 13.78it/s]
MRAEA:  29%|███████████████▍                                      | 229/800 [00:24<00:42, 13.36it/s]15:56:03 | INFO    | epoch  230/800 | loss=0.0065
15:56:03 | INFO    |            [filtered] MRR=0.8206 Hit@1=0.7708 Hit@5=0.8839 Hit@10=0.9073 MR=14.4 n=1370
15:56:03 | INFO    |            [multiref] MRR=0.7858 Hit@1=0.7299 Hit@5=0.8585 Hit@10=0.8810 MR=31.6 n=311

MRAEA:  29%|███████████████▌                                      | 231/800 [00:24<00:58,  9.75it/s]
MRAEA:  29%|███████████████▊                                      | 235/800 [00:25<00:39, 14.15it/s]
MRAEA:  30%|████████████████▏                                     | 239/800 [00:25<00:29, 18.73it/s]15:56:04 | INFO    | epoch  240/800 | loss=0.0074
15:56:04 | INFO    |            [filtered] MRR=0.8200 Hit@1=0.7701 Hit@5=0.8832 Hit@10=0.9058 MR=14.7 n=1370
15:56:04 | INFO    |            [multiref] MRR=0.7878 Hit@1=0.7331 Hit@5=0.8585 Hit@10=0.8842 MR=31.4 n=311

MRAEA:  30%|████████████████▎                                     | 242/800 [00:25<00:41, 13.44it/s]
MRAEA:  30%|████████████████▍                                     | 244/800 [00:25<00:44, 12.46it/s]
MRAEA:  31%|████████████████▌                                     | 246/800 [00:25<00:42, 13.02it/s]
MRAEA:  31%|████████████████▋                                     | 248/800 [00:25<00:42, 13.13it/s]15:56:05 | INFO    | epoch  250/800 | loss=0.0061
15:56:05 | INFO    |            [filtered] MRR=0.8244 Hit@1=0.7774 Hit@5=0.8839 Hit@10=0.9029 MR=15.0 n=1370
15:56:05 | INFO    |            [multiref] MRR=0.7905 Hit@1=0.7331 Hit@5=0.8617 Hit@10=0.8842 MR=31.4 n=311

MRAEA:  31%|████████████████▉                                     | 250/800 [00:26<00:55,  9.96it/s]
MRAEA:  32%|█████████████████                                     | 253/800 [00:26<00:43, 12.60it/s]
MRAEA:  32%|█████████████████▏                                    | 255/800 [00:26<00:42, 12.93it/s]
MRAEA:  32%|█████████████████▎                                    | 257/800 [00:26<00:42, 12.74it/s]
MRAEA:  32%|█████████████████▍                                    | 259/800 [00:26<00:42, 12.61it/s]15:56:06 | INFO    | epoch  260/800 | loss=0.0088
15:56:06 | INFO    |            [filtered] MRR=0.8287 Hit@1=0.7854 Hit@5=0.8832 Hit@10=0.9029 MR=14.7 n=1370
15:56:06 | INFO    |            [multiref] MRR=0.7949 Hit@1=0.7428 Hit@5=0.8585 Hit@10=0.8810 MR=30.7 n=311
15:56:06 | INFO    |            -> new best filtered MRR=0.8287 (saved model_best.pt)

MRAEA:  33%|█████████████████▌                                    | 261/800 [00:27<01:03,  8.43it/s]
MRAEA:  33%|█████████████████▉                                    | 265/800 [00:27<00:42, 12.63it/s]
MRAEA:  33%|██████████████████                                    | 267/800 [00:27<00:39, 13.61it/s]
MRAEA:  34%|██████████████████▏                                   | 269/800 [00:27<00:40, 13.25it/s]15:56:07 | INFO    | epoch  270/800 | loss=0.0049
15:56:07 | INFO    |            [filtered] MRR=0.8300 Hit@1=0.7869 Hit@5=0.8847 Hit@10=0.9051 MR=14.6 n=1370
15:56:07 | INFO    |            [multiref] MRR=0.7984 Hit@1=0.7492 Hit@5=0.8585 Hit@10=0.8842 MR=30.0 n=311
15:56:07 | INFO    |            -> new best filtered MRR=0.8300 (saved model_best.pt)

MRAEA:  34%|██████████████████▎                                   | 271/800 [00:28<01:00,  8.77it/s]
MRAEA:  34%|██████████████████▌                                   | 275/800 [00:28<00:39, 13.19it/s]
MRAEA:  35%|██████████████████▊                                   | 278/800 [00:28<00:34, 14.98it/s]15:56:07 | INFO    | epoch  280/800 | loss=0.0072
15:56:07 | INFO    |            [filtered] MRR=0.8309 Hit@1=0.7883 Hit@5=0.8861 Hit@10=0.9058 MR=14.7 n=1370
15:56:07 | INFO    |            [multiref] MRR=0.8019 Hit@1=0.7556 Hit@5=0.8617 Hit@10=0.8875 MR=30.4 n=311
15:56:08 | INFO    |            -> new best filtered MRR=0.8309 (saved model_best.pt)

MRAEA:  35%|██████████████████▉                                   | 281/800 [00:28<00:53,  9.61it/s]
MRAEA:  36%|███████████████████▏                                  | 285/800 [00:29<00:38, 13.32it/s]
MRAEA:  36%|███████████████████▌                                  | 289/800 [00:29<00:29, 17.27it/s]15:56:08 | INFO    | epoch  290/800 | loss=0.0051
15:56:08 | INFO    |            [filtered] MRR=0.8305 Hit@1=0.7883 Hit@5=0.8854 Hit@10=0.9058 MR=14.9 n=1370
15:56:08 | INFO    |            [multiref] MRR=0.8009 Hit@1=0.7556 Hit@5=0.8617 Hit@10=0.8907 MR=31.0 n=311

MRAEA:  36%|███████████████████▋                                  | 292/800 [00:29<00:39, 13.01it/s]
MRAEA:  37%|███████████████████▉                                  | 295/800 [00:29<00:39, 12.94it/s]
MRAEA:  37%|████████████████████                                  | 297/800 [00:29<00:40, 12.46it/s]15:56:09 | INFO    | epoch  300/800 | loss=0.0016
15:56:09 | INFO    |            [filtered] MRR=0.8294 Hit@1=0.7876 Hit@5=0.8832 Hit@10=0.9066 MR=15.3 n=1370
15:56:09 | INFO    |            [multiref] MRR=0.8012 Hit@1=0.7556 Hit@5=0.8585 Hit@10=0.8971 MR=31.5 n=311

MRAEA:  38%|████████████████████▎                                 | 300/800 [00:30<00:43, 11.41it/s]
MRAEA:  38%|████████████████████▍                                 | 302/800 [00:30<00:41, 11.91it/s]
MRAEA:  38%|████████████████████▌                                 | 304/800 [00:30<01:00,  8.18it/s]
MRAEA:  38%|████████████████████▋                                 | 306/800 [00:31<00:54,  9.13it/s]
MRAEA:  38%|████████████████████▊                                 | 308/800 [00:31<00:48, 10.21it/s]15:56:10 | INFO    | epoch  310/800 | loss=0.0038
15:56:10 | INFO    |            [filtered] MRR=0.8294 Hit@1=0.7891 Hit@5=0.8781 Hit@10=0.9066 MR=15.4 n=1370
15:56:10 | INFO    |            [multiref] MRR=0.8041 Hit@1=0.7621 Hit@5=0.8553 Hit@10=0.8971 MR=31.7 n=311

MRAEA:  39%|████████████████████▉                                 | 310/800 [00:31<01:01,  7.96it/s]
MRAEA:  39%|█████████████████████                                 | 312/800 [00:31<00:54,  8.91it/s]
MRAEA:  39%|█████████████████████▏                                | 314/800 [00:31<00:50,  9.68it/s]
MRAEA:  40%|█████████████████████▎                                | 316/800 [00:32<00:45, 10.72it/s]
MRAEA:  40%|█████████████████████▍                                | 318/800 [00:32<00:41, 11.52it/s]15:56:11 | INFO    | epoch  320/800 | loss=0.0024
15:56:11 | INFO    |            [filtered] MRR=0.8275 Hit@1=0.7861 Hit@5=0.8788 Hit@10=0.9058 MR=15.6 n=1370
15:56:11 | INFO    |            [multiref] MRR=0.8022 Hit@1=0.7588 Hit@5=0.8553 Hit@10=0.8939 MR=31.9 n=311

MRAEA:  40%|█████████████████████▌                                | 320/800 [00:32<00:55,  8.58it/s]
MRAEA:  40%|█████████████████████▊                                | 324/800 [00:32<00:35, 13.34it/s]
MRAEA:  41%|██████████████████████                                | 327/800 [00:32<00:29, 16.06it/s]15:56:12 | INFO    | epoch  330/800 | loss=0.0059
15:56:12 | INFO    |            [filtered] MRR=0.8269 Hit@1=0.7861 Hit@5=0.8766 Hit@10=0.9036 MR=15.8 n=1370
15:56:12 | INFO    |            [multiref] MRR=0.8021 Hit@1=0.7588 Hit@5=0.8553 Hit@10=0.8875 MR=31.9 n=311

MRAEA:  41%|██████████████████████▎                               | 330/800 [00:33<00:47,  9.96it/s]
MRAEA:  42%|██████████████████████▍                               | 332/800 [00:33<00:43, 10.75it/s]
MRAEA:  42%|██████████████████████▌                               | 334/800 [00:33<00:39, 11.69it/s]
MRAEA:  42%|██████████████████████▊                               | 338/800 [00:33<00:28, 16.45it/s]15:56:13 | INFO    | epoch  340/800 | loss=0.0047
15:56:13 | INFO    |            [filtered] MRR=0.8266 Hit@1=0.7861 Hit@5=0.8766 Hit@10=0.9022 MR=16.0 n=1370
15:56:13 | INFO    |            [multiref] MRR=0.8022 Hit@1=0.7588 Hit@5=0.8553 Hit@10=0.8875 MR=31.8 n=311

MRAEA:  43%|███████████████████████                               | 341/800 [00:34<00:36, 12.69it/s]
MRAEA:  43%|███████████████████████▏                              | 343/800 [00:34<00:36, 12.58it/s]
MRAEA:  43%|███████████████████████▎                              | 345/800 [00:34<00:35, 12.70it/s]
MRAEA:  43%|███████████████████████▍                              | 347/800 [00:34<00:34, 13.05it/s]
MRAEA:  44%|███████████████████████▌                              | 349/800 [00:34<00:34, 13.16it/s]15:56:13 | INFO    | epoch  350/800 | loss=0.0043
15:56:14 | INFO    |            [filtered] MRR=0.8266 Hit@1=0.7854 Hit@5=0.8781 Hit@10=0.9029 MR=16.1 n=1370
15:56:14 | INFO    |            [multiref] MRR=0.8035 Hit@1=0.7588 Hit@5=0.8585 Hit@10=0.8939 MR=31.8 n=311

MRAEA:  44%|███████████████████████▋                              | 351/800 [00:35<00:49,  9.09it/s]
MRAEA:  44%|███████████████████████▊                              | 353/800 [00:35<00:44, 10.10it/s]
MRAEA:  44%|███████████████████████▉                              | 355/800 [00:35<00:41, 10.64it/s]
MRAEA:  45%|████████████████████████                              | 357/800 [00:35<00:38, 11.55it/s]
MRAEA:  45%|████████████████████████▏                             | 359/800 [00:35<00:36, 12.18it/s]15:56:15 | INFO    | epoch  360/800 | loss=0.0076
15:56:15 | INFO    |            [filtered] MRR=0.8281 Hit@1=0.7854 Hit@5=0.8818 Hit@10=0.9029 MR=15.6 n=1370
15:56:15 | INFO    |            [multiref] MRR=0.7990 Hit@1=0.7492 Hit@5=0.8617 Hit@10=0.8939 MR=32.1 n=311

MRAEA:  45%|████████████████████████▎                             | 361/800 [00:36<00:50,  8.67it/s]
MRAEA:  46%|████████████████████████▌                             | 364/800 [00:36<00:37, 11.74it/s]
MRAEA:  46%|████████████████████████▋                             | 366/800 [00:36<00:34, 12.47it/s]
MRAEA:  46%|████████████████████████▊                             | 368/800 [00:36<00:34, 12.41it/s]15:56:15 | INFO    | epoch  370/800 | loss=0.0042
15:56:15 | INFO    |            [filtered] MRR=0.8310 Hit@1=0.7883 Hit@5=0.8832 Hit@10=0.9058 MR=14.1 n=1370
15:56:15 | INFO    |            [multiref] MRR=0.8012 Hit@1=0.7492 Hit@5=0.8650 Hit@10=0.9003 MR=30.4 n=311
15:56:16 | INFO    |            -> new best filtered MRR=0.8310 (saved model_best.pt)

MRAEA:  46%|████████████████████████▉                             | 370/800 [00:36<00:58,  7.34it/s]
MRAEA:  47%|█████████████████████████▏                            | 374/800 [00:37<00:37, 11.36it/s]
MRAEA:  47%|█████████████████████████▍                            | 376/800 [00:37<00:36, 11.58it/s]
MRAEA:  47%|█████████████████████████▌                            | 378/800 [00:37<00:34, 12.22it/s]15:56:16 | INFO    | epoch  380/800 | loss=0.0029
15:56:16 | INFO    |            [filtered] MRR=0.8322 Hit@1=0.7891 Hit@5=0.8861 Hit@10=0.9080 MR=13.6 n=1370
15:56:16 | INFO    |            [multiref] MRR=0.8016 Hit@1=0.7492 Hit@5=0.8682 Hit@10=0.9003 MR=29.7 n=311
15:56:17 | INFO    |            -> new best filtered MRR=0.8322 (saved model_best.pt)

MRAEA:  48%|█████████████████████████▋                            | 380/800 [00:37<00:55,  7.63it/s]
MRAEA:  48%|█████████████████████████▊                            | 383/800 [00:38<00:39, 10.43it/s]
MRAEA:  48%|█████████████████████████▉                            | 385/800 [00:38<00:37, 11.17it/s]
MRAEA:  48%|██████████████████████████                            | 387/800 [00:38<00:36, 11.45it/s]
MRAEA:  49%|██████████████████████████▎                           | 389/800 [00:38<00:33, 12.33it/s]15:56:17 | INFO    | epoch  390/800 | loss=0.0009
15:56:17 | INFO    |            [filtered] MRR=0.8334 Hit@1=0.7891 Hit@5=0.8861 Hit@10=0.9146 MR=13.5 n=1370
15:56:17 | INFO    |            [multiref] MRR=0.8011 Hit@1=0.7460 Hit@5=0.8682 Hit@10=0.9068 MR=29.8 n=311
15:56:18 | INFO    |            -> new best filtered MRR=0.8334 (saved model_best.pt)

MRAEA:  49%|██████████████████████████▍                           | 391/800 [00:38<00:51,  7.90it/s]
MRAEA:  49%|██████████████████████████▌                           | 394/800 [00:39<00:40, 10.05it/s]
MRAEA:  50%|██████████████████████████▋                           | 396/800 [00:39<00:36, 10.93it/s]
MRAEA:  50%|██████████████████████████▊                           | 398/800 [00:39<00:35, 11.26it/s]15:56:18 | INFO    | epoch  400/800 | loss=0.0062
15:56:18 | INFO    |            [filtered] MRR=0.8343 Hit@1=0.7891 Hit@5=0.8847 Hit@10=0.9139 MR=13.4 n=1370
15:56:18 | INFO    |            [multiref] MRR=0.8004 Hit@1=0.7460 Hit@5=0.8650 Hit@10=0.9068 MR=29.8 n=311
15:56:19 | INFO    |            -> new best filtered MRR=0.8343 (saved model_best.pt)

MRAEA:  50%|███████████████████████████                           | 400/800 [00:39<00:54,  7.36it/s]
MRAEA:  50%|███████████████████████████▏                          | 403/800 [00:40<00:42,  9.40it/s]
MRAEA:  51%|███████████████████████████▎                          | 405/800 [00:40<00:38, 10.26it/s]
MRAEA:  51%|███████████████████████████▍                          | 407/800 [00:40<00:35, 11.23it/s]
MRAEA:  51%|███████████████████████████▌                          | 409/800 [00:40<00:33, 11.50it/s]15:56:19 | INFO    | epoch  410/800 | loss=0.0054
15:56:19 | INFO    |            [filtered] MRR=0.8352 Hit@1=0.7898 Hit@5=0.8869 Hit@10=0.9182 MR=13.2 n=1370
15:56:19 | INFO    |            [multiref] MRR=0.8032 Hit@1=0.7492 Hit@5=0.8682 Hit@10=0.9068 MR=29.5 n=311
15:56:20 | INFO    |            -> new best filtered MRR=0.8352 (saved model_best.pt)

MRAEA:  51%|███████████████████████████▋                          | 411/800 [00:41<00:52,  7.45it/s]
MRAEA:  52%|███████████████████████████▉                          | 413/800 [00:41<00:44,  8.73it/s]
MRAEA:  52%|████████████████████████████                          | 415/800 [00:41<00:40,  9.53it/s]
MRAEA:  52%|████████████████████████████▏                         | 417/800 [00:41<00:38,  9.94it/s]
MRAEA:  52%|████████████████████████████▎                         | 419/800 [00:41<00:34, 11.08it/s]15:56:20 | INFO    | epoch  420/800 | loss=0.0014
15:56:21 | INFO    |            [filtered] MRR=0.8358 Hit@1=0.7898 Hit@5=0.8898 Hit@10=0.9190 MR=13.0 n=1370
15:56:21 | INFO    |            [multiref] MRR=0.8043 Hit@1=0.7492 Hit@5=0.8682 Hit@10=0.9068 MR=29.4 n=311
15:56:21 | INFO    |            -> new best filtered MRR=0.8358 (saved model_best.pt)

MRAEA:  53%|████████████████████████████▍                         | 421/800 [00:42<00:52,  7.22it/s]
MRAEA:  53%|████████████████████████████▌                         | 423/800 [00:42<00:45,  8.23it/s]
MRAEA:  53%|████████████████████████████▋                         | 425/800 [00:42<00:40,  9.35it/s]
MRAEA:  53%|████████████████████████████▊                         | 427/800 [00:42<00:35, 10.52it/s]
MRAEA:  54%|████████████████████████████▉                         | 429/800 [00:42<00:33, 10.97it/s]15:56:22 | INFO    | epoch  430/800 | loss=0.0036
15:56:22 | INFO    |            [filtered] MRR=0.8362 Hit@1=0.7898 Hit@5=0.8905 Hit@10=0.9212 MR=13.2 n=1370
15:56:22 | INFO    |            [multiref] MRR=0.8042 Hit@1=0.7492 Hit@5=0.8682 Hit@10=0.9068 MR=29.5 n=311
15:56:22 | INFO    |            -> new best filtered MRR=0.8362 (saved model_best.pt)

MRAEA:  54%|█████████████████████████████                         | 431/800 [00:43<00:56,  6.59it/s]
MRAEA:  54%|█████████████████████████████▏                        | 433/800 [00:43<00:47,  7.78it/s]
MRAEA:  54%|█████████████████████████████▎                        | 435/800 [00:43<00:41,  8.73it/s]
MRAEA:  55%|█████████████████████████████▍                        | 437/800 [00:43<00:37,  9.78it/s]
MRAEA:  55%|█████████████████████████████▋                        | 439/800 [00:43<00:33, 10.92it/s]15:56:23 | INFO    | epoch  440/800 | loss=0.0027
15:56:23 | INFO    |            [filtered] MRR=0.8382 Hit@1=0.7920 Hit@5=0.8949 Hit@10=0.9241 MR=13.3 n=1370
15:56:23 | INFO    |            [multiref] MRR=0.8080 Hit@1=0.7556 Hit@5=0.8714 Hit@10=0.9100 MR=29.6 n=311
15:56:23 | INFO    |            -> new best filtered MRR=0.8382 (saved model_best.pt)

MRAEA:  55%|█████████████████████████████▊                        | 441/800 [00:44<00:48,  7.47it/s]
MRAEA:  55%|█████████████████████████████▉                        | 443/800 [00:44<00:40,  8.79it/s]
MRAEA:  56%|██████████████████████████████                        | 445/800 [00:44<00:35,  9.88it/s]
MRAEA:  56%|██████████████████████████████▎                       | 449/800 [00:44<00:23, 15.07it/s]15:56:24 | INFO    | epoch  450/800 | loss=0.0003
15:56:24 | INFO    |            [filtered] MRR=0.8387 Hit@1=0.7927 Hit@5=0.8978 Hit@10=0.9248 MR=13.6 n=1370
15:56:24 | INFO    |            [multiref] MRR=0.8100 Hit@1=0.7588 Hit@5=0.8746 Hit@10=0.9100 MR=30.1 n=311
15:56:24 | INFO    |            -> new best filtered MRR=0.8387 (saved model_best.pt)

MRAEA:  56%|██████████████████████████████▌                       | 452/800 [00:45<00:31, 11.03it/s]
MRAEA:  57%|██████████████████████████████▊                       | 456/800 [00:45<00:22, 15.23it/s]15:56:24 | INFO    | epoch  460/800 | loss=0.0015
15:56:24 | INFO    |            [filtered] MRR=0.8405 Hit@1=0.7942 Hit@5=0.9029 Hit@10=0.9255 MR=13.8 n=1370
15:56:24 | INFO    |            [multiref] MRR=0.8112 Hit@1=0.7588 Hit@5=0.8810 Hit@10=0.9100 MR=30.7 n=311
15:56:25 | INFO    |            -> new best filtered MRR=0.8405 (saved model_best.pt)

MRAEA:  57%|███████████████████████████████                       | 460/800 [00:45<00:27, 12.15it/s]
MRAEA:  58%|███████████████████████████████▎                      | 464/800 [00:45<00:21, 15.76it/s]
MRAEA:  58%|███████████████████████████████▌                      | 467/800 [00:45<00:18, 17.76it/s]15:56:25 | INFO    | epoch  470/800 | loss=0.0032
15:56:25 | INFO    |            [filtered] MRR=0.8408 Hit@1=0.7942 Hit@5=0.9036 Hit@10=0.9263 MR=14.1 n=1370
15:56:25 | INFO    |            [multiref] MRR=0.8097 Hit@1=0.7556 Hit@5=0.8810 Hit@10=0.9100 MR=31.0 n=311
15:56:25 | INFO    |            -> new best filtered MRR=0.8408 (saved model_best.pt)

MRAEA:  59%|███████████████████████████████▋                      | 470/800 [00:46<00:27, 11.95it/s]
MRAEA:  59%|███████████████████████████████▉                      | 474/800 [00:46<00:20, 15.67it/s]
MRAEA:  60%|████████████████████████████████▎                     | 478/800 [00:46<00:16, 19.47it/s]15:56:25 | INFO    | epoch  480/800 | loss=0.0049
15:56:26 | INFO    |            [filtered] MRR=0.8414 Hit@1=0.7956 Hit@5=0.9036 Hit@10=0.9270 MR=14.4 n=1370
15:56:26 | INFO    |            [multiref] MRR=0.8134 Hit@1=0.7621 Hit@5=0.8810 Hit@10=0.9100 MR=31.4 n=311
15:56:26 | INFO    |            -> new best filtered MRR=0.8414 (saved model_best.pt)

MRAEA:  60%|████████████████████████████████▍                     | 481/800 [00:47<00:23, 13.81it/s]
MRAEA:  61%|████████████████████████████████▋                     | 485/800 [00:47<00:17, 17.54it/s]
MRAEA:  61%|████████████████████████████████▉                     | 488/800 [00:47<00:17, 17.91it/s]15:56:26 | INFO    | epoch  490/800 | loss=0.0035
15:56:26 | INFO    |            [filtered] MRR=0.8426 Hit@1=0.7985 Hit@5=0.9007 Hit@10=0.9263 MR=14.5 n=1370
15:56:26 | INFO    |            [multiref] MRR=0.8129 Hit@1=0.7621 Hit@5=0.8778 Hit@10=0.9068 MR=31.5 n=311
15:56:26 | INFO    |            -> new best filtered MRR=0.8426 (saved model_best.pt)

MRAEA:  61%|█████████████████████████████████▏                    | 491/800 [00:47<00:23, 12.97it/s]
MRAEA:  62%|█████████████████████████████████▍                    | 495/800 [00:47<00:18, 16.78it/s]
MRAEA:  62%|█████████████████████████████████▋                    | 499/800 [00:47<00:14, 20.63it/s]15:56:27 | INFO    | epoch  500/800 | loss=0.0069
15:56:27 | INFO    |            [filtered] MRR=0.8423 Hit@1=0.7978 Hit@5=0.9015 Hit@10=0.9270 MR=14.4 n=1370
15:56:27 | INFO    |            [multiref] MRR=0.8126 Hit@1=0.7621 Hit@5=0.8778 Hit@10=0.9068 MR=31.2 n=311

MRAEA:  63%|█████████████████████████████████▉                    | 502/800 [00:48<00:18, 15.94it/s]
MRAEA:  63%|██████████████████████████████████▏                   | 506/800 [00:48<00:14, 19.81it/s]15:56:27 | INFO    | epoch  510/800 | loss=0.0027
15:56:27 | INFO    |            [filtered] MRR=0.8414 Hit@1=0.7956 Hit@5=0.9015 Hit@10=0.9277 MR=14.4 n=1370
15:56:27 | INFO    |            [multiref] MRR=0.8096 Hit@1=0.7556 Hit@5=0.8778 Hit@10=0.9068 MR=31.3 n=311

MRAEA:  64%|██████████████████████████████████▍                   | 510/800 [00:48<00:17, 16.84it/s]
MRAEA:  64%|██████████████████████████████████▋                   | 514/800 [00:48<00:13, 20.46it/s]
MRAEA:  65%|██████████████████████████████████▉                   | 518/800 [00:48<00:11, 23.98it/s]15:56:28 | INFO    | epoch  520/800 | loss=0.0033
15:56:28 | INFO    |            [filtered] MRR=0.8429 Hit@1=0.7978 Hit@5=0.9000 Hit@10=0.9314 MR=14.6 n=1370
15:56:28 | INFO    |            [multiref] MRR=0.8115 Hit@1=0.7588 Hit@5=0.8778 Hit@10=0.9100 MR=31.7 n=311
15:56:28 | INFO    |            -> new best filtered MRR=0.8429 (saved model_best.pt)

MRAEA:  65%|███████████████████████████████████▏                  | 522/800 [00:49<00:17, 15.76it/s]
MRAEA:  66%|███████████████████████████████████▍                  | 525/800 [00:49<00:16, 16.50it/s]
MRAEA:  66%|███████████████████████████████████▋                  | 529/800 [00:49<00:13, 20.23it/s]15:56:28 | INFO    | epoch  530/800 | loss=0.0015
15:56:28 | INFO    |            [filtered] MRR=0.8439 Hit@1=0.7993 Hit@5=0.9044 Hit@10=0.9314 MR=15.1 n=1370
15:56:28 | INFO    |            [multiref] MRR=0.8140 Hit@1=0.7621 Hit@5=0.8842 Hit@10=0.9100 MR=32.5 n=311
15:56:29 | INFO    |            -> new best filtered MRR=0.8439 (saved model_best.pt)

MRAEA:  66%|███████████████████████████████████▉                  | 532/800 [00:49<00:19, 13.94it/s]
MRAEA:  67%|████████████████████████████████████▏                 | 536/800 [00:50<00:14, 17.64it/s]15:56:29 | INFO    | epoch  540/800 | loss=0.0013
15:56:29 | INFO    |            [filtered] MRR=0.8432 Hit@1=0.7993 Hit@5=0.9036 Hit@10=0.9307 MR=15.3 n=1370
15:56:29 | INFO    |            [multiref] MRR=0.8148 Hit@1=0.7653 Hit@5=0.8810 Hit@10=0.9100 MR=32.9 n=311

MRAEA:  68%|████████████████████████████████████▍                 | 540/800 [00:50<00:16, 15.72it/s]
MRAEA:  68%|████████████████████████████████████▋                 | 544/800 [00:50<00:13, 19.31it/s]
MRAEA:  68%|████████████████████████████████████▉                 | 548/800 [00:50<00:11, 22.86it/s]15:56:29 | INFO    | epoch  550/800 | loss=0.0021
15:56:29 | INFO    |            [filtered] MRR=0.8431 Hit@1=0.7993 Hit@5=0.9036 Hit@10=0.9299 MR=15.4 n=1370
15:56:29 | INFO    |            [multiref] MRR=0.8149 Hit@1=0.7653 Hit@5=0.8810 Hit@10=0.9100 MR=32.9 n=311

MRAEA:  69%|█████████████████████████████████████▎                | 552/800 [00:50<00:13, 18.33it/s]
MRAEA:  70%|█████████████████████████████████████▌                | 556/800 [00:51<00:11, 21.83it/s]15:56:30 | INFO    | epoch  560/800 | loss=0.0021
15:56:30 | INFO    |            [filtered] MRR=0.8429 Hit@1=0.7978 Hit@5=0.9051 Hit@10=0.9336 MR=15.3 n=1370
15:56:30 | INFO    |            [multiref] MRR=0.8127 Hit@1=0.7621 Hit@5=0.8810 Hit@10=0.9068 MR=32.8 n=311

MRAEA:  70%|█████████████████████████████████████▊                | 560/800 [00:51<00:13, 17.97it/s]
MRAEA:  70%|██████████████████████████████████████                | 564/800 [00:51<00:11, 21.43it/s]
MRAEA:  71%|██████████████████████████████████████▎               | 568/800 [00:51<00:09, 24.78it/s]15:56:30 | INFO    | epoch  570/800 | loss=0.0019
15:56:30 | INFO    |            [filtered] MRR=0.8467 Hit@1=0.8036 Hit@5=0.9073 Hit@10=0.9328 MR=15.3 n=1370
15:56:30 | INFO    |            [multiref] MRR=0.8129 Hit@1=0.7621 Hit@5=0.8842 Hit@10=0.9068 MR=32.6 n=311
15:56:31 | INFO    |            -> new best filtered MRR=0.8467 (saved model_best.pt)

MRAEA:  72%|██████████████████████████████████████▌               | 572/800 [00:51<00:13, 16.34it/s]
MRAEA:  72%|██████████████████████████████████████▉               | 576/800 [00:52<00:11, 19.79it/s]15:56:31 | INFO    | epoch  580/800 | loss=0.0026
15:56:31 | INFO    |            [filtered] MRR=0.8463 Hit@1=0.8029 Hit@5=0.9073 Hit@10=0.9328 MR=15.4 n=1370
15:56:31 | INFO    |            [multiref] MRR=0.8128 Hit@1=0.7621 Hit@5=0.8842 Hit@10=0.9068 MR=32.8 n=311

MRAEA:  72%|███████████████████████████████████████▏              | 580/800 [00:52<00:13, 16.31it/s]
MRAEA:  73%|███████████████████████████████████████▍              | 584/800 [00:52<00:10, 19.69it/s]
MRAEA:  73%|███████████████████████████████████████▌              | 587/800 [00:52<00:10, 20.11it/s]15:56:32 | INFO    | epoch  590/800 | loss=0.0003
15:56:32 | INFO    |            [filtered] MRR=0.8456 Hit@1=0.8015 Hit@5=0.9066 Hit@10=0.9328 MR=15.6 n=1370
15:56:32 | INFO    |            [multiref] MRR=0.8126 Hit@1=0.7621 Hit@5=0.8842 Hit@10=0.9068 MR=33.1 n=311

MRAEA:  74%|███████████████████████████████████████▊              | 590/800 [00:52<00:12, 16.16it/s]
MRAEA:  74%|████████████████████████████████████████              | 594/800 [00:53<00:10, 19.99it/s]
MRAEA:  75%|████████████████████████████████████████▎             | 598/800 [00:53<00:08, 23.68it/s]15:56:32 | INFO    | epoch  600/800 | loss=0.0040
15:56:32 | INFO    |            [filtered] MRR=0.8444 Hit@1=0.8000 Hit@5=0.9058 Hit@10=0.9328 MR=15.2 n=1370
15:56:32 | INFO    |            [multiref] MRR=0.8125 Hit@1=0.7621 Hit@5=0.8810 Hit@10=0.9068 MR=32.4 n=311

MRAEA:  75%|████████████████████████████████████████▋             | 602/800 [00:53<00:10, 18.67it/s]
MRAEA:  76%|████████████████████████████████████████▉             | 606/800 [00:53<00:08, 22.23it/s]15:56:32 | INFO    | epoch  610/800 | loss=0.0023
15:56:33 | INFO    |            [filtered] MRR=0.8444 Hit@1=0.8000 Hit@5=0.9058 Hit@10=0.9328 MR=14.7 n=1370
15:56:33 | INFO    |            [multiref] MRR=0.8125 Hit@1=0.7621 Hit@5=0.8810 Hit@10=0.9068 MR=31.6 n=311

MRAEA:  76%|█████████████████████████████████████████▏            | 610/800 [00:53<00:10, 17.99it/s]
MRAEA:  77%|█████████████████████████████████████████▍            | 614/800 [00:54<00:08, 21.47it/s]
MRAEA:  77%|█████████████████████████████████████████▋            | 618/800 [00:54<00:07, 24.83it/s]15:56:33 | INFO    | epoch  620/800 | loss=0.0021
15:56:33 | INFO    |            [filtered] MRR=0.8411 Hit@1=0.7978 Hit@5=0.9022 Hit@10=0.9248 MR=14.6 n=1370
15:56:33 | INFO    |            [multiref] MRR=0.8124 Hit@1=0.7621 Hit@5=0.8810 Hit@10=0.9068 MR=31.5 n=311

MRAEA:  78%|█████████████████████████████████████████▉            | 622/800 [00:54<00:10, 17.46it/s]
MRAEA:  78%|██████████████████████████████████████████▎           | 626/800 [00:54<00:08, 20.42it/s]15:56:33 | INFO    | epoch  630/800 | loss=0.0018
15:56:34 | INFO    |            [filtered] MRR=0.8386 Hit@1=0.7971 Hit@5=0.8920 Hit@10=0.9190 MR=14.5 n=1370
15:56:34 | INFO    |            [multiref] MRR=0.8101 Hit@1=0.7588 Hit@5=0.8778 Hit@10=0.9068 MR=31.4 n=311

MRAEA:  79%|██████████████████████████████████████████▌           | 630/800 [00:54<00:09, 17.32it/s]
MRAEA:  79%|██████████████████████████████████████████▊           | 634/800 [00:55<00:07, 20.76it/s]
MRAEA:  80%|███████████████████████████████████████████           | 638/800 [00:55<00:06, 24.13it/s]15:56:34 | INFO    | epoch  640/800 | loss=0.0036
15:56:34 | INFO    |            [filtered] MRR=0.8381 Hit@1=0.7956 Hit@5=0.8964 Hit@10=0.9190 MR=14.6 n=1370
15:56:34 | INFO    |            [multiref] MRR=0.8090 Hit@1=0.7556 Hit@5=0.8842 Hit@10=0.9068 MR=31.5 n=311

MRAEA:  80%|███████████████████████████████████████████▎          | 642/800 [00:55<00:08, 18.91it/s]
MRAEA:  81%|███████████████████████████████████████████▌          | 646/800 [00:55<00:06, 22.35it/s]15:56:34 | INFO    | epoch  650/800 | loss=0.0017
15:56:35 | INFO    |            [filtered] MRR=0.8403 Hit@1=0.7971 Hit@5=0.9029 Hit@10=0.9263 MR=14.7 n=1370
15:56:35 | INFO    |            [multiref] MRR=0.8124 Hit@1=0.7588 Hit@5=0.8907 Hit@10=0.9068 MR=31.6 n=311

MRAEA:  81%|███████████████████████████████████████████▉          | 650/800 [00:55<00:09, 16.14it/s]
MRAEA:  82%|████████████████████████████████████████████▏         | 654/800 [00:56<00:07, 19.56it/s]
MRAEA:  82%|████████████████████████████████████████████▍         | 658/800 [00:56<00:06, 23.00it/s]15:56:35 | INFO    | epoch  660/800 | loss=0.0043
15:56:35 | INFO    |            [filtered] MRR=0.8409 Hit@1=0.7971 Hit@5=0.9036 Hit@10=0.9263 MR=14.6 n=1370
15:56:35 | INFO    |            [multiref] MRR=0.8118 Hit@1=0.7556 Hit@5=0.8939 Hit@10=0.9132 MR=31.6 n=311

MRAEA:  83%|████████████████████████████████████████████▋         | 662/800 [00:56<00:07, 18.52it/s]
MRAEA:  83%|████████████████████████████████████████████▉         | 666/800 [00:56<00:06, 21.97it/s]15:56:35 | INFO    | epoch  670/800 | loss=0.0086
15:56:36 | INFO    |            [filtered] MRR=0.8410 Hit@1=0.7978 Hit@5=0.9051 Hit@10=0.9292 MR=14.5 n=1370
15:56:36 | INFO    |            [multiref] MRR=0.8113 Hit@1=0.7556 Hit@5=0.8939 Hit@10=0.9132 MR=31.3 n=311
15:56:36 | INFO    |            early stop (best=0.8467 @ 570).

MRAEA:  84%|█████████████████████████████████████████████▏        | 669/800 [00:56<00:11, 11.76it/s]
15:56:36 | INFO    | Done in 1.0 min. Best filtered MRR=0.8467 @ epoch 570.
15:56:36 | INFO    | Final evaluation on the test split, read once
15:56:37 | INFO    |   [cosine] filtMRR=0.5276 H@1=0.4655 H@10=0.6627 n=12592 | mrefMRR=0.6889 H@1=0.6262
15:56:37 | INFO    |   [  csls] filtMRR=0.5195 H@1=0.4576 H@10=0.6534 n=12592 | mrefMRR=0.7440 H@1=0.6940
15:56:39 | INFO    |   [cosine] F1=0.5559 P=0.4218 R=0.8148 (threshold 0.984 from validation, validation F1=0.5932)
15:56:39 | INFO    | Wrote experiments/mraea_closeMatch_20260929-155529/result.json
15:56:39 | INFO    | Finished. Best validation MRR=0.8467 @ epoch 570.
