05:24:22 | INFO    | Model: naea | seed 2026 | device: cuda:0
05:24:23 | INFO    | Regime closeMatch | graph: 84,182 nodes, 131,238 triples, 50,435 UCPGx candidates
05:24:23 | INFO    |   broadMatch/pgx   train=  3,744 test=  8,599 (70%) queries= 6,866 by cluster    leakage=0.00%
05:24:23 | INFO    |   closeMatch       train=  2,738 test=  6,296 (70%) queries= 1,490 by cluster    leakage=0.00%
05:24:23 | INFO    |   sameAs           train= 19,942 test= 46,531 (70%) queries=10,883 by cluster    leakage=0.00%
05:24:23 | INFO    |   broadMatch/onco  train= 25,039 test= 47,737 (66%) queries= 2,032 intra-cluster leakage=0.00%
05:24:23 | INFO    |   relatedMatch     train=  2,801 test=  6,289 (69%) queries=   812 intra-cluster leakage=0.00%
05:24:23 | INFO    |   related          train=471,647 test=762,046 (62%) queries=16,977 intra-cluster leakage=0.00%
05:24:23 | INFO    | Data: {'num_entities': 84182, 'num_relations': 13, 'triples': 131238, 'train_pairs': 2053, 'val_pairs': 685, 'candidates': 50435, 'unlabeled_pool': 49550}
05:24:24 | INFO    | Params: 16.88M
05:24:24 | INFO    | Run directory: experiments/naea_closeMatch_20260929-052422
05:24:24 | INFO    | NAEA | device=cuda:0 | {'num_entities': 84182, 'num_relations': 13, 'triples': 131238, 'train_pairs': 2053, 'val_pairs': 685, 'candidates': 50435, 'unlabeled_pool': 49550} 

NAEA:   0%|                                                                 | 0/400 [00:00<?, ?it/s]
NAEA:   0%|▏                                                        | 1/400 [00:01<10:20,  1.55s/it]
NAEA:   0%|▎                                                        | 2/400 [00:02<09:17,  1.40s/it]
NAEA:   1%|▍                                                        | 3/400 [00:04<08:56,  1.35s/it]
NAEA:   1%|▌                                                        | 4/400 [00:05<08:44,  1.32s/it]
NAEA:   1%|▋                                                        | 5/400 [00:06<08:39,  1.31s/it]
NAEA:   2%|▊                                                        | 6/400 [00:08<08:35,  1.31s/it]
NAEA:   2%|▉                                                        | 7/400 [00:09<08:32,  1.30s/it]
NAEA:   2%|█▏                                                       | 8/400 [00:10<08:30,  1.30s/it]
NAEA:   2%|█▎                                                       | 9/400 [00:11<08:27,  1.30s/it]05:24:37 | INFO    | epoch   10/400 | loss=0.1376 kge=0.0722 align=0.0131 pseudo=0.0000
05:24:37 | INFO    |            [filtered] MRR=0.3860 Hit@1=0.2891 Hit@5=0.4825 Hit@10=0.5679 MR=29.1 n=1370
05:24:37 | INFO    |            [multiref] MRR=0.7681 Hit@1=0.6977 Hit@5=0.8521 Hit@10=0.8907 MR=7.5 n=311
05:24:38 | INFO    |            -> new best multiref MRR=0.7681 (saved model_best.pt)

NAEA:   2%|█▍                                                      | 10/400 [00:13<09:28,  1.46s/it]
NAEA:   3%|█▌                                                      | 11/400 [00:14<09:06,  1.40s/it]
NAEA:   3%|█▋                                                      | 12/400 [00:16<08:50,  1.37s/it]
NAEA:   3%|█▊                                                      | 13/400 [00:17<08:40,  1.35s/it]
NAEA:   4%|█▉                                                      | 14/400 [00:18<08:33,  1.33s/it]
NAEA:   4%|██                                                      | 15/400 [00:20<08:27,  1.32s/it]
NAEA:   4%|██▏                                                     | 16/400 [00:21<08:23,  1.31s/it]
NAEA:   4%|██▍                                                     | 17/400 [00:22<08:20,  1.31s/it]
NAEA:   4%|██▌                                                     | 18/400 [00:24<08:17,  1.30s/it]
NAEA:   5%|██▋                                                     | 19/400 [00:25<08:14,  1.30s/it]05:24:51 | INFO    | epoch   20/400 | loss=0.1203 kge=0.0475 align=0.0146 pseudo=0.0000
05:24:51 | INFO    |            [filtered] MRR=0.4059 Hit@1=0.3190 Hit@5=0.4927 Hit@10=0.5832 MR=23.4 n=1370
05:24:51 | INFO    |            [multiref] MRR=0.7386 Hit@1=0.6752 Hit@5=0.8167 Hit@10=0.8617 MR=27.3 n=311

NAEA:   5%|██▊                                                     | 20/400 [00:26<08:42,  1.38s/it]
NAEA:   5%|██▉                                                     | 21/400 [00:28<08:32,  1.35s/it]
NAEA:   6%|███                                                     | 22/400 [00:29<08:23,  1.33s/it]
NAEA:   6%|███▏                                                    | 23/400 [00:30<08:17,  1.32s/it]
NAEA:   6%|███▎                                                    | 24/400 [00:32<08:13,  1.31s/it]
NAEA:   6%|███▌                                                    | 25/400 [00:33<08:09,  1.30s/it]
NAEA:   6%|███▋                                                    | 26/400 [00:34<08:06,  1.30s/it]
NAEA:   7%|███▊                                                    | 27/400 [00:35<08:04,  1.30s/it]
NAEA:   7%|███▉                                                    | 28/400 [00:37<08:01,  1.30s/it]
NAEA:   7%|████                                                    | 29/400 [00:38<08:01,  1.30s/it]05:25:04 | INFO    | epoch   30/400 | loss=0.0794 kge=0.0399 align=0.0079 pseudo=0.0000 | bootstrap: 9000 pseudo-pairs (beta=1.0)
05:25:04 | INFO    |            [filtered] MRR=0.4216 Hit@1=0.3343 Hit@5=0.5044 Hit@10=0.5927 MR=24.9 n=1370
05:25:04 | INFO    |            [multiref] MRR=0.7853 Hit@1=0.7235 Hit@5=0.8650 Hit@10=0.9164 MR=22.3 n=311
05:25:05 | INFO    |            -> new best multiref MRR=0.7853 (saved model_best.pt)

NAEA:   8%|████▏                                                   | 30/400 [00:40<09:25,  1.53s/it]
NAEA:   8%|████▎                                                   | 31/400 [00:43<12:35,  2.05s/it]
NAEA:   8%|████▍                                                   | 32/400 [00:47<14:48,  2.41s/it]
NAEA:   8%|████▌                                                   | 33/400 [00:50<16:18,  2.67s/it]
NAEA:   8%|████▊                                                   | 34/400 [00:53<17:23,  2.85s/it]05:25:21 | INFO    | epoch   35/400 | loss=0.1118 kge=0.0395 align=0.0052 pseudo=0.0464 | bootstrap: 9000 pseudo-pairs (beta=1.0)

NAEA:   9%|████▉                                                   | 35/400 [00:57<18:33,  3.05s/it]
NAEA:   9%|█████                                                   | 36/400 [01:00<18:55,  3.12s/it]
NAEA:   9%|█████▏                                                  | 37/400 [01:03<19:11,  3.17s/it]
NAEA:  10%|█████▎                                                  | 38/400 [01:07<19:19,  3.20s/it]
NAEA:  10%|█████▍                                                  | 39/400 [01:10<19:23,  3.22s/it]05:25:38 | INFO    | epoch   40/400 | loss=0.0881 kge=0.0374 align=0.0040 pseudo=0.0304 | bootstrap: 9000 pseudo-pairs (beta=1.0)
05:25:38 | INFO    |            [filtered] MRR=0.5258 Hit@1=0.4474 Hit@5=0.6015 Hit@10=0.7000 MR=15.8 n=1370
05:25:38 | INFO    |            [multiref] MRR=0.8119 Hit@1=0.7685 Hit@5=0.8778 Hit@10=0.9068 MR=15.0 n=311
05:25:38 | INFO    |            -> new best multiref MRR=0.8119 (saved model_best.pt)

NAEA:  10%|█████▌                                                  | 40/400 [01:14<20:48,  3.47s/it]
NAEA:  10%|█████▋                                                  | 41/400 [01:17<20:22,  3.41s/it]
NAEA:  10%|█████▉                                                  | 42/400 [01:20<20:04,  3.36s/it]
NAEA:  11%|██████                                                  | 43/400 [01:24<19:51,  3.34s/it]
NAEA:  11%|██████▏                                                 | 44/400 [01:27<19:40,  3.32s/it]05:25:55 | INFO    | epoch   45/400 | loss=0.0901 kge=0.0362 align=0.0059 pseudo=0.0245 | bootstrap: 9000 pseudo-pairs (beta=1.0)

NAEA:  11%|██████▎                                                 | 45/400 [01:30<20:02,  3.39s/it]
NAEA:  12%|██████▍                                                 | 46/400 [01:34<19:45,  3.35s/it]
NAEA:  12%|██████▌                                                 | 47/400 [01:37<19:33,  3.32s/it]
NAEA:  12%|██████▋                                                 | 48/400 [01:40<19:24,  3.31s/it]
NAEA:  12%|██████▊                                                 | 49/400 [01:44<19:18,  3.30s/it]05:26:12 | INFO    | epoch   50/400 | loss=0.0796 kge=0.0338 align=0.0052 pseudo=0.0201 | bootstrap: 9000 pseudo-pairs (beta=1.0)
05:26:12 | INFO    |            [filtered] MRR=0.5405 Hit@1=0.4599 Hit@5=0.6416 Hit@10=0.7241 MR=14.4 n=1370
05:26:12 | INFO    |            [multiref] MRR=0.8175 Hit@1=0.7653 Hit@5=0.8842 Hit@10=0.9196 MR=17.7 n=311
05:26:12 | INFO    |            -> new best multiref MRR=0.8175 (saved model_best.pt)

NAEA:  12%|███████                                                 | 50/400 [01:48<20:35,  3.53s/it]
NAEA:  13%|███████▏                                                | 51/400 [01:51<20:04,  3.45s/it]
NAEA:  13%|███████▎                                                | 52/400 [01:54<19:44,  3.40s/it]
NAEA:  13%|███████▍                                                | 53/400 [01:57<19:26,  3.36s/it]
NAEA:  14%|███████▌                                                | 54/400 [02:01<19:14,  3.34s/it]05:26:29 | INFO    | epoch   55/400 | loss=0.0756 kge=0.0325 align=0.0050 pseudo=0.0183 | bootstrap: 9000 pseudo-pairs (beta=1.0)

NAEA:  14%|███████▋                                                | 55/400 [02:04<19:33,  3.40s/it]
NAEA:  14%|███████▊                                                | 56/400 [02:08<19:17,  3.37s/it]
NAEA:  14%|███████▉                                                | 57/400 [02:11<19:06,  3.34s/it]
NAEA:  14%|████████                                                | 58/400 [02:14<18:54,  3.32s/it]
NAEA:  15%|████████▎                                               | 59/400 [02:17<18:48,  3.31s/it]05:26:46 | INFO    | epoch   60/400 | loss=0.0684 kge=0.0320 align=0.0040 pseudo=0.0162 | bootstrap: 9000 pseudo-pairs (beta=1.0)
05:26:46 | INFO    |            [filtered] MRR=0.5271 Hit@1=0.4555 Hit@5=0.5993 Hit@10=0.6752 MR=16.6 n=1370
05:26:46 | INFO    |            [multiref] MRR=0.8086 Hit@1=0.7588 Hit@5=0.8650 Hit@10=0.9100 MR=17.7 n=311

NAEA:  15%|████████▍                                               | 60/400 [02:21<19:35,  3.46s/it]
NAEA:  15%|████████▌                                               | 61/400 [02:24<19:12,  3.40s/it]
NAEA:  16%|████████▋                                               | 62/400 [02:28<18:55,  3.36s/it]
NAEA:  16%|████████▊                                               | 63/400 [02:31<18:44,  3.34s/it]
NAEA:  16%|████████▉                                               | 64/400 [02:34<18:36,  3.32s/it]05:27:02 | INFO    | epoch   65/400 | loss=0.0727 kge=0.0302 align=0.0055 pseudo=0.0150 | bootstrap: 9000 pseudo-pairs (beta=1.0)

NAEA:  16%|█████████                                               | 65/400 [02:38<18:53,  3.38s/it]
NAEA:  16%|█████████▏                                              | 66/400 [02:41<18:40,  3.35s/it]
NAEA:  17%|█████████▍                                              | 67/400 [02:44<18:28,  3.33s/it]
NAEA:  17%|█████████▌                                              | 68/400 [02:48<18:21,  3.32s/it]
NAEA:  17%|█████████▋                                              | 69/400 [02:51<18:13,  3.30s/it]05:27:19 | INFO    | epoch   70/400 | loss=0.0650 kge=0.0296 align=0.0043 pseudo=0.0139 | bootstrap: 9000 pseudo-pairs (beta=1.0)
05:27:19 | INFO    |            [filtered] MRR=0.5188 Hit@1=0.4518 Hit@5=0.5854 Hit@10=0.6672 MR=16.9 n=1370
05:27:19 | INFO    |            [multiref] MRR=0.8135 Hit@1=0.7653 Hit@5=0.8810 Hit@10=0.9196 MR=16.5 n=311

NAEA:  18%|█████████▊                                              | 70/400 [02:55<18:58,  3.45s/it]
NAEA:  18%|█████████▉                                              | 71/400 [02:58<18:36,  3.40s/it]
NAEA:  18%|██████████                                              | 72/400 [03:01<18:20,  3.36s/it]
NAEA:  18%|██████████▏                                             | 73/400 [03:05<18:09,  3.33s/it]
NAEA:  18%|██████████▎                                             | 74/400 [03:08<18:02,  3.32s/it]05:27:36 | INFO    | epoch   75/400 | loss=0.0629 kge=0.0296 align=0.0040 pseudo=0.0131 | bootstrap: 9000 pseudo-pairs (beta=1.0)

NAEA:  19%|██████████▌                                             | 75/400 [03:11<18:19,  3.38s/it]
NAEA:  19%|██████████▋                                             | 76/400 [03:15<18:07,  3.36s/it]
NAEA:  19%|██████████▊                                             | 77/400 [03:18<17:57,  3.34s/it]
NAEA:  20%|██████████▉                                             | 78/400 [03:21<17:47,  3.32s/it]
NAEA:  20%|███████████                                             | 79/400 [03:24<17:39,  3.30s/it]05:27:53 | INFO    | epoch   80/400 | loss=0.0573 kge=0.0286 align=0.0033 pseudo=0.0123 | bootstrap: 9000 pseudo-pairs (beta=1.0)
05:27:53 | INFO    |            [filtered] MRR=0.5131 Hit@1=0.4343 Hit@5=0.6036 Hit@10=0.6949 MR=17.2 n=1370
05:27:53 | INFO    |            [multiref] MRR=0.8175 Hit@1=0.7685 Hit@5=0.8971 Hit@10=0.9196 MR=19.5 n=311
05:27:53 | INFO    |            -> new best multiref MRR=0.8175 (saved model_best.pt)

NAEA:  20%|███████████▏                                            | 80/400 [03:29<18:49,  3.53s/it]
NAEA:  20%|███████████▎                                            | 81/400 [03:32<18:24,  3.46s/it]
NAEA:  20%|███████████▍                                            | 82/400 [03:35<18:02,  3.40s/it]
NAEA:  21%|███████████▌                                            | 83/400 [03:38<17:45,  3.36s/it]
NAEA:  21%|███████████▊                                            | 84/400 [03:42<17:34,  3.34s/it]05:28:10 | INFO    | epoch   85/400 | loss=0.0557 kge=0.0282 align=0.0032 pseudo=0.0116 | bootstrap: 9000 pseudo-pairs (beta=1.0)

NAEA:  21%|███████████▉                                            | 85/400 [03:45<17:52,  3.41s/it]
NAEA:  22%|████████████                                            | 86/400 [03:48<17:37,  3.37s/it]
NAEA:  22%|████████████▏                                           | 87/400 [03:52<17:26,  3.34s/it]
NAEA:  22%|████████████▎                                           | 88/400 [03:55<17:16,  3.32s/it]
NAEA:  22%|████████████▍                                           | 89/400 [03:58<17:09,  3.31s/it]05:28:26 | INFO    | epoch   90/400 | loss=0.0548 kge=0.0272 align=0.0034 pseudo=0.0108 | bootstrap: 9000 pseudo-pairs (beta=1.0)
05:28:27 | INFO    |            [filtered] MRR=0.4862 Hit@1=0.4117 Hit@5=0.5577 Hit@10=0.6343 MR=18.9 n=1370
05:28:27 | INFO    |            [multiref] MRR=0.7951 Hit@1=0.7492 Hit@5=0.8489 Hit@10=0.8746 MR=21.0 n=311

NAEA:  22%|████████████▌                                           | 90/400 [04:02<17:52,  3.46s/it]
NAEA:  23%|████████████▋                                           | 91/400 [04:05<17:31,  3.40s/it]
NAEA:  23%|████████████▉                                           | 92/400 [04:09<17:18,  3.37s/it]
NAEA:  23%|█████████████                                           | 93/400 [04:12<17:05,  3.34s/it]
NAEA:  24%|█████████████▏                                          | 94/400 [04:15<16:58,  3.33s/it]05:28:43 | INFO    | epoch   95/400 | loss=0.0521 kge=0.0267 align=0.0029 pseudo=0.0109 | bootstrap: 9000 pseudo-pairs (beta=1.0)

NAEA:  24%|█████████████▎                                          | 95/400 [04:19<17:14,  3.39s/it]
NAEA:  24%|█████████████▍                                          | 96/400 [04:22<17:02,  3.36s/it]
NAEA:  24%|█████████████▌                                          | 97/400 [04:25<16:51,  3.34s/it]
NAEA:  24%|█████████████▋                                          | 98/400 [04:29<16:44,  3.33s/it]
NAEA:  25%|█████████████▊                                          | 99/400 [04:32<16:37,  3.32s/it]05:29:00 | INFO    | epoch  100/400 | loss=0.0552 kge=0.0271 align=0.0036 pseudo=0.0100 | bootstrap: 9000 pseudo-pairs (beta=1.0)
05:29:00 | INFO    |            [filtered] MRR=0.4901 Hit@1=0.4109 Hit@5=0.5781 Hit@10=0.6693 MR=19.6 n=1370
05:29:00 | INFO    |            [multiref] MRR=0.7984 Hit@1=0.7492 Hit@5=0.8521 Hit@10=0.8810 MR=28.3 n=311

NAEA:  25%|█████████████▊                                         | 100/400 [04:36<17:18,  3.46s/it]
NAEA:  25%|█████████████▉                                         | 101/400 [04:39<16:59,  3.41s/it]
NAEA:  26%|██████████████                                         | 102/400 [04:42<16:43,  3.37s/it]
NAEA:  26%|██████████████▏                                        | 103/400 [04:46<16:33,  3.35s/it]
NAEA:  26%|██████████████▎                                        | 104/400 [04:49<16:26,  3.33s/it]05:29:17 | INFO    | epoch  105/400 | loss=0.0991 kge=0.0262 align=0.0127 pseudo=0.0094 | bootstrap: 9000 pseudo-pairs (beta=1.0)

NAEA:  26%|██████████████▍                                        | 105/400 [04:52<16:42,  3.40s/it]
NAEA:  26%|██████████████▌                                        | 106/400 [04:56<16:29,  3.36s/it]
NAEA:  27%|██████████████▋                                        | 107/400 [04:59<16:19,  3.34s/it]
NAEA:  27%|██████████████▊                                        | 108/400 [05:02<16:11,  3.33s/it]
NAEA:  27%|██████████████▉                                        | 109/400 [05:06<16:04,  3.32s/it]05:29:34 | INFO    | epoch  110/400 | loss=0.0539 kge=0.0258 align=0.0038 pseudo=0.0089 | bootstrap: 9000 pseudo-pairs (beta=1.0)
05:29:34 | INFO    |            [filtered] MRR=0.5039 Hit@1=0.4299 Hit@5=0.5723 Hit@10=0.6730 MR=19.3 n=1370
05:29:34 | INFO    |            [multiref] MRR=0.7900 Hit@1=0.7428 Hit@5=0.8424 Hit@10=0.8714 MR=23.2 n=311

NAEA:  28%|███████████████▏                                       | 110/400 [05:09<16:43,  3.46s/it]
NAEA:  28%|███████████████▎                                       | 111/400 [05:13<16:26,  3.41s/it]
NAEA:  28%|███████████████▍                                       | 112/400 [05:16<16:12,  3.38s/it]
NAEA:  28%|███████████████▌                                       | 113/400 [05:19<16:00,  3.35s/it]
NAEA:  28%|███████████████▋                                       | 114/400 [05:23<15:51,  3.33s/it]05:29:51 | INFO    | epoch  115/400 | loss=0.0668 kge=0.0260 align=0.0064 pseudo=0.0090 | bootstrap: 9000 pseudo-pairs (beta=1.0)

NAEA:  29%|███████████████▊                                       | 115/400 [05:26<16:09,  3.40s/it]
NAEA:  29%|███████████████▉                                       | 116/400 [05:29<15:58,  3.38s/it]
NAEA:  29%|████████████████                                       | 117/400 [05:33<15:48,  3.35s/it]
NAEA:  30%|████████████████▏                                      | 118/400 [05:36<15:41,  3.34s/it]
NAEA:  30%|████████████████▎                                      | 119/400 [05:39<15:34,  3.33s/it]05:30:08 | INFO    | epoch  120/400 | loss=0.0531 kge=0.0257 align=0.0039 pseudo=0.0081 | bootstrap: 9000 pseudo-pairs (beta=1.0)
05:30:08 | INFO    |            [filtered] MRR=0.4735 Hit@1=0.3964 Hit@5=0.5540 Hit@10=0.6394 MR=22.1 n=1370
05:30:08 | INFO    |            [multiref] MRR=0.7833 Hit@1=0.7428 Hit@5=0.8167 Hit@10=0.8585 MR=27.7 n=311

NAEA:  30%|████████████████▌                                      | 120/400 [05:43<16:14,  3.48s/it]
NAEA:  30%|████████████████▋                                      | 121/400 [05:47<15:55,  3.42s/it]
NAEA:  30%|████████████████▊                                      | 122/400 [05:50<15:41,  3.39s/it]
NAEA:  31%|████████████████▉                                      | 123/400 [05:53<15:32,  3.37s/it]
NAEA:  31%|█████████████████                                      | 124/400 [05:56<15:23,  3.35s/it]05:30:25 | INFO    | epoch  125/400 | loss=0.0492 kge=0.0256 align=0.0031 pseudo=0.0080 | bootstrap: 9000 pseudo-pairs (beta=1.0)

NAEA:  31%|█████████████████▏                                     | 125/400 [06:00<15:40,  3.42s/it]
NAEA:  32%|█████████████████▎                                     | 126/400 [06:03<15:27,  3.39s/it]
NAEA:  32%|█████████████████▍                                     | 127/400 [06:07<15:17,  3.36s/it]
NAEA:  32%|█████████████████▌                                     | 128/400 [06:10<15:08,  3.34s/it]
NAEA:  32%|█████████████████▋                                     | 129/400 [06:13<15:03,  3.34s/it]05:30:41 | INFO    | epoch  130/400 | loss=0.0596 kge=0.0267 align=0.0047 pseudo=0.0096 | bootstrap: 9000 pseudo-pairs (beta=1.0)
05:30:42 | INFO    |            [filtered] MRR=0.4848 Hit@1=0.4029 Hit@5=0.5745 Hit@10=0.6635 MR=21.6 n=1370
05:30:42 | INFO    |            [multiref] MRR=0.8166 Hit@1=0.7749 Hit@5=0.8585 Hit@10=0.9035 MR=22.8 n=311

NAEA:  32%|█████████████████▉                                     | 130/400 [06:17<15:41,  3.49s/it]
NAEA:  33%|██████████████████                                     | 131/400 [06:20<15:22,  3.43s/it]
NAEA:  33%|██████████████████▏                                    | 132/400 [06:24<15:10,  3.40s/it]
NAEA:  33%|██████████████████▎                                    | 133/400 [06:27<14:58,  3.37s/it]
NAEA:  34%|██████████████████▍                                    | 134/400 [06:30<14:50,  3.35s/it]05:30:59 | INFO    | epoch  135/400 | loss=0.1079 kge=0.0256 align=0.0145 pseudo=0.0096 | bootstrap: 9000 pseudo-pairs (beta=1.0)

NAEA:  34%|██████████████████▌                                    | 135/400 [06:34<15:06,  3.42s/it]
NAEA:  34%|██████████████████▋                                    | 136/400 [06:37<14:54,  3.39s/it]
NAEA:  34%|██████████████████▊                                    | 137/400 [06:41<14:44,  3.36s/it]
NAEA:  34%|██████████████████▉                                    | 138/400 [06:44<14:35,  3.34s/it]
NAEA:  35%|███████████████████                                    | 139/400 [06:47<14:31,  3.34s/it]05:31:15 | INFO    | epoch  140/400 | loss=0.0512 kge=0.0251 align=0.0034 pseudo=0.0091 | bootstrap: 9000 pseudo-pairs (beta=1.0)
05:31:15 | INFO    |            [filtered] MRR=0.4983 Hit@1=0.4270 Hit@5=0.5613 Hit@10=0.6606 MR=24.0 n=1370
05:31:15 | INFO    |            [multiref] MRR=0.8039 Hit@1=0.7653 Hit@5=0.8392 Hit@10=0.8842 MR=33.2 n=311

NAEA:  35%|███████████████████▎                                   | 140/400 [06:51<15:06,  3.49s/it]
NAEA:  35%|███████████████████▍                                   | 141/400 [06:54<14:47,  3.43s/it]
NAEA:  36%|███████████████████▌                                   | 142/400 [06:58<14:34,  3.39s/it]
NAEA:  36%|███████████████████▋                                   | 143/400 [07:01<14:23,  3.36s/it]
NAEA:  36%|███████████████████▊                                   | 144/400 [07:04<14:17,  3.35s/it]05:31:32 | INFO    | epoch  145/400 | loss=0.0734 kge=0.0250 align=0.0080 pseudo=0.0086 | bootstrap: 9000 pseudo-pairs (beta=1.0)

NAEA:  36%|███████████████████▉                                   | 145/400 [07:08<14:29,  3.41s/it]
NAEA:  36%|████████████████████                                   | 146/400 [07:11<14:18,  3.38s/it]
NAEA:  37%|████████████████████▏                                  | 147/400 [07:14<14:09,  3.36s/it]
NAEA:  37%|████████████████████▎                                  | 148/400 [07:18<14:02,  3.34s/it]
NAEA:  37%|████████████████████▍                                  | 149/400 [07:21<13:55,  3.33s/it]05:31:49 | INFO    | epoch  150/400 | loss=0.0579 kge=0.0249 align=0.0050 pseudo=0.0081 | bootstrap: 9000 pseudo-pairs (beta=1.0)
05:31:49 | INFO    |            [filtered] MRR=0.5303 Hit@1=0.4686 Hit@5=0.5876 Hit@10=0.6679 MR=21.8 n=1370
05:31:49 | INFO    |            [multiref] MRR=0.8093 Hit@1=0.7717 Hit@5=0.8521 Hit@10=0.8939 MR=26.5 n=311

NAEA:  38%|████████████████████▋                                  | 150/400 [07:25<14:29,  3.48s/it]
NAEA:  38%|████████████████████▊                                  | 151/400 [07:28<14:11,  3.42s/it]
NAEA:  38%|████████████████████▉                                  | 152/400 [07:31<13:58,  3.38s/it]
NAEA:  38%|█████████████████████                                  | 153/400 [07:35<13:48,  3.36s/it]
NAEA:  38%|█████████████████████▏                                 | 154/400 [07:38<13:42,  3.34s/it]05:32:06 | INFO    | epoch  155/400 | loss=0.0484 kge=0.0245 align=0.0033 pseudo=0.0073 | bootstrap: 9000 pseudo-pairs (beta=1.0)

NAEA:  39%|█████████████████████▎                                 | 155/400 [07:42<13:54,  3.41s/it]
NAEA:  39%|█████████████████████▍                                 | 156/400 [07:45<13:44,  3.38s/it]
NAEA:  39%|█████████████████████▌                                 | 157/400 [07:48<13:35,  3.36s/it]
NAEA:  40%|█████████████████████▋                                 | 158/400 [07:51<13:28,  3.34s/it]
NAEA:  40%|█████████████████████▊                                 | 159/400 [07:55<13:21,  3.32s/it]05:32:23 | INFO    | epoch  160/400 | loss=0.0447 kge=0.0238 align=0.0028 pseudo=0.0069 | bootstrap: 9000 pseudo-pairs (beta=1.0)
05:32:23 | INFO    |            [filtered] MRR=0.5280 Hit@1=0.4562 Hit@5=0.5927 Hit@10=0.6854 MR=22.0 n=1370
05:32:23 | INFO    |            [multiref] MRR=0.8189 Hit@1=0.7749 Hit@5=0.8746 Hit@10=0.9035 MR=31.4 n=311
05:32:24 | INFO    |            -> new best multiref MRR=0.8189 (saved model_best.pt)

NAEA:  40%|██████████████████████                                 | 160/400 [07:59<14:18,  3.58s/it]
NAEA:  40%|██████████████████████▏                                | 161/400 [08:02<13:56,  3.50s/it]
NAEA:  40%|██████████████████████▎                                | 162/400 [08:06<13:37,  3.44s/it]
NAEA:  41%|██████████████████████▍                                | 163/400 [08:09<13:23,  3.39s/it]
NAEA:  41%|██████████████████████▌                                | 164/400 [08:12<13:14,  3.37s/it]05:32:40 | INFO    | epoch  165/400 | loss=0.0603 kge=0.0239 align=0.0060 pseudo=0.0063 | bootstrap: 9000 pseudo-pairs (beta=1.0)

NAEA:  41%|██████████████████████▋                                | 165/400 [08:16<13:26,  3.43s/it]
NAEA:  42%|██████████████████████▊                                | 166/400 [08:19<13:13,  3.39s/it]
NAEA:  42%|██████████████████████▉                                | 167/400 [08:22<13:04,  3.37s/it]
NAEA:  42%|███████████████████████                                | 168/400 [08:26<12:56,  3.34s/it]
NAEA:  42%|███████████████████████▏                               | 169/400 [08:29<12:49,  3.33s/it]05:32:57 | INFO    | epoch  170/400 | loss=0.0418 kge=0.0234 align=0.0024 pseudo=0.0062 | bootstrap: 9000 pseudo-pairs (beta=1.0)
05:32:57 | INFO    |            [filtered] MRR=0.5213 Hit@1=0.4431 Hit@5=0.6000 Hit@10=0.6752 MR=22.6 n=1370
05:32:57 | INFO    |            [multiref] MRR=0.7902 Hit@1=0.7428 Hit@5=0.8457 Hit@10=0.8842 MR=33.4 n=311

NAEA:  42%|███████████████████████▍                               | 170/400 [08:33<13:50,  3.61s/it]
NAEA:  43%|███████████████████████▌                               | 171/400 [08:36<13:24,  3.51s/it]
NAEA:  43%|███████████████████████▋                               | 172/400 [08:40<13:07,  3.45s/it]
NAEA:  43%|███████████████████████▊                               | 173/400 [08:43<12:52,  3.40s/it]
NAEA:  44%|███████████████████████▉                               | 174/400 [08:46<12:42,  3.38s/it]05:33:15 | INFO    | epoch  175/400 | loss=0.0779 kge=0.0232 align=0.0097 pseudo=0.0063 | bootstrap: 9000 pseudo-pairs (beta=1.0)

NAEA:  44%|████████████████████████                               | 175/400 [08:50<12:53,  3.44s/it]
NAEA:  44%|████████████████████████▏                              | 176/400 [08:53<12:41,  3.40s/it]
NAEA:  44%|████████████████████████▎                              | 177/400 [08:57<12:31,  3.37s/it]
NAEA:  44%|████████████████████████▍                              | 178/400 [09:00<12:24,  3.35s/it]
NAEA:  45%|████████████████████████▌                              | 179/400 [09:03<12:17,  3.34s/it]05:33:31 | INFO    | epoch  180/400 | loss=0.0538 kge=0.0235 align=0.0048 pseudo=0.0064 | bootstrap: 9000 pseudo-pairs (beta=1.0)
05:33:31 | INFO    |            [filtered] MRR=0.5285 Hit@1=0.4518 Hit@5=0.6080 Hit@10=0.6993 MR=24.0 n=1370
05:33:31 | INFO    |            [multiref] MRR=0.8040 Hit@1=0.7588 Hit@5=0.8553 Hit@10=0.8907 MR=41.5 n=311

NAEA:  45%|████████████████████████▊                              | 180/400 [09:07<12:47,  3.49s/it]
NAEA:  45%|████████████████████████▉                              | 181/400 [09:10<12:31,  3.43s/it]
NAEA:  46%|█████████████████████████                              | 182/400 [09:14<12:18,  3.39s/it]
NAEA:  46%|█████████████████████████▏                             | 183/400 [09:17<12:10,  3.37s/it]
NAEA:  46%|█████████████████████████▎                             | 184/400 [09:20<12:03,  3.35s/it]05:33:48 | INFO    | epoch  185/400 | loss=0.0442 kge=0.0234 align=0.0030 pseudo=0.0059 | bootstrap: 9000 pseudo-pairs (beta=1.0)

NAEA:  46%|█████████████████████████▍                             | 185/400 [09:24<12:14,  3.42s/it]
NAEA:  46%|█████████████████████████▌                             | 186/400 [09:27<12:03,  3.38s/it]
NAEA:  47%|█████████████████████████▋                             | 187/400 [09:30<11:55,  3.36s/it]
NAEA:  47%|█████████████████████████▊                             | 188/400 [09:34<11:48,  3.34s/it]
NAEA:  47%|█████████████████████████▉                             | 189/400 [09:37<11:42,  3.33s/it]05:34:05 | INFO    | epoch  190/400 | loss=0.0424 kge=0.0243 align=0.0024 pseudo=0.0059 | bootstrap: 9000 pseudo-pairs (beta=1.0)
05:34:05 | INFO    |            [filtered] MRR=0.4924 Hit@1=0.4175 Hit@5=0.5701 Hit@10=0.6504 MR=31.3 n=1370
05:34:05 | INFO    |            [multiref] MRR=0.7970 Hit@1=0.7524 Hit@5=0.8521 Hit@10=0.9003 MR=59.1 n=311

NAEA:  48%|██████████████████████████▏                            | 190/400 [09:41<12:09,  3.47s/it]
NAEA:  48%|██████████████████████████▎                            | 191/400 [09:44<11:55,  3.43s/it]
NAEA:  48%|██████████████████████████▍                            | 192/400 [09:47<11:45,  3.39s/it]
NAEA:  48%|██████████████████████████▌                            | 193/400 [09:51<11:35,  3.36s/it]
NAEA:  48%|██████████████████████████▋                            | 194/400 [09:54<11:27,  3.34s/it]05:34:22 | INFO    | epoch  195/400 | loss=0.0458 kge=0.0230 align=0.0035 pseudo=0.0055 | bootstrap: 9000 pseudo-pairs (beta=1.0)

NAEA:  49%|██████████████████████████▊                            | 195/400 [09:58<11:38,  3.41s/it]
NAEA:  49%|██████████████████████████▉                            | 196/400 [10:01<11:29,  3.38s/it]
NAEA:  49%|███████████████████████████                            | 197/400 [10:04<11:21,  3.36s/it]
NAEA:  50%|███████████████████████████▏                           | 198/400 [10:07<11:14,  3.34s/it]
NAEA:  50%|███████████████████████████▎                           | 199/400 [10:11<11:08,  3.33s/it]05:34:39 | INFO    | epoch  200/400 | loss=0.0403 kge=0.0230 align=0.0024 pseudo=0.0052 | bootstrap: 9000 pseudo-pairs (beta=1.0)
05:34:39 | INFO    |            [filtered] MRR=0.4604 Hit@1=0.3803 Hit@5=0.5409 Hit@10=0.6190 MR=40.7 n=1370
05:34:39 | INFO    |            [multiref] MRR=0.7789 Hit@1=0.7267 Hit@5=0.8392 Hit@10=0.8875 MR=77.5 n=311

NAEA:  50%|███████████████████████████▌                           | 200/400 [10:15<11:34,  3.47s/it]
NAEA:  50%|███████████████████████████▋                           | 201/400 [10:18<11:19,  3.42s/it]
NAEA:  50%|███████████████████████████▊                           | 202/400 [10:21<11:08,  3.38s/it]
NAEA:  51%|███████████████████████████▉                           | 203/400 [10:24<11:00,  3.35s/it]
NAEA:  51%|████████████████████████████                           | 204/400 [10:28<10:53,  3.33s/it]05:34:56 | INFO    | epoch  205/400 | loss=0.0394 kge=0.0226 align=0.0023 pseudo=0.0052 | bootstrap: 9000 pseudo-pairs (beta=1.0)

NAEA:  51%|████████████████████████████▏                          | 205/400 [10:31<11:04,  3.41s/it]
NAEA:  52%|████████████████████████████▎                          | 206/400 [10:35<10:53,  3.37s/it]
NAEA:  52%|████████████████████████████▍                          | 207/400 [10:38<10:45,  3.34s/it]
NAEA:  52%|████████████████████████████▌                          | 208/400 [10:41<10:38,  3.33s/it]
NAEA:  52%|████████████████████████████▋                          | 209/400 [10:45<10:34,  3.32s/it]05:35:13 | INFO    | epoch  210/400 | loss=0.0417 kge=0.0227 align=0.0027 pseudo=0.0054 | bootstrap: 9000 pseudo-pairs (beta=1.0)
05:35:13 | INFO    |            [filtered] MRR=0.4272 Hit@1=0.3518 Hit@5=0.5022 Hit@10=0.5825 MR=35.9 n=1370
05:35:13 | INFO    |            [multiref] MRR=0.7840 Hit@1=0.7299 Hit@5=0.8424 Hit@10=0.8875 MR=56.8 n=311

NAEA:  52%|████████████████████████████▉                          | 210/400 [10:48<10:59,  3.47s/it]
NAEA:  53%|█████████████████████████████                          | 211/400 [10:52<10:46,  3.42s/it]
NAEA:  53%|█████████████████████████████▏                         | 212/400 [10:55<10:37,  3.39s/it]
NAEA:  53%|█████████████████████████████▎                         | 213/400 [10:58<10:27,  3.36s/it]
NAEA:  54%|█████████████████████████████▍                         | 214/400 [11:02<10:20,  3.34s/it]05:35:30 | INFO    | epoch  215/400 | loss=0.0736 kge=0.0224 align=0.0092 pseudo=0.0052 | bootstrap: 9000 pseudo-pairs (beta=1.0)

NAEA:  54%|█████████████████████████████▌                         | 215/400 [11:05<10:30,  3.41s/it]
NAEA:  54%|█████████████████████████████▋                         | 216/400 [11:08<10:21,  3.38s/it]
NAEA:  54%|█████████████████████████████▊                         | 217/400 [11:12<10:16,  3.37s/it]
NAEA:  55%|█████████████████████████████▉                         | 218/400 [11:15<10:08,  3.34s/it]
NAEA:  55%|██████████████████████████████                         | 219/400 [11:18<10:02,  3.33s/it]05:35:47 | INFO    | epoch  220/400 | loss=0.0371 kge=0.0224 align=0.0020 pseudo=0.0050 | bootstrap: 9000 pseudo-pairs (beta=1.0)
05:35:47 | INFO    |            [filtered] MRR=0.4594 Hit@1=0.3810 Hit@5=0.5438 Hit@10=0.6153 MR=33.7 n=1370
05:35:47 | INFO    |            [multiref] MRR=0.7827 Hit@1=0.7203 Hit@5=0.8650 Hit@10=0.9003 MR=56.3 n=311

NAEA:  55%|██████████████████████████████▎                        | 220/400 [11:22<10:25,  3.48s/it]
NAEA:  55%|██████████████████████████████▍                        | 221/400 [11:25<10:12,  3.42s/it]
NAEA:  56%|██████████████████████████████▌                        | 222/400 [11:29<10:01,  3.38s/it]
NAEA:  56%|██████████████████████████████▋                        | 223/400 [11:32<09:53,  3.35s/it]
NAEA:  56%|██████████████████████████████▊                        | 224/400 [11:35<09:47,  3.34s/it]05:36:03 | INFO    | epoch  225/400 | loss=0.0400 kge=0.0227 align=0.0025 pseudo=0.0048 | bootstrap: 9000 pseudo-pairs (beta=1.0)

NAEA:  56%|██████████████████████████████▉                        | 225/400 [11:39<09:54,  3.40s/it]
NAEA:  56%|███████████████████████████████                        | 226/400 [11:42<09:46,  3.37s/it]
NAEA:  57%|███████████████████████████████▏                       | 227/400 [11:45<09:38,  3.34s/it]
NAEA:  57%|███████████████████████████████▎                       | 228/400 [11:49<09:32,  3.33s/it]
NAEA:  57%|███████████████████████████████▍                       | 229/400 [11:52<09:27,  3.32s/it]05:36:20 | INFO    | epoch  230/400 | loss=0.0633 kge=0.0225 align=0.0072 pseudo=0.0049 | bootstrap: 9000 pseudo-pairs (beta=1.0)
05:36:20 | INFO    |            [filtered] MRR=0.4519 Hit@1=0.3715 Hit@5=0.5409 Hit@10=0.6088 MR=30.7 n=1370
05:36:20 | INFO    |            [multiref] MRR=0.7934 Hit@1=0.7363 Hit@5=0.8810 Hit@10=0.9003 MR=49.0 n=311

NAEA:  57%|███████████████████████████████▌                       | 230/400 [11:56<09:49,  3.46s/it]
NAEA:  58%|███████████████████████████████▊                       | 231/400 [11:59<09:36,  3.41s/it]
NAEA:  58%|███████████████████████████████▉                       | 232/400 [12:02<09:26,  3.37s/it]
NAEA:  58%|████████████████████████████████                       | 233/400 [12:06<09:18,  3.35s/it]
NAEA:  58%|████████████████████████████████▏                      | 234/400 [12:09<09:13,  3.33s/it]05:36:37 | INFO    | epoch  235/400 | loss=0.0427 kge=0.0218 align=0.0032 pseudo=0.0047 | bootstrap: 9000 pseudo-pairs (beta=1.0)

NAEA:  59%|████████████████████████████████▎                      | 235/400 [12:13<09:20,  3.40s/it]
NAEA:  59%|████████████████████████████████▍                      | 236/400 [12:16<09:12,  3.37s/it]
NAEA:  59%|████████████████████████████████▌                      | 237/400 [12:19<09:05,  3.35s/it]
NAEA:  60%|████████████████████████████████▋                      | 238/400 [12:22<08:59,  3.33s/it]
NAEA:  60%|████████████████████████████████▊                      | 239/400 [12:26<08:53,  3.31s/it]05:36:54 | INFO    | epoch  240/400 | loss=0.0636 kge=0.0221 align=0.0074 pseudo=0.0048 | bootstrap: 9000 pseudo-pairs (beta=1.0)
05:36:54 | INFO    |            [filtered] MRR=0.4696 Hit@1=0.3861 Hit@5=0.5467 Hit@10=0.6234 MR=34.3 n=1370
05:36:54 | INFO    |            [multiref] MRR=0.7926 Hit@1=0.7363 Hit@5=0.8617 Hit@10=0.8971 MR=74.0 n=311

NAEA:  60%|█████████████████████████████████                      | 240/400 [12:29<09:13,  3.46s/it]
NAEA:  60%|█████████████████████████████████▏                     | 241/400 [12:33<09:03,  3.42s/it]
NAEA:  60%|█████████████████████████████████▎                     | 242/400 [12:36<08:53,  3.38s/it]
NAEA:  61%|█████████████████████████████████▍                     | 243/400 [12:39<08:45,  3.35s/it]
NAEA:  61%|█████████████████████████████████▌                     | 244/400 [12:43<08:39,  3.33s/it]05:37:11 | INFO    | epoch  245/400 | loss=0.0353 kge=0.0220 align=0.0017 pseudo=0.0047 | bootstrap: 9000 pseudo-pairs (beta=1.0)

NAEA:  61%|█████████████████████████████████▋                     | 245/400 [12:46<08:47,  3.40s/it]
NAEA:  62%|█████████████████████████████████▊                     | 246/400 [12:50<08:38,  3.37s/it]
NAEA:  62%|█████████████████████████████████▉                     | 247/400 [12:53<08:32,  3.35s/it]
NAEA:  62%|██████████████████████████████████                     | 248/400 [12:56<08:26,  3.33s/it]
NAEA:  62%|██████████████████████████████████▏                    | 249/400 [12:59<08:21,  3.32s/it]05:37:28 | INFO    | epoch  250/400 | loss=0.0575 kge=0.0218 align=0.0062 pseudo=0.0045 | bootstrap: 9000 pseudo-pairs (beta=1.0)
05:37:28 | INFO    |            [filtered] MRR=0.4566 Hit@1=0.3723 Hit@5=0.5255 Hit@10=0.6088 MR=37.0 n=1370
05:37:28 | INFO    |            [multiref] MRR=0.7897 Hit@1=0.7235 Hit@5=0.8585 Hit@10=0.9035 MR=74.6 n=311

NAEA:  62%|██████████████████████████████████▍                    | 250/400 [13:03<08:40,  3.47s/it]
NAEA:  63%|██████████████████████████████████▌                    | 251/400 [13:06<08:28,  3.41s/it]
NAEA:  63%|██████████████████████████████████▋                    | 252/400 [13:10<08:20,  3.38s/it]
NAEA:  63%|██████████████████████████████████▊                    | 253/400 [13:13<08:12,  3.35s/it]
NAEA:  64%|██████████████████████████████████▉                    | 254/400 [13:16<08:07,  3.34s/it]05:37:45 | INFO    | epoch  255/400 | loss=0.0376 kge=0.0219 align=0.0022 pseudo=0.0046 | bootstrap: 9000 pseudo-pairs (beta=1.0)

NAEA:  64%|███████████████████████████████████                    | 255/400 [13:20<08:13,  3.40s/it]
NAEA:  64%|███████████████████████████████████▏                   | 256/400 [13:23<08:05,  3.37s/it]
NAEA:  64%|███████████████████████████████████▎                   | 257/400 [13:27<07:59,  3.35s/it]
NAEA:  64%|███████████████████████████████████▍                   | 258/400 [13:30<07:53,  3.34s/it]
NAEA:  65%|███████████████████████████████████▌                   | 259/400 [13:33<07:48,  3.33s/it]05:38:01 | INFO    | epoch  260/400 | loss=0.0629 kge=0.0223 align=0.0072 pseudo=0.0045 | bootstrap: 9000 pseudo-pairs (beta=1.0)
05:38:01 | INFO    |            [filtered] MRR=0.4739 Hit@1=0.3839 Hit@5=0.5796 Hit@10=0.6540 MR=34.7 n=1370
05:38:01 | INFO    |            [multiref] MRR=0.7901 Hit@1=0.7331 Hit@5=0.8585 Hit@10=0.8842 MR=80.3 n=311

NAEA:  65%|███████████████████████████████████▊                   | 260/400 [13:37<08:06,  3.48s/it]
NAEA:  65%|███████████████████████████████████▉                   | 261/400 [13:40<07:55,  3.42s/it]
NAEA:  66%|████████████████████████████████████                   | 262/400 [13:44<07:46,  3.38s/it]
NAEA:  66%|████████████████████████████████████▏                  | 263/400 [13:47<07:39,  3.36s/it]
NAEA:  66%|████████████████████████████████████▎                  | 264/400 [13:50<07:34,  3.34s/it]05:38:18 | INFO    | epoch  265/400 | loss=0.0366 kge=0.0215 align=0.0021 pseudo=0.0046 | bootstrap: 9000 pseudo-pairs (beta=1.0)

NAEA:  66%|████████████████████████████████████▍                  | 265/400 [13:54<07:40,  3.41s/it]
NAEA:  66%|████████████████████████████████████▌                  | 266/400 [13:57<07:32,  3.37s/it]
NAEA:  67%|████████████████████████████████████▋                  | 267/400 [14:00<07:25,  3.35s/it]
NAEA:  67%|████████████████████████████████████▊                  | 268/400 [14:04<07:20,  3.34s/it]
NAEA:  67%|████████████████████████████████████▉                  | 269/400 [14:07<07:15,  3.32s/it]05:38:35 | INFO    | epoch  270/400 | loss=0.0394 kge=0.0217 align=0.0027 pseudo=0.0042 | bootstrap: 9000 pseudo-pairs (beta=1.0)
05:38:35 | INFO    |            [filtered] MRR=0.3978 Hit@1=0.3423 Hit@5=0.4380 Hit@10=0.4818 MR=52.3 n=1370
05:38:35 | INFO    |            [multiref] MRR=0.7140 Hit@1=0.6592 Hit@5=0.7588 Hit@10=0.8199 MR=106.5 n=311

NAEA:  68%|█████████████████████████████████████▏                 | 270/400 [14:11<07:30,  3.47s/it]
NAEA:  68%|█████████████████████████████████████▎                 | 271/400 [14:14<07:21,  3.42s/it]
NAEA:  68%|█████████████████████████████████████▍                 | 272/400 [14:17<07:13,  3.39s/it]
NAEA:  68%|█████████████████████████████████████▌                 | 273/400 [14:21<07:05,  3.35s/it]
NAEA:  68%|█████████████████████████████████████▋                 | 274/400 [14:24<07:00,  3.34s/it]05:38:52 | INFO    | epoch  275/400 | loss=0.0351 kge=0.0212 align=0.0019 pseudo=0.0042 | bootstrap: 9000 pseudo-pairs (beta=1.0)

NAEA:  69%|█████████████████████████████████████▊                 | 275/400 [14:27<07:05,  3.41s/it]
NAEA:  69%|█████████████████████████████████████▉                 | 276/400 [14:31<06:58,  3.38s/it]
NAEA:  69%|██████████████████████████████████████                 | 277/400 [14:34<06:52,  3.35s/it]
NAEA:  70%|██████████████████████████████████████▏                | 278/400 [14:37<06:47,  3.34s/it]
NAEA:  70%|██████████████████████████████████████▎                | 279/400 [14:41<06:42,  3.32s/it]05:39:09 | INFO    | epoch  280/400 | loss=0.0407 kge=0.0210 align=0.0031 pseudo=0.0043 | bootstrap: 9000 pseudo-pairs (beta=1.0)
05:39:09 | INFO    |            [filtered] MRR=0.4190 Hit@1=0.3577 Hit@5=0.4628 Hit@10=0.4985 MR=36.8 n=1370
05:39:09 | INFO    |            [multiref] MRR=0.7413 Hit@1=0.6881 Hit@5=0.7974 Hit@10=0.8424 MR=65.5 n=311

NAEA:  70%|██████████████████████████████████████▌                | 280/400 [14:44<06:56,  3.47s/it]
NAEA:  70%|██████████████████████████████████████▋                | 281/400 [14:48<06:46,  3.41s/it]
NAEA:  70%|██████████████████████████████████████▊                | 282/400 [14:51<06:38,  3.38s/it]
NAEA:  71%|██████████████████████████████████████▉                | 283/400 [14:54<06:32,  3.35s/it]
NAEA:  71%|███████████████████████████████████████                | 284/400 [14:58<06:26,  3.33s/it]05:39:26 | INFO    | epoch  285/400 | loss=0.0708 kge=0.0228 align=0.0084 pseudo=0.0059 | bootstrap: 9000 pseudo-pairs (beta=1.0)

NAEA:  71%|███████████████████████████████████████▏               | 285/400 [15:01<06:31,  3.40s/it]
NAEA:  72%|███████████████████████████████████████▎               | 286/400 [15:05<06:23,  3.37s/it]
NAEA:  72%|███████████████████████████████████████▍               | 287/400 [15:08<06:17,  3.34s/it]
NAEA:  72%|███████████████████████████████████████▌               | 288/400 [15:11<06:12,  3.33s/it]
NAEA:  72%|███████████████████████████████████████▋               | 289/400 [15:14<06:08,  3.32s/it]05:39:43 | INFO    | epoch  290/400 | loss=0.0590 kge=0.0211 align=0.0067 pseudo=0.0045 | bootstrap: 9000 pseudo-pairs (beta=1.0)
05:39:43 | INFO    |            [filtered] MRR=0.4247 Hit@1=0.3657 Hit@5=0.4613 Hit@10=0.5095 MR=31.3 n=1370
05:39:43 | INFO    |            [multiref] MRR=0.7601 Hit@1=0.7106 Hit@5=0.7974 Hit@10=0.8521 MR=46.9 n=311

NAEA:  72%|███████████████████████████████████████▉               | 290/400 [15:18<06:22,  3.47s/it]
NAEA:  73%|████████████████████████████████████████               | 291/400 [15:21<06:12,  3.42s/it]
NAEA:  73%|████████████████████████████████████████▏              | 292/400 [15:25<06:05,  3.39s/it]
NAEA:  73%|████████████████████████████████████████▎              | 293/400 [15:28<05:58,  3.35s/it]
NAEA:  74%|████████████████████████████████████████▍              | 294/400 [15:31<05:53,  3.34s/it]05:40:00 | INFO    | epoch  295/400 | loss=0.0563 kge=0.0208 align=0.0063 pseudo=0.0043 | bootstrap: 9000 pseudo-pairs (beta=1.0)

NAEA:  74%|████████████████████████████████████████▌              | 295/400 [15:35<05:57,  3.41s/it]
NAEA:  74%|████████████████████████████████████████▋              | 296/400 [15:38<05:50,  3.37s/it]
NAEA:  74%|████████████████████████████████████████▊              | 297/400 [15:42<05:45,  3.35s/it]
NAEA:  74%|████████████████████████████████████████▉              | 298/400 [15:45<05:39,  3.33s/it]
NAEA:  75%|█████████████████████████████████████████              | 299/400 [15:48<05:35,  3.32s/it]05:40:16 | INFO    | epoch  300/400 | loss=0.0388 kge=0.0206 align=0.0028 pseudo=0.0040 | bootstrap: 9000 pseudo-pairs (beta=1.0)
05:40:16 | INFO    |            [filtered] MRR=0.4485 Hit@1=0.3730 Hit@5=0.5168 Hit@10=0.5891 MR=33.2 n=1370
05:40:16 | INFO    |            [multiref] MRR=0.7593 Hit@1=0.6977 Hit@5=0.8264 Hit@10=0.9003 MR=66.0 n=311

NAEA:  75%|█████████████████████████████████████████▎             | 300/400 [15:52<05:47,  3.47s/it]
NAEA:  75%|█████████████████████████████████████████▍             | 301/400 [15:55<05:37,  3.41s/it]
NAEA:  76%|█████████████████████████████████████████▌             | 302/400 [15:59<05:30,  3.37s/it]
NAEA:  76%|█████████████████████████████████████████▋             | 303/400 [16:02<05:24,  3.35s/it]
NAEA:  76%|█████████████████████████████████████████▊             | 304/400 [16:05<05:20,  3.33s/it]05:40:33 | INFO    | epoch  305/400 | loss=0.0357 kge=0.0207 align=0.0022 pseudo=0.0040 | bootstrap: 9000 pseudo-pairs (beta=1.0)

NAEA:  76%|█████████████████████████████████████████▉             | 305/400 [16:09<05:22,  3.40s/it]
NAEA:  76%|██████████████████████████████████████████             | 306/400 [16:12<05:16,  3.37s/it]
NAEA:  77%|██████████████████████████████████████████▏            | 307/400 [16:15<05:11,  3.34s/it]
NAEA:  77%|██████████████████████████████████████████▎            | 308/400 [16:19<05:06,  3.33s/it]
NAEA:  77%|██████████████████████████████████████████▍            | 309/400 [16:22<05:01,  3.32s/it]05:40:50 | INFO    | epoch  310/400 | loss=0.0530 kge=0.0206 align=0.0057 pseudo=0.0039 | bootstrap: 9000 pseudo-pairs (beta=1.0)
05:40:50 | INFO    |            [filtered] MRR=0.4618 Hit@1=0.3876 Hit@5=0.5175 Hit@10=0.6000 MR=36.8 n=1370
05:40:50 | INFO    |            [multiref] MRR=0.7494 Hit@1=0.6881 Hit@5=0.8199 Hit@10=0.8907 MR=95.3 n=311
05:40:50 | INFO    |            early stop (best=0.8189 @ 160).

NAEA:  77%|██████████████████████████████████████████▍            | 309/400 [16:26<04:50,  3.19s/it]
05:40:51 | INFO    | Done in 16.4 min. Best multiref MRR=0.8189 @ epoch 160.
05:40:51 | INFO    | Final evaluation on the test split, read once
05:40:51 | INFO    |   [cosine] filtMRR=0.4209 H@1=0.3271 H@10=0.6098 n=12592 | mrefMRR=0.6755 H@1=0.6047
05:40:52 | INFO    |   [  csls] filtMRR=0.3916 H@1=0.3023 H@10=0.5655 n=12592 | mrefMRR=0.7355 H@1=0.6779
05:40:54 | INFO    |   [cosine] F1=0.6093 P=0.5655 R=0.6604 (threshold 0.999 from validation, validation F1=0.7273)
05:40:54 | INFO    | Wrote experiments/naea_closeMatch_20260929-052422/result.json
05:40:54 | INFO    | Finished. Best validation MRR=0.8189 @ epoch 160.
