05:22:20 | INFO    | Model: rrea | seed 2026 | device: cuda:0
05:22:20 | INFO    | Regime closeMatch | graph: 84,182 nodes, 131,238 triples, 50,435 UCPGx candidates
05:22:20 | INFO    |   broadMatch/pgx   train=  3,744 test=  8,599 (70%) queries= 6,866 by cluster    leakage=0.00%
05:22:20 | INFO    |   closeMatch       train=  2,738 test=  6,296 (70%) queries= 1,490 by cluster    leakage=0.00%
05:22:20 | INFO    |   sameAs           train= 19,942 test= 46,531 (70%) queries=10,883 by cluster    leakage=0.00%
05:22:20 | INFO    |   broadMatch/onco  train= 25,039 test= 47,737 (66%) queries= 2,032 intra-cluster leakage=0.00%
05:22:20 | INFO    |   relatedMatch     train=  2,801 test=  6,289 (69%) queries=   812 intra-cluster leakage=0.00%
05:22:20 | INFO    |   related          train=471,647 test=762,046 (62%) queries=16,977 intra-cluster leakage=0.00%
05:22:20 | INFO    | Data: {'num_entities': 84182, 'num_relations': 13, 'triples': 131238, 'train_pairs': 2053, 'val_pairs': 685, 'candidates': 50435, 'unlabeled_pool': 49550}
05:22:23 | INFO    | Params: 8.42M
05:22:23 | INFO    | Run directory: experiments/rrea_closeMatch_20260929-052219
05:22:23 | INFO    | RREA | device=cuda:0 | {'num_entities': 84182, 'num_relations': 13, 'triples': 131238, 'train_pairs': 2053, 'val_pairs': 685, 'candidates': 50435, 'unlabeled_pool': 49550} turns=1 x 400

RREA:   0%|                                                                 | 0/400 [00:00<?, ?it/s]code/src/models/rrea.py:61: UserWarning: Sparse invariant checks are implicitly disabled. Memory errors (e.g. SEGFAULT) will occur when operating on a sparse tensor which violates the invariants, but checks incur performance overhead. To silence this warning, explicitly opt in or out. See `torch.sparse.check_sparse_tensor_invariants.__doc__` for guidance.  (Triggered internally at /__w/pytorch/pytorch/aten/src/ATen/Context.cpp:848.)
  return torch.sparse_coo_tensor(index, val, shape, device=index.device).coalesce()

RREA:   0%|▏                                                        | 1/400 [00:00<02:13,  2.98it/s]
RREA:   1%|▌                                                        | 4/400 [00:00<00:39, 10.07it/s]
RREA:   2%|▉                                                        | 7/400 [00:00<00:27, 14.35it/s]05:22:24 | INFO    | epoch   10/400 | loss=0.0219
05:22:24 | INFO    |            [filtered] MRR=0.7987 Hit@1=0.7547 Hit@5=0.8613 Hit@10=0.8854 MR=21.4 n=1370
05:22:24 | INFO    |            [multiref] MRR=0.7616 Hit@1=0.7010 Hit@5=0.8264 Hit@10=0.8650 MR=31.4 n=311
05:22:24 | INFO    |            -> new best filtered MRR=0.7987 (saved model_best.pt)

RREA:   2%|█▍                                                      | 10/400 [00:01<00:42,  9.25it/s]
RREA:   3%|█▊                                                      | 13/400 [00:01<00:32, 11.96it/s]
RREA:   4%|██▏                                                     | 16/400 [00:01<00:26, 14.37it/s]
RREA:   5%|██▋                                                     | 19/400 [00:01<00:23, 16.39it/s]05:22:24 | INFO    | epoch   20/400 | loss=0.0074
05:22:24 | INFO    |            [filtered] MRR=0.8341 Hit@1=0.7891 Hit@5=0.8934 Hit@10=0.9197 MR=13.5 n=1370
05:22:24 | INFO    |            [multiref] MRR=0.7946 Hit@1=0.7363 Hit@5=0.8553 Hit@10=0.8907 MR=27.9 n=311
05:22:25 | INFO    |            -> new best filtered MRR=0.8341 (saved model_best.pt)

RREA:   6%|███                                                     | 22/400 [00:01<00:35, 10.70it/s]
RREA:   6%|███▌                                                    | 25/400 [00:02<00:29, 12.85it/s]
RREA:   7%|███▉                                                    | 28/400 [00:02<00:25, 14.86it/s]05:22:25 | INFO    | epoch   30/400 | loss=0.0075
05:22:25 | INFO    |            [filtered] MRR=0.5665 Hit@1=0.3920 Hit@5=0.7343 Hit@10=0.9380 MR=12.7 n=1370
05:22:25 | INFO    |            [multiref] MRR=0.7536 Hit@1=0.6431 Hit@5=0.8682 Hit@10=0.9260 MR=25.7 n=311

RREA:   8%|████▏                                                   | 30/400 [00:02<00:32, 11.51it/s]
RREA:   8%|████▌                                                   | 33/400 [00:02<00:26, 13.73it/s]
RREA:   9%|█████                                                   | 36/400 [00:02<00:23, 15.72it/s]
RREA:  10%|█████▍                                                  | 39/400 [00:02<00:20, 17.40it/s]05:22:26 | INFO    | epoch   40/400 | loss=0.0070
05:22:26 | INFO    |            [filtered] MRR=0.5593 Hit@1=0.3912 Hit@5=0.7066 Hit@10=0.9438 MR=9.8 n=1370
05:22:26 | INFO    |            [multiref] MRR=0.7659 Hit@1=0.6592 Hit@5=0.8939 Hit@10=0.9293 MR=20.5 n=311

RREA:  10%|█████▉                                                  | 42/400 [00:03<00:27, 13.15it/s]
RREA:  11%|██████▎                                                 | 45/400 [00:03<00:23, 15.10it/s]
RREA:  12%|██████▋                                                 | 48/400 [00:03<00:20, 16.82it/s]05:22:26 | INFO    | epoch   50/400 | loss=0.0082
05:22:27 | INFO    |            [filtered] MRR=0.5234 Hit@1=0.3715 Hit@5=0.6942 Hit@10=0.9168 MR=11.3 n=1370
05:22:27 | INFO    |            [multiref] MRR=0.7664 Hit@1=0.6624 Hit@5=0.9100 Hit@10=0.9325 MR=20.8 n=311

RREA:  12%|███████                                                 | 50/400 [00:03<00:28, 12.50it/s]
RREA:  13%|███████▍                                                | 53/400 [00:03<00:23, 14.64it/s]
RREA:  14%|███████▊                                                | 56/400 [00:04<00:20, 16.49it/s]
RREA:  15%|████████▎                                               | 59/400 [00:04<00:18, 18.03it/s]05:22:27 | INFO    | epoch   60/400 | loss=0.0050
05:22:27 | INFO    |            [filtered] MRR=0.5028 Hit@1=0.3635 Hit@5=0.6672 Hit@10=0.9168 MR=19.4 n=1370
05:22:27 | INFO    |            [multiref] MRR=0.7452 Hit@1=0.6431 Hit@5=0.9035 Hit@10=0.9293 MR=25.3 n=311

RREA:  16%|████████▋                                               | 62/400 [00:04<00:25, 13.52it/s]
RREA:  16%|█████████                                               | 65/400 [00:04<00:21, 15.43it/s]
RREA:  17%|█████████▌                                              | 68/400 [00:04<00:19, 17.10it/s]05:22:28 | INFO    | epoch   70/400 | loss=0.0021
05:22:28 | INFO    |            [filtered] MRR=0.5592 Hit@1=0.3869 Hit@5=0.8679 Hit@10=0.9029 MR=31.0 n=1370
05:22:28 | INFO    |            [multiref] MRR=0.7683 Hit@1=0.6720 Hit@5=0.8907 Hit@10=0.9132 MR=38.7 n=311

RREA:  18%|█████████▊                                              | 70/400 [00:05<00:26, 12.50it/s]
RREA:  18%|██████████▏                                             | 73/400 [00:05<00:22, 14.64it/s]
RREA:  19%|██████████▋                                             | 76/400 [00:05<00:19, 16.50it/s]
RREA:  20%|███████████                                             | 79/400 [00:05<00:17, 18.04it/s]05:22:28 | INFO    | epoch   80/400 | loss=0.0045
05:22:29 | INFO    |            [filtered] MRR=0.4191 Hit@1=0.3672 Hit@5=0.4606 Hit@10=0.4847 MR=28.0 n=1370
05:22:29 | INFO    |            [multiref] MRR=0.7160 Hit@1=0.6559 Hit@5=0.7974 Hit@10=0.8071 MR=28.1 n=311

RREA:  20%|███████████▍                                            | 82/400 [00:05<00:23, 13.46it/s]
RREA:  21%|███████████▉                                            | 85/400 [00:06<00:20, 15.37it/s]
RREA:  22%|████████████▎                                           | 88/400 [00:06<00:18, 17.05it/s]05:22:29 | INFO    | epoch   90/400 | loss=0.0069
05:22:29 | INFO    |            [filtered] MRR=0.8123 Hit@1=0.7380 Hit@5=0.9073 Hit@10=0.9270 MR=8.3 n=1370
05:22:29 | INFO    |            [multiref] MRR=0.8488 Hit@1=0.8006 Hit@5=0.9260 Hit@10=0.9357 MR=19.9 n=311

RREA:  22%|████████████▌                                           | 90/400 [00:06<00:24, 12.61it/s]
RREA:  23%|█████████████                                           | 93/400 [00:06<00:20, 14.73it/s]
RREA:  24%|█████████████▍                                          | 96/400 [00:06<00:18, 16.58it/s]
RREA:  25%|█████████████▊                                          | 99/400 [00:06<00:16, 18.10it/s]05:22:30 | INFO    | epoch  100/400 | loss=0.0085
05:22:30 | INFO    |            [filtered] MRR=0.8801 Hit@1=0.8453 Hit@5=0.9387 Hit@10=0.9584 MR=8.6 n=1370
05:22:30 | INFO    |            [multiref] MRR=0.8590 Hit@1=0.8135 Hit@5=0.9260 Hit@10=0.9453 MR=19.9 n=311
05:22:30 | INFO    |            -> new best filtered MRR=0.8801 (saved model_best.pt)

RREA:  26%|██████████████                                         | 102/400 [00:07<00:25, 11.77it/s]
RREA:  26%|██████████████▍                                        | 105/400 [00:07<00:21, 13.80it/s]
RREA:  27%|██████████████▊                                        | 108/400 [00:07<00:18, 15.67it/s]05:22:31 | INFO    | epoch  110/400 | loss=0.0036
05:22:31 | INFO    |            [filtered] MRR=0.8749 Hit@1=0.8394 Hit@5=0.9314 Hit@10=0.9540 MR=20.4 n=1370
05:22:31 | INFO    |            [multiref] MRR=0.8546 Hit@1=0.8071 Hit@5=0.9260 Hit@10=0.9325 MR=33.1 n=311

RREA:  28%|███████████████▏                                       | 110/400 [00:07<00:24, 11.94it/s]
RREA:  28%|███████████████▌                                       | 113/400 [00:08<00:20, 14.10it/s]
RREA:  29%|███████████████▉                                       | 116/400 [00:08<00:17, 16.03it/s]
RREA:  30%|████████████████▎                                      | 119/400 [00:08<00:15, 17.66it/s]05:22:31 | INFO    | epoch  120/400 | loss=0.0029
05:22:31 | INFO    |            [filtered] MRR=0.8674 Hit@1=0.8328 Hit@5=0.9139 Hit@10=0.9299 MR=7.3 n=1370
05:22:31 | INFO    |            [multiref] MRR=0.8557 Hit@1=0.8103 Hit@5=0.9293 Hit@10=0.9389 MR=18.5 n=311

RREA:  30%|████████████████▊                                      | 122/400 [00:08<00:20, 13.41it/s]
RREA:  31%|█████████████████▏                                     | 125/400 [00:08<00:17, 15.34it/s]
RREA:  32%|█████████████████▌                                     | 128/400 [00:08<00:15, 17.01it/s]05:22:32 | INFO    | epoch  130/400 | loss=0.0026
05:22:32 | INFO    |            [filtered] MRR=0.8782 Hit@1=0.8504 Hit@5=0.9139 Hit@10=0.9328 MR=6.2 n=1370
05:22:32 | INFO    |            [multiref] MRR=0.8692 Hit@1=0.8296 Hit@5=0.9196 Hit@10=0.9421 MR=16.8 n=311

RREA:  32%|█████████████████▉                                     | 130/400 [00:09<00:21, 12.57it/s]
RREA:  33%|██████████████████▎                                    | 133/400 [00:09<00:18, 14.69it/s]
RREA:  34%|██████████████████▋                                    | 136/400 [00:09<00:15, 16.55it/s]
RREA:  35%|███████████████████                                    | 139/400 [00:09<00:14, 18.08it/s]05:22:32 | INFO    | epoch  140/400 | loss=0.0025
05:22:33 | INFO    |            [filtered] MRR=0.8668 Hit@1=0.8307 Hit@5=0.9139 Hit@10=0.9343 MR=6.1 n=1370
05:22:33 | INFO    |            [multiref] MRR=0.8553 Hit@1=0.8039 Hit@5=0.9293 Hit@10=0.9453 MR=16.3 n=311

RREA:  36%|███████████████████▌                                   | 142/400 [00:09<00:19, 13.43it/s]
RREA:  36%|███████████████████▉                                   | 145/400 [00:10<00:16, 15.35it/s]
RREA:  37%|████████████████████▎                                  | 148/400 [00:10<00:14, 17.03it/s]05:22:33 | INFO    | epoch  150/400 | loss=0.0029
05:22:33 | INFO    |            [filtered] MRR=0.8795 Hit@1=0.8438 Hit@5=0.9365 Hit@10=0.9584 MR=5.9 n=1370
05:22:33 | INFO    |            [multiref] MRR=0.8609 Hit@1=0.8135 Hit@5=0.9325 Hit@10=0.9518 MR=16.5 n=311

RREA:  38%|████████████████████▋                                  | 150/400 [00:10<00:19, 12.54it/s]
RREA:  38%|█████████████████████                                  | 153/400 [00:10<00:16, 14.67it/s]
RREA:  39%|█████████████████████▍                                 | 156/400 [00:10<00:14, 16.53it/s]
RREA:  40%|█████████████████████▊                                 | 159/400 [00:10<00:13, 17.93it/s]05:22:34 | INFO    | epoch  160/400 | loss=0.0049
05:22:34 | INFO    |            [filtered] MRR=0.8789 Hit@1=0.8394 Hit@5=0.9387 Hit@10=0.9547 MR=5.9 n=1370
05:22:34 | INFO    |            [multiref] MRR=0.8689 Hit@1=0.8232 Hit@5=0.9389 Hit@10=0.9453 MR=16.2 n=311

RREA:  40%|██████████████████████▎                                | 162/400 [00:11<00:17, 13.32it/s]
RREA:  41%|██████████████████████▋                                | 165/400 [00:11<00:15, 15.25it/s]
RREA:  42%|███████████████████████                                | 168/400 [00:11<00:13, 16.95it/s]05:22:34 | INFO    | epoch  170/400 | loss=0.0020
05:22:35 | INFO    |            [filtered] MRR=0.8851 Hit@1=0.8540 Hit@5=0.9299 Hit@10=0.9540 MR=6.1 n=1370
05:22:35 | INFO    |            [multiref] MRR=0.8687 Hit@1=0.8232 Hit@5=0.9325 Hit@10=0.9518 MR=16.8 n=311
05:22:35 | INFO    |            -> new best filtered MRR=0.8851 (saved model_best.pt)

RREA:  42%|███████████████████████▍                               | 170/400 [00:11<00:21, 10.75it/s]
RREA:  43%|███████████████████████▊                               | 173/400 [00:12<00:17, 12.96it/s]
RREA:  44%|████████████████████████▏                              | 176/400 [00:12<00:14, 15.00it/s]
RREA:  45%|████████████████████████▌                              | 179/400 [00:12<00:13, 16.78it/s]05:22:35 | INFO    | epoch  180/400 | loss=0.0021
05:22:35 | INFO    |            [filtered] MRR=0.8883 Hit@1=0.8577 Hit@5=0.9307 Hit@10=0.9591 MR=5.7 n=1370
05:22:35 | INFO    |            [multiref] MRR=0.8756 Hit@1=0.8328 Hit@5=0.9389 Hit@10=0.9486 MR=15.9 n=311
05:22:36 | INFO    |            -> new best filtered MRR=0.8883 (saved model_best.pt)

RREA:  46%|█████████████████████████                              | 182/400 [00:12<00:19, 11.06it/s]
RREA:  46%|█████████████████████████▍                             | 185/400 [00:12<00:16, 13.12it/s]
RREA:  47%|█████████████████████████▊                             | 188/400 [00:13<00:14, 15.06it/s]05:22:36 | INFO    | epoch  190/400 | loss=0.0058
05:22:36 | INFO    |            [filtered] MRR=0.8833 Hit@1=0.8526 Hit@5=0.9182 Hit@10=0.9496 MR=6.1 n=1370
05:22:36 | INFO    |            [multiref] MRR=0.8736 Hit@1=0.8296 Hit@5=0.9357 Hit@10=0.9486 MR=17.2 n=311

RREA:  48%|██████████████████████████▏                            | 190/400 [00:13<00:18, 11.66it/s]
RREA:  48%|██████████████████████████▌                            | 193/400 [00:13<00:14, 13.84it/s]
RREA:  49%|██████████████████████████▉                            | 196/400 [00:13<00:12, 15.79it/s]
RREA:  50%|███████████████████████████▎                           | 199/400 [00:13<00:11, 17.45it/s]05:22:37 | INFO    | epoch  200/400 | loss=0.0104
05:22:37 | INFO    |            [filtered] MRR=0.8844 Hit@1=0.8533 Hit@5=0.9241 Hit@10=0.9489 MR=5.9 n=1370
05:22:37 | INFO    |            [multiref] MRR=0.8837 Hit@1=0.8424 Hit@5=0.9453 Hit@10=0.9518 MR=16.2 n=311

RREA:  50%|███████████████████████████▊                           | 202/400 [00:14<00:15, 13.08it/s]
RREA:  51%|████████████████████████████▏                          | 205/400 [00:14<00:12, 15.03it/s]
RREA:  52%|████████████████████████████▌                          | 208/400 [00:14<00:11, 16.76it/s]05:22:37 | INFO    | epoch  210/400 | loss=0.0101
05:22:37 | INFO    |            [filtered] MRR=0.8829 Hit@1=0.8511 Hit@5=0.9270 Hit@10=0.9496 MR=6.0 n=1370
05:22:37 | INFO    |            [multiref] MRR=0.8785 Hit@1=0.8328 Hit@5=0.9453 Hit@10=0.9518 MR=16.7 n=311

RREA:  52%|████████████████████████████▉                          | 210/400 [00:14<00:15, 12.45it/s]
RREA:  53%|█████████████████████████████▎                         | 213/400 [00:14<00:12, 14.58it/s]
RREA:  54%|█████████████████████████████▋                         | 216/400 [00:14<00:11, 16.44it/s]
RREA:  55%|██████████████████████████████                         | 219/400 [00:15<00:10, 17.99it/s]05:22:38 | INFO    | epoch  220/400 | loss=0.0044
05:22:38 | INFO    |            [filtered] MRR=0.8786 Hit@1=0.8453 Hit@5=0.9204 Hit@10=0.9372 MR=6.4 n=1370
05:22:38 | INFO    |            [multiref] MRR=0.8764 Hit@1=0.8296 Hit@5=0.9389 Hit@10=0.9550 MR=17.8 n=311

RREA:  56%|██████████████████████████████▌                        | 222/400 [00:15<00:13, 13.53it/s]
RREA:  56%|██████████████████████████████▉                        | 225/400 [00:15<00:11, 15.44it/s]
RREA:  57%|███████████████████████████████▎                       | 228/400 [00:15<00:10, 17.11it/s]05:22:39 | INFO    | epoch  230/400 | loss=0.0014
05:22:39 | INFO    |            [filtered] MRR=0.8781 Hit@1=0.8474 Hit@5=0.9153 Hit@10=0.9321 MR=6.6 n=1370
05:22:39 | INFO    |            [multiref] MRR=0.8743 Hit@1=0.8296 Hit@5=0.9389 Hit@10=0.9518 MR=18.7 n=311

RREA:  57%|███████████████████████████████▌                       | 230/400 [00:16<00:13, 12.59it/s]
RREA:  58%|████████████████████████████████                       | 233/400 [00:16<00:11, 14.71it/s]
RREA:  59%|████████████████████████████████▍                      | 236/400 [00:16<00:09, 16.56it/s]
RREA:  60%|████████████████████████████████▊                      | 239/400 [00:16<00:08, 18.09it/s]05:22:39 | INFO    | epoch  240/400 | loss=0.0020
05:22:39 | INFO    |            [filtered] MRR=0.8819 Hit@1=0.8489 Hit@5=0.9255 Hit@10=0.9431 MR=6.1 n=1370
05:22:39 | INFO    |            [multiref] MRR=0.8745 Hit@1=0.8264 Hit@5=0.9421 Hit@10=0.9518 MR=17.1 n=311

RREA:  60%|█████████████████████████████████▎                     | 242/400 [00:16<00:11, 13.52it/s]
RREA:  61%|█████████████████████████████████▋                     | 245/400 [00:16<00:10, 15.43it/s]
RREA:  62%|██████████████████████████████████                     | 248/400 [00:17<00:08, 17.09it/s]05:22:40 | INFO    | epoch  250/400 | loss=0.0020
05:22:40 | INFO    |            [filtered] MRR=0.8790 Hit@1=0.8460 Hit@5=0.9212 Hit@10=0.9438 MR=5.9 n=1370
05:22:40 | INFO    |            [multiref] MRR=0.8726 Hit@1=0.8264 Hit@5=0.9389 Hit@10=0.9486 MR=16.1 n=311

RREA:  62%|██████████████████████████████████▍                    | 250/400 [00:17<00:11, 12.65it/s]
RREA:  63%|██████████████████████████████████▊                    | 253/400 [00:17<00:09, 14.77it/s]
RREA:  64%|███████████████████████████████████▏                   | 256/400 [00:17<00:08, 16.61it/s]
RREA:  65%|███████████████████████████████████▌                   | 259/400 [00:17<00:07, 18.13it/s]05:22:41 | INFO    | epoch  260/400 | loss=0.0036
05:22:41 | INFO    |            [filtered] MRR=0.8786 Hit@1=0.8460 Hit@5=0.9175 Hit@10=0.9467 MR=6.0 n=1370
05:22:41 | INFO    |            [multiref] MRR=0.8709 Hit@1=0.8264 Hit@5=0.9389 Hit@10=0.9518 MR=16.2 n=311

RREA:  66%|████████████████████████████████████                   | 262/400 [00:18<00:10, 13.48it/s]
RREA:  66%|████████████████████████████████████▍                  | 265/400 [00:18<00:08, 15.40it/s]
RREA:  67%|████████████████████████████████████▊                  | 268/400 [00:18<00:07, 17.05it/s]05:22:41 | INFO    | epoch  270/400 | loss=0.0021
05:22:41 | INFO    |            [filtered] MRR=0.8733 Hit@1=0.8401 Hit@5=0.9124 Hit@10=0.9365 MR=5.9 n=1370
05:22:41 | INFO    |            [multiref] MRR=0.8745 Hit@1=0.8296 Hit@5=0.9389 Hit@10=0.9518 MR=15.4 n=311

RREA:  68%|█████████████████████████████████████▏                 | 270/400 [00:18<00:10, 12.55it/s]
RREA:  68%|█████████████████████████████████████▌                 | 273/400 [00:18<00:08, 14.68it/s]
RREA:  69%|█████████████████████████████████████▉                 | 276/400 [00:18<00:07, 16.53it/s]
RREA:  70%|██████████████████████████████████████▎                | 279/400 [00:19<00:06, 18.05it/s]05:22:42 | INFO    | epoch  280/400 | loss=0.0032
05:22:42 | INFO    |            [filtered] MRR=0.8740 Hit@1=0.8401 Hit@5=0.9117 Hit@10=0.9387 MR=6.0 n=1370
05:22:42 | INFO    |            [multiref] MRR=0.8690 Hit@1=0.8232 Hit@5=0.9260 Hit@10=0.9486 MR=16.0 n=311
05:22:42 | INFO    |            early stop (best=0.8883 @ 180).

RREA:  70%|██████████████████████████████████████▎                | 279/400 [00:19<00:08, 14.45it/s]
05:22:43 | INFO    | Done in 0.3 min. Best filtered MRR=0.8883 @ epoch 180.
05:22:43 | INFO    | Final evaluation on the test split, read once
05:22:43 | INFO    |   [cosine] filtMRR=0.5369 H@1=0.4689 H@10=0.6746 n=12592 | mrefMRR=0.7139 H@1=0.6483
05:22:44 | INFO    |   [  csls] filtMRR=0.5411 H@1=0.4761 H@10=0.6571 n=12592 | mrefMRR=0.7758 H@1=0.7255
05:22:46 | INFO    |   [cosine] F1=0.5798 P=0.4413 R=0.8450 (threshold 0.975 from validation, validation F1=0.6100)
05:22:46 | INFO    | Wrote experiments/rrea_closeMatch_20260929-052219/result.json
05:22:46 | INFO    | Finished. Best validation MRR=0.8883 @ epoch 180.
